
> alkemio-server@0.127.0 test:ci /Users/antst/work/alkemio/server
> jest --forceExit --config ./test/config/jest.config.ci.js && cat ./coverage-ci/lcov.info

npm warn Unknown env config "verify-deps-before-run". This will stop working in the next major version of npm.
npm warn Unknown env config "auto-install-peers". This will stop working in the next major version of npm.
npm warn Unknown env config "_jsr-registry". This will stop working in the next major version of npm.
npm warn Unknown project config "auto-install-peers". This will stop working in the next major version of npm.
npm warn Unknown project config "strict-peer-dependencies". This will stop working in the next major version of npm.
Change report scaffold written to /var/folders/lq/9g7z6sk162zb9wgvqm0f0nch0000gn/T/schema-lifecycle-qtlWK3/change-report.json
npm warn Unknown env config "verify-deps-before-run". This will stop working in the next major version of npm.
npm warn Unknown env config "auto-install-peers". This will stop working in the next major version of npm.
npm warn Unknown env config "_jsr-registry". This will stop working in the next major version of npm.
npm warn Unknown project config "auto-install-peers". This will stop working in the next major version of npm.
npm warn Unknown project config "strict-peer-dependencies". This will stop working in the next major version of npm.
Change report scaffold written to /var/folders/lq/9g7z6sk162zb9wgvqm0f0nch0000gn/T/schema-lifecycle-qtlWK3/change-report.json
npm warn Unknown env config "verify-deps-before-run". This will stop working in the next major version of npm.
npm warn Unknown env config "auto-install-peers". This will stop working in the next major version of npm.
npm warn Unknown env config "_jsr-registry". This will stop working in the next major version of npm.
npm warn Unknown project config "auto-install-peers". This will stop working in the next major version of npm.
npm warn Unknown project config "strict-peer-dependencies". This will stop working in the next major version of npm.
PASS test/unit/domain/community/user/user.service.spec.ts (8.683 s)
Change report scaffold written to /var/folders/lq/9g7z6sk162zb9wgvqm0f0nch0000gn/T/schema-lifecycle-qtlWK3/change-report.json
npm warn Unknown env config "verify-deps-before-run". This will stop working in the next major version of npm.
npm warn Unknown env config "auto-install-peers". This will stop working in the next major version of npm.
npm warn Unknown env config "_jsr-registry". This will stop working in the next major version of npm.
npm warn Unknown project config "auto-install-peers". This will stop working in the next major version of npm.
npm warn Unknown project config "strict-peer-dependencies". This will stop working in the next major version of npm.
npm warn Unknown env config "verify-deps-before-run". This will stop working in the next major version of npm.
npm warn Unknown env config "auto-install-peers". This will stop working in the next major version of npm.
npm warn Unknown env config "_jsr-registry". This will stop working in the next major version of npm.
npm warn Unknown project config "auto-install-peers". This will stop working in the next major version of npm.
npm warn Unknown project config "strict-peer-dependencies". This will stop working in the next major version of npm.
PASS src/domain/community/user-group/user-group.resolver.spec.ts (10.79 s)
PASS src/services/api/search/ingest/search.ingest.service.spec.ts (10.915 s)
PASS src/platform/platform-settings/platform.settings.service.blacklist.spec.ts (10.923 s)
PASS src/services/infrastructure/license-entitlement-usage/license.entitlement.usage.service.spec.ts (10.935 s)
PASS src/domain/space/account/account.service.license.spec.ts (11.074 s)
PASS src/core/bootstrap/bootstrap.service.spec.ts (11.206 s)
PASS src/domain/space/space/space.service.spec.ts (11.256 s)
PASS src/tools/schema/__tests__/lifecycle-window.spec.ts (12.077 s)
Change report scaffold written to /var/folders/lq/9g7z6sk162zb9wgvqm0f0nch0000gn/T/schema-lifecycle-qtlWK3/change-report.json
PASS src/domain/communication/room/room.service.mentions.from.text.spec.ts
PASS src/services/external/wingback-webhooks/wingback.webhook.controller.spec.ts
npm warn Unknown env config "verify-deps-before-run". This will stop working in the next major version of npm.
npm warn Unknown env config "auto-install-peers". This will stop working in the next major version of npm.
npm warn Unknown env config "_jsr-registry". This will stop working in the next major version of npm.
npm warn Unknown project config "auto-install-peers". This will stop working in the next major version of npm.
npm warn Unknown project config "strict-peer-dependencies". This will stop working in the next major version of npm.
npm warn Unknown env config "verify-deps-before-run". This will stop working in the next major version of npm.
npm warn Unknown env config "auto-install-peers". This will stop working in the next major version of npm.
npm warn Unknown env config "_jsr-registry". This will stop working in the next major version of npm.
npm warn Unknown project config "auto-install-peers". This will stop working in the next major version of npm.
npm warn Unknown project config "strict-peer-dependencies". This will stop working in the next major version of npm.
PASS test/schema/diff-invalid-deprecation.spec.ts
npm warn Unknown env config "verify-deps-before-run". This will stop working in the next major version of npm.
npm warn Unknown env config "auto-install-peers". This will stop working in the next major version of npm.
npm warn Unknown env config "_jsr-registry". This will stop working in the next major version of npm.
npm warn Unknown project config "auto-install-peers". This will stop working in the next major version of npm.
npm warn Unknown project config "strict-peer-dependencies". This will stop working in the next major version of npm.
PASS test/schema/diff-baseline.spec.ts
npm warn Unknown env config "verify-deps-before-run". This will stop working in the next major version of npm.
npm warn Unknown env config "auto-install-peers". This will stop working in the next major version of npm.
npm warn Unknown env config "_jsr-registry". This will stop working in the next major version of npm.
npm warn Unknown project config "auto-install-peers". This will stop working in the next major version of npm.
npm warn Unknown project config "strict-peer-dependencies". This will stop working in the next major version of npm.
PASS test/schema/diff-nullability.spec.ts
npm warn Unknown env config "verify-deps-before-run". This will stop working in the next major version of npm.
npm warn Unknown env config "auto-install-peers". This will stop working in the next major version of npm.
npm warn Unknown env config "_jsr-registry". This will stop working in the next major version of npm.
npm warn Unknown project config "auto-install-peers". This will stop working in the next major version of npm.
npm warn Unknown project config "strict-peer-dependencies". This will stop working in the next major version of npm.
PASS test/schema/diff-enum-removal.spec.ts
npm warn Unknown env config "verify-deps-before-run". This will stop working in the next major version of npm.
npm warn Unknown env config "auto-install-peers". This will stop working in the next major version of npm.
npm warn Unknown env config "_jsr-registry". This will stop working in the next major version of npm.
npm warn Unknown project config "auto-install-peers". This will stop working in the next major version of npm.
npm warn Unknown project config "strict-peer-dependencies". This will stop working in the next major version of npm.
PASS test/schema/diff-basic.spec.ts
PASS src/domain/communication/communication/communication.service.spec.ts
PASS src/domain/community/community/community.service.spec.ts
PASS src/domain/collaboration/innovation-flow/innovation.flow.service.spec.ts
PASS src/platform/forum-discussion/discussion.resolver.mutations.spec.ts
PASS src/domain/community/user/user.service.spec.ts
PASS test/schema/diff-performance.spec.ts
  ● Console

    console.log
      Performance diff duration: 1628.18ms

      at Object.<anonymous> (test/schema/diff-performance.spec.ts:67:13)

npm warn Unknown env config "verify-deps-before-run". This will stop working in the next major version of npm.
npm warn Unknown env config "auto-install-peers". This will stop working in the next major version of npm.
npm warn Unknown env config "_jsr-registry". This will stop working in the next major version of npm.
npm warn Unknown project config "auto-install-peers". This will stop working in the next major version of npm.
npm warn Unknown project config "strict-peer-dependencies". This will stop working in the next major version of npm.
PASS test/schema/diff-scalar.spec.ts (6.857 s)
Change report scaffold written to /Users/antst/work/alkemio/server/tmp/perf-change-report.json
PASS test/integration/identity-resolve/identity-resolve.controller.spec.ts
PASS src/domain/collaboration/post/post.resolver.spec.ts
PASS src/platform/licensing/credential-based/licensing-credential-based-entitlements-engine/licensing.credential.based.service.spec.ts
PASS src/core/authentication/authentication.service.spec.ts
PASS src/services/infrastructure/event-bus/event.bus.mocking.spec.ts
unknown format "date-time" ignored in schema at path "#/properties/generatedAt"
unknown format "date-time" ignored in schema at path "#/properties/generatedAt"
unknown format "date-time" ignored in schema at path "#/properties/generatedAt"
unknown format "date-time" ignored in schema at path "#/properties/generatedAt"
PASS src/domain/community/user/user.resolver.spec.ts
✅ Change Report valid
✅ Deprecations valid
PASS test/schema/validate-artifacts.spec.ts
PASS src/domain/common/profile/profile.resolver.spec.ts
PASS src/services/api/roles/roles.service.spec.ts (7.334 s)
PASS src/platform/platform/platform.resolver.queries.spec.ts
PASS src/domain/template/template/template.resolver.mutations.spec.ts
PASS src/domain/common/reference/reference.resolver.spec.ts (6.319 s)
PASS src/platform/forum/forum.service.spec.ts
PASS src/domain/communication/communication/communication.resolver.mutations.spec.ts
PASS src/services/external/geo-location/geo.location.service.spec.ts
PASS src/services/adapters/notification-in-app-adapter/notification.in.app.adapter.spec.ts
PASS src/core/authorization/authorization.service.spec.ts
PASS src/services/api/roles/roles.resolver.queries.spec.ts
PASS src/services/external/elasticsearch/guidance-reporter/guidance.reporter.service.spec.ts
PASS src/services/external/wingback-webhooks/wingback.webhook.service.spec.ts
PASS src/domain/activity-feed/activity.feed.service.spec.ts
PASS src/app.controller.spec.ts
PASS src/services/api/search/search.service.spec.ts
PASS src/domain/community/community/community.resolver.mutations.spec.ts
PASS src/services/auth-reset/subscriber/auth-reset.controller.spec.ts
PASS src/services/task/task.service.spec.ts
PASS src/domain/common/lifecycle/lifecycle.service.spec.ts
PASS src/domain/collaboration/link/link.resolver.spec.ts
PASS src/domain/timeline/event/event.resolver.spec.ts
PASS src/services/external/elasticsearch/contribution-reporter/contribution.reporter.service.spec.ts
PASS test/integration/platform-admin/admin-user-account-delete.spec.ts
PASS src/services/infrastructure/naming/naming.service.spec.ts
PASS src/platform/metadata/metadata.service.spec.ts
PASS src/domain/community/organization/organization.service.spec.ts
PASS src/domain/common/visual/visual.resolver.spec.ts
PASS src/domain/community/organization/organization.resolver.spec.ts
PASS src/library/innovation-pack/innovation.pack.service.spec.ts
PASS src/services/auth-reset/publisher/auth-reset.service.spec.ts
PASS test/unit/domain/community/user/user.authentication.link.service.spec.ts
PASS src/domain/profile-documents/profile.documents.service.spec.ts
PASS test/unit/core/authentication.agent.info/agent.info.service.spec.ts
PASS src/platform/licensing/wingback-subscription/licensing.wingback.subscription.service.spec.ts
PASS src/platform/activity/create.latest.activity.per.space.spec.ts
PASS test/integration/platform-admin/authentication-id-backfill.spec.ts
PASS src/platform/licensing/credential-based/licensing-framework/licensing.framework.service.authorization.spec.ts
PASS src/services/external/wingback-webhooks/wingback.webhook.interceptor.spec.ts
PASS test/schema-contract/diff/scalar-classification.spec.ts
PASS test/schema-contract/perf/large-schema.spec.ts
  ● Console

    console.log
      Large schema diff time: 13ms, entries: 3

      at Object.<anonymous> (test/schema-contract/perf/large-schema.spec.ts:59:13)

PASS src/domain/community/user-group/user-group.service.spec.ts
PASS test/schema-contract/diff/enum-lifecycle.spec.ts
PASS src/platform/configuration/config/config.service.spec.ts
PASS test/schema-contract/coverage/load-baseline.spec.ts
PASS src/domain/space/space/sort.spaces.by.activity.spec.ts
PASS src/services/external/wingback-webhooks/get.contract.validation.pipe.spec.ts
PASS src/domain/access/role-set/role.set.resolver.mutations.spec.ts
PASS test/schema-contract/coverage/registry.spec.ts
PASS src/services/infrastructure/naming/generate.name.id.spec.ts
PASS test/schema-contract/integration/breaking-block.spec.ts
PASS test/schema-contract/coverage/diff-types.extra.spec.ts
PASS test/schema-contract/coverage/classify.spec.ts
PASS src/domain/access/role-set/role.set.service.spec.ts
PASS src/common/utils/compression.util.spec.ts
PASS src/common/utils/get-differences/get.diff.spec.ts
PASS test/schema/override-fetch.spec.ts
PASS test/schema-contract/coverage/governance.reviews.spec.ts
PASS test/schema-contract/coverage/governance.codeowners.spec.ts
PASS test/schema-contract/integration/breaking-override.spec.ts
PASS test/schema-contract/integration/baseline.spec.ts
PASS src/tools/schema/__tests__/deprecation-grace.spec.ts
PASS test/schema/override-eval.spec.ts
PASS src/common/utils/has-allowed-allowed-fields/has.only.allowed.fields.spec.ts
PASS test/schema/deprecation-parser.spec.ts
PASS test/schema-contract/deprecation/parser.spec.ts
PASS test/schema/override-sync.spec.ts
PASS src/config/config.utils.spec.ts
PASS test/schema-contract/governance/override.spec.ts
PASS src/domain/storage/document/document.resolver.spec.ts
------------------------------------------------------------------------------------|---------|----------|---------|---------|------------------------------------------------------------------
File                                                                                | % Stmts | % Branch | % Funcs | % Lines | Uncovered Line #s                                                
------------------------------------------------------------------------------------|---------|----------|---------|---------|------------------------------------------------------------------
All files                                                                           |   23.34 |     7.95 |    6.17 |    21.9 |                                                                  
 core/authentication                                                                |   17.36 |        0 |    12.5 |   17.16 |                                                                  
  authentication.service.ts                                                         |   31.64 |        0 |   18.18 |    31.5 | 46-220,242,245-247                                               
  ory.api.strategy.ts                                                               |       0 |        0 |       0 |       0 | 1-63                                                             
  ory.strategy.ts                                                                   |       0 |        0 |       0 |       0 | 1-71                                                             
 core/authentication.agent.info                                                     |   42.85 |       25 |   15.38 |    41.3 |                                                                  
  agent.info.cache.service.ts                                                       |   29.41 |        0 |       0 |   26.66 | 19-145                                                           
  agent.info.service.ts                                                             |      50 |    29.41 |   33.33 |   48.38 | 29-36,71,79,93-177                                               
 core/authorization                                                                 |   16.56 |        0 |    3.57 |   15.28 |                                                                  
  authorization.service.ts                                                          |   11.22 |        0 |    5.55 |      10 | 35-69,80-269                                                     
  graphql.guard.ts                                                                  |   29.82 |        0 |       0 |   27.27 | 38-179                                                           
  rest.guard.ts                                                                     |       0 |        0 |       0 |       0 | 1-45                                                             
 core/bootstrap                                                                     |   40.57 |        0 |    7.14 |      40 |                                                                  
  bootstrap.service.ts                                                              |   40.57 |        0 |    7.14 |      40 | 100-526                                                          
 core/middleware                                                                    |       0 |        0 |       0 |       0 |                                                                  
  favicon.middleware.ts                                                             |       0 |        0 |       0 |       0 | 3-12                                                             
  index.ts                                                                          |       0 |      100 |     100 |       0 | 1-3                                                              
  request.logger.middleware.ts                                                      |       0 |        0 |       0 |       0 | 1-76                                                             
  session.extend.middleware.ts                                                      |       0 |        0 |       0 |       0 | 1-111                                                            
 domain/access/application                                                          |    22.5 |        0 |       0 |   20.77 |                                                                  
  application.service.ts                                                            |    22.5 |        0 |       0 |   20.77 | 31-207                                                           
 domain/access/invitation                                                           |   22.72 |        0 |       0 |   21.17 |                                                                  
  invitation.service.ts                                                             |   22.72 |        0 |       0 |   21.17 | 39-257                                                           
 domain/access/invitation.platform                                                  |   30.35 |        0 |       0 |   27.77 |                                                                  
  platform.invitation.service.ts                                                    |   30.35 |        0 |       0 |   27.77 | 26-162                                                           
 domain/access/platform-roles-access                                                |   16.27 |        0 |       0 |    12.5 |                                                                  
  platform.roles.access.service.ts                                                  |   16.27 |        0 |       0 |    12.5 | 16-109                                                           
 domain/access/role                                                                 |   38.09 |      100 |       0 |   31.57 |                                                                  
  role.service.ts                                                                   |   38.09 |      100 |       0 |   31.57 | 14-37                                                            
 domain/access/role-set                                                             |   10.48 |        0 |    1.16 |   10.29 |                                                                  
  role.set.service.ts                                                               |   10.48 |        0 |    1.16 |   10.29 | 93-2063                                                          
 domain/activity-feed                                                               |    23.8 |        0 |    6.25 |   22.22 |                                                                  
  activity.feed.service.ts                                                          |    23.8 |        0 |    6.25 |   22.22 | 58-310,326-333                                                   
 domain/agent/agent                                                                 |   14.45 |        0 |       0 |   13.99 |                                                                  
  agent.service.ts                                                                  |   14.45 |        0 |       0 |   13.99 | 56-269,274-304,312-588,596-641,650-685,691-715                   
 domain/agent/credential                                                            |      30 |        0 |       0 |      25 |                                                                  
  credential.service.ts                                                             |      30 |        0 |       0 |      25 | 16-89                                                            
 domain/agent/verified-credential                                                   |   33.33 |        0 |       0 |      25 |                                                                  
  verified.credential.service.ts                                                    |   33.33 |        0 |       0 |      25 | 7-18                                                             
 domain/collaboration/callout                                                       |   11.76 |        0 |       0 |   11.05 |                                                                  
  callout.service.ts                                                                |   11.76 |        0 |       0 |   11.05 | 55-709                                                           
 domain/collaboration/callout-contribution                                          |   11.84 |        0 |       0 |   10.81 |                                                                  
  callout.contribution.move.service.ts                                              |       0 |        0 |       0 |       0 | 1-136                                                            
  callout.contribution.service.ts                                                   |   16.07 |        0 |       0 |   14.54 | 33-383                                                           
 domain/collaboration/callout-contribution-defaults                                 |   29.03 |        0 |       0 |   24.13 |                                                                  
  callout.contribution.defaults.service.ts                                          |   29.03 |        0 |       0 |   24.13 | 16-82                                                            
 domain/collaboration/callout-framing                                               |   15.58 |        0 |       0 |   14.47 |                                                                  
  callout.framing.service.ts                                                        |   15.58 |        0 |       0 |   14.47 | 37-498                                                           
 domain/collaboration/callout-transfer                                              |       0 |        0 |       0 |       0 |                                                                  
  callout.transfer.service.ts                                                       |       0 |        0 |       0 |       0 | 1-188                                                            
 domain/collaboration/callouts-set                                                  |    9.09 |        0 |       0 |    8.52 |                                                                  
  callouts.set.service.ts                                                           |    9.09 |        0 |       0 |    8.52 | 47-737                                                           
 domain/collaboration/collaboration                                                 |   23.63 |        0 |       0 |   22.22 |                                                                  
  collaboration.service.ts                                                          |   23.63 |        0 |       0 |   22.22 | 41-385                                                           
 domain/collaboration/innovation-flow                                               |   12.88 |        0 |     2.7 |   12.38 |                                                                  
  innovation.flow.service.ts                                                        |   12.88 |        0 |     2.7 |   12.38 | 58-753                                                           
 domain/collaboration/innovation-flow-state                                         |   32.43 |        0 |       0 |   29.41 |                                                                  
  innovation.flow.state.service.ts                                                  |   32.43 |        0 |       0 |   29.41 | 18-93                                                            
 domain/collaboration/link                                                          |   31.81 |        0 |       0 |   29.26 |                                                                  
  link.service.ts                                                                   |   31.81 |        0 |       0 |   29.26 | 21-113                                                           
 domain/collaboration/post                                                          |    29.5 |        0 |       0 |   27.11 |                                                                  
  post.service.ts                                                                   |    29.5 |        0 |       0 |   27.11 | 25-161                                                           
 domain/common/authorization-policy                                                 |   10.94 |        0 |       0 |     9.7 |                                                                  
  authorization.policy.service.ts                                                   |   10.94 |        0 |       0 |     9.7 | 37-450                                                           
 domain/common/classification                                                       |   21.12 |        0 |       0 |      20 |                                                                  
  classification.service.ts                                                         |   21.12 |        0 |       0 |      20 | 27-213                                                           
 domain/common/form                                                                 |   29.62 |        0 |       0 |      25 |                                                                  
  form.service.ts                                                                   |   29.62 |        0 |       0 |      25 | 15-62                                                            
 domain/common/knowledge-base                                                       |   29.68 |        0 |       0 |   27.41 |                                                                  
  knowledge.base.service.ts                                                         |   29.68 |        0 |       0 |   27.41 | 28-198                                                           
 domain/common/license                                                              |   17.97 |        0 |       0 |   16.09 |                                                                  
  license.service.ts                                                                |   17.97 |        0 |       0 |   16.09 | 22-253                                                           
 domain/common/license-entitlement                                                  |   23.33 |        0 |       0 |   20.68 |                                                                  
  license.entitlement.service.ts                                                    |   23.33 |        0 |       0 |   20.68 | 22-186                                                           
 domain/common/lifecycle                                                            |   19.23 |        0 |    6.25 |   17.56 |                                                                  
  lifecycle.service.ts                                                              |   19.23 |        0 |    6.25 |   17.56 | 27-209                                                           
 domain/common/location                                                             |   14.92 |        0 |       0 |    12.3 |                                                                  
  location.service.ts                                                               |   14.92 |        0 |       0 |    12.3 | 15-158                                                           
 domain/common/memo                                                                 |   25.58 |        0 |       0 |    23.8 |                                                                  
  memo.service.ts                                                                   |   25.58 |        0 |       0 |    23.8 | 34-252                                                           
 domain/common/nvp                                                                  |   56.25 |        0 |       0 |      50 |                                                                  
  nvp.service.ts                                                                    |   56.25 |        0 |       0 |      50 | 12-29                                                            
 domain/common/profile                                                              |   12.65 |        0 |       0 |   11.72 |                                                                  
  profile.service.ts                                                                |   12.65 |        0 |       0 |   11.72 | 39-474                                                           
 domain/common/reference                                                            |   24.48 |        0 |       0 |   21.27 |                                                                  
  reference.service.ts                                                              |   24.48 |        0 |       0 |   21.27 | 20-128                                                           
 domain/common/tagset                                                               |   11.67 |        0 |       0 |   10.85 |                                                                  
  tagset.service.ts                                                                 |   11.67 |        0 |       0 |   10.85 | 27-354                                                           
 domain/common/tagset-template                                                      |   32.25 |        0 |       0 |   27.58 |                                                                  
  tagset.template.service.ts                                                        |   32.25 |        0 |       0 |   27.58 | 17-97                                                            
 domain/common/tagset-template-set                                                  |   28.94 |        0 |       0 |      25 |                                                                  
  tagset.template.set.service.ts                                                    |   28.94 |        0 |       0 |      25 | 19-118                                                           
 domain/common/visual                                                               |   25.71 |        0 |       0 |   23.52 |                                                                  
  visual.service.ts                                                                 |   25.71 |        0 |       0 |   23.52 | 30-230                                                           
 domain/common/whiteboard                                                           |   22.22 |        0 |       0 |   20.61 |                                                                  
  whiteboard.service.ts                                                             |   22.22 |        0 |       0 |   20.61 | 35-319                                                           
 domain/communication/communication                                                 |   35.18 |        0 |      10 |   32.69 |                                                                  
  communication.service.ts                                                          |   35.18 |        0 |      10 |   32.69 | 36-156                                                           
 domain/communication/conversation                                                  |   17.39 |        0 |       0 |   16.29 |                                                                  
  conversation.service.ts                                                           |   17.39 |        0 |       0 |   16.29 | 37-510                                                           
 domain/communication/conversations-set                                             |   19.56 |        0 |       0 |   17.77 |                                                                  
  conversations.set.service.ts                                                      |   19.56 |        0 |       0 |   17.77 | 30-317                                                           
 domain/communication/message.details                                               |   39.28 |        0 |       0 |   34.61 |                                                                  
  message.details.service.ts                                                        |   39.28 |        0 |       0 |   34.61 | 15-98                                                            
 domain/communication/room                                                          |   18.88 |        0 |       0 |   17.04 |                                                                  
  room.service.ts                                                                   |   18.88 |        0 |       0 |   17.04 | 30-257                                                           
 domain/communication/room-lookup                                                   |   13.13 |        0 |       0 |   11.45 |                                                                  
  room.lookup.service.ts                                                            |   13.13 |        0 |       0 |   11.45 | 27-319                                                           
 domain/communication/room-mentions                                                 |   55.22 |       30 |   22.22 |   54.68 |                                                                  
  room.mentions.service.ts                                                          |   55.22 |       30 |   22.22 |   54.68 | 44-154,166,189-196                                               
 domain/communication/vc-interaction                                                |   34.61 |        0 |       0 |   29.16 |                                                                  
  vc.interaction.service.ts                                                         |   34.61 |        0 |       0 |   29.16 | 14-76                                                            
 domain/communication/virtual.contributor.message                                   |    37.5 |        0 |       0 |   33.33 |                                                                  
  virtual.contributor.message.service.ts                                            |    37.5 |        0 |       0 |   33.33 | 21-121                                                           
 domain/community/community                                                         |   32.91 |        0 |    7.69 |   31.16 |                                                                  
  community.service.ts                                                              |   32.91 |        0 |    7.69 |   31.16 | 43-231                                                           
 domain/community/community-communication                                           |   53.84 |      100 |       0 |   45.45 |                                                                  
  community.communication.service.ts                                                |   53.84 |      100 |       0 |   45.45 | 12-38                                                            
 domain/community/community-guidelines                                              |   34.78 |        0 |       0 |   31.81 |                                                                  
  community.guidelines.service.ts                                                   |   34.78 |        0 |       0 |   31.81 | 24-155                                                           
 domain/community/contributor                                                       |      25 |        0 |       0 |   23.07 |                                                                  
  contributor.service.ts                                                            |      25 |        0 |       0 |   23.07 | 31-219                                                           
 domain/community/organization                                                      |   25.12 |        0 |    4.34 |   24.39 |                                                                  
  organization.service.ts                                                           |   25.12 |        0 |    4.34 |   24.39 | 91-640                                                           
 domain/community/organization-lookup                                               |   27.77 |        0 |       0 |   23.52 |                                                                  
  organization.lookup.service.ts                                                    |   27.77 |        0 |       0 |   23.52 | 18-157                                                           
 domain/community/organization-settings                                             |   38.46 |        0 |       0 |   27.27 |                                                                  
  organization.settings.service.ts                                                  |   38.46 |        0 |       0 |   27.27 | 9-28                                                             
 domain/community/organization-verification                                         |   38.88 |        0 |       0 |   35.29 |                                                                  
  organization.verification.service.ts                                              |   38.88 |        0 |       0 |   35.29 | 19-94                                                            
 domain/community/user                                                              |    27.5 |     6.94 |    12.5 |   27.06 |                                                                  
  user.service.ts                                                                   |    27.5 |     6.94 |    12.5 |   27.06 | 113-365,372,408-820                                              
 domain/community/user-authentication-link                                          |   89.83 |       75 |      75 |   89.47 |                                                                  
  user.authentication.link.service.ts                                               |   89.83 |       75 |      75 |   89.47 | 32,52,84,124,151,161                                             
 domain/community/user-group                                                        |   26.19 |        0 |    7.14 |      25 |                                                                  
  user-group.service.ts                                                             |   26.19 |        0 |    7.14 |      25 | 50-266                                                           
 domain/community/user-lookup                                                       |   16.94 |        0 |       0 |   14.54 |                                                                  
  user.lookup.service.ts                                                            |   16.94 |        0 |       0 |   14.54 | 19-252                                                           
 domain/community/user-settings                                                     |   15.78 |        0 |       0 |   13.51 |                                                                  
  user.settings.service.ts                                                          |   15.78 |        0 |       0 |   13.51 | 19-232                                                           
 domain/community/virtual-contributor                                               |   17.29 |        0 |       0 |   16.39 |                                                                  
  virtual.contributor.service.ts                                                    |   17.29 |        0 |       0 |   16.39 | 57-631                                                           
 domain/community/virtual-contributor-defaults                                      |   24.13 |        0 |       0 |   18.51 |                                                                  
  virtual.contributor.defaults.service.ts                                           |   24.13 |        0 |       0 |   18.51 | 11-74                                                            
 domain/community/virtual-contributor-lookup                                        |   25.58 |        0 |       0 |   21.95 |                                                                  
  virtual.contributor.lookup.service.ts                                             |   25.58 |        0 |       0 |   21.95 | 22-163                                                           
 domain/community/virtual-contributor-platform-settings                             |   66.66 |      100 |       0 |      50 |                                                                  
  virtual.contributor.platform.settings.service.ts                                  |   66.66 |      100 |       0 |      50 | 13-15                                                            
 domain/community/virtual-contributor-settings                                      |   45.45 |        0 |       0 |   33.33 |                                                                  
  virtual.contributor.settings.service.ts                                           |   45.45 |        0 |       0 |   33.33 | 9-28                                                             
 domain/innovation-hub                                                              |   15.44 |        0 |       0 |   14.04 |                                                                  
  innovation.hub.service.ts                                                         |   15.44 |        0 |       0 |   14.04 | 29-359                                                           
 domain/profile-documents                                                           |   95.91 |    78.57 |     100 |   95.74 |                                                                  
  profile.documents.service.ts                                                      |   95.91 |    78.57 |     100 |   95.74 | 44,58                                                            
 domain/space/account                                                               |    17.9 |        0 |       0 |   16.98 |                                                                  
  account.service.ts                                                                |    17.9 |        0 |       0 |   16.98 | 52-494                                                           
 domain/space/account.host                                                          |      40 |        0 |       0 |   37.73 |                                                                  
  account.host.service.ts                                                           |      40 |        0 |       0 |   37.73 | 28-148                                                           
 domain/space/account.license.plan                                                  |       0 |        0 |       0 |       0 |                                                                  
  account.license.plan.service.ts                                                   |       0 |        0 |       0 |       0 | 1-35                                                             
 domain/space/account.lookup                                                        |   30.76 |        0 |       0 |   27.02 |                                                                  
  account.lookup.service.ts                                                         |   30.76 |        0 |       0 |   27.02 | 21-118                                                           
 domain/space/space                                                                 |   35.52 |    24.08 |   17.24 |   34.78 |                                                                  
  space.service.ts                                                                  |   35.52 |    24.08 |   17.24 |   34.78 | 134-574,607,630,644,656-659,694,717-719,736,764,858,872,932-1545 
 domain/space/space.about                                                           |   20.79 |        0 |       0 |   20.21 |                                                                  
  space.about.service.ts                                                            |   20.79 |        0 |       0 |   20.21 | 38-331                                                           
 domain/space/space.about.membership                                                |       0 |      100 |       0 |       0 |                                                                  
  space.about.membership.service.ts                                                 |       0 |      100 |       0 |       0 | 1-4                                                              
 domain/space/space.defaults                                                        |   20.43 |        0 |       0 |   18.68 |                                                                  
  space.defaults.service.ts                                                         |   20.43 |        0 |       0 |   18.68 | 31-290                                                           
 domain/space/space.lookup                                                          |   19.04 |        0 |       0 |   16.66 |                                                                  
  space.lookup.service.ts                                                           |   19.04 |        0 |       0 |   16.66 | 28-242                                                           
 domain/space/space.settings                                                        |   31.25 |        0 |       0 |   21.42 |                                                                  
  space.settings.service.ts                                                         |   31.25 |        0 |       0 |   21.42 | 9-31                                                             
 domain/storage/document                                                            |   22.47 |        0 |       0 |   20.93 |                                                                  
  document.service.ts                                                               |   22.47 |        0 |       0 |   20.93 | 28-240                                                           
 domain/storage/storage-aggregator                                                  |   16.82 |        0 |       0 |   15.68 |                                                                  
  storage.aggregator.service.ts                                                     |   16.82 |        0 |       0 |   15.68 | 25-282                                                           
 domain/storage/storage-bucket                                                      |   18.88 |        0 |       0 |   17.85 |                                                                  
  storage.bucket.service.ts                                                         |   18.88 |        0 |       0 |   17.85 | 39-451                                                           
 domain/template/template                                                           |   14.58 |        0 |       0 |   13.68 |                                                                  
  template.service.ts                                                               |   14.58 |        0 |       0 |   13.68 | 49-770                                                           
 domain/template/template-applier                                                   |       0 |        0 |       0 |       0 |                                                                  
  template.applier.service.ts                                                       |       0 |        0 |       0 |       0 | 1-119                                                            
 domain/template/template-content-space                                             |   24.35 |        0 |       0 |   22.36 |                                                                  
  template.content.space.service.ts                                                 |   24.35 |        0 |       0 |   22.36 | 33-350                                                           
 domain/template/template-content-space/template-content-space.lookup               |       0 |        0 |       0 |       0 |                                                                  
  template-content-space.lookup.service.ts                                          |       0 |        0 |       0 |       0 | 1-61                                                             
 domain/template/template-default                                                   |   38.23 |        0 |       0 |   34.37 |                                                                  
  template.default.service.ts                                                       |   38.23 |        0 |       0 |   34.37 | 22-89                                                            
 domain/template/templates-manager                                                  |   24.59 |        0 |       0 |   22.03 |                                                                  
  templates.manager.service.ts                                                      |   24.59 |        0 |       0 |   22.03 | 26-195                                                           
 domain/template/templates-set                                                      |   26.86 |        0 |       0 |   24.61 |                                                                  
  templates.set.service.ts                                                          |   26.86 |        0 |       0 |   24.61 | 29-233                                                           
 domain/timeline/calendar                                                           |   30.43 |        0 |       0 |   29.54 |                                                                  
  calendar.service.ts                                                               |   30.43 |        0 |       0 |   29.54 | 37-271                                                           
 domain/timeline/event                                                              |    26.5 |        0 |       0 |   24.69 |                                                                  
  event.service.ts                                                                  |    26.5 |        0 |       0 |   24.69 | 31-256                                                           
 domain/timeline/timeline                                                           |   36.84 |        0 |       0 |   33.33 |                                                                  
  timeline.service.ts                                                               |   36.84 |        0 |       0 |   33.33 | 18-81                                                            
 library/innovation-pack                                                            |   26.31 |        0 |    7.69 |   24.73 |                                                                  
  innovation.pack.service.ts                                                        |   26.31 |        0 |    7.69 |   24.73 | 43-295                                                           
 library/innovation-pack/innovation.pack.defaults                                   |   54.54 |      100 |       0 |   44.44 |                                                                  
  innovation.pack.defaults.service.ts                                               |   54.54 |      100 |       0 |   44.44 | 8-18                                                             
 library/library                                                                    |       0 |        0 |       0 |       0 |                                                                  
  library.service.ts                                                                |       0 |        0 |       0 |       0 | 1-170                                                            
 platform-admin/admin                                                               |       0 |        0 |       0 |       0 |                                                                  
  platform.admin.service.ts                                                         |       0 |        0 |       0 |       0 | 6-100                                                            
 platform-admin/core/identity                                                       |    37.7 |      7.4 |   33.33 |    36.2 |                                                                  
  admin.identity.service.ts                                                         |    37.7 |      7.4 |   33.33 |    36.2 | 29-102,115-120,136,140-144,149-178                               
 platform-admin/domain/authorization                                                |   18.05 |        0 |       0 |   16.66 |                                                                  
  admin.authorization.service.ts                                                    |   18.05 |        0 |       0 |   16.66 | 30-232                                                           
 platform-admin/domain/communication                                                |       0 |        0 |       0 |       0 |                                                                  
  admin.communication.service.ts                                                    |       0 |        0 |       0 |       0 | 1-205                                                            
 platform-admin/domain/organization                                                 |       0 |        0 |       0 |       0 |                                                                  
  domain.platform.settings.service.ts                                               |       0 |        0 |       0 |       0 | 1-27                                                             
 platform-admin/domain/user/authentication-id-backfill                              |   74.44 |       55 |     100 |   74.15 |                                                                  
  authentication-id-backfill.service.ts                                             |   74.44 |       55 |     100 |   74.15 | 56-80,112-117,132-137,150-163,188                                
 platform-admin/domain/whiteboard                                                   |       0 |        0 |       0 |       0 |                                                                  
  admin.whiteboard.service.ts                                                       |       0 |        0 |       0 |       0 | 1-147                                                            
 platform-admin/in-app-notification                                                 |       0 |        0 |       0 |       0 |                                                                  
  in.app.notification.admin.service.ts                                              |       0 |        0 |       0 |       0 | 1-151                                                            
 platform-admin/licensing                                                           |       0 |        0 |       0 |       0 |                                                                  
  admin.licensing.service.ts                                                        |       0 |        0 |       0 |       0 | 1-208                                                            
 platform/activity                                                                  |   17.24 |        0 |       0 |   15.66 |                                                                  
  activity.service.ts                                                               |   17.24 |        0 |       0 |   15.66 | 26-352                                                           
 platform/authorization                                                             |   46.42 |        0 |       0 |    42.3 |                                                                  
  platform.authorization.policy.service.ts                                          |   46.42 |        0 |       0 |    42.3 | 23-87                                                            
 platform/configuration/config                                                      |   41.17 |      100 |      25 |   33.33 |                                                                  
  config.service.ts                                                                 |   41.17 |      100 |      25 |   33.33 | 14-163                                                           
 platform/forum                                                                     |   27.77 |        0 |    7.69 |   26.13 |                                                                  
  forum.service.ts                                                                  |   27.77 |        0 |    7.69 |   26.13 | 42-241                                                           
 platform/forum-discussion                                                          |   25.86 |        0 |       0 |   23.63 |                                                                  
  discussion.service.ts                                                             |   25.86 |        0 |       0 |   23.63 | 26-174                                                           
 platform/forum-discussion-lookup                                                   |       0 |        0 |       0 |       0 |                                                                  
  forum.discussion.lookup.service.ts                                                |       0 |        0 |       0 |       0 | 1-32                                                             
 platform/in-app-notification                                                       |    9.49 |        0 |       0 |    8.33 |                                                                  
  in.app.notification.service.ts                                                    |    9.49 |        0 |       0 |    8.33 | 58-571                                                           
 platform/licensing/credential-based/license-credential-issuer                      |      30 |        0 |       0 |   22.22 |                                                                  
  license.issuer.service.ts                                                         |      30 |        0 |       0 |   22.22 | 10-59                                                            
 platform/licensing/credential-based/license-plan                                   |   24.39 |        0 |       0 |   20.51 |                                                                  
  license.plan.service.ts                                                           |   24.39 |        0 |       0 |   20.51 | 17-93                                                            
 platform/licensing/credential-based/license-policy                                 |   21.56 |        0 |       0 |   18.36 |                                                                  
  license.policy.service.ts                                                         |   21.56 |        0 |       0 |   18.36 | 18-131                                                           
 platform/licensing/credential-based/licensing-credential-based-entitlements-engine |   16.17 |        0 |    9.09 |   14.06 |                                                                  
  licensing.credential.based.service.ts                                             |   16.17 |        0 |    9.09 |   14.06 | 30-165                                                           
 platform/licensing/credential-based/licensing-framework                            |   26.08 |        0 |       0 |   23.25 |                                                                  
  licensing.framework.service.ts                                                    |   26.08 |        0 |       0 |   23.25 | 18-137                                                           
 platform/licensing/wingback-subscription                                           |   42.85 |        0 |    12.5 |   38.46 |                                                                  
  licensing.wingback.subscription.service.ts                                        |   42.85 |        0 |    12.5 |   38.46 | 29-59,70-100                                                     
 platform/metadata                                                                  |      50 |        0 |      20 |      40 |                                                                  
  metadata.service.ts                                                               |      50 |        0 |      20 |      40 | 13-32                                                            
 platform/platform                                                                  |   18.57 |        0 |       0 |   16.17 |                                                                  
  platform.service.ts                                                               |   18.57 |        0 |       0 |   16.17 | 29-210                                                           
 platform/platform-settings                                                         |      62 |       50 |      60 |      60 |                                                                  
  platform.settings.service.ts                                                      |      62 |       50 |      60 |      60 | 18-72                                                            
 platform/platform-templates                                                        |   35.48 |        0 |       0 |   31.03 |                                                                  
  platform.templates.service.ts                                                     |   35.48 |        0 |       0 |   31.03 | 18-78                                                            
 platform/platform.well.known.virtual.contributors                                  |    37.5 |        0 |       0 |   31.81 |                                                                  
  platform.well.known.virtual.contributors.service.ts                               |    37.5 |        0 |       0 |   31.81 | 19-70                                                            
 schema-bootstrap                                                                   |       0 |      100 |       0 |       0 |                                                                  
  module.schema-bootstrap.ts                                                        |       0 |      100 |       0 |       0 | 6-235                                                            
 schema-bootstrap/stubs                                                             |       0 |      100 |       0 |       0 |                                                                  
  cache.stub.ts                                                                     |       0 |      100 |       0 |       0 | 1-6                                                              
  db.stub.ts                                                                        |       0 |      100 |       0 |       0 | 2-90                                                             
  event-bus-providers.stub.ts                                                       |       0 |      100 |       0 |       0 | 7-52                                                             
  event-bus.stub.ts                                                                 |       0 |      100 |       0 |       0 | 1-5                                                              
  microservices.stub.ts                                                             |       0 |      100 |       0 |       0 | 2-43                                                             
  search.stub.ts                                                                    |       0 |      100 |       0 |       0 | 1-3                                                              
 schema-contract/classify                                                           |     100 |      100 |     100 |     100 |                                                                  
  build-report.ts                                                                   |     100 |      100 |     100 |     100 |                                                                  
 schema-contract/deprecation                                                        |   83.33 |    66.66 |     100 |   91.66 |                                                                  
  parser.ts                                                                         |   81.25 |    66.66 |     100 |      90 | 17                                                               
  registry.ts                                                                       |     100 |      100 |     100 |     100 |                                                                  
 schema-contract/diff                                                               |   93.41 |     87.5 |     100 |   94.64 |                                                                  
  cleanup.ts                                                                        |    87.5 |        0 |     100 |     100 | 13                                                               
  diff-core.ts                                                                      |   90.19 |    78.94 |     100 |   89.36 | 52,114-117,122                                                   
  diff-enum.ts                                                                      |   93.44 |    88.88 |     100 |   92.85 | 28-34,98,109                                                     
  diff-scalar.ts                                                                    |   94.44 |     92.1 |     100 |     100 | 27,29,32                                                         
  diff-types.ts                                                                     |   95.65 |    88.09 |     100 |   95.58 | 17-19,135                                                        
 schema-contract/governance                                                         |   91.42 |    76.19 |     100 |   96.55 |                                                                  
  apply-overrides.ts                                                                |     100 |       80 |     100 |     100 | 26                                                               
  codeowners.ts                                                                     |   97.36 |       70 |     100 |     100 | 14,22-26                                                         
  reviews.ts                                                                        |   84.61 |    77.77 |     100 |   93.18 | 34,46-53                                                         
 schema-contract/model                                                              |     100 |      100 |     100 |     100 |                                                                  
  index.ts                                                                          |     100 |      100 |     100 |     100 |                                                                  
  types.ts                                                                          |     100 |      100 |     100 |     100 |                                                                  
 schema-contract/snapshot                                                           |     100 |       50 |     100 |     100 |                                                                  
  load-baseline.ts                                                                  |     100 |       50 |     100 |     100 | 9,23                                                             
 services/adapters/ai-server-adapter/dto                                            |       0 |        0 |       0 |       0 |                                                                  
  ai.server.adapter.dto.update.ai.persona.service.ts                                |       0 |        0 |       0 |       0 | 3-34                                                             
 services/ai-server/ai-persona                                                      |   16.66 |        0 |       0 |      15 |                                                                  
  ai.persona.service.ts                                                             |   16.66 |        0 |       0 |      15 | 30-251                                                           
 services/ai-server/ai-server                                                       |   18.79 |        0 |       0 |    17.8 |                                                                  
  ai.server.service.ts                                                              |   18.79 |        0 |       0 |    17.8 | 44-479                                                           
 services/ai-server/ai-server/dto                                                   |       0 |      100 |       0 |       0 |                                                                  
  ai.server.dto.ingest.ai.persona.service.ts                                        |       0 |      100 |       0 |       0 | 1-7                                                              
 services/api-rest/identity-resolve                                                 |   89.39 |       50 |     100 |   89.06 |                                                                  
  identity-resolve.service.ts                                                       |   89.39 |       50 |     100 |   89.06 | 85-89,110,114,121,147-151                                        
 services/api-rest/ssi-credential-flow                                              |   55.55 |      100 |       0 |   42.85 |                                                                  
  ssi.credential.flow.service.ts                                                    |   55.55 |      100 |       0 |   42.85 | 6-27                                                             
 services/api/activity-log                                                          |   27.58 |        0 |       0 |   25.88 |                                                                  
  activity.log.builder.service.ts                                                   |   22.33 |        0 |       0 |   20.79 | 38-341                                                           
  activity.log.service.ts                                                           |   35.21 |        0 |       0 |   33.33 | 30-175                                                           
 services/api/conversion                                                            |       0 |        0 |       0 |       0 |                                                                  
  conversion.service.ts                                                             |       0 |        0 |       0 |       0 | 1-508                                                            
 services/api/input-creator                                                         |   12.82 |        0 |       0 |   11.81 |                                                                  
  input.creator.service.ts                                                          |   12.82 |        0 |       0 |   11.81 | 50-578                                                           
 services/api/lookup                                                                |       0 |      100 |     100 |       0 |                                                                  
  lookup.service.ts                                                                 |       0 |      100 |     100 |       0 | 1-4                                                              
 services/api/lookup-by-name                                                        |       0 |      100 |     100 |       0 |                                                                  
  lookup.by.name.service.ts                                                         |       0 |      100 |     100 |       0 | 1-4                                                              
 services/api/me                                                                    |       0 |        0 |       0 |       0 |                                                                  
  me.service.ts                                                                     |       0 |        0 |       0 |       0 | 1-325                                                            
 services/api/notification-recipients                                               |    8.37 |        0 |       0 |    7.38 |                                                                  
  notification.recipients.service.ts                                                |    8.37 |        0 |       0 |    7.38 | 30-664                                                           
 services/api/registration                                                          |    22.1 |        0 |       0 |   20.43 |                                                                  
  registration.service.ts                                                           |    22.1 |        0 |       0 |   20.43 | 28-220                                                           
 services/api/roles                                                                 |    53.4 |    18.18 |   41.66 |   52.32 |                                                                  
  roles.service.ts                                                                  |    53.4 |    18.18 |   41.66 |   52.32 | 79-88,121-253                                                    
 services/api/search                                                                |   63.63 |        0 |      25 |   63.33 |                                                                  
  search.service.ts                                                                 |   63.63 |        0 |      25 |   63.33 | 39-66,76                                                         
 services/api/search/extract                                                        |   24.39 |        0 |       0 |   22.78 |                                                                  
  search.extract.service.ts                                                         |   24.39 |        0 |       0 |   22.78 | 28,80,136-337                                                    
 services/api/search/ingest                                                         |   20.07 |     1.25 |       4 |   20.39 |                                                                  
  search.ingest.service.ts                                                          |   20.07 |     1.25 |       4 |   20.39 | 120-124,187-1311,1317,1321-1333,1340-1344                        
 services/api/search/result                                                         |   10.48 |        0 |       0 |   10.42 |                                                                  
  search.result.service.ts                                                          |   10.48 |        0 |       0 |   10.42 | 57-962,971-988                                                   
 services/api/url-resolver                                                          |       0 |        0 |       0 |       0 |                                                                  
  url.resolver.service.ts                                                           |       0 |        0 |       0 |       0 | 1-1019                                                           
 services/auth-reset/publisher                                                      |   33.89 |        0 |    7.14 |   31.57 |                                                                  
  auth-reset.service.ts                                                             |   33.89 |        0 |    7.14 |   31.57 | 28-179                                                           
 services/collaborative-document-integration                                        |       0 |        0 |       0 |       0 |                                                                  
  collaborative-document-integration.service.ts                                     |       0 |        0 |       0 |       0 | 1-209                                                            
 services/external/avatar-creator                                                   |   31.25 |        0 |       0 |   26.66 |                                                                  
  avatar.creator.service.ts                                                         |   31.25 |        0 |       0 |   26.66 | 12-84                                                            
 services/external/elasticsearch/contribution-reporter                              |   26.56 |        0 |    4.76 |   24.59 |                                                                  
  contribution.reporter.service.ts                                                  |   26.56 |        0 |    4.76 |   24.59 | 47-409                                                           
 services/external/elasticsearch/guidance-reporter                                  |   33.33 |        0 |   11.11 |   31.37 |                                                                  
  guidance.reporter.service.ts                                                      |   33.33 |        0 |   11.11 |   31.37 | 29,49-193                                                        
 services/external/geo-location                                                     |   93.61 |       75 |   83.33 |   93.33 |                                                                  
  geo.location.service.ts                                                           |   93.61 |       75 |   83.33 |   93.33 | 47,75,110                                                        
 services/external/geoapify                                                         |      24 |        0 |       0 |   21.27 |                                                                  
  geoapify.service.ts                                                               |      24 |        0 |       0 |   21.27 | 22-109                                                           
 services/external/trust-registry/trust.registry.claim                              |      50 |      100 |       0 |    37.5 |                                                                  
  trust.registry.claim.service.ts                                                   |      50 |      100 |       0 |    37.5 | 9-22                                                             
 services/external/wingback-webhooks                                                |   65.38 |        0 |      25 |    62.5 |                                                                  
  wingback.webhook.service.ts                                                       |   65.38 |        0 |      25 |    62.5 | 26-61                                                            
 services/file-integration                                                          |       0 |        0 |       0 |       0 |                                                                  
  file.integration.service.ts                                                       |       0 |        0 |       0 |       0 | 1-81                                                             
 services/infrastructure/contributor-lookup                                         |   27.11 |        0 |       0 |   24.56 |                                                                  
  contributor.lookup.service.ts                                                     |   27.11 |        0 |       0 |   24.56 | 18-227                                                           
 services/infrastructure/entity-resolver                                            |   25.22 |        0 |       0 |   21.86 |                                                                  
  community.resolver.service.ts                                                     |   11.86 |        0 |       0 |   10.34 | 21-635                                                           
  contribution.resolver.service.ts                                                  |      50 |        0 |       0 |   44.44 | 15-61                                                            
  identity.resolver.service.ts                                                      |   57.14 |        0 |       0 |      50 | 11-41                                                            
  room.resolver.service.ts                                                          |   32.55 |        0 |       0 |   29.26 | 24-188                                                           
  timeline.resolver.service.ts                                                      |   35.48 |        0 |       0 |   32.14 | 14-85                                                            
 services/infrastructure/kratos                                                     |    6.09 |        0 |       0 |    5.18 |                                                                  
  kratos.service.ts                                                                 |    6.09 |        0 |       0 |    5.18 | 55-772                                                           
 services/infrastructure/license-entitlement-usage                                  |     100 |      100 |     100 |     100 |                                                                  
  license.entitlement.usage.service.ts                                              |     100 |      100 |     100 |     100 |                                                                  
 services/infrastructure/naming                                                     |    35.8 |        0 |   10.71 |    39.7 |                                                                  
  naming.service.ts                                                                 |    35.8 |        0 |   10.71 |    39.7 | 30-221                                                           
 services/infrastructure/space-filter                                               |   42.85 |        0 |      25 |   41.17 |                                                                  
  space.filter.service.ts                                                           |   42.85 |        0 |      25 |   41.17 | 16-39                                                            
 services/infrastructure/storage-aggregator-resolver                                |      20 |        0 |       0 |   18.75 |                                                                  
  storage.aggregator.resolver.service.ts                                            |      20 |        0 |       0 |   18.75 | 37-560                                                           
 services/infrastructure/temporary-storage                                          |       0 |        0 |       0 |       0 |                                                                  
  temporary.storage.service.ts                                                      |       0 |        0 |       0 |       0 | 1-79                                                             
 services/infrastructure/url-generator                                              |   10.92 |        0 |       0 |   10.34 |                                                                  
  url.generator.service.ts                                                          |   10.92 |        0 |       0 |   10.34 | 42-1189                                                          
 services/room-integration                                                          |   22.44 |        0 |       0 |   19.14 |                                                                  
  room.controller.service.ts                                                        |   22.44 |        0 |       0 |   19.14 | 21-147                                                           
 services/subscriptions/subscription-service                                        |   35.41 |        0 |       0 |   30.23 |                                                                  
  subscription.publish.service.ts                                                   |   34.37 |        0 |       0 |   31.03 | 32-128,140                                                       
  subscription.read.service.ts                                                      |    37.5 |      100 |       0 |   28.57 | 16-52                                                            
 services/task                                                                      |   18.05 |        0 |    5.88 |   16.41 |                                                                  
  task.service.ts                                                                   |   18.05 |        0 |    5.88 |   16.41 | 24-197                                                           
 services/whiteboard-integration                                                    |       0 |        0 |       0 |       0 |                                                                  
  whiteboard.integration.service.ts                                                 |       0 |        0 |       0 |       0 | 1-192                                                            
------------------------------------------------------------------------------------|---------|----------|---------|---------|------------------------------------------------------------------

Test Suites: 100 passed, 100 total
Tests:       1 skipped, 334 passed, 335 total
Snapshots:   0 total
Time:        40.078 s
Ran all test suites.
Force exiting Jest: Have you considered using `--detectOpenHandles` to detect async operations that kept running after all tests finished?
TN:
SF:src/core/authentication/authentication.service.ts
FN:21,(anonymous_5)
FN:41,(anonymous_6)
FN:70,(anonymous_7)
FN:99,(anonymous_8)
FN:138,(anonymous_9)
FN:155,(anonymous_10)
FN:168,(anonymous_11)
FN:175,(anonymous_12)
FN:191,(anonymous_13)
FN:211,(anonymous_14)
FN:233,(anonymous_15)
FNF:11
FNH:2
FNDA:1,(anonymous_5)
FNDA:0,(anonymous_6)
FNDA:0,(anonymous_7)
FNDA:0,(anonymous_8)
FNDA:0,(anonymous_9)
FNDA:0,(anonymous_10)
FNDA:0,(anonymous_11)
FNDA:0,(anonymous_12)
FNDA:0,(anonymous_13)
FNDA:0,(anonymous_14)
FNDA:1,(anonymous_15)
DA:1,1
DA:2,1
DA:4,1
DA:5,1
DA:6,1
DA:7,1
DA:8,1
DA:9,1
DA:11,1
DA:14,1
DA:15,1
DA:18,1
DA:22,1
DA:23,1
DA:24,1
DA:25,1
DA:26,1
DA:27,1
DA:29,1
DA:36,1
DA:46,0
DA:47,0
DA:52,0
DA:55,0
DA:56,0
DA:59,0
DA:60,0
DA:74,0
DA:75,0
DA:77,0
DA:78,0
DA:103,0
DA:105,0
DA:107,0
DA:108,0
DA:110,0
DA:112,0
DA:116,0
DA:118,0
DA:122,0
DA:127,0
DA:128,0
DA:139,0
DA:140,0
DA:141,0
DA:146,0
DA:158,0
DA:172,0
DA:173,0
DA:175,0
DA:178,0
DA:179,0
DA:180,0
DA:181,0
DA:182,0
DA:183,0
DA:184,0
DA:188,0
DA:192,0
DA:194,0
DA:212,0
DA:213,0
DA:215,0
DA:216,0
DA:219,0
DA:220,0
DA:241,1
DA:242,0
DA:244,1
DA:245,0
DA:246,0
DA:247,0
DA:250,1
LF:73
LH:23
BRDA:55,0,0,0
BRDA:75,1,0,0
BRDA:103,2,0,0
BRDA:108,3,0,0
BRDA:116,4,0,0
BRDA:140,5,0,0
BRDA:140,6,0,0
BRDA:140,6,1,0
BRDA:175,7,0,0
BRDA:175,7,1,0
BRDA:184,8,0,0
BRDA:184,8,1,0
BRDA:212,9,0,0
BRDA:212,10,0,0
BRDA:212,10,1,0
BRDA:215,11,0,0
BRDA:241,12,0,0
BRDA:244,13,0,0
BRDA:246,14,0,0
BRF:19
BRH:0
end_of_record
TN:
SF:src/core/authentication/ory.api.strategy.ts
FN:22,(anonymous_4)
FN:31,(anonymous_5)
FNF:2
FNH:0
FNDA:0,(anonymous_4)
FNDA:0,(anonymous_5)
DA:1,0
DA:2,0
DA:3,0
DA:4,0
DA:5,0
DA:6,0
DA:7,0
DA:8,0
DA:9,0
DA:13,0
DA:15,0
DA:18,0
DA:23,0
DA:24,0
DA:25,0
DA:26,0
DA:28,0
DA:32,0
DA:37,0
DA:38,0
DA:42,0
DA:44,0
DA:46,0
DA:47,0
DA:48,0
DA:52,0
DA:54,0
DA:55,0
DA:56,0
DA:59,0
DA:60,0
DA:62,0
DA:63,0
LF:33
LH:0
BRDA:37,0,0,0
BRDA:46,1,0,0
BRDA:54,2,0,0
BRF:3
BRH:0
end_of_record
TN:
SF:src/core/authentication/ory.strategy.ts
FN:22,(anonymous_4)
FN:46,(anonymous_5)
FN:70,(anonymous_6)
FNF:3
FNH:0
FNDA:0,(anonymous_4)
FNDA:0,(anonymous_5)
FNDA:0,(anonymous_6)
DA:1,0
DA:2,0
DA:3,0
DA:4,0
DA:5,0
DA:6,0
DA:7,0
DA:8,0
DA:9,0
DA:11,0
DA:15,0
DA:18,0
DA:23,0
DA:24,0
DA:25,0
DA:27,0
DA:47,0
DA:48,0
DA:50,0
DA:51,0
DA:52,0
DA:55,0
DA:56,0
DA:63,0
DA:64,0
DA:66,0
DA:70,0
DA:71,0
LF:28
LH:0
BRDA:50,0,0,0
BRDA:55,1,0,0
BRF:2
BRH:0
end_of_record
TN:
SF:src/core/authentication.agent.info/agent.info.cache.service.ts
FN:17,(anonymous_4)
FN:34,(anonymous_5)
FN:42,(anonymous_6)
FN:46,(anonymous_7)
FN:107,(anonymous_8)
FN:129,(anonymous_9)
FN:133,(anonymous_10)
FNF:7
FNH:0
FNDA:0,(anonymous_4)
FNDA:0,(anonymous_5)
FNDA:0,(anonymous_6)
FNDA:0,(anonymous_7)
FNDA:0,(anonymous_8)
FNDA:0,(anonymous_9)
FNDA:0,(anonymous_10)
DA:1,57
DA:3,57
DA:4,57
DA:5,57
DA:6,57
DA:8,57
DA:10,57
DA:14,57
DA:19,0
DA:23,0
DA:24,0
DA:26,0
DA:28,0
DA:37,0
DA:43,0
DA:47,0
DA:48,0
DA:110,0
DA:112,0
DA:114,0
DA:115,0
DA:116,0
DA:117,0
DA:122,0
DA:125,0
DA:126,0
DA:130,0
DA:135,0
DA:143,0
DA:145,0
LF:30
LH:8
BRDA:112,0,0,0
BRDA:116,1,0,0
BRDA:143,2,0,0
BRF:3
BRH:0
end_of_record
TN:
SF:src/core/authentication.agent.info/agent.info.service.ts
FN:18,(anonymous_4)
FN:28,(anonymous_5)
FN:46,(anonymous_6)
FN:112,(anonymous_7)
FN:132,(anonymous_8)
FN:162,(anonymous_9)
FNF:6
FNH:2
FNDA:2,(anonymous_4)
FNDA:0,(anonymous_5)
FNDA:2,(anonymous_6)
FNDA:0,(anonymous_7)
FNDA:0,(anonymous_8)
FNDA:0,(anonymous_9)
DA:2,55
DA:3,55
DA:4,55
DA:5,55
DA:7,55
DA:8,55
DA:9,55
DA:10,55
DA:11,55
DA:12,55
DA:14,55
DA:17,55
DA:19,2
DA:21,2
DA:23,2
DA:29,0
DA:30,0
DA:34,0
DA:35,0
DA:36,0
DA:50,2
DA:51,2
DA:52,2
DA:53,2
DA:56,2
DA:58,2
DA:70,2
DA:71,0
DA:77,2
DA:78,2
DA:79,0
DA:85,2
DA:86,2
DA:87,2
DA:88,2
DA:89,2
DA:91,2
DA:93,0
DA:97,0
DA:116,0
DA:117,0
DA:118,0
DA:119,0
DA:122,0
DA:123,0
DA:125,0
DA:133,0
DA:134,0
DA:137,0
DA:146,0
DA:147,0
DA:156,0
DA:158,0
DA:160,0
DA:161,0
DA:163,0
DA:171,0
DA:172,0
DA:173,0
DA:174,0
DA:175,0
DA:177,0
LF:62
LH:30
BRDA:52,0,0,2
BRDA:70,1,0,0
BRDA:78,2,0,0
BRDA:78,3,0,2
BRDA:78,3,1,2
BRDA:78,3,2,2
BRDA:90,4,0,2
BRDA:90,4,1,0
BRDA:118,5,0,0
BRDA:122,6,0,0
BRDA:122,6,1,0
BRDA:133,7,0,0
BRDA:146,8,0,0
BRDA:146,9,0,0
BRDA:146,9,1,0
BRDA:160,10,0,0
BRDA:174,11,0,0
BRF:17
BRH:5
end_of_record
TN:
SF:src/core/authorization/authorization.service.ts
FN:20,(anonymous_4)
FN:29,(anonymous_5)
FN:54,(anonymous_6)
FN:68,(anonymous_7)
FN:79,(anonymous_8)
FN:87,(anonymous_9)
FN:106,(anonymous_10)
FN:119,(anonymous_11)
FN:191,(anonymous_12)
FN:200,(anonymous_13)
FN:201,(anonymous_14)
FN:203,(anonymous_15)
FN:212,(anonymous_16)
FN:213,(anonymous_17)
FN:215,(anonymous_18)
FN:235,(anonymous_19)
FN:247,(anonymous_20)
FN:254,(anonymous_21)
FNF:18
FNH:1
FNDA:1,(anonymous_4)
FNDA:0,(anonymous_5)
FNDA:0,(anonymous_6)
FNDA:0,(anonymous_7)
FNDA:0,(anonymous_8)
FNDA:0,(anonymous_9)
FNDA:0,(anonymous_10)
FNDA:0,(anonymous_11)
FNDA:0,(anonymous_12)
FNDA:0,(anonymous_13)
FNDA:0,(anonymous_14)
FNDA:0,(anonymous_15)
FNDA:0,(anonymous_16)
FNDA:0,(anonymous_17)
FNDA:0,(anonymous_18)
FNDA:0,(anonymous_19)
FNDA:0,(anonymous_20)
FNDA:0,(anonymous_21)
DA:1,59
DA:2,59
DA:4,59
DA:10,59
DA:14,59
DA:15,59
DA:19,59
DA:22,1
DA:35,0
DA:41,0
DA:43,0
DA:44,0
DA:46,0
DA:59,0
DA:65,0
DA:69,0
DA:79,1
DA:80,0
DA:81,0
DA:82,0
DA:83,0
DA:84,0
DA:92,0
DA:93,0
DA:97,0
DA:98,0
DA:103,0
DA:111,0
DA:125,0
DA:126,0
DA:133,0
DA:135,0
DA:136,0
DA:137,0
DA:138,0
DA:139,0
DA:140,0
DA:141,0
DA:145,0
DA:147,0
DA:154,0
DA:155,0
DA:156,0
DA:157,0
DA:161,0
DA:162,0
DA:163,0
DA:164,0
DA:168,0
DA:170,0
DA:176,0
DA:177,0
DA:178,0
DA:179,0
DA:180,0
DA:184,0
DA:188,0
DA:196,0
DA:198,0
DA:200,0
DA:201,0
DA:202,0
DA:203,0
DA:204,0
DA:210,0
DA:212,0
DA:213,0
DA:214,0
DA:215,0
DA:216,0
DA:222,0
DA:224,0
DA:225,0
DA:226,0
DA:227,0
DA:228,0
DA:233,0
DA:239,0
DA:240,0
DA:241,0
DA:246,0
DA:248,0
DA:258,0
DA:259,0
DA:260,0
DA:262,0
DA:263,0
DA:264,0
DA:265,0
DA:269,0
LF:90
LH:9
BRDA:41,0,0,0
BRDA:80,1,0,0
BRDA:80,1,1,0
BRDA:81,2,0,0
BRDA:81,2,1,0
BRDA:82,3,0,0
BRDA:82,3,1,0
BRDA:83,4,0,0
BRDA:83,4,1,0
BRDA:92,5,0,0
BRDA:97,6,0,0
BRDA:125,7,0,0
BRDA:138,8,0,0
BRDA:140,9,0,0
BRDA:161,10,0,0
BRDA:163,11,0,0
BRDA:178,12,0,0
BRDA:179,13,0,0
BRDA:198,14,0,0
BRDA:198,14,1,0
BRDA:202,15,0,0
BRDA:210,16,0,0
BRDA:210,16,1,0
BRDA:214,17,0,0
BRDA:224,18,0,0
BRDA:224,18,1,0
BRDA:226,19,0,0
BRDA:240,20,0,0
BRDA:248,21,0,0
BRDA:248,21,1,0
BRDA:248,21,2,0
BRDA:258,22,0,0
BRDA:260,23,0,0
BRDA:264,24,0,0
BRDA:264,25,0,0
BRDA:264,25,1,0
BRF:36
BRH:0
end_of_record
TN:
SF:src/core/authorization/graphql.guard.ts
FN:37,(anonymous_4)
FN:51,(anonymous_5)
FN:73,(anonymous_6)
FN:126,(anonymous_7)
FN:129,(anonymous_8)
FN:136,(anonymous_9)
FN:157,(anonymous_10)
FN:172,(anonymous_11)
FNF:8
FNH:0
FNDA:0,(anonymous_4)
FNDA:0,(anonymous_5)
FNDA:0,(anonymous_6)
FNDA:0,(anonymous_7)
FNDA:0,(anonymous_8)
FNDA:0,(anonymous_9)
FNDA:0,(anonymous_10)
FNDA:0,(anonymous_11)
DA:1,54
DA:8,54
DA:9,54
DA:10,54
DA:11,54
DA:12,54
DA:17,54
DA:18,54
DA:19,54
DA:20,54
DA:22,54
DA:23,54
DA:24,54
DA:25,54
DA:31,54
DA:38,0
DA:39,0
DA:41,0
DA:42,0
DA:44,0
DA:46,0
DA:52,0
DA:53,0
DA:56,0
DA:57,0
DA:59,0
DA:62,0
DA:64,0
DA:80,0
DA:81,0
DA:87,0
DA:88,0
DA:89,0
DA:92,0
DA:94,0
DA:95,0
DA:97,0
DA:101,0
DA:105,0
DA:109,0
DA:110,0
DA:111,0
DA:112,0
DA:122,0
DA:127,0
DA:130,0
DA:137,0
DA:145,0
DA:154,0
DA:163,0
DA:169,0
DA:173,0
DA:174,0
DA:178,0
DA:179,0
LF:55
LH:15
BRDA:52,0,0,0
BRDA:56,1,0,0
BRDA:57,2,0,0
BRDA:57,2,1,0
BRDA:80,3,0,0
BRDA:82,4,0,0
BRDA:82,4,1,0
BRDA:94,5,0,0
BRDA:94,5,1,0
BRDA:109,6,0,0
BRDA:111,7,0,0
BRDA:111,7,1,0
BRDA:111,8,0,0
BRDA:111,8,1,0
BRF:14
BRH:0
end_of_record
TN:
SF:src/core/authorization/rest.guard.ts
FN:17,(anonymous_4)
FN:29,(anonymous_5)
FNF:2
FNH:0
FNDA:0,(anonymous_4)
FNDA:0,(anonymous_5)
DA:1,0
DA:2,0
DA:3,0
DA:4,0
DA:6,0
DA:7,0
DA:13,0
DA:18,0
DA:20,0
DA:36,0
DA:37,0
DA:45,0
LF:12
LH:0
BRDA:36,0,0,0
BRDA:38,1,0,0
BRDA:38,1,1,0
BRF:3
BRH:0
end_of_record
TN:
SF:src/core/bootstrap/bootstrap.service.ts
FN:63,(anonymous_10)
FN:98,(anonymous_11)
FN:136,(anonymous_12)
FN:171,(anonymous_13)
FN:212,(anonymous_14)
FN:233,(anonymous_15)
FN:249,(anonymous_16)
FN:272,(anonymous_17)
FN:322,(anonymous_18)
FN:329,(anonymous_19)
FN:369,(anonymous_20)
FN:406,(anonymous_21)
FN:433,(anonymous_22)
FN:484,(anonymous_23)
FNF:14
FNH:1
FNDA:1,(anonymous_10)
FNDA:0,(anonymous_11)
FNDA:0,(anonymous_12)
FNDA:0,(anonymous_13)
FNDA:0,(anonymous_14)
FNDA:0,(anonymous_15)
FNDA:0,(anonymous_16)
FNDA:0,(anonymous_17)
FNDA:0,(anonymous_18)
FNDA:0,(anonymous_19)
FNDA:0,(anonymous_20)
FNDA:0,(anonymous_21)
FNDA:0,(anonymous_22)
FNDA:0,(anonymous_23)
DA:1,1
DA:2,1
DA:3,1
DA:4,1
DA:5,1
DA:6,1
DA:7,1
DA:8,1
DA:9,1
DA:10,1
DA:11,1
DA:12,1
DA:13,1
DA:14,1
DA:20,1
DA:21,1
DA:22,1
DA:23,1
DA:24,1
DA:25,1
DA:26,1
DA:28,1
DA:29,1
DA:30,1
DA:31,1
DA:32,1
DA:33,1
DA:35,1
DA:36,1
DA:37,1
DA:38,1
DA:39,1
DA:40,1
DA:41,1
DA:42,1
DA:43,1
DA:44,1
DA:45,1
DA:46,1
DA:48,1
DA:49,1
DA:50,1
DA:51,1
DA:52,1
DA:53,1
DA:54,1
DA:55,1
DA:56,1
DA:57,1
DA:58,1
DA:59,1
DA:62,1
DA:64,1
DA:65,1
DA:66,1
DA:67,1
DA:68,1
DA:69,1
DA:70,1
DA:71,1
DA:72,1
DA:73,1
DA:74,1
DA:75,1
DA:76,1
DA:77,1
DA:78,1
DA:79,1
DA:80,1
DA:82,1
DA:84,1
DA:85,1
DA:86,1
DA:87,1
DA:88,1
DA:89,1
DA:90,1
DA:91,1
DA:92,1
DA:93,1
DA:94,1
DA:95,1
DA:100,0
DA:101,0
DA:103,0
DA:104,0
DA:108,0
DA:109,0
DA:113,0
DA:115,0
DA:116,0
DA:117,0
DA:118,0
DA:119,0
DA:120,0
DA:121,0
DA:122,0
DA:123,0
DA:127,0
DA:132,0
DA:137,0
DA:142,0
DA:148,0
DA:154,0
DA:160,0
DA:161,0
DA:166,0
DA:167,0
DA:177,0
DA:179,0
DA:183,0
DA:184,0
DA:188,0
DA:189,0
DA:194,0
DA:205,0
DA:206,0
DA:207,0
DA:209,0
DA:213,0
DA:217,0
DA:222,0
DA:223,0
DA:224,0
DA:229,0
DA:234,0
DA:238,0
DA:239,0
DA:240,0
DA:245,0
DA:250,0
DA:252,0
DA:253,0
DA:255,0
DA:258,0
DA:259,0
DA:266,0
DA:273,0
DA:274,0
DA:275,0
DA:278,0
DA:279,0
DA:290,0
DA:293,0
DA:295,0
DA:297,0
DA:300,0
DA:302,0
DA:303,0
DA:304,0
DA:310,0
DA:316,0
DA:323,0
DA:324,0
DA:325,0
DA:331,0
DA:333,0
DA:337,0
DA:339,0
DA:340,0
DA:345,0
DA:346,0
DA:350,0
DA:352,0
DA:356,0
DA:358,0
DA:359,0
DA:364,0
DA:365,0
DA:372,0
DA:375,0
DA:376,0
DA:377,0
DA:387,0
DA:390,0
DA:393,0
DA:395,0
DA:398,0
DA:401,0
DA:402,0
DA:407,0
DA:408,0
DA:413,0
DA:414,0
DA:418,0
DA:434,0
DA:438,0
DA:439,0
DA:440,0
DA:441,0
DA:446,0
DA:451,0
DA:452,0
DA:468,0
DA:473,0
DA:474,0
DA:477,0
DA:478,0
DA:480,0
DA:487,0
DA:491,0
DA:494,0
DA:498,0
DA:501,0
DA:526,0
LF:205
LH:82
BRDA:108,0,0,0
BRDA:143,1,0,0
BRDA:143,1,1,0
BRDA:149,2,0,0
BRDA:149,2,1,0
BRDA:155,3,0,0
BRDA:155,3,1,0
BRDA:160,4,0,0
BRDA:183,5,0,0
BRDA:188,6,0,0
BRDA:223,7,0,0
BRDA:223,7,1,0
BRDA:239,8,0,0
BRDA:239,8,1,0
BRDA:258,9,0,0
BRDA:278,10,0,0
BRDA:324,11,0,0
BRDA:339,12,0,0
BRDA:358,13,0,0
BRDA:375,14,0,0
BRDA:413,15,0,0
BRDA:426,16,0,0
BRDA:426,16,1,0
BRDA:429,17,0,0
BRDA:429,17,1,0
BRDA:439,18,0,0
BRDA:491,19,0,0
BRF:27
BRH:0
end_of_record
TN:
SF:src/core/middleware/favicon.middleware.ts
FN:3,faviconMiddleware
FNF:1
FNH:0
FNDA:0,faviconMiddleware
DA:3,0
DA:9,0
DA:10,0
DA:12,0
LF:4
LH:0
BRDA:9,0,0,0
BRDA:9,1,0,0
BRDA:9,1,1,0
BRF:3
BRH:0
end_of_record
TN:
SF:src/core/middleware/index.ts
FNF:0
FNH:0
DA:1,0
DA:2,0
DA:3,0
LF:3
LH:0
BRF:0
BRH:0
end_of_record
TN:
SF:src/core/middleware/request.logger.middleware.ts
FN:18,(anonymous_4)
FN:36,(anonymous_5)
FN:45,(anonymous_6)
FNF:3
FNH:0
FNDA:0,(anonymous_4)
FNDA:0,(anonymous_5)
FNDA:0,(anonymous_6)
DA:1,0
DA:8,0
DA:9,0
DA:10,0
DA:14,0
DA:15,0
DA:16,0
DA:17,0
DA:19,0
DA:20,0
DA:22,0
DA:26,0
DA:27,0
DA:29,0
DA:33,0
DA:37,0
DA:38,0
DA:39,0
DA:45,0
DA:46,0
DA:48,0
DA:49,0
DA:54,0
DA:55,0
DA:62,0
DA:63,0
DA:68,0
DA:69,0
DA:70,0
DA:76,0
LF:30
LH:0
BRDA:37,0,0,0
BRDA:38,1,0,0
BRDA:48,2,0,0
BRDA:62,3,0,0
BRDA:68,4,0,0
BRF:5
BRH:0
end_of_record
TN:
SF:src/core/middleware/session.extend.middleware.ts
FN:21,(anonymous_4)
FN:49,(anonymous_5)
FNF:2
FNH:0
FNDA:0,(anonymous_4)
FNDA:0,(anonymous_5)
DA:1,0
DA:7,0
DA:9,0
DA:10,0
DA:11,0
DA:12,0
DA:13,0
DA:17,0
DA:23,0
DA:24,0
DA:25,0
DA:27,0
DA:32,0
DA:37,0
DA:42,0
DA:50,0
DA:51,0
DA:54,0
DA:56,0
DA:57,0
DA:60,0
DA:64,0
DA:65,0
DA:67,0
DA:71,0
DA:74,0
DA:75,0
DA:76,0
DA:78,0
DA:85,0
DA:86,0
DA:87,0
DA:91,0
DA:102,0
DA:106,0
DA:108,0
DA:111,0
LF:37
LH:0
BRDA:50,0,0,0
BRDA:56,1,0,0
BRDA:74,2,0,0
BRDA:86,3,0,0
BRF:4
BRH:0
end_of_record
TN:
SF:src/domain/access/application/application.service.ts
FN:30,(anonymous_4)
FN:42,(anonymous_5)
FN:61,(anonymous_6)
FN:93,(anonymous_7)
FN:112,(anonymous_8)
FN:116,(anonymous_9)
FN:129,(anonymous_10)
FN:147,(anonymous_11)
FN:171,(anonymous_12)
FN:182,(anonymous_13)
FN:189,(anonymous_14)
FN:195,(anonymous_15)
FN:204,(anonymous_16)
FNF:13
FNH:0
FNDA:0,(anonymous_4)
FNDA:0,(anonymous_5)
FNDA:0,(anonymous_6)
FNDA:0,(anonymous_7)
FNDA:0,(anonymous_8)
FNDA:0,(anonymous_9)
FNDA:0,(anonymous_10)
FNDA:0,(anonymous_11)
FNDA:0,(anonymous_12)
FNDA:0,(anonymous_13)
FNDA:0,(anonymous_14)
FNDA:0,(anonymous_15)
FNDA:0,(anonymous_16)
DA:2,54
DA:8,54
DA:9,54
DA:10,54
DA:14,54
DA:15,54
DA:16,54
DA:17,54
DA:18,54
DA:19,54
DA:20,54
DA:21,54
DA:24,54
DA:25,54
DA:26,54
DA:29,54
DA:31,0
DA:33,0
DA:34,0
DA:35,0
DA:36,0
DA:37,0
DA:38,0
DA:39,0
DA:45,0
DA:46,0
DA:50,0
DA:54,0
DA:56,0
DA:58,0
DA:64,0
DA:65,0
DA:68,0
DA:69,0
DA:70,0
DA:74,0
DA:75,0
DA:76,0
DA:78,0
DA:81,0
DA:83,0
DA:84,0
DA:90,0
DA:97,0
DA:104,0
DA:105,0
DA:109,0
DA:113,0
DA:117,0
DA:120,0
DA:121,0
DA:122,0
DA:126,0
DA:133,0
DA:143,0
DA:144,0
DA:151,0
DA:156,0
DA:157,0
DA:161,0
DA:168,0
DA:170,0
DA:171,0
DA:172,0
DA:176,0
DA:179,0
DA:183,0
DA:184,0
DA:186,0
DA:190,0
DA:192,0
DA:196,0
DA:197,0
DA:198,0
DA:204,0
DA:205,0
DA:207,0
LF:77
LH:16
BRDA:68,0,0,0
BRDA:75,1,0,0
BRDA:83,2,0,0
BRDA:83,3,0,0
BRDA:83,3,1,0
BRDA:104,4,0,0
BRDA:121,5,0,0
BRDA:143,6,0,0
BRDA:149,7,0,0
BRDA:156,8,0,0
BRDA:170,9,0,0
BRDA:197,10,0,0
BRDA:205,11,0,0
BRDA:205,11,1,0
BRF:14
BRH:0
end_of_record
TN:
SF:src/domain/access/invitation/invitation.service.ts
FN:38,(anonymous_4)
FN:50,(anonymous_5)
FN:69,(anonymous_6)
FN:123,(anonymous_7)
FN:142,(anonymous_8)
FN:159,(anonymous_9)
FN:163,(anonymous_10)
FN:170,(anonymous_11)
FN:183,(anonymous_12)
FN:195,(anonymous_13)
FN:211,(anonymous_14)
FN:235,(anonymous_15)
FN:243,(anonymous_16)
FN:250,(anonymous_17)
FNF:14
FNH:0
FNDA:0,(anonymous_4)
FNDA:0,(anonymous_5)
FNDA:0,(anonymous_6)
FNDA:0,(anonymous_7)
FNDA:0,(anonymous_8)
FNDA:0,(anonymous_9)
FNDA:0,(anonymous_10)
FNDA:0,(anonymous_11)
FNDA:0,(anonymous_12)
FNDA:0,(anonymous_13)
FNDA:0,(anonymous_14)
FNDA:0,(anonymous_15)
FNDA:0,(anonymous_16)
FNDA:0,(anonymous_17)
DA:2,54
DA:8,54
DA:9,54
DA:10,54
DA:14,54
DA:15,54
DA:22,54
DA:23,54
DA:24,54
DA:25,54
DA:26,54
DA:27,54
DA:28,54
DA:31,54
DA:32,54
DA:33,54
DA:34,54
DA:37,54
DA:39,0
DA:41,0
DA:42,0
DA:43,0
DA:44,0
DA:45,0
DA:46,0
DA:47,0
DA:54,0
DA:55,0
DA:57,0
DA:62,0
DA:64,0
DA:66,0
DA:72,0
DA:73,0
DA:78,0
DA:80,0
DA:81,0
DA:83,0
DA:86,0
DA:88,0
DA:89,0
DA:93,0
DA:100,0
DA:101,0
DA:113,0
DA:120,0
DA:127,0
DA:134,0
DA:135,0
DA:139,0
DA:146,0
DA:151,0
DA:152,0
DA:156,0
DA:160,0
DA:164,0
DA:165,0
DA:167,0
DA:172,0
DA:175,0
DA:176,0
DA:180,0
DA:184,0
DA:187,0
DA:188,0
DA:192,0
DA:199,0
DA:207,0
DA:208,0
DA:215,0
DA:220,0
DA:221,0
DA:225,0
DA:232,0
DA:234,0
DA:235,0
DA:236,0
DA:240,0
DA:244,0
DA:245,0
DA:247,0
DA:251,0
DA:252,0
DA:254,0
DA:257,0
LF:85
LH:18
BRDA:80,0,0,0
BRDA:88,1,0,0
BRDA:88,2,0,0
BRDA:88,2,1,0
BRDA:100,3,0,0
BRDA:100,3,1,0
BRDA:100,4,0,0
BRDA:100,4,1,0
BRDA:134,5,0,0
BRDA:151,6,0,0
BRDA:151,7,0,0
BRDA:151,7,1,0
BRDA:175,8,0,0
BRDA:187,9,0,0
BRDA:207,10,0,0
BRDA:213,11,0,0
BRDA:220,12,0,0
BRDA:234,13,0,0
BRF:18
BRH:0
end_of_record
TN:
SF:src/domain/access/invitation.platform/platform.invitation.service.ts
FN:31,(anonymous_4)
FN:39,(anonymous_5)
FN:66,(anonymous_6)
FN:85,(anonymous_7)
FN:104,(anonymous_8)
FN:110,(anonymous_9)
FN:117,(anonymous_10)
FN:124,(anonymous_11)
FN:138,(anonymous_12)
FNF:9
FNH:0
FNDA:0,(anonymous_4)
FNDA:0,(anonymous_5)
FNDA:0,(anonymous_6)
FNDA:0,(anonymous_7)
FNDA:0,(anonymous_8)
FNDA:0,(anonymous_9)
FNDA:0,(anonymous_10)
FNDA:0,(anonymous_11)
FNDA:0,(anonymous_12)
DA:1,54
DA:2,54
DA:3,54
DA:7,54
DA:8,54
DA:9,54
DA:10,54
DA:11,54
DA:13,54
DA:17,54
DA:18,54
DA:19,54
DA:21,54
DA:22,54
DA:25,54
DA:26,0
DA:32,0
DA:34,0
DA:35,0
DA:36,0
DA:44,0
DA:45,0
DA:46,0
DA:47,0
DA:48,0
DA:55,0
DA:59,0
DA:63,0
DA:69,0
DA:71,0
DA:73,0
DA:74,0
DA:78,0
DA:81,0
DA:82,0
DA:89,0
DA:96,0
DA:97,0
DA:101,0
DA:107,0
DA:113,0
DA:114,0
DA:118,0
DA:121,0
DA:128,0
DA:133,0
DA:134,0
DA:135,0
DA:143,0
DA:153,0
DA:154,0
DA:159,0
DA:160,0
DA:162,0
LF:54
LH:15
BRDA:44,0,0,0
BRDA:47,1,0,0
BRDA:73,2,0,0
BRDA:96,3,0,0
BRDA:133,4,0,0
BRDA:153,5,0,0
BRDA:159,6,0,0
BRF:7
BRH:0
end_of_record
TN:
SF:src/domain/access/platform-roles-access/platform.roles.access.service.ts
FN:15,(anonymous_4)
FN:19,(anonymous_5)
FN:26,(anonymous_6)
FN:36,(anonymous_7)
FN:60,(anonymous_8)
FN:64,(anonymous_9)
FN:71,(anonymous_10)
FN:84,(anonymous_11)
FNF:8
FNH:0
FNDA:0,(anonymous_4)
FNDA:0,(anonymous_5)
FNDA:0,(anonymous_6)
FNDA:0,(anonymous_7)
FNDA:0,(anonymous_8)
FNDA:0,(anonymous_9)
FNDA:0,(anonymous_10)
FNDA:0,(anonymous_11)
DA:1,54
DA:7,54
DA:9,54
DA:11,54
DA:14,54
DA:16,0
DA:23,0
DA:24,0
DA:25,0
DA:26,0
DA:29,0
DA:30,0
DA:33,0
DA:41,0
DA:47,0
DA:48,0
DA:49,0
DA:51,0
DA:57,0
DA:64,0
DA:65,0
DA:66,0
DA:68,0
DA:76,0
DA:77,0
DA:78,0
DA:80,0
DA:85,0
DA:87,0
DA:89,0
DA:91,0
DA:93,0
DA:95,0
DA:97,0
DA:99,0
DA:101,0
DA:103,0
DA:105,0
DA:107,0
DA:109,0
LF:40
LH:5
BRDA:29,0,0,0
BRDA:65,1,0,0
BRDA:77,2,0,0
BRDA:85,3,0,0
BRDA:85,3,1,0
BRDA:85,3,2,0
BRDA:85,3,3,0
BRDA:85,3,4,0
BRDA:85,3,5,0
BRDA:85,3,6,0
BRDA:85,3,7,0
BRDA:85,3,8,0
BRDA:85,3,9,0
BRDA:85,3,10,0
BRDA:85,3,11,0
BRF:15
BRH:0
end_of_record
TN:
SF:src/domain/access/role/role.service.ts
FN:12,(anonymous_4)
FN:18,(anonymous_5)
FN:28,(anonymous_6)
FN:33,(anonymous_7)
FNF:4
FNH:0
FNDA:0,(anonymous_4)
FNDA:0,(anonymous_5)
FNDA:0,(anonymous_6)
FNDA:0,(anonymous_7)
DA:2,54
DA:3,54
DA:4,54
DA:5,54
DA:6,54
DA:11,54
DA:14,0
DA:15,0
DA:19,0
DA:20,0
DA:21,0
DA:22,0
DA:23,0
DA:24,0
DA:25,0
DA:29,0
DA:30,0
DA:36,0
DA:37,0
LF:19
LH:6
BRF:0
BRH:0
end_of_record
TN:
SF:src/domain/access/role-set/role.set.service.ts
FN:67,(anonymous_4)
FN:92,(anonymous_5)
FN:130,(anonymous_6)
FN:146,(anonymous_7)
FN:208,(anonymous_8)
FN:212,(anonymous_9)
FN:224,(anonymous_10)
FN:236,(anonymous_11)
FN:251,(anonymous_12)
FN:263,(anonymous_13)
FN:336,(anonymous_14)
FN:354,(anonymous_15)
FN:360,(anonymous_16)
FN:370,(anonymous_17)
FN:402,(anonymous_18)
FN:468,(anonymous_19)
FN:502,(anonymous_20)
FN:520,(anonymous_21)
FN:535,(anonymous_22)
FN:547,(anonymous_23)
FN:577,(anonymous_24)
FN:593,(anonymous_25)
FN:607,(anonymous_26)
FN:636,(anonymous_27)
FN:644,(anonymous_28)
FN:683,(anonymous_29)
FN:780,(anonymous_30)
FN:878,(anonymous_31)
FN:899,(anonymous_32)
FN:919,(anonymous_33)
FN:975,(anonymous_34)
FN:1032,(anonymous_35)
FN:1054,(anonymous_36)
FN:1074,(anonymous_37)
FN:1133,(anonymous_38)
FN:1155,(anonymous_39)
FN:1177,(anonymous_40)
FN:1190,(anonymous_41)
FN:1229,(anonymous_42)
FN:1263,(anonymous_43)
FN:1280,(anonymous_44)
FN:1302,(anonymous_45)
FN:1311,(anonymous_46)
FN:1330,(anonymous_47)
FN:1352,(anonymous_48)
FN:1361,(anonymous_49)
FN:1380,(anonymous_50)
FN:1401,(anonymous_51)
FN:1411,(anonymous_52)
FN:1445,(anonymous_53)
FN:1451,(anonymous_54)
FN:1481,(anonymous_55)
FN:1488,(anonymous_56)
FN:1489,(anonymous_57)
FN:1495,(anonymous_58)
FN:1524,(anonymous_59)
FN:1544,(anonymous_60)
FN:1578,(anonymous_61)
FN:1606,(anonymous_62)
FN:1641,(anonymous_63)
FN:1666,(anonymous_64)
FN:1693,(anonymous_65)
FN:1723,(anonymous_66)
FN:1763,(anonymous_67)
FN:1793,(anonymous_68)
FN:1800,(anonymous_69)
FN:1807,(anonymous_70)
FN:1816,(anonymous_71)
FN:1831,(anonymous_72)
FN:1850,(anonymous_73)
FN:1862,(anonymous_74)
FN:1881,(anonymous_75)
FN:1892,(anonymous_76)
FN:1918,(anonymous_77)
FN:1935,(anonymous_78)
FN:1943,(anonymous_79)
FN:1955,(anonymous_80)
FN:1963,(anonymous_81)
FN:1971,(anonymous_82)
FN:1989,(anonymous_83)
FN:1994,(anonymous_84)
FN:2008,(anonymous_85)
FN:2011,(anonymous_86)
FN:2016,(anonymous_87)
FN:2026,(anonymous_88)
FN:2058,(anonymous_89)
FNF:86
FNH:1
FNDA:1,(anonymous_4)
FNDA:0,(anonymous_5)
FNDA:0,(anonymous_6)
FNDA:0,(anonymous_7)
FNDA:0,(anonymous_8)
FNDA:0,(anonymous_9)
FNDA:0,(anonymous_10)
FNDA:0,(anonymous_11)
FNDA:0,(anonymous_12)
FNDA:0,(anonymous_13)
FNDA:0,(anonymous_14)
FNDA:0,(anonymous_15)
FNDA:0,(anonymous_16)
FNDA:0,(anonymous_17)
FNDA:0,(anonymous_18)
FNDA:0,(anonymous_19)
FNDA:0,(anonymous_20)
FNDA:0,(anonymous_21)
FNDA:0,(anonymous_22)
FNDA:0,(anonymous_23)
FNDA:0,(anonymous_24)
FNDA:0,(anonymous_25)
FNDA:0,(anonymous_26)
FNDA:0,(anonymous_27)
FNDA:0,(anonymous_28)
FNDA:0,(anonymous_29)
FNDA:0,(anonymous_30)
FNDA:0,(anonymous_31)
FNDA:0,(anonymous_32)
FNDA:0,(anonymous_33)
FNDA:0,(anonymous_34)
FNDA:0,(anonymous_35)
FNDA:0,(anonymous_36)
FNDA:0,(anonymous_37)
FNDA:0,(anonymous_38)
FNDA:0,(anonymous_39)
FNDA:0,(anonymous_40)
FNDA:0,(anonymous_41)
FNDA:0,(anonymous_42)
FNDA:0,(anonymous_43)
FNDA:0,(anonymous_44)
FNDA:0,(anonymous_45)
FNDA:0,(anonymous_46)
FNDA:0,(anonymous_47)
FNDA:0,(anonymous_48)
FNDA:0,(anonymous_49)
FNDA:0,(anonymous_50)
FNDA:0,(anonymous_51)
FNDA:0,(anonymous_52)
FNDA:0,(anonymous_53)
FNDA:0,(anonymous_54)
FNDA:0,(anonymous_55)
FNDA:0,(anonymous_56)
FNDA:0,(anonymous_57)
FNDA:0,(anonymous_58)
FNDA:0,(anonymous_59)
FNDA:0,(anonymous_60)
FNDA:0,(anonymous_61)
FNDA:0,(anonymous_62)
FNDA:0,(anonymous_63)
FNDA:0,(anonymous_64)
FNDA:0,(anonymous_65)
FNDA:0,(anonymous_66)
FNDA:0,(anonymous_67)
FNDA:0,(anonymous_68)
FNDA:0,(anonymous_69)
FNDA:0,(anonymous_70)
FNDA:0,(anonymous_71)
FNDA:0,(anonymous_72)
FNDA:0,(anonymous_73)
FNDA:0,(anonymous_74)
FNDA:0,(anonymous_75)
FNDA:0,(anonymous_76)
FNDA:0,(anonymous_77)
FNDA:0,(anonymous_78)
FNDA:0,(anonymous_79)
FNDA:0,(anonymous_80)
FNDA:0,(anonymous_81)
FNDA:0,(anonymous_82)
FNDA:0,(anonymous_83)
FNDA:0,(anonymous_84)
FNDA:0,(anonymous_85)
FNDA:0,(anonymous_86)
FNDA:0,(anonymous_87)
FNDA:0,(anonymous_88)
FNDA:0,(anonymous_89)
DA:1,54
DA:2,54
DA:3,54
DA:10,54
DA:11,54
DA:12,54
DA:13,54
DA:14,54
DA:16,54
DA:19,54
DA:20,54
DA:21,54
DA:22,54
DA:23,54
DA:25,54
DA:28,54
DA:29,54
DA:34,54
DA:36,54
DA:37,54
DA:38,54
DA:42,54
DA:43,54
DA:48,54
DA:49,54
DA:50,54
DA:51,54
DA:52,54
DA:53,54
DA:54,54
DA:55,54
DA:56,54
DA:57,54
DA:58,54
DA:59,54
DA:60,54
DA:61,54
DA:62,54
DA:66,54
DA:68,1
DA:69,1
DA:70,1
DA:71,1
DA:72,1
DA:73,1
DA:74,1
DA:75,1
DA:76,1
DA:77,1
DA:78,1
DA:79,1
DA:80,1
DA:81,1
DA:82,1
DA:83,1
DA:84,1
DA:86,1
DA:88,1
DA:89,1
DA:93,0
DA:94,0
DA:97,0
DA:98,0
DA:99,0
DA:100,0
DA:101,0
DA:102,0
DA:104,0
DA:106,0
DA:107,0
DA:108,0
DA:111,0
DA:115,0
DA:127,0
DA:134,0
DA:138,0
DA:139,0
DA:143,0
DA:148,0
DA:158,0
DA:166,0
DA:172,0
DA:174,0
DA:175,0
DA:178,0
DA:179,0
DA:182,0
DA:183,0
DA:189,0
DA:190,0
DA:195,0
DA:196,0
DA:201,0
DA:202,0
DA:204,0
DA:205,0
DA:209,0
DA:213,0
DA:217,0
DA:218,0
DA:219,0
DA:221,0
DA:228,0
DA:229,0
DA:233,0
DA:237,0
DA:240,0
DA:241,0
DA:242,0
DA:247,0
DA:255,0
DA:256,0
DA:257,0
DA:260,0
DA:265,0
DA:266,0
DA:267,0
DA:268,0
DA:269,0
DA:273,0
DA:274,0
DA:278,0
DA:279,0
DA:281,0
DA:285,0
DA:286,0
DA:295,0
DA:297,0
DA:298,0
DA:299,0
DA:308,0
DA:312,0
DA:313,0
DA:321,0
DA:325,0
DA:326,0
DA:340,0
DA:341,0
DA:344,0
DA:348,0
DA:349,0
DA:351,0
DA:352,0
DA:353,0
DA:355,0
DA:356,0
DA:359,0
DA:360,0
DA:362,0
DA:367,0
DA:374,0
DA:378,0
DA:379,0
DA:382,0
DA:386,0
DA:388,0
DA:391,0
DA:392,0
DA:397,0
DA:399,0
DA:406,0
DA:407,0
DA:410,0
DA:414,0
DA:415,0
DA:418,0
DA:419,0
DA:420,0
DA:421,0
DA:427,0
DA:430,0
DA:434,0
DA:435,0
DA:440,0
DA:443,0
DA:447,0
DA:451,0
DA:456,0
DA:459,0
DA:465,0
DA:472,0
DA:476,0
DA:477,0
DA:480,0
DA:484,0
DA:486,0
DA:489,0
DA:490,0
DA:492,0
DA:497,0
DA:499,0
DA:507,0
DA:511,0
DA:524,0
DA:529,0
DA:539,0
DA:541,0
DA:551,0
DA:553,0
DA:556,0
DA:557,0
DA:559,0
DA:561,0
DA:562,0
DA:564,0
DA:570,0
DA:571,0
DA:574,0
DA:581,0
DA:585,0
DA:597,0
DA:601,0
DA:612,0
DA:617,0
DA:618,0
DA:626,0
DA:627,0
DA:633,0
DA:640,0
DA:641,0
DA:652,0
DA:654,0
DA:662,0
DA:668,0
DA:676,0
DA:691,0
DA:693,0
DA:694,0
DA:695,0
DA:701,0
DA:702,0
DA:703,0
DA:706,0
DA:713,0
DA:717,0
DA:722,0
DA:724,0
DA:727,0
DA:732,0
DA:736,0
DA:737,0
DA:744,0
DA:747,0
DA:750,0
DA:752,0
DA:756,0
DA:757,0
DA:764,0
DA:768,0
DA:777,0
DA:784,0
DA:785,0
DA:796,0
DA:797,0
DA:798,0
DA:799,0
DA:805,0
DA:806,0
DA:807,0
DA:808,0
DA:814,0
DA:818,0
DA:819,0
DA:829,0
DA:837,0
DA:842,0
DA:844,0
DA:845,0
DA:846,0
DA:856,0
DA:862,0
DA:867,0
DA:871,0
DA:879,0
DA:883,0
DA:890,0
DA:891,0
DA:900,0
DA:904,0
DA:911,0
DA:912,0
DA:927,0
DA:932,0
DA:934,0
DA:938,0
DA:940,0
DA:943,0
DA:948,0
DA:954,0
DA:955,0
DA:961,0
DA:962,0
DA:970,0
DA:983,0
DA:987,0
DA:988,0
DA:989,0
DA:990,0
DA:995,0
DA:1001,0
DA:1002,0
DA:1003,0
DA:1006,0
DA:1013,0
DA:1021,0
DA:1024,0
DA:1027,0
DA:1029,0
DA:1036,0
DA:1041,0
DA:1042,0
DA:1043,0
DA:1048,0
DA:1060,0
DA:1064,0
DA:1071,0
DA:1081,0
DA:1083,0
DA:1091,0
DA:1093,0
DA:1094,0
DA:1095,0
DA:1101,0
DA:1103,0
DA:1107,0
DA:1112,0
DA:1115,0
DA:1116,0
DA:1121,0
DA:1125,0
DA:1130,0
DA:1140,0
DA:1144,0
DA:1152,0
DA:1162,0
DA:1166,0
DA:1174,0
DA:1181,0
DA:1182,0
DA:1184,0
DA:1195,0
DA:1201,0
DA:1203,0
DA:1205,0
DA:1207,0
DA:1208,0
DA:1210,0
DA:1211,0
DA:1216,0
DA:1219,0
DA:1220,0
DA:1234,0
DA:1240,0
DA:1242,0
DA:1244,0
DA:1245,0
DA:1246,0
DA:1253,0
DA:1254,0
DA:1255,0
DA:1269,0
DA:1270,0
DA:1272,0
DA:1273,0
DA:1286,0
DA:1293,0
DA:1295,0
DA:1307,0
DA:1310,0
DA:1311,0
DA:1312,0
DA:1315,0
DA:1316,0
DA:1321,0
DA:1327,0
DA:1334,0
DA:1336,0
DA:1337,0
DA:1339,0
DA:1341,0
DA:1343,0
DA:1349,0
DA:1353,0
DA:1354,0
DA:1365,0
DA:1368,0
DA:1372,0
DA:1374,0
DA:1383,0
DA:1386,0
DA:1390,0
DA:1392,0
DA:1395,0
DA:1405,0
DA:1406,0
DA:1407,0
DA:1418,0
DA:1419,0
DA:1427,0
DA:1429,0
DA:1435,0
DA:1436,0
DA:1442,0
DA:1449,0
DA:1450,0
DA:1451,0
DA:1470,0
DA:1471,0
DA:1472,0
DA:1478,0
DA:1483,0
DA:1484,0
DA:1485,0
DA:1489,0
DA:1496,0
DA:1500,0
DA:1501,0
DA:1503,0
DA:1508,0
DA:1515,0
DA:1521,0
DA:1529,0
DA:1534,0
DA:1541,0
DA:1549,0
DA:1550,0
DA:1552,0
DA:1556,0
DA:1558,0
DA:1560,0
DA:1562,0
DA:1568,0
DA:1575,0
DA:1581,0
DA:1584,0
DA:1590,0
DA:1593,0
DA:1594,0
DA:1596,0
DA:1598,0
DA:1603,0
DA:1610,0
DA:1613,0
DA:1615,0
DA:1621,0
DA:1625,0
DA:1627,0
DA:1629,0
DA:1630,0
DA:1633,0
DA:1638,0
DA:1649,0
DA:1658,0
DA:1662,0
DA:1663,0
DA:1672,0
DA:1674,0
DA:1677,0
DA:1680,0
DA:1681,0
DA:1682,0
DA:1683,0
DA:1684,0
DA:1687,0
DA:1690,0
DA:1698,0
DA:1699,0
DA:1700,0
DA:1706,0
DA:1707,0
DA:1708,0
DA:1715,0
DA:1716,0
DA:1717,0
DA:1728,0
DA:1732,0
DA:1733,0
DA:1737,0
DA:1743,0
DA:1747,0
DA:1748,0
DA:1755,0
DA:1756,0
DA:1757,0
DA:1768,0
DA:1769,0
DA:1770,0
DA:1777,0
DA:1780,0
DA:1781,0
DA:1785,0
DA:1794,0
DA:1797,0
DA:1801,0
DA:1804,0
DA:1810,0
DA:1813,0
DA:1817,0
DA:1823,0
DA:1828,0
DA:1835,0
DA:1836,0
DA:1838,0
DA:1841,0
DA:1842,0
DA:1843,0
DA:1844,0
DA:1847,0
DA:1854,0
DA:1866,0
DA:1868,0
DA:1870,0
DA:1871,0
DA:1873,0
DA:1877,0
DA:1878,0
DA:1880,0
DA:1881,0
DA:1883,0
DA:1886,0
DA:1893,0
DA:1900,0
DA:1902,0
DA:1904,0
DA:1905,0
DA:1907,0
DA:1909,0
DA:1911,0
DA:1915,0
DA:1922,0
DA:1928,0
DA:1929,0
DA:1931,0
DA:1932,0
DA:1939,0
DA:1940,0
DA:1947,0
DA:1948,0
DA:1952,0
DA:1959,0
DA:1960,0
DA:1967,0
DA:1968,0
DA:1975,0
DA:1976,0
DA:1977,0
DA:1980,0
DA:1982,0
DA:1983,0
DA:1988,0
DA:1989,0
DA:1991,0
DA:1995,0
DA:1996,0
DA:1997,0
DA:2000,0
DA:2002,0
DA:2003,0
DA:2008,0
DA:2015,0
DA:2016,0
DA:2017,0
DA:2018,0
DA:2023,0
DA:2030,0
DA:2036,0
DA:2037,0
DA:2038,0
DA:2039,0
DA:2044,0
DA:2052,0
DA:2062,0
DA:2063,0
LF:573
LH:59
BRDA:138,0,0,0
BRDA:158,1,0,0
BRDA:159,2,0,0
BRDA:159,2,1,0
BRDA:159,2,2,0
BRDA:159,2,3,0
BRDA:159,2,4,0
BRDA:159,2,5,0
BRDA:178,3,0,0
BRDA:218,4,0,0
BRDA:241,5,0,0
BRDA:273,6,0,0
BRDA:295,7,0,0
BRDA:340,8,0,0
BRDA:348,9,0,0
BRDA:356,10,0,0
BRDA:356,10,1,0
BRDA:378,11,0,0
BRDA:391,12,0,0
BRDA:406,13,0,0
BRDA:414,14,0,0
BRDA:420,15,0,0
BRDA:434,16,0,0
BRDA:447,17,0,0
BRDA:448,18,0,0
BRDA:448,18,1,0
BRDA:476,19,0,0
BRDA:489,20,0,0
BRDA:557,21,0,0
BRDA:570,22,0,0
BRDA:617,23,0,0
BRDA:626,24,0,0
BRDA:650,25,0,0
BRDA:652,26,0,0
BRDA:652,26,1,0
BRDA:652,26,2,0
BRDA:652,26,3,0
BRDA:688,27,0,0
BRDA:694,28,0,0
BRDA:702,29,0,0
BRDA:722,30,0,0
BRDA:722,30,1,0
BRDA:724,31,0,0
BRDA:724,32,0,0
BRDA:724,32,1,0
BRDA:736,33,0,0
BRDA:747,34,0,0
BRDA:747,35,0,0
BRDA:747,35,1,0
BRDA:756,36,0,0
BRDA:798,37,0,0
BRDA:798,38,0,0
BRDA:798,38,1,0
BRDA:806,39,0,0
BRDA:807,40,0,0
BRDA:818,41,0,0
BRDA:837,42,0,0
BRDA:838,43,0,0
BRDA:838,43,1,0
BRDA:890,44,0,0
BRDA:911,45,0,0
BRDA:925,46,0,0
BRDA:932,47,0,0
BRDA:938,48,0,0
BRDA:954,49,0,0
BRDA:961,50,0,0
BRDA:980,51,0,0
BRDA:988,52,0,0
BRDA:989,53,0,0
BRDA:1002,54,0,0
BRDA:1021,55,0,0
BRDA:1041,56,0,0
BRDA:1078,57,0,0
BRDA:1091,58,0,0
BRDA:1091,58,1,0
BRDA:1094,59,0,0
BRDA:1094,60,0,0
BRDA:1094,60,1,0
BRDA:1101,61,0,0
BRDA:1115,62,0,0
BRDA:1115,63,0,0
BRDA:1115,63,1,0
BRDA:1137,64,0,0
BRDA:1159,65,0,0
BRDA:1181,66,0,0
BRDA:1205,67,0,0
BRDA:1205,67,1,0
BRDA:1207,68,0,0
BRDA:1210,69,0,0
BRDA:1219,70,0,0
BRDA:1244,71,0,0
BRDA:1245,72,0,0
BRDA:1253,73,0,0
BRDA:1254,74,0,0
BRDA:1269,75,0,0
BRDA:1272,76,0,0
BRDA:1315,77,0,0
BRDA:1339,78,0,0
BRDA:1339,79,0,0
BRDA:1339,79,1,0
BRDA:1353,80,0,0
BRDA:1418,81,0,0
BRDA:1435,82,0,0
BRDA:1484,83,0,0
BRDA:1484,83,1,0
BRDA:1491,84,0,0
BRDA:1491,84,1,0
BRDA:1500,85,0,0
BRDA:1550,86,0,0
BRDA:1550,86,1,0
BRDA:1550,86,2,0
BRDA:1629,87,0,0
BRDA:1683,88,0,0
BRDA:1699,89,0,0
BRDA:1707,90,0,0
BRDA:1716,91,0,0
BRDA:1732,92,0,0
BRDA:1747,93,0,0
BRDA:1756,94,0,0
BRDA:1769,95,0,0
BRDA:1781,96,0,0
BRDA:1782,97,0,0
BRDA:1782,97,1,0
BRDA:1797,98,0,0
BRDA:1797,98,1,0
BRDA:1804,99,0,0
BRDA:1804,99,1,0
BRDA:1813,100,0,0
BRDA:1813,100,1,0
BRDA:1843,101,0,0
BRDA:1928,102,0,0
BRDA:1976,103,0,0
BRDA:1982,104,0,0
BRDA:1988,105,0,0
BRDA:1996,106,0,0
BRDA:2002,107,0,0
BRDA:2017,108,0,0
BRDA:2038,109,0,0
BRDA:2038,110,0,0
BRDA:2038,110,1,0
BRF:140
BRH:0
end_of_record
TN:
SF:src/domain/activity-feed/activity.feed.service.ts
FN:38,(anonymous_4)
FN:48,(anonymous_5)
FN:80,(anonymous_6)
FN:110,(anonymous_7)
FN:135,(anonymous_8)
FN:158,(anonymous_9)
FN:165,(anonymous_10)
FN:186,(anonymous_11)
FN:199,(anonymous_12)
FN:234,(anonymous_13)
FN:247,(anonymous_14)
FN:289,(anonymous_15)
FN:304,(anonymous_16)
FN:321,(anonymous_17)
FN:330,(anonymous_18)
FN:332,(anonymous_19)
FNF:16
FNH:1
FNDA:1,(anonymous_4)
FNDA:0,(anonymous_5)
FNDA:0,(anonymous_6)
FNDA:0,(anonymous_7)
FNDA:0,(anonymous_8)
FNDA:0,(anonymous_9)
FNDA:0,(anonymous_10)
FNDA:0,(anonymous_11)
FNDA:0,(anonymous_12)
FNDA:0,(anonymous_13)
FNDA:0,(anonymous_14)
FNDA:0,(anonymous_15)
FNDA:0,(anonymous_16)
FNDA:0,(anonymous_17)
FNDA:0,(anonymous_18)
FNDA:0,(anonymous_19)
DA:1,1
DA:2,1
DA:3,1
DA:5,1
DA:7,1
DA:10,1
DA:12,1
DA:15,1
DA:16,1
DA:21,1
DA:37,1
DA:40,1
DA:41,1
DA:42,1
DA:43,1
DA:44,1
DA:45,1
DA:58,0
DA:60,0
DA:65,0
DA:70,0
DA:89,0
DA:91,0
DA:96,0
DA:101,0
DA:114,0
DA:116,0
DA:117,0
DA:121,0
DA:126,0
DA:140,0
DA:146,0
DA:147,0
DA:148,0
DA:157,0
DA:158,0
DA:162,0
DA:177,0
DA:182,0
DA:186,0
DA:192,0
DA:209,0
DA:210,0
DA:212,0
DA:213,0
DA:214,0
DA:215,0
DA:216,0
DA:221,0
DA:222,0
DA:230,0
DA:234,0
DA:236,0
DA:238,0
DA:241,0
DA:244,0
DA:251,0
DA:252,0
DA:255,0
DA:256,0
DA:257,0
DA:258,0
DA:264,0
DA:269,0
DA:271,0
DA:276,0
DA:288,0
DA:290,0
DA:291,0
DA:298,0
DA:303,0
DA:304,0
DA:307,0
DA:310,0
DA:321,1
DA:326,0
DA:327,0
DA:330,0
DA:331,0
DA:332,0
DA:333,0
LF:81
LH:18
BRDA:53,0,0,0
BRDA:54,1,0,0
BRDA:55,2,0,0
BRDA:58,3,0,0
BRDA:58,3,1,0
BRDA:72,4,0,0
BRDA:72,4,1,0
BRDA:85,5,0,0
BRDA:86,6,0,0
BRDA:89,7,0,0
BRDA:89,7,1,0
BRDA:103,8,0,0
BRDA:103,8,1,0
BRDA:105,9,0,0
BRDA:105,9,1,0
BRDA:114,10,0,0
BRDA:114,11,0,0
BRDA:114,11,1,0
BRDA:118,12,0,0
BRDA:118,12,1,0
BRDA:140,13,0,0
BRDA:140,13,1,0
BRDA:147,14,0,0
BRDA:212,15,0,0
BRDA:212,15,1,0
BRDA:241,16,0,0
BRDA:326,17,0,0
BRDA:331,18,0,0
BRDA:331,18,1,0
BRF:29
BRH:0
end_of_record
TN:
SF:src/domain/agent/agent/agent.service.ts
FN:55,(anonymous_4)
FN:79,(anonymous_5)
FN:97,(anonymous_6)
FN:113,(anonymous_7)
FN:128,(anonymous_8)
FN:132,(anonymous_9)
FN:148,(anonymous_10)
FN:152,(anonymous_11)
FN:156,(anonymous_12)
FN:163,(anonymous_13)
FN:190,(anonymous_14)
FN:228,(anonymous_15)
FN:255,(anonymous_16)
FN:273,(anonymous_17)
FN:281,(anonymous_18)
FN:308,(anonymous_19)
FN:395,(anonymous_20)
FN:420,(anonymous_21)
FN:445,(anonymous_22)
FN:490,(anonymous_23)
FN:514,(anonymous_24)
FN:530,(anonymous_25)
FN:572,(anonymous_26)
FN:592,(anonymous_27)
FN:645,(anonymous_28)
FN:685,(anonymous_29)
FN:690,(anonymous_30)
FN:694,(anonymous_31)
FN:705,(anonymous_32)
FN:712,(anonymous_33)
FNF:30
FNH:0
FNDA:0,(anonymous_4)
FNDA:0,(anonymous_5)
FNDA:0,(anonymous_6)
FNDA:0,(anonymous_7)
FNDA:0,(anonymous_8)
FNDA:0,(anonymous_9)
FNDA:0,(anonymous_10)
FNDA:0,(anonymous_11)
FNDA:0,(anonymous_12)
FNDA:0,(anonymous_13)
FNDA:0,(anonymous_14)
FNDA:0,(anonymous_15)
FNDA:0,(anonymous_16)
FNDA:0,(anonymous_17)
FNDA:0,(anonymous_18)
FNDA:0,(anonymous_19)
FNDA:0,(anonymous_20)
FNDA:0,(anonymous_21)
FNDA:0,(anonymous_22)
FNDA:0,(anonymous_23)
FNDA:0,(anonymous_24)
FNDA:0,(anonymous_25)
FNDA:0,(anonymous_26)
FNDA:0,(anonymous_27)
FNDA:0,(anonymous_28)
FNDA:0,(anonymous_29)
FNDA:0,(anonymous_30)
FNDA:0,(anonymous_31)
FNDA:0,(anonymous_32)
FNDA:0,(anonymous_33)
DA:1,57
DA:2,57
DA:3,57
DA:4,57
DA:5,57
DA:11,57
DA:12,57
DA:14,57
DA:16,57
DA:17,57
DA:18,57
DA:19,57
DA:20,57
DA:21,57
DA:23,57
DA:24,57
DA:25,57
DA:26,57
DA:29,57
DA:33,57
DA:36,57
DA:37,57
DA:39,57
DA:40,57
DA:41,57
DA:45,57
DA:46,57
DA:49,57
DA:52,57
DA:56,0
DA:57,0
DA:58,0
DA:59,0
DA:61,0
DA:62,0
DA:63,0
DA:64,0
DA:65,0
DA:67,0
DA:69,0
DA:71,0
DA:73,0
DA:81,0
DA:82,0
DA:83,0
DA:86,0
DA:88,0
DA:90,0
DA:91,0
DA:94,0
DA:101,0
DA:105,0
DA:106,0
DA:110,0
DA:115,0
DA:117,0
DA:118,0
DA:119,0
DA:122,0
DA:123,0
DA:125,0
DA:129,0
DA:136,0
DA:138,0
DA:139,0
DA:140,0
DA:141,0
DA:142,0
DA:145,0
DA:149,0
DA:153,0
DA:157,0
DA:158,0
DA:166,0
DA:167,0
DA:168,0
DA:172,0
DA:173,0
DA:175,0
DA:176,0
DA:182,0
DA:193,0
DA:197,0
DA:200,0
DA:201,0
DA:205,0
DA:218,0
DA:219,0
DA:220,0
DA:221,0
DA:222,0
DA:223,0
DA:225,0
DA:231,0
DA:235,0
DA:237,0
DA:238,0
DA:239,0
DA:243,0
DA:245,0
DA:248,0
DA:249,0
DA:250,0
DA:252,0
DA:259,0
DA:261,0
DA:262,0
DA:263,0
DA:264,0
DA:265,0
DA:269,0
DA:273,57
DA:274,0
DA:276,0
DA:278,0
DA:284,0
DA:286,0
DA:290,0
DA:291,0
DA:292,0
DA:293,0
DA:294,0
DA:295,0
DA:296,0
DA:297,0
DA:298,0
DA:299,0
DA:301,0
DA:304,0
DA:308,57
DA:312,0
DA:314,0
DA:315,0
DA:321,0
DA:324,0
DA:326,0
DA:328,0
DA:330,0
DA:331,0
DA:332,0
DA:337,0
DA:343,0
DA:350,0
DA:351,0
DA:353,0
DA:354,0
DA:361,0
DA:368,0
DA:369,0
DA:370,0
DA:372,0
DA:377,0
DA:386,0
DA:392,0
DA:399,0
DA:402,0
DA:403,0
DA:408,0
DA:409,0
DA:410,0
DA:413,0
DA:417,0
DA:424,0
DA:427,0
DA:428,0
DA:433,0
DA:434,0
DA:435,0
DA:438,0
DA:442,0
DA:450,0
DA:452,0
DA:459,0
DA:460,0
DA:461,0
DA:462,0
DA:467,0
DA:469,0
DA:470,0
DA:477,0
DA:478,0
DA:484,0
DA:495,0
DA:497,0
DA:501,0
DA:503,0
DA:504,0
DA:506,0
DA:510,0
DA:519,0
DA:524,0
DA:526,0
DA:534,0
DA:539,0
DA:540,0
DA:541,0
DA:544,0
DA:545,0
DA:550,0
DA:551,0
DA:559,0
DA:560,0
DA:566,0
DA:573,0
DA:577,0
DA:580,0
DA:583,0
DA:587,0
DA:588,0
DA:592,57
DA:596,0
DA:597,0
DA:602,0
DA:605,0
DA:608,0
DA:611,0
DA:619,0
DA:620,0
DA:627,0
DA:635,0
DA:641,0
DA:645,57
DA:650,0
DA:653,0
DA:654,0
DA:659,0
DA:660,0
DA:661,0
DA:663,0
DA:664,0
DA:667,0
DA:674,0
DA:680,0
DA:685,0
DA:690,57
DA:691,0
DA:692,0
DA:694,0
DA:699,0
DA:706,0
DA:707,0
DA:708,0
DA:715,0
LF:243
LH:34
BRDA:90,0,0,0
BRDA:105,1,0,0
BRDA:117,2,0,0
BRDA:122,3,0,0
BRDA:141,4,0,0
BRDA:167,5,0,0
BRDA:167,6,0,0
BRDA:167,6,1,0
BRDA:172,7,0,0
BRDA:175,8,0,0
BRDA:197,9,0,0
BRDA:201,10,0,0
BRDA:202,11,0,0
BRDA:202,11,1,0
BRDA:235,12,0,0
BRDA:239,13,0,0
BRDA:239,13,1,0
BRDA:240,14,0,0
BRDA:240,14,1,0
BRDA:262,15,0,0
BRDA:263,16,0,0
BRDA:264,17,0,0
BRDA:298,18,0,0
BRDA:298,18,1,0
BRDA:314,19,0,0
BRDA:331,20,0,0
BRDA:351,21,0,0
BRDA:351,21,1,0
BRDA:369,22,0,0
BRDA:402,23,0,0
BRDA:409,24,0,0
BRDA:427,25,0,0
BRDA:434,26,0,0
BRDA:481,27,0,0
BRDA:481,27,1,0
BRDA:501,28,0,0
BRDA:501,28,1,0
BRDA:524,29,0,0
BRDA:540,30,0,0
BRDA:563,31,0,0
BRDA:563,31,1,0
BRDA:577,32,0,0
BRDA:596,33,0,0
BRDA:596,34,0,0
BRDA:596,34,1,0
BRDA:653,35,0,0
BRDA:663,36,0,0
BRDA:663,37,0,0
BRDA:663,37,1,0
BRF:49
BRH:0
end_of_record
TN:
SF:src/domain/agent/credential/credential.service.ts
FN:14,(anonymous_4)
FN:19,(anonymous_5)
FN:27,(anonymous_6)
FN:31,(anonymous_7)
FN:43,(anonymous_8)
FN:52,(anonymous_9)
FN:77,(anonymous_10)
FNF:7
FNH:0
FNDA:0,(anonymous_4)
FNDA:0,(anonymous_5)
FNDA:0,(anonymous_6)
FNDA:0,(anonymous_7)
FNDA:0,(anonymous_8)
FNDA:0,(anonymous_9)
FNDA:0,(anonymous_10)
DA:1,57
DA:2,57
DA:3,57
DA:4,57
DA:5,57
DA:6,57
DA:13,57
DA:16,0
DA:22,0
DA:23,0
DA:24,0
DA:28,0
DA:32,0
DA:35,0
DA:36,0
DA:40,0
DA:44,0
DA:45,0
DA:48,0
DA:49,0
DA:55,0
DA:56,0
DA:63,0
DA:65,0
DA:73,0
DA:80,0
DA:81,0
DA:89,0
LF:28
LH:7
BRDA:35,0,0,0
BRDA:55,1,0,0
BRDA:55,1,1,0
BRDA:80,2,0,0
BRF:4
BRH:0
end_of_record
TN:
SF:src/domain/agent/verified-credential/verified.credential.service.ts
FN:6,(anonymous_1)
FN:16,(anonymous_2)
FNF:2
FNH:0
FNDA:0,(anonymous_1)
FNDA:0,(anonymous_2)
DA:1,57
DA:2,57
DA:5,57
DA:7,0
DA:8,0
DA:9,0
DA:10,0
DA:11,0
DA:12,0
DA:13,0
DA:16,0
DA:18,0
LF:12
LH:3
BRDA:11,0,0,0
BRDA:16,1,0,0
BRDA:16,1,1,0
BRF:3
BRH:0
end_of_record
TN:
SF:src/domain/collaboration/callout/callout.service.ts
FN:54,(anonymous_4)
FN:68,(anonymous_5)
FN:127,(anonymous_6)
FN:137,(anonymous_7)
FN:170,(anonymous_8)
FN:178,(anonymous_9)
FN:197,(anonymous_10)
FN:210,(anonymous_11)
FN:228,(anonymous_12)
FN:304,(anonymous_13)
FN:308,(anonymous_14)
FN:352,(anonymous_15)
FN:361,(anonymous_16)
FN:371,(anonymous_17)
FN:393,(anonymous_18)
FN:402,(anonymous_19)
FN:416,(anonymous_20)
FN:423,(anonymous_21)
FN:429,(anonymous_22)
FN:449,(anonymous_23)
FN:468,(anonymous_24)
FN:517,(anonymous_25)
FN:539,(anonymous_26)
FN:559,(anonymous_27)
FN:575,(anonymous_28)
FN:611,(anonymous_29)
FN:627,(anonymous_30)
FN:665,(anonymous_31)
FN:677,(anonymous_32)
FNF:29
FNH:0
FNDA:0,(anonymous_4)
FNDA:0,(anonymous_5)
FNDA:0,(anonymous_6)
FNDA:0,(anonymous_7)
FNDA:0,(anonymous_8)
FNDA:0,(anonymous_9)
FNDA:0,(anonymous_10)
FNDA:0,(anonymous_11)
FNDA:0,(anonymous_12)
FNDA:0,(anonymous_13)
FNDA:0,(anonymous_14)
FNDA:0,(anonymous_15)
FNDA:0,(anonymous_16)
FNDA:0,(anonymous_17)
FNDA:0,(anonymous_18)
FNDA:0,(anonymous_19)
FNDA:0,(anonymous_20)
FNDA:0,(anonymous_21)
FNDA:0,(anonymous_22)
FNDA:0,(anonymous_23)
FNDA:0,(anonymous_24)
FNDA:0,(anonymous_25)
FNDA:0,(anonymous_26)
FNDA:0,(anonymous_27)
FNDA:0,(anonymous_28)
FNDA:0,(anonymous_29)
FNDA:0,(anonymous_30)
FNDA:0,(anonymous_31)
FNDA:0,(anonymous_32)
DA:1,54
DA:2,54
DA:3,54
DA:4,54
DA:10,54
DA:11,54
DA:12,54
DA:13,54
DA:16,54
DA:17,54
DA:19,54
DA:20,54
DA:23,54
DA:26,54
DA:29,54
DA:35,54
DA:36,54
DA:39,54
DA:41,54
DA:42,54
DA:44,54
DA:48,54
DA:49,54
DA:53,54
DA:55,0
DA:56,0
DA:57,0
DA:58,0
DA:59,0
DA:60,0
DA:61,0
DA:62,0
DA:63,0
DA:65,0
DA:74,0
DA:76,0
DA:77,0
DA:80,0
DA:81,0
DA:84,0
DA:85,0
DA:87,0
DA:93,0
DA:95,0
DA:100,0
DA:106,0
DA:107,0
DA:116,0
DA:117,0
DA:124,0
DA:130,0
DA:131,0
DA:132,0
DA:134,0
DA:138,0
DA:145,0
DA:151,0
DA:155,0
DA:159,0
DA:163,0
DA:173,0
DA:182,0
DA:187,0
DA:188,0
DA:194,0
DA:200,0
DA:204,0
DA:205,0
DA:207,0
DA:215,0
DA:216,0
DA:217,0
DA:220,0
DA:221,0
DA:222,0
DA:225,0
DA:233,0
DA:248,0
DA:250,0
DA:251,0
DA:257,0
DA:258,0
DA:267,0
DA:268,0
DA:271,0
DA:272,0
DA:278,0
DA:279,0
DA:287,0
DA:292,0
DA:298,0
DA:299,0
DA:301,0
DA:305,0
DA:309,0
DA:318,0
DA:323,0
DA:329,0
DA:331,0
DA:332,0
DA:335,0
DA:336,0
DA:341,0
DA:343,0
DA:344,0
DA:346,0
DA:347,0
DA:349,0
DA:353,0
DA:362,0
DA:363,0
DA:367,0
DA:376,0
DA:377,0
DA:378,0
DA:379,0
DA:384,0
DA:391,0
DA:392,0
DA:393,0
DA:395,0
DA:396,0
DA:405,0
DA:408,0
DA:409,0
DA:413,0
DA:417,0
DA:420,0
DA:424,0
DA:425,0
DA:426,0
DA:433,0
DA:434,0
DA:435,0
DA:436,0
DA:441,0
DA:453,0
DA:454,0
DA:455,0
DA:456,0
DA:461,0
DA:472,0
DA:473,0
DA:478,0
DA:479,0
DA:485,0
DA:488,0
DA:489,0
DA:494,0
DA:495,0
DA:501,0
DA:502,0
DA:505,0
DA:506,0
DA:515,0
DA:516,0
DA:517,0
DA:519,0
DA:521,0
DA:526,0
DA:528,0
DA:534,0
DA:536,0
DA:540,0
DA:549,0
DA:550,0
DA:551,0
DA:556,0
DA:560,0
DA:565,0
DA:566,0
DA:567,0
DA:572,0
DA:579,0
DA:585,0
DA:586,0
DA:591,0
DA:593,0
DA:594,0
DA:595,0
DA:596,0
DA:597,0
DA:598,0
DA:603,0
DA:604,0
DA:605,0
DA:608,0
DA:615,0
DA:618,0
DA:619,0
DA:624,0
DA:634,0
DA:653,0
DA:654,0
DA:659,0
DA:660,0
DA:661,0
DA:663,0
DA:664,0
DA:665,0
DA:667,0
DA:669,0
DA:673,0
DA:674,0
DA:680,0
DA:689,0
DA:696,0
DA:697,0
DA:698,0
DA:699,0
DA:700,0
DA:701,0
DA:702,0
DA:703,0
DA:704,0
DA:705,0
DA:709,0
LF:217
LH:24
BRDA:76,0,0,0
BRDA:84,1,0,0
BRDA:84,1,1,0
BRDA:106,2,0,0
BRDA:106,3,0,0
BRDA:106,3,1,0
BRDA:106,3,2,0
BRDA:116,4,0,0
BRDA:116,5,0,0
BRDA:116,5,1,0
BRDA:131,6,0,0
BRDA:138,7,0,0
BRDA:140,8,0,0
BRDA:140,8,1,0
BRDA:140,9,0,0
BRDA:140,9,1,0
BRDA:151,10,0,0
BRDA:151,10,1,0
BRDA:152,11,0,0
BRDA:152,11,1,0
BRDA:159,12,0,0
BRDA:160,13,0,0
BRDA:160,13,1,0
BRDA:187,14,0,0
BRDA:204,15,0,0
BRDA:215,16,0,0
BRDA:217,17,0,0
BRDA:217,17,1,0
BRDA:220,18,0,0
BRDA:250,19,0,0
BRDA:250,20,0,0
BRDA:250,20,1,0
BRDA:257,21,0,0
BRDA:267,22,0,0
BRDA:271,23,0,0
BRDA:278,24,0,0
BRDA:287,25,0,0
BRDA:288,26,0,0
BRDA:288,26,1,0
BRDA:288,26,2,0
BRDA:298,27,0,0
BRDA:318,28,0,0
BRDA:319,29,0,0
BRDA:319,29,1,0
BRDA:319,29,2,0
BRDA:335,30,0,0
BRDA:343,31,0,0
BRDA:362,32,0,0
BRDA:362,32,1,0
BRDA:376,33,0,0
BRDA:376,33,1,0
BRDA:376,34,0,0
BRDA:376,34,1,0
BRDA:378,35,0,0
BRDA:395,36,0,0
BRDA:408,37,0,0
BRDA:425,38,0,0
BRDA:433,39,0,0
BRDA:433,39,1,0
BRDA:433,40,0,0
BRDA:433,40,1,0
BRDA:435,41,0,0
BRDA:443,42,0,0
BRDA:443,42,1,0
BRDA:453,43,0,0
BRDA:453,43,1,0
BRDA:453,44,0,0
BRDA:453,44,1,0
BRDA:455,45,0,0
BRDA:462,46,0,0
BRDA:462,46,1,0
BRDA:478,47,0,0
BRDA:488,48,0,0
BRDA:494,49,0,0
BRDA:501,50,0,0
BRDA:505,51,0,0
BRDA:515,52,0,0
BRDA:521,53,0,0
BRDA:521,53,1,0
BRDA:550,54,0,0
BRDA:566,55,0,0
BRDA:585,56,0,0
BRDA:597,57,0,0
BRDA:597,58,0,0
BRDA:597,58,1,0
BRDA:613,59,0,0
BRDA:618,60,0,0
BRDA:630,61,0,0
BRDA:643,62,0,0
BRDA:643,62,1,0
BRDA:653,63,0,0
BRDA:660,64,0,0
BRDA:660,64,1,0
BRDA:667,65,0,0
BRDA:698,66,0,0
BRDA:698,66,1,0
BRDA:700,67,0,0
BRDA:700,67,1,0
BRDA:702,68,0,0
BRDA:702,68,1,0
BRDA:704,69,0,0
BRF:101
BRH:0
end_of_record
TN:
SF:src/domain/collaboration/callout-contribution/callout.contribution.move.service.ts
FN:18,(anonymous_4)
FN:27,(anonymous_5)
FNF:2
FNH:0
FNDA:0,(anonymous_4)
FNDA:0,(anonymous_5)
DA:1,0
DA:2,0
DA:6,0
DA:7,0
DA:8,0
DA:9,0
DA:10,0
DA:11,0
DA:13,0
DA:14,0
DA:17,0
DA:20,0
DA:22,0
DA:23,0
DA:24,0
DA:32,0
DA:51,0
DA:52,0
DA:59,0
DA:60,0
DA:66,0
DA:72,0
DA:77,0
DA:83,0
DA:88,0
DA:94,0
DA:99,0
DA:105,0
DA:111,0
DA:112,0
DA:118,0
DA:120,0
DA:121,0
DA:125,0
DA:126,0
DA:130,0
DA:131,0
DA:136,0
LF:38
LH:0
BRDA:59,0,0,0
BRDA:66,1,0,0
BRDA:67,2,0,0
BRDA:67,2,1,0
BRDA:77,3,0,0
BRDA:78,4,0,0
BRDA:78,4,1,0
BRDA:88,5,0,0
BRDA:89,6,0,0
BRDA:89,6,1,0
BRDA:99,7,0,0
BRDA:100,8,0,0
BRDA:100,8,1,0
BRDA:111,9,0,0
BRDA:120,10,0,0
BRDA:125,11,0,0
BRDA:130,12,0,0
BRF:17
BRH:0
end_of_record
TN:
SF:src/domain/collaboration/callout-contribution/callout.contribution.service.ts
FN:32,(anonymous_4)
FN:42,(anonymous_5)
FN:63,(anonymous_6)
FN:120,(anonymous_7)
FN:157,(anonymous_8)
FN:158,(anonymous_9)
FN:161,(anonymous_10)
FN:172,(anonymous_11)
FN:217,(anonymous_12)
FN:229,(anonymous_13)
FN:246,(anonymous_14)
FN:256,(anonymous_15)
FN:273,(anonymous_16)
FN:290,(anonymous_17)
FN:307,(anonymous_18)
FN:330,(anonymous_19)
FN:371,(anonymous_20)
FNF:17
FNH:0
FNDA:0,(anonymous_4)
FNDA:0,(anonymous_5)
FNDA:0,(anonymous_6)
FNDA:0,(anonymous_7)
FNDA:0,(anonymous_8)
FNDA:0,(anonymous_9)
FNDA:0,(anonymous_10)
FNDA:0,(anonymous_11)
FNDA:0,(anonymous_12)
FNDA:0,(anonymous_13)
FNDA:0,(anonymous_14)
FNDA:0,(anonymous_15)
FNDA:0,(anonymous_16)
FNDA:0,(anonymous_17)
FNDA:0,(anonymous_18)
FNDA:0,(anonymous_19)
FNDA:0,(anonymous_20)
DA:1,54
DA:4,54
DA:5,54
DA:6,54
DA:7,54
DA:8,54
DA:9,54
DA:10,54
DA:12,54
DA:13,54
DA:15,54
DA:18,54
DA:19,54
DA:24,54
DA:26,54
DA:31,54
DA:33,0
DA:34,0
DA:35,0
DA:36,0
DA:37,0
DA:39,0
DA:48,0
DA:50,0
DA:51,0
DA:57,0
DA:60,0
DA:69,0
DA:73,0
DA:77,0
DA:80,0
DA:81,0
DA:82,0
DA:84,0
DA:86,0
DA:87,0
DA:94,0
DA:95,0
DA:102,0
DA:103,0
DA:109,0
DA:110,0
DA:117,0
DA:124,0
DA:127,0
DA:137,0
DA:144,0
DA:145,0
DA:148,0
DA:149,0
DA:156,0
DA:157,0
DA:158,0
DA:160,0
DA:161,0
DA:164,0
DA:165,0
DA:173,0
DA:184,0
DA:185,0
DA:188,0
DA:189,0
DA:192,0
DA:193,0
DA:196,0
DA:197,0
DA:200,0
DA:201,0
DA:204,0
DA:207,0
DA:208,0
DA:220,0
DA:221,0
DA:224,0
DA:226,0
DA:233,0
DA:238,0
DA:239,0
DA:243,0
DA:249,0
DA:260,0
DA:266,0
DA:267,0
DA:270,0
DA:277,0
DA:283,0
DA:284,0
DA:287,0
DA:294,0
DA:300,0
DA:301,0
DA:304,0
DA:311,0
DA:317,0
DA:318,0
DA:321,0
DA:333,0
DA:361,0
DA:362,0
DA:363,0
DA:368,0
DA:374,0
DA:375,0
DA:376,0
DA:377,0
DA:378,0
DA:379,0
DA:380,0
DA:381,0
DA:383,0
LF:110
LH:16
BRDA:81,0,0,0
BRDA:81,0,1,0
BRDA:86,1,0,0
BRDA:94,2,0,0
BRDA:102,3,0,0
BRDA:109,4,0,0
BRDA:124,5,0,0
BRDA:148,6,0,0
BRDA:164,7,0,0
BRDA:184,8,0,0
BRDA:188,9,0,0
BRDA:192,10,0,0
BRDA:196,11,0,0
BRDA:200,12,0,0
BRDA:221,13,0,0
BRDA:221,13,1,0
BRDA:226,14,0,0
BRDA:226,14,1,0
BRDA:238,15,0,0
BRDA:266,16,0,0
BRDA:283,17,0,0
BRDA:300,18,0,0
BRDA:317,19,0,0
BRDA:362,20,0,0
BRDA:362,21,0,0
BRDA:362,21,1,0
BRDA:374,22,0,0
BRDA:374,22,1,0
BRDA:376,23,0,0
BRDA:376,23,1,0
BRDA:378,24,0,0
BRDA:378,24,1,0
BRDA:380,25,0,0
BRF:33
BRH:0
end_of_record
TN:
SF:src/domain/collaboration/callout-contribution-defaults/callout.contribution.defaults.service.ts
FN:14,(anonymous_4)
FN:22,(anonymous_5)
FN:52,(anonymous_6)
FN:74,(anonymous_7)
FNF:4
FNH:0
FNDA:0,(anonymous_4)
FNDA:0,(anonymous_5)
FNDA:0,(anonymous_6)
FNDA:0,(anonymous_7)
DA:1,54
DA:2,54
DA:3,54
DA:4,54
DA:8,54
DA:10,54
DA:13,54
DA:16,0
DA:17,0
DA:19,0
DA:28,0
DA:29,0
DA:30,0
DA:34,0
DA:35,0
DA:41,0
DA:45,0
DA:49,0
DA:56,0
DA:57,0
DA:61,0
DA:62,0
DA:66,0
DA:67,0
DA:71,0
DA:77,0
DA:78,0
DA:81,0
DA:82,0
LF:29
LH:7
BRDA:29,0,0,0
BRDA:34,1,0,0
BRDA:34,1,1,0
BRDA:37,2,0,0
BRDA:37,2,1,0
BRDA:56,3,0,0
BRDA:61,4,0,0
BRDA:66,5,0,0
BRF:8
BRH:0
end_of_record
TN:
SF:src/domain/collaboration/callout-framing/callout.framing.service.ts
FN:36,(anonymous_4)
FN:48,(anonymous_5)
FN:133,(anonymous_6)
FN:152,(anonymous_7)
FN:175,(anonymous_8)
FN:186,(anonymous_9)
FN:366,(anonymous_10)
FN:410,(anonymous_11)
FN:414,(anonymous_12)
FN:431,(anonymous_13)
FN:450,(anonymous_14)
FN:467,(anonymous_15)
FN:484,(anonymous_16)
FNF:13
FNH:0
FNDA:0,(anonymous_4)
FNDA:0,(anonymous_5)
FNDA:0,(anonymous_6)
FNDA:0,(anonymous_7)
FNDA:0,(anonymous_8)
FNDA:0,(anonymous_9)
FNDA:0,(anonymous_10)
FNDA:0,(anonymous_11)
FNDA:0,(anonymous_12)
FNDA:0,(anonymous_13)
FNDA:0,(anonymous_14)
FNDA:0,(anonymous_15)
FNDA:0,(anonymous_16)
DA:1,54
DA:2,54
DA:6,54
DA:7,54
DA:8,54
DA:9,54
DA:10,54
DA:11,54
DA:13,54
DA:14,54
DA:15,54
DA:17,54
DA:18,54
DA:19,54
DA:21,54
DA:22,54
DA:23,54
DA:25,54
DA:26,54
DA:27,54
DA:30,54
DA:35,54
DA:37,0
DA:38,0
DA:39,0
DA:40,0
DA:41,0
DA:42,0
DA:43,0
DA:45,0
DA:54,0
DA:56,0
DA:60,0
DA:62,0
DA:68,0
DA:70,0
DA:75,0
DA:81,0
DA:83,0
DA:84,0
DA:85,0
DA:92,0
DA:99,0
DA:100,0
DA:101,0
DA:107,0
DA:114,0
DA:115,0
DA:116,0
DA:123,0
DA:130,0
DA:139,0
DA:140,0
DA:145,0
DA:158,0
DA:159,0
DA:163,0
DA:168,0
DA:180,0
DA:193,0
DA:194,0
DA:200,0
DA:201,0
DA:202,0
DA:205,0
DA:210,0
DA:215,0
DA:218,0
DA:221,0
DA:222,0
DA:223,0
DA:227,0
DA:228,0
DA:229,0
DA:233,0
DA:234,0
DA:237,0
DA:238,0
DA:243,0
DA:244,0
DA:253,0
DA:266,0
DA:270,0
DA:271,0
DA:274,0
DA:278,0
DA:279,0
DA:280,0
DA:284,0
DA:285,0
DA:289,0
DA:294,0
DA:300,0
DA:312,0
DA:316,0
DA:317,0
DA:320,0
DA:324,0
DA:325,0
DA:326,0
DA:330,0
DA:331,0
DA:334,0
DA:335,0
DA:340,0
DA:345,0
DA:346,0
DA:349,0
DA:351,0
DA:352,0
DA:353,0
DA:355,0
DA:356,0
DA:357,0
DA:359,0
DA:363,0
DA:367,0
DA:368,0
DA:379,0
DA:380,0
DA:383,0
DA:384,0
DA:389,0
DA:390,0
DA:393,0
DA:394,0
DA:397,0
DA:398,0
DA:403,0
DA:406,0
DA:407,0
DA:411,0
DA:418,0
DA:423,0
DA:424,0
DA:428,0
DA:435,0
DA:441,0
DA:442,0
DA:447,0
DA:454,0
DA:460,0
DA:461,0
DA:464,0
DA:471,0
DA:477,0
DA:478,0
DA:481,0
DA:488,0
DA:494,0
DA:495,0
DA:498,0
LF:152
LH:22
BRDA:81,0,0,0
BRDA:81,0,1,0
BRDA:83,1,0,0
BRDA:84,2,0,0
BRDA:84,2,1,0
BRDA:99,3,0,0
BRDA:100,4,0,0
BRDA:100,4,1,0
BRDA:114,5,0,0
BRDA:115,6,0,0
BRDA:115,6,1,0
BRDA:142,7,0,0
BRDA:142,7,1,0
BRDA:160,8,0,0
BRDA:160,8,1,0
BRDA:193,9,0,0
BRDA:200,10,0,0
BRDA:205,11,0,0
BRDA:206,12,0,0
BRDA:206,12,1,0
BRDA:206,12,2,0
BRDA:218,13,0,0
BRDA:218,13,1,0
BRDA:218,13,2,0
BRDA:218,13,3,0
BRDA:218,13,4,0
BRDA:221,14,0,0
BRDA:227,15,0,0
BRDA:233,16,0,0
BRDA:237,17,0,0
BRDA:237,17,1,0
BRDA:243,18,0,0
BRDA:270,19,0,0
BRDA:278,20,0,0
BRDA:284,21,0,0
BRDA:289,22,0,0
BRDA:289,22,1,0
BRDA:290,23,0,0
BRDA:290,23,1,0
BRDA:290,23,2,0
BRDA:316,24,0,0
BRDA:324,25,0,0
BRDA:330,26,0,0
BRDA:330,26,1,0
BRDA:330,27,0,0
BRDA:330,27,1,0
BRDA:334,28,0,0
BRDA:345,29,0,0
BRDA:351,30,0,0
BRDA:355,31,0,0
BRDA:379,32,0,0
BRDA:383,33,0,0
BRDA:389,34,0,0
BRDA:393,35,0,0
BRDA:397,36,0,0
BRDA:423,37,0,0
BRDA:441,38,0,0
BRDA:460,39,0,0
BRDA:477,40,0,0
BRDA:494,41,0,0
BRF:60
BRH:0
end_of_record
TN:
SF:src/domain/collaboration/callout-transfer/callout.transfer.service.ts
FN:23,(anonymous_2)
FN:32,(anonymous_3)
FN:69,(anonymous_4)
FN:144,(anonymous_5)
FN:154,(anonymous_6)
FNF:5
FNH:0
FNDA:0,(anonymous_2)
FNDA:0,(anonymous_3)
FNDA:0,(anonymous_4)
FNDA:0,(anonymous_5)
FNDA:0,(anonymous_6)
DA:1,0
DA:2,0
DA:6,0
DA:9,0
DA:10,0
DA:11,0
DA:12,0
DA:13,0
DA:16,0
DA:17,0
DA:22,0
DA:24,0
DA:25,0
DA:26,0
DA:27,0
DA:28,0
DA:29,0
DA:38,0
DA:45,0
DA:49,0
DA:51,0
DA:52,0
DA:55,0
DA:58,0
DA:61,0
DA:66,0
DA:73,0
DA:110,0
DA:111,0
DA:116,0
DA:120,0
DA:124,0
DA:125,0
DA:129,0
DA:133,0
DA:137,0
DA:148,0
DA:149,0
DA:150,0
DA:158,0
DA:167,0
DA:168,0
DA:169,0
DA:170,0
DA:175,0
DA:176,0
DA:177,0
DA:182,0
DA:185,0
DA:186,0
DA:187,0
DA:188,0
LF:52
LH:0
BRDA:110,0,0,0
BRDA:148,1,0,0
BRDA:169,2,0,0
BRDA:176,3,0,0
BRF:4
BRH:0
end_of_record
TN:
SF:src/domain/collaboration/callouts-set/callouts.set.service.ts
FN:46,(anonymous_4)
FN:57,(anonymous_5)
FN:80,(anonymous_6)
FN:96,(anonymous_7)
FN:114,(anonymous_8)
FN:131,(anonymous_9)
FN:136,(anonymous_10)
FN:140,(anonymous_11)
FN:160,(anonymous_12)
FN:170,(anonymous_13)
FN:177,(anonymous_14)
FN:190,(anonymous_15)
FN:218,(anonymous_16)
FN:257,(anonymous_17)
FN:274,(anonymous_18)
FN:314,(anonymous_19)
FN:328,(anonymous_20)
FN:369,(anonymous_21)
FN:373,(anonymous_22)
FN:397,(anonymous_23)
FN:398,(anonymous_24)
FN:427,(anonymous_25)
FN:434,(anonymous_26)
FN:473,(anonymous_27)
FN:486,(anonymous_28)
FN:498,(anonymous_29)
FN:506,(anonymous_30)
FN:517,(anonymous_31)
FN:519,(anonymous_32)
FN:522,(anonymous_33)
FN:524,(anonymous_34)
FN:538,(anonymous_35)
FN:569,(anonymous_36)
FN:590,(anonymous_37)
FN:593,(anonymous_38)
FN:622,(anonymous_39)
FN:631,(anonymous_40)
FN:638,(anonymous_41)
FN:646,(anonymous_42)
FN:651,(anonymous_43)
FN:657,(anonymous_44)
FN:660,(anonymous_45)
FN:665,(anonymous_46)
FN:667,(anonymous_47)
FN:669,(anonymous_48)
FN:671,(anonymous_49)
FN:683,(anonymous_50)
FN:707,(anonymous_51)
FN:728,(anonymous_52)
FN:729,(anonymous_53)
FN:730,(anonymous_54)
FN:737,(anonymous_55)
FNF:52
FNH:0
FNDA:0,(anonymous_4)
FNDA:0,(anonymous_5)
FNDA:0,(anonymous_6)
FNDA:0,(anonymous_7)
FNDA:0,(anonymous_8)
FNDA:0,(anonymous_9)
FNDA:0,(anonymous_10)
FNDA:0,(anonymous_11)
FNDA:0,(anonymous_12)
FNDA:0,(anonymous_13)
FNDA:0,(anonymous_14)
FNDA:0,(anonymous_15)
FNDA:0,(anonymous_16)
FNDA:0,(anonymous_17)
FNDA:0,(anonymous_18)
FNDA:0,(anonymous_19)
FNDA:0,(anonymous_20)
FNDA:0,(anonymous_21)
FNDA:0,(anonymous_22)
FNDA:0,(anonymous_23)
FNDA:0,(anonymous_24)
FNDA:0,(anonymous_25)
FNDA:0,(anonymous_26)
FNDA:0,(anonymous_27)
FNDA:0,(anonymous_28)
FNDA:0,(anonymous_29)
FNDA:0,(anonymous_30)
FNDA:0,(anonymous_31)
FNDA:0,(anonymous_32)
FNDA:0,(anonymous_33)
FNDA:0,(anonymous_34)
FNDA:0,(anonymous_35)
FNDA:0,(anonymous_36)
FNDA:0,(anonymous_37)
FNDA:0,(anonymous_38)
FNDA:0,(anonymous_39)
FNDA:0,(anonymous_40)
FNDA:0,(anonymous_41)
FNDA:0,(anonymous_42)
FNDA:0,(anonymous_43)
FNDA:0,(anonymous_44)
FNDA:0,(anonymous_45)
FNDA:0,(anonymous_46)
FNDA:0,(anonymous_47)
FNDA:0,(anonymous_48)
FNDA:0,(anonymous_49)
FNDA:0,(anonymous_50)
FNDA:0,(anonymous_51)
FNDA:0,(anonymous_52)
FNDA:0,(anonymous_53)
FNDA:0,(anonymous_54)
FNDA:0,(anonymous_55)
DA:1,54
DA:2,54
DA:3,54
DA:4,54
DA:11,54
DA:12,54
DA:13,54
DA:14,54
DA:16,54
DA:19,54
DA:20,54
DA:21,54
DA:27,54
DA:28,54
DA:29,54
DA:30,54
DA:33,54
DA:38,54
DA:45,54
DA:47,0
DA:48,0
DA:50,0
DA:51,0
DA:52,0
DA:53,0
DA:54,0
DA:61,0
DA:62,0
DA:67,0
DA:68,0
DA:71,0
DA:72,0
DA:74,0
DA:77,0
DA:84,0
DA:88,0
DA:89,0
DA:93,0
DA:100,0
DA:101,0
DA:106,0
DA:111,0
DA:117,0
DA:121,0
DA:122,0
DA:128,0
DA:135,0
DA:136,0
DA:141,0
DA:148,0
DA:149,0
DA:151,0
DA:152,0
DA:153,0
DA:157,0
DA:164,0
DA:171,0
DA:174,0
DA:183,0
DA:184,0
DA:189,0
DA:190,0
DA:193,0
DA:194,0
DA:195,0
DA:199,0
DA:204,0
DA:207,0
DA:213,0
DA:215,0
DA:225,0
DA:226,0
DA:234,0
DA:235,0
DA:244,0
DA:245,0
DA:254,0
DA:261,0
DA:262,0
DA:265,0
DA:266,0
DA:271,0
DA:272,0
DA:274,0
DA:280,0
DA:281,0
DA:282,0
DA:283,0
DA:290,0
DA:297,0
DA:299,0
DA:302,0
DA:309,0
DA:311,0
DA:319,0
DA:320,0
DA:321,0
DA:333,0
DA:336,0
DA:337,0
DA:338,0
DA:345,0
DA:353,0
DA:358,0
DA:359,0
DA:365,0
DA:366,0
DA:370,0
DA:377,0
DA:383,0
DA:384,0
DA:385,0
DA:390,0
DA:395,0
DA:397,0
DA:398,0
DA:402,0
DA:403,0
DA:406,0
DA:407,0
DA:408,0
DA:409,0
DA:410,0
DA:411,0
DA:416,0
DA:417,0
DA:418,0
DA:419,0
DA:420,0
DA:422,0
DA:425,0
DA:427,0
DA:431,0
DA:439,0
DA:441,0
DA:465,0
DA:466,0
DA:467,0
DA:473,0
DA:475,0
DA:481,0
DA:484,0
DA:487,0
DA:490,0
DA:494,0
DA:495,0
DA:498,0
DA:499,0
DA:505,0
DA:506,0
DA:509,0
DA:513,0
DA:517,0
DA:518,0
DA:520,0
DA:523,0
DA:524,0
DA:530,0
DA:535,0
DA:536,0
DA:537,0
DA:538,0
DA:540,0
DA:541,0
DA:546,0
DA:552,0
DA:553,0
DA:559,0
DA:561,0
DA:565,0
DA:566,0
DA:567,0
DA:569,0
DA:570,0
DA:572,0
DA:573,0
DA:575,0
DA:579,0
DA:581,0
DA:585,0
DA:586,0
DA:587,0
DA:590,0
DA:598,0
DA:621,0
DA:624,0
DA:631,0
DA:634,0
DA:635,0
DA:636,0
DA:638,0
DA:639,0
DA:640,0
DA:642,0
DA:650,0
DA:652,0
DA:655,0
DA:657,0
DA:660,0
DA:661,0
DA:662,0
DA:665,0
DA:666,0
DA:668,0
DA:670,0
DA:671,0
DA:696,0
DA:698,0
DA:699,0
DA:700,0
DA:706,0
DA:707,0
DA:710,0
DA:711,0
DA:712,0
DA:717,0
DA:719,0
DA:720,0
DA:721,0
DA:729,0
DA:730,0
DA:732,0
DA:737,0
LF:223
LH:19
BRDA:61,0,0,0
BRDA:88,1,0,0
BRDA:100,2,0,0
BRDA:121,3,0,0
BRDA:148,4,0,0
BRDA:151,5,0,0
BRDA:183,6,0,0
BRDA:183,7,0,0
BRDA:183,7,1,0
BRDA:195,8,0,0
BRDA:196,9,0,0
BRDA:196,9,1,0
BRDA:220,10,0,0
BRDA:229,11,0,0
BRDA:229,11,1,0
BRDA:231,12,0,0
BRDA:231,12,1,0
BRDA:234,13,0,0
BRDA:244,14,0,0
BRDA:265,15,0,0
BRDA:265,16,0,0
BRDA:265,16,1,0
BRDA:271,17,0,0
BRDA:281,18,0,0
BRDA:281,18,1,0
BRDA:281,19,0,0
BRDA:281,19,1,0
BRDA:282,20,0,0
BRDA:320,21,0,0
BRDA:336,22,0,0
BRDA:336,22,1,0
BRDA:336,23,0,0
BRDA:336,23,1,0
BRDA:337,24,0,0
BRDA:384,25,0,0
BRDA:402,26,0,0
BRDA:402,26,1,0
BRDA:410,27,0,0
BRDA:418,28,0,0
BRDA:448,29,0,0
BRDA:448,29,1,0
BRDA:466,30,0,0
BRDA:481,31,0,0
BRDA:484,32,0,0
BRDA:485,33,0,0
BRDA:485,33,1,0
BRDA:494,34,0,0
BRDA:498,35,0,0
BRDA:506,36,0,0
BRDA:506,36,1,0
BRDA:509,37,0,0
BRDA:510,38,0,0
BRDA:510,38,1,0
BRDA:520,39,0,0
BRDA:520,39,1,0
BRDA:520,39,2,0
BRDA:535,40,0,0
BRDA:540,41,0,0
BRDA:552,42,0,0
BRDA:565,43,0,0
BRDA:570,44,0,0
BRDA:570,44,1,0
BRDA:572,45,0,0
BRDA:579,46,0,0
BRDA:586,47,0,0
BRDA:590,48,0,0
BRDA:590,48,1,0
BRDA:636,49,0,0
BRDA:636,49,1,0
BRDA:639,50,0,0
BRDA:647,51,0,0
BRDA:652,52,0,0
BRDA:652,52,1,0
BRDA:655,53,0,0
BRDA:661,54,0,0
BRDA:668,55,0,0
BRDA:668,55,1,0
BRDA:699,56,0,0
BRDA:699,57,0,0
BRDA:699,57,1,0
BRDA:710,58,0,0
BRDA:711,59,0,0
BRDA:711,59,1,0
BRDA:720,60,0,0
BRDA:720,61,0,0
BRDA:720,61,1,0
BRDA:729,62,0,0
BRDA:730,63,0,0
BRDA:730,63,1,0
BRDA:738,64,0,0
BRDA:738,64,1,0
BRF:91
BRH:0
end_of_record
TN:
SF:src/domain/collaboration/collaboration/collaboration.service.ts
FN:40,(anonymous_4)
FN:52,(anonymous_5)
FN:141,(anonymous_6)
FN:160,(anonymous_7)
FN:168,(anonymous_8)
FN:186,(anonymous_9)
FN:190,(anonymous_10)
FN:210,(anonymous_11)
FN:243,(anonymous_12)
FN:261,(anonymous_13)
FN:275,(anonymous_14)
FN:321,(anonymous_15)
FN:337,(anonymous_16)
FN:354,(anonymous_17)
FN:371,(anonymous_18)
FNF:15
FNH:0
FNDA:0,(anonymous_4)
FNDA:0,(anonymous_5)
FNDA:0,(anonymous_6)
FNDA:0,(anonymous_7)
FNDA:0,(anonymous_8)
FNDA:0,(anonymous_9)
FNDA:0,(anonymous_10)
FNDA:0,(anonymous_11)
FNDA:0,(anonymous_12)
FNDA:0,(anonymous_13)
FNDA:0,(anonymous_14)
FNDA:0,(anonymous_15)
FNDA:0,(anonymous_16)
FNDA:0,(anonymous_17)
FNDA:0,(anonymous_18)
DA:1,54
DA:2,54
DA:3,54
DA:4,54
DA:9,54
DA:10,54
DA:11,54
DA:12,54
DA:16,54
DA:17,54
DA:20,54
DA:21,54
DA:24,54
DA:25,54
DA:26,54
DA:28,54
DA:29,54
DA:30,54
DA:31,54
DA:32,54
DA:33,54
DA:35,54
DA:36,54
DA:39,54
DA:41,0
DA:42,0
DA:43,0
DA:45,0
DA:47,0
DA:48,0
DA:49,0
DA:57,0
DA:61,0
DA:66,0
DA:67,0
DA:71,0
DA:77,0
DA:80,0
DA:87,0
DA:89,0
DA:91,0
DA:92,0
DA:95,0
DA:119,0
DA:124,0
DA:125,0
DA:132,0
DA:139,0
DA:140,0
DA:141,0
DA:143,0
DA:152,0
DA:157,0
DA:163,0
DA:166,0
DA:168,0
DA:169,0
DA:170,0
DA:174,0
DA:177,0
DA:183,0
DA:187,0
DA:194,0
DA:195,0
DA:202,0
DA:203,0
DA:207,0
DA:213,0
DA:221,0
DA:222,0
DA:228,0
DA:230,0
DA:243,0
DA:244,0
DA:245,0
DA:250,0
DA:253,0
DA:254,0
DA:255,0
DA:261,0
DA:262,0
DA:263,0
DA:268,0
DA:272,0
DA:279,0
DA:289,0
DA:295,0
DA:300,0
DA:304,0
DA:306,0
DA:309,0
DA:311,0
DA:314,0
DA:316,0
DA:322,0
DA:325,0
DA:327,0
DA:328,0
DA:334,0
DA:338,0
DA:344,0
DA:345,0
DA:346,0
DA:351,0
DA:357,0
DA:368,0
DA:374,0
DA:385,0
LF:108
LH:24
BRDA:57,0,0,0
BRDA:58,1,0,0
BRDA:58,1,1,0
BRDA:89,2,0,0
BRDA:89,2,1,0
BRDA:91,3,0,0
BRDA:124,4,0,0
BRDA:139,5,0,0
BRDA:170,6,0,0
BRDA:171,7,0,0
BRDA:171,7,1,0
BRDA:194,8,0,0
BRDA:194,8,1,0
BRDA:202,9,0,0
BRDA:221,10,0,0
BRDA:228,11,0,0
BRDA:228,11,1,0
BRDA:244,12,0,0
BRDA:254,13,0,0
BRDA:262,14,0,0
BRDA:289,15,0,0
BRDA:290,16,0,0
BRDA:290,16,1,0
BRDA:290,16,2,0
BRDA:290,16,3,0
BRDA:304,17,0,0
BRDA:327,18,0,0
BRDA:345,19,0,0
BRF:28
BRH:0
end_of_record
TN:
SF:src/domain/collaboration/innovation-flow/innovation.flow.service.ts
FN:42,(anonymous_4)
FN:53,(anonymous_5)
FN:108,(anonymous_6)
FN:119,(anonymous_7)
FN:126,(anonymous_8)
FN:155,(anonymous_9)
FN:175,(anonymous_10)
FN:200,(anonymous_11)
FN:202,(anonymous_12)
FN:235,(anonymous_13)
FN:264,(anonymous_14)
FN:276,(anonymous_15)
FN:288,(anonymous_16)
FN:332,(anonymous_17)
FN:353,(anonymous_18)
FN:365,(anonymous_19)
FN:384,(anonymous_20)
FN:416,(anonymous_21)
FN:422,(anonymous_22)
FN:441,(anonymous_23)
FN:443,(anonymous_24)
FN:478,(anonymous_25)
FN:503,(anonymous_26)
FN:514,(anonymous_27)
FN:522,(anonymous_28)
FN:543,(anonymous_29)
FN:548,(anonymous_30)
FN:559,(anonymous_31)
FN:590,(anonymous_32)
FN:607,(anonymous_33)
FN:626,(anonymous_34)
FN:646,(anonymous_35)
FN:654,(anonymous_36)
FN:673,(anonymous_37)
FN:697,(anonymous_38)
FN:706,(anonymous_39)
FN:731,(anonymous_40)
FNF:37
FNH:1
FNDA:1,(anonymous_4)
FNDA:0,(anonymous_5)
FNDA:0,(anonymous_6)
FNDA:0,(anonymous_7)
FNDA:0,(anonymous_8)
FNDA:0,(anonymous_9)
FNDA:0,(anonymous_10)
FNDA:0,(anonymous_11)
FNDA:0,(anonymous_12)
FNDA:0,(anonymous_13)
FNDA:0,(anonymous_14)
FNDA:0,(anonymous_15)
FNDA:0,(anonymous_16)
FNDA:0,(anonymous_17)
FNDA:0,(anonymous_18)
FNDA:0,(anonymous_19)
FNDA:0,(anonymous_20)
FNDA:0,(anonymous_21)
FNDA:0,(anonymous_22)
FNDA:0,(anonymous_23)
FNDA:0,(anonymous_24)
FNDA:0,(anonymous_25)
FNDA:0,(anonymous_26)
FNDA:0,(anonymous_27)
FNDA:0,(anonymous_28)
FNDA:0,(anonymous_29)
FNDA:0,(anonymous_30)
FNDA:0,(anonymous_31)
FNDA:0,(anonymous_32)
FNDA:0,(anonymous_33)
FNDA:0,(anonymous_34)
FNDA:0,(anonymous_35)
FNDA:0,(anonymous_36)
FNDA:0,(anonymous_37)
FNDA:0,(anonymous_38)
FNDA:0,(anonymous_39)
FNDA:0,(anonymous_40)
DA:1,54
DA:2,54
DA:8,54
DA:9,54
DA:10,54
DA:11,54
DA:12,54
DA:15,54
DA:17,54
DA:18,54
DA:22,54
DA:25,54
DA:27,54
DA:28,54
DA:33,54
DA:35,54
DA:36,54
DA:37,54
DA:38,54
DA:41,54
DA:43,1
DA:44,1
DA:45,1
DA:46,1
DA:47,1
DA:49,1
DA:50,1
DA:58,0
DA:61,0
DA:64,0
DA:65,0
DA:71,0
DA:73,0
DA:78,0
DA:84,0
DA:90,0
DA:91,0
DA:92,0
DA:93,0
DA:94,0
DA:97,0
DA:100,0
DA:101,0
DA:103,0
DA:105,0
DA:106,0
DA:107,0
DA:109,0
DA:111,0
DA:112,0
DA:116,0
DA:120,0
DA:129,0
DA:138,0
DA:139,0
DA:145,0
DA:159,0
DA:171,0
DA:172,0
DA:174,0
DA:175,0
DA:177,0
DA:178,0
DA:188,0
DA:193,0
DA:199,0
DA:200,0
DA:202,0
DA:206,0
DA:213,0
DA:214,0
DA:222,0
DA:224,0
DA:240,0
DA:245,0
DA:246,0
DA:248,0
DA:250,0
DA:252,0
DA:255,0
DA:256,0
DA:260,0
DA:263,0
DA:264,0
DA:266,0
DA:268,0
DA:270,0
DA:272,0
DA:274,0
DA:276,0
DA:278,0
DA:279,0
DA:285,0
DA:293,0
DA:303,0
DA:307,0
DA:312,0
DA:315,0
DA:319,0
DA:325,0
DA:336,0
DA:337,0
DA:338,0
DA:343,0
DA:344,0
DA:350,0
DA:351,0
DA:353,0
DA:358,0
DA:361,0
DA:362,0
DA:369,0
DA:370,0
DA:371,0
DA:376,0
DA:377,0
DA:383,0
DA:384,0
DA:386,0
DA:387,0
DA:393,0
DA:394,0
DA:398,0
DA:400,0
DA:413,0
DA:416,0
DA:417,0
DA:418,0
DA:421,0
DA:422,0
DA:425,0
DA:430,0
DA:433,0
DA:436,0
DA:440,0
DA:441,0
DA:443,0
DA:445,0
DA:449,0
DA:455,0
DA:459,0
DA:467,0
DA:472,0
DA:474,0
DA:475,0
DA:482,0
DA:483,0
DA:488,0
DA:489,0
DA:490,0
DA:496,0
DA:497,0
DA:503,0
DA:504,0
DA:505,0
DA:506,0
DA:514,0
DA:515,0
DA:525,0
DA:536,0
DA:541,0
DA:543,0
DA:546,0
DA:548,0
DA:554,0
DA:556,0
DA:562,0
DA:571,0
DA:572,0
DA:578,0
DA:579,0
DA:580,0
DA:583,0
DA:586,0
DA:587,0
DA:594,0
DA:599,0
DA:600,0
DA:604,0
DA:611,0
DA:617,0
DA:618,0
DA:623,0
DA:629,0
DA:635,0
DA:636,0
DA:643,0
DA:649,0
DA:658,0
DA:664,0
DA:665,0
DA:670,0
DA:677,0
DA:683,0
DA:684,0
DA:691,0
DA:693,0
DA:697,0
DA:698,0
DA:705,0
DA:706,0
DA:710,0
DA:711,0
DA:714,0
DA:715,0
DA:716,0
DA:717,0
DA:719,0
DA:720,0
DA:721,0
DA:723,0
DA:726,0
DA:728,0
DA:734,0
DA:736,0
DA:746,0
DA:747,0
DA:753,0
LF:218
LH:27
BRDA:64,0,0,0
BRDA:93,1,0,0
BRDA:106,2,0,0
BRDA:111,3,0,0
BRDA:138,4,0,0
BRDA:177,5,0,0
BRDA:188,6,0,0
BRDA:188,6,1,0
BRDA:199,7,0,0
BRDA:199,8,0,0
BRDA:199,8,1,0
BRDA:202,9,0,0
BRDA:202,9,1,0
BRDA:202,9,2,0
BRDA:213,10,0,0
BRDA:240,11,0,0
BRDA:240,11,1,0
BRDA:266,12,0,0
BRDA:303,13,0,0
BRDA:304,14,0,0
BRDA:304,14,1,0
BRDA:337,15,0,0
BRDA:343,16,0,0
BRDA:350,17,0,0
BRDA:352,18,0,0
BRDA:352,18,1,0
BRDA:370,19,0,0
BRDA:376,20,0,0
BRDA:386,21,0,0
BRDA:398,22,0,0
BRDA:413,23,0,0
BRDA:413,23,1,0
BRDA:417,24,0,0
BRDA:417,25,0,0
BRDA:417,25,1,0
BRDA:425,26,0,0
BRDA:426,27,0,0
BRDA:426,27,1,0
BRDA:426,27,2,0
BRDA:445,28,0,0
BRDA:446,29,0,0
BRDA:446,29,1,0
BRDA:482,30,0,0
BRDA:488,31,0,0
BRDA:489,32,0,0
BRDA:496,33,0,0
BRDA:505,34,0,0
BRDA:514,35,0,0
BRDA:541,36,0,0
BRDA:571,37,0,0
BRDA:571,38,0,0
BRDA:571,38,1,0
BRDA:599,39,0,0
BRDA:617,40,0,0
BRDA:635,41,0,0
BRDA:664,42,0,0
BRDA:683,43,0,0
BRDA:697,44,0,0
BRDA:710,45,0,0
BRDA:710,45,1,0
BRDA:746,46,0,0
BRF:61
BRH:0
end_of_record
TN:
SF:src/domain/collaboration/innovation-flow-state/innovation.flow.state.service.ts
FN:16,(anonymous_4)
FN:22,(anonymous_5)
FN:40,(anonymous_6)
FN:46,(anonymous_7)
FN:52,(anonymous_8)
FN:66,(anonymous_9)
FN:74,(anonymous_10)
FN:92,(anonymous_11)
FN:93,(anonymous_12)
FNF:9
FNH:0
FNDA:0,(anonymous_4)
FNDA:0,(anonymous_5)
FNDA:0,(anonymous_6)
FNDA:0,(anonymous_7)
FNDA:0,(anonymous_8)
FNDA:0,(anonymous_9)
FNDA:0,(anonymous_10)
FNDA:0,(anonymous_11)
FNDA:0,(anonymous_12)
DA:1,54
DA:2,54
DA:3,54
DA:4,54
DA:5,54
DA:6,54
DA:7,54
DA:8,54
DA:9,54
DA:15,54
DA:18,0
DA:19,0
DA:26,0
DA:27,0
DA:28,0
DA:29,0
DA:32,0
DA:33,0
DA:37,0
DA:43,0
DA:49,0
DA:56,0
DA:57,0
DA:58,0
DA:59,0
DA:63,0
DA:67,0
DA:70,0
DA:71,0
DA:79,0
DA:84,0
DA:85,0
DA:89,0
DA:93,0
LF:34
LH:10
BRDA:28,0,0,0
BRDA:28,0,1,0
BRDA:32,1,0,0
BRDA:32,1,1,0
BRDA:57,2,0,0
BRDA:57,2,1,0
BRDA:58,3,0,0
BRDA:84,4,0,0
BRF:8
BRH:0
end_of_record
TN:
SF:src/domain/collaboration/link/link.service.ts
FN:20,(anonymous_4)
FN:27,(anonymous_5)
FN:44,(anonymous_6)
FN:60,(anonymous_7)
FN:79,(anonymous_8)
FN:83,(anonymous_9)
FN:100,(anonymous_10)
FNF:7
FNH:0
FNDA:0,(anonymous_4)
FNDA:0,(anonymous_5)
FNDA:0,(anonymous_6)
FNDA:0,(anonymous_7)
FNDA:0,(anonymous_8)
FNDA:0,(anonymous_9)
FNDA:0,(anonymous_10)
DA:1,54
DA:2,54
DA:6,54
DA:7,54
DA:8,54
DA:9,54
DA:10,54
DA:11,54
DA:13,54
DA:14,54
DA:16,54
DA:19,54
DA:21,0
DA:22,0
DA:24,0
DA:31,0
DA:33,0
DA:35,0
DA:41,0
DA:45,0
DA:48,0
DA:49,0
DA:55,0
DA:57,0
DA:61,0
DA:66,0
DA:67,0
DA:70,0
DA:71,0
DA:74,0
DA:75,0
DA:76,0
DA:80,0
DA:87,0
DA:92,0
DA:93,0
DA:97,0
DA:104,0
DA:107,0
DA:108,0
DA:113,0
LF:41
LH:12
BRDA:48,0,0,0
BRDA:55,1,0,0
BRDA:66,2,0,0
BRDA:70,3,0,0
BRDA:92,4,0,0
BRDA:107,5,0,0
BRF:6
BRH:0
end_of_record
TN:
SF:src/domain/collaboration/post/post.service.ts
FN:24,(anonymous_4)
FN:33,(anonymous_5)
FN:65,(anonymous_6)
FN:86,(anonymous_7)
FN:102,(anonymous_8)
FN:127,(anonymous_9)
FN:131,(anonymous_10)
FN:147,(anonymous_11)
FNF:8
FNH:0
FNDA:0,(anonymous_4)
FNDA:0,(anonymous_5)
FNDA:0,(anonymous_6)
FNDA:0,(anonymous_7)
FNDA:0,(anonymous_8)
FNDA:0,(anonymous_9)
FNDA:0,(anonymous_10)
FNDA:0,(anonymous_11)
DA:1,54
DA:2,54
DA:3,54
DA:4,54
DA:5,54
DA:6,54
DA:8,54
DA:9,54
DA:10,54
DA:14,54
DA:15,54
DA:16,54
DA:17,54
DA:18,54
DA:20,54
DA:23,54
DA:25,0
DA:26,0
DA:27,0
DA:29,0
DA:30,0
DA:38,0
DA:39,0
DA:44,0
DA:49,0
DA:53,0
DA:54,0
DA:56,0
DA:62,0
DA:66,0
DA:69,0
DA:70,0
DA:72,0
DA:73,0
DA:75,0
DA:76,0
DA:81,0
DA:82,0
DA:83,0
DA:90,0
DA:94,0
DA:95,0
DA:99,0
DA:103,0
DA:109,0
DA:110,0
DA:111,0
DA:116,0
DA:122,0
DA:124,0
DA:128,0
DA:135,0
DA:138,0
DA:139,0
DA:144,0
DA:148,0
DA:154,0
DA:155,0
DA:161,0
LF:59
LH:16
BRDA:51,0,0,0
BRDA:51,0,1,0
BRDA:69,1,0,0
BRDA:72,2,0,0
BRDA:75,3,0,0
BRDA:94,4,0,0
BRDA:109,5,0,0
BRDA:110,6,0,0
BRDA:138,7,0,0
BRDA:154,8,0,0
BRF:10
BRH:0
end_of_record
TN:
SF:src/domain/common/authorization-policy/authorization.policy.service.ts
FN:35,(anonymous_4)
FN:55,(anonymous_5)
FN:68,(anonymous_6)
FN:92,(anonymous_7)
FN:134,(anonymous_8)
FN:154,(anonymous_9)
FN:169,(anonymous_10)
FN:184,(anonymous_11)
FN:192,(anonymous_12)
FN:198,(anonymous_13)
FN:216,(anonymous_14)
FN:226,(anonymous_15)
FN:237,(anonymous_16)
FN:258,(anonymous_17)
FN:275,(anonymous_18)
FN:295,(anonymous_19)
FN:302,(anonymous_20)
FN:322,(anonymous_21)
FN:337,(anonymous_22)
FN:350,(anonymous_23)
FN:369,(anonymous_24)
FN:384,(anonymous_25)
FN:426,(anonymous_26)
FN:432,(anonymous_27)
FN:438,(anonymous_28)
FN:444,(anonymous_29)
FNF:26
FNH:0
FNDA:0,(anonymous_4)
FNDA:0,(anonymous_5)
FNDA:0,(anonymous_6)
FNDA:0,(anonymous_7)
FNDA:0,(anonymous_8)
FNDA:0,(anonymous_9)
FNDA:0,(anonymous_10)
FNDA:0,(anonymous_11)
FNDA:0,(anonymous_12)
FNDA:0,(anonymous_13)
FNDA:0,(anonymous_14)
FNDA:0,(anonymous_15)
FNDA:0,(anonymous_16)
FNDA:0,(anonymous_17)
FNDA:0,(anonymous_18)
FNDA:0,(anonymous_19)
FNDA:0,(anonymous_20)
FNDA:0,(anonymous_21)
FNDA:0,(anonymous_22)
FNDA:0,(anonymous_23)
FNDA:0,(anonymous_24)
FNDA:0,(anonymous_25)
FNDA:0,(anonymous_26)
FNDA:0,(anonymous_27)
FNDA:0,(anonymous_28)
FNDA:0,(anonymous_29)
DA:1,59
DA:2,59
DA:3,59
DA:4,59
DA:9,59
DA:15,59
DA:17,59
DA:20,59
DA:21,59
DA:27,59
DA:28,59
DA:30,59
DA:33,59
DA:37,0
DA:38,0
DA:40,0
DA:41,0
DA:43,0
DA:48,0
DA:60,0
DA:73,0
DA:75,0
DA:76,0
DA:81,0
DA:84,0
DA:97,0
DA:99,0
DA:101,0
DA:103,0
DA:104,0
DA:106,0
DA:107,0
DA:109,0
DA:110,0
DA:112,0
DA:118,0
DA:123,0
DA:126,0
DA:139,0
DA:142,0
DA:148,0
DA:149,0
DA:151,0
DA:157,0
DA:158,0
DA:163,0
DA:164,0
DA:165,0
DA:166,0
DA:173,0
DA:176,0
DA:177,0
DA:181,0
DA:187,0
DA:195,0
DA:199,0
DA:200,0
DA:205,0
DA:211,0
DA:219,0
DA:220,0
DA:223,0
DA:229,0
DA:230,0
DA:234,0
DA:243,0
DA:244,0
DA:245,0
DA:253,0
DA:254,0
DA:255,0
DA:263,0
DA:265,0
DA:270,0
DA:271,0
DA:272,0
DA:280,0
DA:282,0
DA:287,0
DA:288,0
DA:289,0
DA:296,0
DA:307,0
DA:309,0
DA:317,0
DA:318,0
DA:319,0
DA:326,0
DA:328,0
DA:329,0
DA:330,0
DA:333,0
DA:334,0
DA:341,0
DA:342,0
DA:343,0
DA:344,0
DA:346,0
DA:347,0
DA:356,0
DA:357,0
DA:358,0
DA:363,0
DA:365,0
DA:366,0
DA:373,0
DA:375,0
DA:376,0
DA:377,0
DA:380,0
DA:381,0
DA:390,0
DA:391,0
DA:392,0
DA:398,0
DA:400,0
DA:401,0
DA:404,0
DA:406,0
DA:407,0
DA:408,0
DA:409,0
DA:412,0
DA:415,0
DA:417,0
DA:418,0
DA:419,0
DA:421,0
DA:423,0
DA:429,0
DA:435,0
DA:441,0
DA:448,0
DA:450,0
LF:134
LH:13
BRDA:101,0,0,0
BRDA:101,0,1,0
BRDA:101,0,2,0
BRDA:101,0,3,0
BRDA:157,1,0,0
BRDA:176,2,0,0
BRDA:199,3,0,0
BRDA:199,3,1,0
BRDA:229,4,0,0
BRDA:249,5,0,0
BRDA:249,5,1,0
BRDA:261,6,0,0
BRDA:278,7,0,0
BRDA:305,8,0,0
BRDA:391,9,0,0
BRDA:408,10,0,0
BRDA:441,11,0,0
BRDA:441,11,1,0
BRDA:448,12,0,0
BRDA:448,13,0,0
BRDA:448,13,1,0
BRF:21
BRH:0
end_of_record
TN:
SF:src/domain/common/classification/classification.service.ts
FN:26,(anonymous_4)
FN:34,(anonymous_5)
FN:49,(anonymous_6)
FN:62,(anonymous_7)
FN:69,(anonymous_8)
FN:101,(anonymous_9)
FN:105,(anonymous_10)
FN:121,(anonymous_11)
FN:137,(anonymous_12)
FN:153,(anonymous_13)
FN:161,(anonymous_14)
FN:166,(anonymous_15)
FN:180,(anonymous_16)
FN:194,(anonymous_17)
FN:203,(anonymous_18)
FNF:15
FNH:0
FNDA:0,(anonymous_4)
FNDA:0,(anonymous_5)
FNDA:0,(anonymous_6)
FNDA:0,(anonymous_7)
FNDA:0,(anonymous_8)
FNDA:0,(anonymous_9)
FNDA:0,(anonymous_10)
FNDA:0,(anonymous_11)
FNDA:0,(anonymous_12)
FNDA:0,(anonymous_13)
FNDA:0,(anonymous_14)
FNDA:0,(anonymous_15)
FNDA:0,(anonymous_16)
FNDA:0,(anonymous_17)
FNDA:0,(anonymous_18)
DA:1,54
DA:2,54
DA:3,54
DA:4,54
DA:5,54
DA:10,54
DA:11,54
DA:13,54
DA:14,54
DA:17,54
DA:19,54
DA:22,54
DA:25,54
DA:27,0
DA:28,0
DA:30,0
DA:31,0
DA:38,0
DA:39,0
DA:42,0
DA:45,0
DA:48,0
DA:49,0
DA:57,0
DA:62,0
DA:63,0
DA:66,0
DA:73,0
DA:83,0
DA:84,0
DA:90,0
DA:91,0
DA:94,0
DA:96,0
DA:102,0
DA:109,0
DA:110,0
DA:113,0
DA:117,0
DA:118,0
DA:125,0
DA:129,0
DA:130,0
DA:134,0
DA:138,0
DA:144,0
DA:145,0
DA:150,0
DA:157,0
DA:158,0
DA:165,0
DA:166,0
DA:172,0
DA:177,0
DA:183,0
DA:187,0
DA:198,0
DA:200,0
DA:202,0
DA:203,0
DA:204,0
DA:206,0
DA:207,0
DA:210,0
DA:213,0
LF:65
LH:13
BRDA:48,0,0,0
BRDA:51,1,0,0
BRDA:51,1,1,0
BRDA:83,2,0,0
BRDA:83,3,0,0
BRDA:83,3,1,0
BRDA:109,4,0,0
BRDA:129,5,0,0
BRDA:144,6,0,0
BRDA:165,7,0,0
BRDA:168,8,0,0
BRDA:168,8,1,0
BRDA:168,9,0,0
BRDA:168,9,1,0
BRDA:200,10,0,0
BRDA:204,11,0,0
BRDA:204,11,1,0
BRDA:206,12,0,0
BRF:18
BRH:0
end_of_record
TN:
SF:src/domain/common/form/form.service.ts
FN:13,(anonymous_4)
FN:19,(anonymous_5)
FN:27,(anonymous_6)
FN:32,(anonymous_7)
FN:36,(anonymous_8)
FN:40,(anonymous_9)
FN:43,(anonymous_10)
FN:57,(anonymous_11)
FN:61,(anonymous_12)
FNF:9
FNH:0
FNDA:0,(anonymous_4)
FNDA:0,(anonymous_5)
FNDA:0,(anonymous_6)
FNDA:0,(anonymous_7)
FNDA:0,(anonymous_8)
FNDA:0,(anonymous_9)
FNDA:0,(anonymous_10)
FNDA:0,(anonymous_11)
FNDA:0,(anonymous_12)
DA:1,54
DA:2,54
DA:3,54
DA:4,54
DA:8,54
DA:12,54
DA:15,0
DA:16,0
DA:20,0
DA:21,0
DA:22,0
DA:24,0
DA:28,0
DA:29,0
DA:33,0
DA:37,0
DA:40,0
DA:47,0
DA:48,0
DA:50,0
DA:51,0
DA:54,0
DA:58,0
DA:62,0
LF:24
LH:6
BRDA:40,0,0,0
BRDA:40,0,1,0
BRDA:47,1,0,0
BRDA:47,2,0,0
BRDA:47,2,1,0
BRDA:50,3,0,0
BRF:6
BRH:0
end_of_record
TN:
SF:src/domain/common/knowledge-base/knowledge.base.service.ts
FN:27,(anonymous_4)
FN:36,(anonymous_5)
FN:97,(anonymous_6)
FN:111,(anonymous_7)
FN:142,(anonymous_8)
FN:146,(anonymous_9)
FN:163,(anonymous_10)
FN:182,(anonymous_11)
FNF:8
FNH:0
FNDA:0,(anonymous_4)
FNDA:0,(anonymous_5)
FNDA:0,(anonymous_6)
FNDA:0,(anonymous_7)
FNDA:0,(anonymous_8)
FNDA:0,(anonymous_9)
FNDA:0,(anonymous_10)
FNDA:0,(anonymous_11)
DA:1,7
DA:2,7
DA:6,7
DA:7,7
DA:8,7
DA:9,7
DA:10,7
DA:11,7
DA:13,7
DA:15,7
DA:16,7
DA:17,7
DA:19,7
DA:20,7
DA:22,7
DA:23,7
DA:26,7
DA:28,0
DA:29,0
DA:30,0
DA:31,0
DA:33,0
DA:41,0
DA:43,0
DA:47,0
DA:53,0
DA:59,0
DA:64,0
DA:70,0
DA:71,0
DA:77,0
DA:78,0
DA:84,0
DA:85,0
DA:94,0
DA:101,0
DA:102,0
DA:108,0
DA:112,0
DA:113,0
DA:119,0
DA:120,0
DA:125,0
DA:127,0
DA:131,0
DA:132,0
DA:135,0
DA:138,0
DA:139,0
DA:143,0
DA:150,0
DA:155,0
DA:156,0
DA:160,0
DA:167,0
DA:173,0
DA:174,0
DA:179,0
DA:186,0
DA:192,0
DA:193,0
DA:198,0
LF:62
LH:17
BRDA:77,0,0,0
BRDA:84,1,0,0
BRDA:101,2,0,0
BRDA:119,3,0,0
BRDA:119,4,0,0
BRDA:119,4,1,0
BRDA:131,5,0,0
BRDA:155,6,0,0
BRDA:173,7,0,0
BRDA:192,8,0,0
BRF:10
BRH:0
end_of_record
TN:
SF:src/domain/common/license/license.service.ts
FN:21,(anonymous_4)
FN:30,(anonymous_5)
FN:46,(anonymous_6)
FN:62,(anonymous_7)
FN:87,(anonymous_8)
FN:91,(anonymous_9)
FN:101,(anonymous_10)
FN:115,(anonymous_11)
FN:129,(anonymous_12)
FN:138,(anonymous_13)
FN:139,(anonymous_14)
FN:144,(anonymous_15)
FN:152,(anonymous_16)
FN:164,(anonymous_17)
FN:179,(anonymous_18)
FN:191,(anonymous_19)
FN:204,(anonymous_20)
FN:209,(anonymous_21)
FN:222,(anonymous_22)
FN:240,(anonymous_23)
FN:245,(anonymous_24)
FNF:21
FNH:0
FNDA:0,(anonymous_4)
FNDA:0,(anonymous_5)
FNDA:0,(anonymous_6)
FNDA:0,(anonymous_7)
FNDA:0,(anonymous_8)
FNDA:0,(anonymous_9)
FNDA:0,(anonymous_10)
FNDA:0,(anonymous_11)
FNDA:0,(anonymous_12)
FNDA:0,(anonymous_13)
FNDA:0,(anonymous_14)
FNDA:0,(anonymous_15)
FNDA:0,(anonymous_16)
FNDA:0,(anonymous_17)
FNDA:0,(anonymous_18)
FNDA:0,(anonymous_19)
FNDA:0,(anonymous_20)
FNDA:0,(anonymous_21)
FNDA:0,(anonymous_22)
FNDA:0,(anonymous_23)
FNDA:0,(anonymous_24)
DA:1,57
DA:2,57
DA:4,57
DA:5,57
DA:6,57
DA:8,57
DA:9,57
DA:10,57
DA:11,57
DA:12,57
DA:13,57
DA:14,57
DA:17,57
DA:20,57
DA:22,0
DA:23,0
DA:25,0
DA:27,0
DA:31,0
DA:32,0
DA:35,0
DA:37,0
DA:39,0
DA:40,0
DA:43,0
DA:50,0
DA:54,0
DA:55,0
DA:59,0
DA:64,0
DA:69,0
DA:71,0
DA:72,0
DA:77,0
DA:78,0
DA:80,0
DA:83,0
DA:84,0
DA:88,0
DA:92,0
DA:96,0
DA:104,0
DA:105,0
DA:106,0
DA:112,0
DA:118,0
DA:119,0
DA:120,0
DA:126,0
DA:127,0
DA:129,0
DA:138,0
DA:139,0
DA:141,0
DA:145,0
DA:146,0
DA:147,0
DA:149,0
DA:156,0
DA:157,0
DA:161,0
DA:168,0
DA:169,0
DA:173,0
DA:183,0
DA:184,0
DA:188,0
DA:195,0
DA:196,0
DA:197,0
DA:208,0
DA:209,0
DA:211,0
DA:212,0
DA:217,0
DA:218,0
DA:219,0
DA:225,0
DA:226,0
DA:231,0
DA:232,0
DA:237,0
DA:244,0
DA:245,0
DA:247,0
DA:248,0
DA:253,0
LF:87
LH:14
BRDA:54,0,0,0
BRDA:77,1,0,0
BRDA:105,2,0,0
BRDA:119,3,0,0
BRDA:196,4,0,0
BRDA:211,5,0,0
BRDA:225,6,0,0
BRDA:231,7,0,0
BRDA:247,8,0,0
BRF:9
BRH:0
end_of_record
TN:
SF:src/domain/common/license-entitlement/license.entitlement.service.ts
FN:21,(anonymous_4)
FN:29,(anonymous_5)
FN:41,(anonymous_6)
FN:57,(anonymous_7)
FN:72,(anonymous_8)
FN:78,(anonymous_9)
FN:84,(anonymous_10)
FN:106,(anonymous_11)
FN:121,(anonymous_12)
FN:139,(anonymous_13)
FN:150,(anonymous_14)
FNF:11
FNH:0
FNDA:0,(anonymous_4)
FNDA:0,(anonymous_5)
FNDA:0,(anonymous_6)
FNDA:0,(anonymous_7)
FNDA:0,(anonymous_8)
FNDA:0,(anonymous_9)
FNDA:0,(anonymous_10)
FNDA:0,(anonymous_11)
FNDA:0,(anonymous_12)
FNDA:0,(anonymous_13)
FNDA:0,(anonymous_14)
DA:1,57
DA:2,57
DA:3,57
DA:4,57
DA:8,57
DA:10,57
DA:12,57
DA:13,57
DA:15,57
DA:16,57
DA:17,57
DA:20,57
DA:22,0
DA:24,0
DA:26,0
DA:32,0
DA:33,0
DA:34,0
DA:35,0
DA:36,0
DA:38,0
DA:45,0
DA:49,0
DA:50,0
DA:54,0
DA:60,0
DA:62,0
DA:63,0
DA:66,0
DA:75,0
DA:79,0
DA:80,0
DA:81,0
DA:87,0
DA:95,0
DA:96,0
DA:101,0
DA:103,0
DA:110,0
DA:112,0
DA:113,0
DA:115,0
DA:125,0
DA:127,0
DA:132,0
DA:143,0
DA:144,0
DA:154,0
DA:155,0
DA:158,0
DA:159,0
DA:160,0
DA:162,0
DA:166,0
DA:171,0
DA:176,0
DA:181,0
DA:186,0
LF:58
LH:12
BRDA:49,0,0,0
BRDA:95,1,0,0
BRDA:95,2,0,0
BRDA:95,2,1,0
BRDA:112,3,0,0
BRDA:125,4,0,0
BRDA:125,4,1,0
BRDA:154,5,0,0
BRDA:160,6,0,0
BRDA:160,6,1,0
BRDA:160,6,2,0
BRDA:160,6,3,0
BRDA:160,6,4,0
BRDA:160,6,5,0
BRF:14
BRH:0
end_of_record
TN:
SF:src/domain/common/lifecycle/lifecycle.service.ts
FN:20,(anonymous_4)
FN:26,(anonymous_5)
FN:32,(anonymous_6)
FN:37,(anonymous_7)
FN:60,(anonymous_8)
FN:122,(anonymous_9)
FN:131,(anonymous_10)
FN:134,(anonymous_11)
FN:150,(anonymous_12)
FN:158,(anonymous_13)
FN:164,(anonymous_14)
FN:176,(anonymous_15)
FN:184,(anonymous_16)
FN:191,(anonymous_17)
FN:201,(anonymous_18)
FN:208,(anonymous_19)
FNF:16
FNH:1
FNDA:1,(anonymous_4)
FNDA:0,(anonymous_5)
FNDA:0,(anonymous_6)
FNDA:0,(anonymous_7)
FNDA:0,(anonymous_8)
FNDA:0,(anonymous_9)
FNDA:0,(anonymous_10)
FNDA:0,(anonymous_11)
FNDA:0,(anonymous_12)
FNDA:0,(anonymous_13)
FNDA:0,(anonymous_14)
FNDA:0,(anonymous_15)
FNDA:0,(anonymous_16)
FNDA:0,(anonymous_17)
FNDA:0,(anonymous_18)
FNDA:0,(anonymous_19)
DA:1,54
DA:2,54
DA:6,54
DA:7,54
DA:8,54
DA:9,54
DA:10,54
DA:13,54
DA:16,54
DA:17,1
DA:18,1
DA:22,1
DA:23,1
DA:27,0
DA:29,0
DA:33,0
DA:34,0
DA:38,0
DA:40,0
DA:45,0
DA:50,0
DA:51,0
DA:52,0
DA:57,0
DA:58,0
DA:59,0
DA:61,0
DA:64,0
DA:65,0
DA:66,0
DA:67,0
DA:72,0
DA:79,0
DA:84,0
DA:86,0
DA:87,0
DA:93,0
DA:97,0
DA:103,0
DA:104,0
DA:105,0
DA:111,0
DA:112,0
DA:113,0
DA:119,0
DA:123,0
DA:124,0
DA:125,0
DA:129,0
DA:131,0
DA:138,0
DA:142,0
DA:143,0
DA:147,0
DA:153,0
DA:154,0
DA:155,0
DA:159,0
DA:160,0
DA:161,0
DA:168,0
DA:170,0
DA:180,0
DA:181,0
DA:184,0
DA:185,0
DA:190,0
DA:192,0
DA:198,0
DA:202,0
DA:203,0
DA:204,0
DA:205,0
DA:209,0
LF:74
LH:13
BRDA:51,0,0,0
BRDA:59,1,0,0
BRDA:66,2,0,0
BRDA:66,2,1,0
BRDA:104,3,0,0
BRDA:124,4,0,0
BRDA:142,5,0,0
BRDA:154,6,0,0
BRDA:205,7,0,0
BRDA:205,7,1,0
BRF:10
BRH:0
end_of_record
TN:
SF:src/domain/common/location/location.service.ts
FN:14,(anonymous_4)
FN:20,(anonymous_5)
FN:30,(anonymous_6)
FN:34,(anonymous_7)
FN:39,(anonymous_8)
FN:112,(anonymous_9)
FN:150,(anonymous_10)
FN:154,(anonymous_11)
FNF:8
FNH:0
FNDA:0,(anonymous_4)
FNDA:0,(anonymous_5)
FNDA:0,(anonymous_6)
FNDA:0,(anonymous_7)
FNDA:0,(anonymous_8)
FNDA:0,(anonymous_9)
FNDA:0,(anonymous_10)
FNDA:0,(anonymous_11)
DA:1,57
DA:2,57
DA:3,57
DA:4,57
DA:7,57
DA:8,57
DA:9,57
DA:13,57
DA:15,0
DA:17,0
DA:23,0
DA:24,0
DA:27,0
DA:28,0
DA:31,0
DA:35,0
DA:43,0
DA:44,0
DA:49,0
DA:50,0
DA:51,0
DA:55,0
DA:56,0
DA:57,0
DA:60,0
DA:64,0
DA:65,0
DA:66,0
DA:69,0
DA:73,0
DA:74,0
DA:77,0
DA:81,0
DA:82,0
DA:85,0
DA:89,0
DA:90,0
DA:93,0
DA:97,0
DA:98,0
DA:101,0
DA:102,0
DA:103,0
DA:105,0
DA:106,0
DA:109,0
DA:115,0
DA:116,0
DA:119,0
DA:122,0
DA:123,0
DA:124,0
DA:127,0
DA:129,0
DA:133,0
DA:137,0
DA:139,0
DA:143,0
DA:144,0
DA:145,0
DA:147,0
DA:151,0
DA:155,0
DA:156,0
DA:158,0
LF:65
LH:8
BRDA:43,0,0,0
BRDA:51,1,0,0
BRDA:52,2,0,0
BRDA:52,2,1,0
BRDA:60,3,0,0
BRDA:61,4,0,0
BRDA:61,4,1,0
BRDA:69,5,0,0
BRDA:70,6,0,0
BRDA:70,6,1,0
BRDA:77,7,0,0
BRDA:78,8,0,0
BRDA:78,8,1,0
BRDA:85,9,0,0
BRDA:86,10,0,0
BRDA:86,10,1,0
BRDA:93,11,0,0
BRDA:94,12,0,0
BRDA:94,12,1,0
BRDA:101,13,0,0
BRDA:105,14,0,0
BRDA:115,15,0,0
BRDA:119,16,0,0
BRDA:119,17,0,0
BRDA:119,17,1,0
BRDA:127,18,0,0
BRDA:137,19,0,0
BRDA:155,20,0,0
BRDA:155,21,0,0
BRDA:155,21,1,0
BRF:30
BRH:0
end_of_record
TN:
SF:src/domain/common/memo/memo.service.ts
FN:32,(anonymous_4)
FN:44,(anonymous_5)
FN:79,(anonymous_6)
FN:96,(anonymous_7)
FN:130,(anonymous_8)
FN:138,(anonymous_9)
FN:142,(anonymous_10)
FN:149,(anonymous_11)
FN:174,(anonymous_12)
FN:219,(anonymous_13)
FN:231,(anonymous_14)
FN:251,(anonymous_15)
FNF:12
FNH:0
FNDA:0,(anonymous_4)
FNDA:0,(anonymous_5)
FNDA:0,(anonymous_6)
FNDA:0,(anonymous_7)
FNDA:0,(anonymous_8)
FNDA:0,(anonymous_9)
FNDA:0,(anonymous_10)
FNDA:0,(anonymous_11)
FNDA:0,(anonymous_12)
FNDA:0,(anonymous_13)
FNDA:0,(anonymous_14)
FNDA:0,(anonymous_15)
DA:1,54
DA:2,54
DA:3,54
DA:4,54
DA:9,54
DA:10,54
DA:11,54
DA:13,54
DA:15,54
DA:16,54
DA:17,54
DA:18,54
DA:19,54
DA:20,54
DA:24,54
DA:25,54
DA:26,54
DA:27,54
DA:28,54
DA:31,54
DA:34,0
DA:36,0
DA:37,0
DA:38,0
DA:39,0
DA:40,0
DA:41,0
DA:49,0
DA:50,0
DA:51,0
DA:55,0
DA:56,0
DA:57,0
DA:59,0
DA:66,0
DA:71,0
DA:76,0
DA:83,0
DA:88,0
DA:89,0
DA:93,0
DA:97,0
DA:104,0
DA:105,0
DA:111,0
DA:112,0
DA:118,0
DA:119,0
DA:121,0
DA:122,0
DA:123,0
DA:131,0
DA:139,0
DA:143,0
DA:144,0
DA:146,0
DA:153,0
DA:159,0
DA:160,0
DA:166,0
DA:167,0
DA:169,0
DA:171,0
DA:178,0
DA:186,0
DA:187,0
DA:194,0
DA:195,0
DA:198,0
DA:199,0
DA:200,0
DA:201,0
DA:208,0
DA:210,0
DA:211,0
DA:214,0
DA:216,0
DA:221,0
DA:225,0
DA:235,0
DA:242,0
DA:243,0
DA:248,0
DA:252,0
LF:84
LH:20
BRDA:50,0,0,0
BRDA:50,0,1,0
BRDA:60,1,0,0
BRDA:60,1,1,0
BRDA:88,2,0,0
BRDA:104,3,0,0
BRDA:111,4,0,0
BRDA:139,5,0,0
BRDA:139,5,1,0
BRDA:159,6,0,0
BRDA:166,7,0,0
BRDA:186,8,0,0
BRDA:194,9,0,0
BRDA:200,10,0,0
BRDA:210,11,0,0
BRDA:242,12,0,0
BRF:16
BRH:0
end_of_record
TN:
SF:src/domain/common/nvp/nvp.service.ts
FN:10,(anonymous_4)
FN:15,(anonymous_5)
FN:27,(anonymous_6)
FNF:3
FNH:0
FNDA:0,(anonymous_4)
FNDA:0,(anonymous_5)
FNDA:0,(anonymous_6)
DA:1,54
DA:2,54
DA:3,54
DA:4,54
DA:5,54
DA:6,54
DA:9,54
DA:12,0
DA:16,0
DA:19,0
DA:20,0
DA:24,0
DA:28,0
DA:29,0
LF:14
LH:7
BRDA:19,0,0,0
BRF:1
BRH:0
end_of_record
TN:
SF:src/domain/common/profile/profile.service.ts
FN:38,(anonymous_4)
FN:53,(anonymous_5)
FN:82,(anonymous_6)
FN:90,(anonymous_7)
FN:117,(anonymous_8)
FN:167,(anonymous_9)
FN:216,(anonymous_10)
FN:220,(anonymous_11)
FN:256,(anonymous_12)
FN:283,(anonymous_13)
FN:292,(anonymous_14)
FN:313,(anonymous_15)
FN:342,(anonymous_16)
FN:360,(anonymous_17)
FN:376,(anonymous_18)
FN:389,(anonymous_19)
FN:402,(anonymous_20)
FN:407,(anonymous_21)
FN:417,(anonymous_22)
FN:430,(anonymous_23)
FN:443,(anonymous_24)
FN:459,(anonymous_25)
FNF:22
FNH:0
FNDA:0,(anonymous_4)
FNDA:0,(anonymous_5)
FNDA:0,(anonymous_6)
FNDA:0,(anonymous_7)
FNDA:0,(anonymous_8)
FNDA:0,(anonymous_9)
FNDA:0,(anonymous_10)
FNDA:0,(anonymous_11)
FNDA:0,(anonymous_12)
FNDA:0,(anonymous_13)
FNDA:0,(anonymous_14)
FNDA:0,(anonymous_15)
FNDA:0,(anonymous_16)
FNDA:0,(anonymous_17)
FNDA:0,(anonymous_18)
FNDA:0,(anonymous_19)
FNDA:0,(anonymous_20)
FNDA:0,(anonymous_21)
FNDA:0,(anonymous_22)
FNDA:0,(anonymous_23)
FNDA:0,(anonymous_24)
FNDA:0,(anonymous_25)
DA:1,57
DA:2,57
DA:3,57
DA:4,57
DA:5,57
DA:11,57
DA:13,57
DA:15,57
DA:16,57
DA:18,57
DA:19,57
DA:20,57
DA:24,57
DA:25,57
DA:28,57
DA:30,57
DA:33,57
DA:34,57
DA:37,57
DA:39,0
DA:40,0
DA:41,0
DA:42,0
DA:43,0
DA:44,0
DA:45,0
DA:47,0
DA:48,0
DA:58,0
DA:64,0
DA:68,0
DA:71,0
DA:76,0
DA:77,0
DA:80,0
DA:82,0
DA:83,0
DA:85,0
DA:87,0
DA:94,0
DA:95,0
DA:100,0
DA:101,0
DA:102,0
DA:104,0
DA:109,0
DA:110,0
DA:112,0
DA:114,0
DA:121,0
DA:131,0
DA:132,0
DA:135,0
DA:136,0
DA:139,0
DA:140,0
DA:143,0
DA:144,0
DA:150,0
DA:151,0
DA:157,0
DA:158,0
DA:164,0
DA:169,0
DA:180,0
DA:181,0
DA:182,0
DA:186,0
DA:187,0
DA:188,0
DA:194,0
DA:195,0
DA:200,0
DA:201,0
DA:202,0
DA:206,0
DA:207,0
DA:210,0
DA:211,0
DA:213,0
DA:217,0
DA:225,0
DA:226,0
DA:232,0
DA:233,0
DA:235,0
DA:236,0
DA:238,0
DA:239,0
DA:241,0
DA:242,0
DA:244,0
DA:245,0
DA:247,0
DA:248,0
DA:251,0
DA:256,0
DA:257,0
DA:260,0
DA:264,0
DA:269,0
DA:270,0
DA:272,0
DA:278,0
DA:280,0
DA:287,0
DA:288,0
DA:291,0
DA:292,0
DA:295,0
DA:296,0
DA:297,0
DA:301,0
DA:303,0
DA:307,0
DA:309,0
DA:316,0
DA:320,0
DA:321,0
DA:326,0
DA:327,0
DA:328,0
DA:336,0
DA:337,0
DA:339,0
DA:343,0
DA:347,0
DA:348,0
DA:353,0
DA:354,0
DA:364,0
DA:368,0
DA:369,0
DA:373,0
DA:377,0
DA:380,0
DA:381,0
DA:386,0
DA:390,0
DA:393,0
DA:394,0
DA:399,0
DA:406,0
DA:407,0
DA:414,0
DA:418,0
DA:421,0
DA:422,0
DA:427,0
DA:431,0
DA:434,0
DA:435,0
DA:440,0
DA:444,0
DA:447,0
DA:448,0
DA:453,0
DA:462,0
DA:463,0
DA:464,0
DA:472,0
DA:474,0
LF:162
LH:19
BRDA:73,0,0,0
BRDA:73,0,1,0
BRDA:85,1,0,0
BRDA:85,1,1,0
BRDA:94,2,0,0
BRDA:101,3,0,0
BRDA:101,3,1,0
BRDA:109,4,0,0
BRDA:131,5,0,0
BRDA:135,6,0,0
BRDA:139,7,0,0
BRDA:143,8,0,0
BRDA:150,9,0,0
BRDA:157,10,0,0
BRDA:157,11,0,0
BRDA:157,11,1,0
BRDA:180,12,0,0
BRDA:186,13,0,0
BRDA:194,14,0,0
BRDA:200,15,0,0
BRDA:206,16,0,0
BRDA:210,17,0,0
BRDA:225,18,0,0
BRDA:225,19,0,0
BRDA:225,19,1,0
BRDA:233,20,0,0
BRDA:233,20,1,0
BRDA:233,20,2,0
BRDA:233,20,3,0
BRDA:233,20,4,0
BRDA:233,20,5,0
BRDA:257,21,0,0
BRDA:257,22,0,0
BRDA:257,22,1,0
BRDA:260,23,0,0
BRDA:260,23,1,0
BRDA:269,24,0,0
BRDA:269,24,1,0
BRDA:287,25,0,0
BRDA:295,26,0,0
BRDA:295,26,1,0
BRDA:296,27,0,0
BRDA:296,27,1,0
BRDA:320,28,0,0
BRDA:327,29,0,0
BRDA:347,30,0,0
BRDA:368,31,0,0
BRDA:380,32,0,0
BRDA:393,33,0,0
BRDA:421,34,0,0
BRDA:434,35,0,0
BRDA:447,36,0,0
BRDA:468,37,0,0
BRDA:468,37,1,0
BRF:54
BRH:0
end_of_record
TN:
SF:src/domain/common/reference/reference.service.ts
FN:19,(anonymous_4)
FN:25,(anonymous_5)
FN:38,(anonymous_6)
FN:42,(anonymous_7)
FN:59,(anonymous_8)
FN:68,(anonymous_9)
FN:81,(anonymous_10)
FN:94,(anonymous_11)
FN:110,(anonymous_12)
FN:127,(anonymous_13)
FNF:10
FNH:0
FNDA:0,(anonymous_4)
FNDA:0,(anonymous_5)
FNDA:0,(anonymous_6)
FNDA:0,(anonymous_7)
FNDA:0,(anonymous_8)
FNDA:0,(anonymous_9)
FNDA:0,(anonymous_10)
FNDA:0,(anonymous_11)
FNDA:0,(anonymous_12)
FNDA:0,(anonymous_13)
DA:1,57
DA:2,57
DA:3,57
DA:4,57
DA:5,57
DA:6,57
DA:13,57
DA:14,57
DA:15,57
DA:18,57
DA:20,0
DA:22,0
DA:26,0
DA:31,0
DA:35,0
DA:39,0
DA:46,0
DA:47,0
DA:50,0
DA:51,0
DA:54,0
DA:55,0
DA:62,0
DA:63,0
DA:65,0
DA:72,0
DA:73,0
DA:77,0
DA:78,0
DA:80,0
DA:81,0
DA:83,0
DA:84,0
DA:88,0
DA:91,0
DA:98,0
DA:102,0
DA:103,0
DA:107,0
DA:111,0
DA:112,0
DA:114,0
DA:115,0
DA:117,0
DA:118,0
DA:121,0
DA:128,0
LF:47
LH:10
BRDA:28,0,0,0
BRDA:28,0,1,0
BRDA:46,1,0,0
BRDA:50,2,0,0
BRDA:54,3,0,0
BRDA:72,4,0,0
BRDA:77,5,0,0
BRDA:83,6,0,0
BRDA:102,7,0,0
BRDA:114,8,0,0
BRF:10
BRH:0
end_of_record
TN:
SF:src/domain/common/tagset/tagset.service.ts
FN:26,(anonymous_4)
FN:33,(anonymous_5)
FN:43,(anonymous_6)
FN:59,(anonymous_7)
FN:69,(anonymous_8)
FN:102,(anonymous_9)
FN:103,(anonymous_10)
FN:112,(anonymous_11)
FN:124,(anonymous_12)
FN:134,(anonymous_13)
FN:146,(anonymous_14)
FN:158,(anonymous_15)
FN:165,(anonymous_16)
FN:183,(anonymous_17)
FN:185,(anonymous_18)
FN:190,(anonymous_19)
FN:202,(anonymous_20)
FN:210,(anonymous_21)
FN:221,(anonymous_22)
FN:235,(anonymous_23)
FN:255,(anonymous_24)
FN:268,(anonymous_25)
FN:283,(anonymous_26)
FN:288,(anonymous_27)
FN:297,(anonymous_28)
FN:311,(anonymous_29)
FN:320,(anonymous_30)
FN:339,(anonymous_31)
FNF:28
FNH:0
FNDA:0,(anonymous_4)
FNDA:0,(anonymous_5)
FNDA:0,(anonymous_6)
FNDA:0,(anonymous_7)
FNDA:0,(anonymous_8)
FNDA:0,(anonymous_9)
FNDA:0,(anonymous_10)
FNDA:0,(anonymous_11)
FNDA:0,(anonymous_12)
FNDA:0,(anonymous_13)
FNDA:0,(anonymous_14)
FNDA:0,(anonymous_15)
FNDA:0,(anonymous_16)
FNDA:0,(anonymous_17)
FNDA:0,(anonymous_18)
FNDA:0,(anonymous_19)
FNDA:0,(anonymous_20)
FNDA:0,(anonymous_21)
FNDA:0,(anonymous_22)
FNDA:0,(anonymous_23)
FNDA:0,(anonymous_24)
FNDA:0,(anonymous_25)
FNDA:0,(anonymous_26)
FNDA:0,(anonymous_27)
FNDA:0,(anonymous_28)
FNDA:0,(anonymous_29)
FNDA:0,(anonymous_30)
FNDA:0,(anonymous_31)
DA:1,58
DA:2,58
DA:4,58
DA:5,58
DA:7,58
DA:8,58
DA:9,58
DA:16,58
DA:17,58
DA:18,58
DA:20,58
DA:21,58
DA:22,58
DA:25,58
DA:27,0
DA:29,0
DA:30,0
DA:34,0
DA:47,0
DA:51,0
DA:52,0
DA:56,0
DA:60,0
DA:61,0
DA:62,0
DA:64,0
DA:65,0
DA:66,0
DA:70,0
DA:74,0
DA:76,0
DA:79,0
DA:80,0
DA:81,0
DA:86,0
DA:87,0
DA:88,0
DA:89,0
DA:95,0
DA:98,0
DA:99,0
DA:103,0
DA:104,0
DA:105,0
DA:113,0
DA:114,0
DA:117,0
DA:118,0
DA:121,0
DA:129,0
DA:130,0
DA:131,0
DA:138,0
DA:139,0
DA:143,0
DA:144,0
DA:146,0
DA:147,0
DA:148,0
DA:152,0
DA:155,0
DA:159,0
DA:161,0
DA:162,0
DA:166,0
DA:172,0
DA:173,0
DA:174,0
DA:179,0
DA:184,0
DA:185,0
DA:187,0
DA:192,0
DA:193,0
DA:194,0
DA:199,0
DA:209,0
DA:210,0
DA:212,0
DA:213,0
DA:218,0
DA:219,0
DA:220,0
DA:221,0
DA:223,0
DA:224,0
DA:226,0
DA:227,0
DA:228,0
DA:230,0
DA:231,0
DA:237,0
DA:238,0
DA:246,0
DA:247,0
DA:248,0
DA:252,0
DA:256,0
DA:257,0
DA:258,0
DA:265,0
DA:273,0
DA:274,0
DA:280,0
DA:284,0
DA:292,0
DA:294,0
DA:296,0
DA:297,0
DA:298,0
DA:300,0
DA:301,0
DA:304,0
DA:307,0
DA:315,0
DA:316,0
DA:318,0
DA:319,0
DA:320,0
DA:322,0
DA:324,0
DA:325,0
DA:328,0
DA:336,0
DA:342,0
DA:343,0
DA:344,0
DA:352,0
DA:354,0
LF:129
LH:14
BRDA:37,0,0,0
BRDA:37,0,1,0
BRDA:38,1,0,0
BRDA:38,1,1,0
BRDA:51,2,0,0
BRDA:61,3,0,0
BRDA:74,4,0,0
BRDA:74,4,1,0
BRDA:74,4,2,0
BRDA:80,5,0,0
BRDA:87,6,0,0
BRDA:88,7,0,0
BRDA:104,8,0,0
BRDA:113,9,0,0
BRDA:117,10,0,0
BRDA:138,11,0,0
BRDA:143,12,0,0
BRDA:147,13,0,0
BRDA:159,14,0,0
BRDA:173,15,0,0
BRDA:193,16,0,0
BRDA:212,17,0,0
BRDA:223,18,0,0
BRDA:226,19,0,0
BRDA:226,20,0,0
BRDA:226,20,1,0
BRDA:237,21,0,0
BRDA:247,22,0,0
BRDA:257,23,0,0
BRDA:273,24,0,0
BRDA:294,25,0,0
BRDA:298,26,0,0
BRDA:298,26,1,0
BRDA:300,27,0,0
BRDA:315,28,0,0
BRDA:322,29,0,0
BRDA:322,29,1,0
BRDA:324,30,0,0
BRDA:348,31,0,0
BRDA:348,31,1,0
BRF:40
BRH:0
end_of_record
TN:
SF:src/domain/common/tagset-template/tagset.template.service.ts
FN:15,(anonymous_4)
FN:21,(anonymous_5)
FN:32,(anonymous_6)
FN:48,(anonymous_7)
FN:60,(anonymous_8)
FN:76,(anonymous_9)
FN:96,(anonymous_10)
FNF:7
FNH:0
FNDA:0,(anonymous_4)
FNDA:0,(anonymous_5)
FNDA:0,(anonymous_6)
FNDA:0,(anonymous_7)
FNDA:0,(anonymous_8)
FNDA:0,(anonymous_9)
FNDA:0,(anonymous_10)
DA:1,54
DA:2,54
DA:3,54
DA:5,54
DA:6,54
DA:7,54
DA:10,54
DA:14,54
DA:17,0
DA:18,0
DA:24,0
DA:36,0
DA:40,0
DA:41,0
DA:45,0
DA:51,0
DA:53,0
DA:56,0
DA:57,0
DA:64,0
DA:65,0
DA:68,0
DA:69,0
DA:73,0
DA:79,0
DA:87,0
DA:88,0
DA:93,0
DA:97,0
LF:29
LH:8
BRDA:40,0,0,0
BRDA:64,1,0,0
BRDA:68,2,0,0
BRDA:87,3,0,0
BRF:4
BRH:0
end_of_record
TN:
SF:src/domain/common/tagset-template-set/tagset.template.set.service.ts
FN:18,(anonymous_4)
FN:25,(anonymous_5)
FN:31,(anonymous_6)
FN:52,(anonymous_7)
FN:68,(anonymous_8)
FN:74,(anonymous_9)
FN:87,(anonymous_10)
FN:100,(anonymous_11)
FNF:8
FNH:0
FNDA:0,(anonymous_4)
FNDA:0,(anonymous_5)
FNDA:0,(anonymous_6)
FNDA:0,(anonymous_7)
FNDA:0,(anonymous_8)
FNDA:0,(anonymous_9)
FNDA:0,(anonymous_10)
FNDA:0,(anonymous_11)
DA:1,54
DA:2,54
DA:3,54
DA:4,54
DA:5,54
DA:9,54
DA:10,54
DA:11,54
DA:17,54
DA:19,0
DA:21,0
DA:22,0
DA:26,0
DA:34,0
DA:41,0
DA:42,0
DA:43,0
DA:47,0
DA:56,0
DA:60,0
DA:61,0
DA:65,0
DA:71,0
DA:77,0
DA:78,0
DA:79,0
DA:84,0
DA:91,0
DA:92,0
DA:93,0
DA:97,0
DA:105,0
DA:108,0
DA:115,0
DA:116,0
DA:118,0
LF:36
LH:9
BRDA:41,0,0,0
BRDA:60,1,0,0
BRDA:78,2,0,0
BRDA:92,3,0,0
BRDA:105,4,0,0
BRF:5
BRH:0
end_of_record
TN:
SF:src/domain/common/visual/visual.service.ts
FN:29,(anonymous_4)
FN:37,(anonymous_5)
FN:57,(anonymous_6)
FN:67,(anonymous_7)
FN:82,(anonymous_8)
FN:140,(anonymous_9)
FN:156,(anonymous_10)
FN:160,(anonymous_11)
FN:164,(anonymous_12)
FN:173,(anonymous_13)
FN:181,(anonymous_14)
FN:189,(anonymous_15)
FN:199,(anonymous_16)
FN:209,(anonymous_17)
FN:219,(anonymous_18)
FN:229,(anonymous_19)
FNF:16
FNH:0
FNDA:0,(anonymous_4)
FNDA:0,(anonymous_5)
FNDA:0,(anonymous_6)
FNDA:0,(anonymous_7)
FNDA:0,(anonymous_8)
FNDA:0,(anonymous_9)
FNDA:0,(anonymous_10)
FNDA:0,(anonymous_11)
FNDA:0,(anonymous_12)
FNDA:0,(anonymous_13)
FNDA:0,(anonymous_14)
FNDA:0,(anonymous_15)
FNDA:0,(anonymous_16)
FNDA:0,(anonymous_17)
FNDA:0,(anonymous_18)
FNDA:0,(anonymous_19)
DA:1,57
DA:2,57
DA:3,57
DA:4,57
DA:8,57
DA:11,57
DA:12,57
DA:13,57
DA:14,57
DA:20,57
DA:21,57
DA:22,57
DA:23,57
DA:24,57
DA:25,57
DA:28,57
DA:30,0
DA:31,0
DA:32,0
DA:34,0
DA:41,0
DA:46,0
DA:50,0
DA:51,0
DA:54,0
DA:58,0
DA:59,0
DA:60,0
DA:61,0
DA:64,0
DA:68,0
DA:69,0
DA:71,0
DA:72,0
DA:74,0
DA:75,0
DA:76,0
DA:90,0
DA:92,0
DA:93,0
DA:98,0
DA:100,0
DA:101,0
DA:102,0
DA:103,0
DA:107,0
DA:109,0
DA:117,0
DA:121,0
DA:125,0
DA:127,0
DA:144,0
DA:148,0
DA:149,0
DA:153,0
DA:157,0
DA:161,0
DA:165,0
DA:166,0
DA:174,0
DA:175,0
DA:182,0
DA:183,0
DA:190,0
DA:200,0
DA:210,0
DA:220,0
DA:230,0
LF:68
LH:16
BRDA:43,0,0,0
BRDA:43,0,1,0
BRDA:50,1,0,0
BRDA:60,2,0,0
BRDA:71,3,0,0
BRDA:92,4,0,0
BRDA:117,5,0,0
BRDA:118,6,0,0
BRDA:118,6,1,0
BRDA:148,7,0,0
BRDA:165,8,0,0
BRDA:174,9,0,0
BRDA:174,10,0,0
BRDA:174,10,1,0
BRDA:182,11,0,0
BRDA:182,12,0,0
BRDA:182,12,1,0
BRF:17
BRH:0
end_of_record
TN:
SF:src/domain/common/whiteboard/whiteboard.service.ts
FN:33,(anonymous_4)
FN:45,(anonymous_5)
FN:84,(anonymous_6)
FN:101,(anonymous_7)
FN:133,(anonymous_8)
FN:170,(anonymous_9)
FN:207,(anonymous_10)
FN:219,(anonymous_11)
FN:239,(anonymous_12)
FN:249,(anonymous_13)
FNF:10
FNH:0
FNDA:0,(anonymous_4)
FNDA:0,(anonymous_5)
FNDA:0,(anonymous_6)
FNDA:0,(anonymous_7)
FNDA:0,(anonymous_8)
FNDA:0,(anonymous_9)
FNDA:0,(anonymous_10)
FNDA:0,(anonymous_11)
FNDA:0,(anonymous_12)
FNDA:0,(anonymous_13)
DA:1,54
DA:2,54
DA:3,54
DA:4,54
DA:9,54
DA:10,54
DA:11,54
DA:13,54
DA:16,54
DA:17,54
DA:18,54
DA:19,54
DA:20,54
DA:21,54
DA:25,54
DA:26,54
DA:27,54
DA:28,54
DA:29,54
DA:32,54
DA:35,0
DA:37,0
DA:38,0
DA:39,0
DA:40,0
DA:41,0
DA:42,0
DA:50,0
DA:53,0
DA:56,0
DA:57,0
DA:59,0
DA:66,0
DA:71,0
DA:76,0
DA:81,0
DA:88,0
DA:93,0
DA:94,0
DA:98,0
DA:102,0
DA:109,0
DA:110,0
DA:116,0
DA:117,0
DA:123,0
DA:124,0
DA:126,0
DA:129,0
DA:130,0
DA:137,0
DA:143,0
DA:144,0
DA:150,0
DA:151,0
DA:154,0
DA:155,0
DA:156,0
DA:159,0
DA:160,0
DA:165,0
DA:167,0
DA:174,0
DA:186,0
DA:188,0
DA:189,0
DA:197,0
DA:202,0
DA:204,0
DA:209,0
DA:213,0
DA:223,0
DA:230,0
DA:231,0
DA:236,0
DA:240,0
DA:253,0
DA:254,0
DA:257,0
DA:259,0
DA:260,0
DA:263,0
DA:273,0
DA:274,0
DA:280,0
DA:281,0
DA:282,0
DA:285,0
DA:286,0
DA:293,0
DA:294,0
DA:299,0
DA:305,0
DA:308,0
DA:309,0
DA:313,0
DA:319,0
LF:97
LH:20
BRDA:60,0,0,0
BRDA:60,0,1,0
BRDA:77,1,0,0
BRDA:77,1,1,0
BRDA:78,2,0,0
BRDA:78,2,1,0
BRDA:93,3,0,0
BRDA:109,4,0,0
BRDA:116,5,0,0
BRDA:143,6,0,0
BRDA:150,7,0,0
BRDA:154,8,0,0
BRDA:155,9,0,0
BRDA:159,10,0,0
BRDA:188,11,0,0
BRDA:230,12,0,0
BRDA:253,13,0,0
BRDA:259,14,0,0
BRDA:273,15,0,0
BRDA:281,16,0,0
BRDA:293,17,0,0
BRDA:293,17,1,0
BRDA:308,18,0,0
BRDA:308,19,0,0
BRDA:308,19,1,0
BRF:25
BRH:0
end_of_record
TN:
SF:src/domain/communication/communication/communication.service.ts
FN:24,(anonymous_4)
FN:32,(anonymous_5)
FN:54,(anonymous_6)
FN:58,(anonymous_7)
FN:68,(anonymous_8)
FN:86,(anonymous_9)
FN:106,(anonymous_10)
FN:123,(anonymous_11)
FN:131,(anonymous_12)
FN:142,(anonymous_13)
FNF:10
FNH:1
FNDA:1,(anonymous_4)
FNDA:0,(anonymous_5)
FNDA:0,(anonymous_6)
FNDA:0,(anonymous_7)
FNDA:0,(anonymous_8)
FNDA:0,(anonymous_9)
FNDA:0,(anonymous_10)
FNDA:0,(anonymous_11)
FNDA:0,(anonymous_12)
FNDA:0,(anonymous_13)
DA:1,54
DA:2,54
DA:3,54
DA:7,54
DA:8,54
DA:9,54
DA:10,54
DA:14,54
DA:15,54
DA:17,54
DA:19,54
DA:20,54
DA:23,54
DA:25,1
DA:26,1
DA:28,1
DA:29,1
DA:36,0
DA:37,0
DA:40,0
DA:43,0
DA:45,0
DA:51,0
DA:55,0
DA:59,0
DA:60,0
DA:65,0
DA:72,0
DA:78,0
DA:79,0
DA:83,0
DA:88,0
DA:92,0
DA:93,0
DA:98,0
DA:102,0
DA:103,0
DA:110,0
DA:112,0
DA:114,0
DA:115,0
DA:120,0
DA:124,0
DA:128,0
DA:132,0
DA:135,0
DA:136,0
DA:137,0
DA:139,0
DA:147,0
DA:151,0
DA:156,0
LF:52
LH:17
BRDA:59,0,0,0
BRDA:78,1,0,0
BRDA:92,2,0,0
BRDA:110,3,0,0
BRDA:110,4,0,0
BRDA:110,4,1,0
BRF:6
BRH:0
end_of_record
TN:
SF:src/domain/communication/conversation/conversation.service.ts
FN:36,(anonymous_4)
FN:53,(anonymous_5)
FN:89,(anonymous_6)
FN:107,(anonymous_7)
FN:220,(anonymous_8)
FN:239,(anonymous_9)
FN:243,(anonymous_10)
FN:315,(anonymous_11)
FN:322,(anonymous_12)
FN:337,(anonymous_13)
FN:410,(anonymous_14)
FN:440,(anonymous_15)
FN:480,(anonymous_16)
FN:505,(anonymous_17)
FNF:14
FNH:0
FNDA:0,(anonymous_4)
FNDA:0,(anonymous_5)
FNDA:0,(anonymous_6)
FNDA:0,(anonymous_7)
FNDA:0,(anonymous_8)
FNDA:0,(anonymous_9)
FNDA:0,(anonymous_10)
FNDA:0,(anonymous_11)
FNDA:0,(anonymous_12)
FNDA:0,(anonymous_13)
FNDA:0,(anonymous_14)
FNDA:0,(anonymous_15)
FNDA:0,(anonymous_16)
FNDA:0,(anonymous_17)
DA:1,57
DA:2,57
DA:3,57
DA:4,57
DA:9,57
DA:10,57
DA:11,57
DA:12,57
DA:13,57
DA:15,57
DA:16,57
DA:18,57
DA:20,57
DA:21,57
DA:22,57
DA:24,57
DA:25,57
DA:27,57
DA:29,57
DA:31,57
DA:32,57
DA:35,57
DA:37,0
DA:38,0
DA:39,0
DA:40,0
DA:41,0
DA:42,0
DA:43,0
DA:45,0
DA:47,0
DA:48,0
DA:56,0
DA:58,0
DA:59,0
DA:60,0
DA:61,0
DA:62,0
DA:64,0
DA:69,0
DA:70,0
DA:74,0
DA:78,0
DA:86,0
DA:95,0
DA:99,0
DA:104,0
DA:111,0
DA:114,0
DA:115,0
DA:120,0
DA:121,0
DA:126,0
DA:127,0
DA:134,0
DA:138,0
DA:139,0
DA:144,0
DA:148,0
DA:149,0
DA:156,0
DA:157,0
DA:159,0
DA:160,0
DA:166,0
DA:167,0
DA:174,0
DA:175,0
DA:181,0
DA:186,0
DA:187,0
DA:191,0
DA:192,0
DA:196,0
DA:200,0
DA:201,0
DA:207,0
DA:210,0
DA:217,0
DA:224,0
DA:229,0
DA:230,0
DA:236,0
DA:240,0
DA:246,0
DA:253,0
DA:258,0
DA:265,0
DA:274,0
DA:275,0
DA:282,0
DA:284,0
DA:288,0
DA:289,0
DA:293,0
DA:300,0
DA:305,0
DA:307,0
DA:310,0
DA:312,0
DA:316,0
DA:319,0
DA:323,0
DA:324,0
DA:325,0
DA:341,0
DA:349,0
DA:353,0
DA:361,0
DA:364,0
DA:365,0
DA:371,0
DA:381,0
DA:386,0
DA:403,0
DA:417,0
DA:421,0
DA:422,0
DA:429,0
DA:432,0
DA:444,0
DA:447,0
DA:448,0
DA:453,0
DA:454,0
DA:460,0
DA:461,0
DA:467,0
DA:472,0
DA:485,0
DA:496,0
DA:497,0
DA:504,0
DA:506,0
DA:510,0
LF:135
LH:22
BRDA:69,0,0,0
BRDA:111,1,0,0
BRDA:111,1,1,0
BRDA:111,1,2,0
BRDA:114,2,0,0
BRDA:120,3,0,0
BRDA:126,4,0,0
BRDA:138,5,0,0
BRDA:148,6,0,0
BRDA:159,7,0,0
BRDA:159,8,0,0
BRDA:159,8,1,0
BRDA:166,9,0,0
BRDA:166,10,0,0
BRDA:166,10,1,0
BRDA:174,11,0,0
BRDA:186,12,0,0
BRDA:191,13,0,0
BRDA:200,14,0,0
BRDA:229,15,0,0
BRDA:253,16,0,0
BRDA:254,17,0,0
BRDA:254,17,1,0
BRDA:254,17,2,0
BRDA:274,18,0,0
BRDA:288,19,0,0
BRDA:288,19,1,0
BRDA:324,20,0,0
BRDA:349,21,0,0
BRDA:350,22,0,0
BRDA:350,22,1,0
BRDA:364,23,0,0
BRDA:421,24,0,0
BRDA:447,25,0,0
BRDA:453,26,0,0
BRDA:460,27,0,0
BRDA:496,28,0,0
BRDA:506,29,0,0
BRDA:506,29,1,0
BRDA:510,30,0,0
BRDA:510,30,1,0
BRF:41
BRH:0
end_of_record
TN:
SF:src/domain/communication/conversations-set/conversations.set.service.ts
FN:29,(anonymous_4)
FN:40,(anonymous_5)
FN:52,(anonymous_6)
FN:68,(anonymous_7)
FN:101,(anonymous_8)
FN:113,(anonymous_9)
FN:125,(anonymous_10)
FN:150,(anonymous_11)
FN:155,(anonymous_12)
FN:180,(anonymous_13)
FN:232,(anonymous_14)
FN:267,(anonymous_15)
FN:273,(anonymous_16)
FN:278,(anonymous_17)
FN:283,(anonymous_18)
FN:288,(anonymous_19)
FN:293,(anonymous_20)
FN:310,(anonymous_21)
FN:316,(anonymous_22)
FNF:19
FNH:0
FNDA:0,(anonymous_4)
FNDA:0,(anonymous_5)
FNDA:0,(anonymous_6)
FNDA:0,(anonymous_7)
FNDA:0,(anonymous_8)
FNDA:0,(anonymous_9)
FNDA:0,(anonymous_10)
FNDA:0,(anonymous_11)
FNDA:0,(anonymous_12)
FNDA:0,(anonymous_13)
FNDA:0,(anonymous_14)
FNDA:0,(anonymous_15)
FNDA:0,(anonymous_16)
FNDA:0,(anonymous_17)
FNDA:0,(anonymous_18)
FNDA:0,(anonymous_19)
FNDA:0,(anonymous_20)
FNDA:0,(anonymous_21)
FNDA:0,(anonymous_22)
DA:1,57
DA:2,57
DA:3,57
DA:4,57
DA:10,57
DA:11,57
DA:12,57
DA:14,57
DA:16,57
DA:18,57
DA:20,57
DA:22,57
DA:23,57
DA:24,57
DA:25,57
DA:28,57
DA:30,0
DA:31,0
DA:33,0
DA:34,0
DA:35,0
DA:36,0
DA:37,0
DA:41,0
DA:43,0
DA:47,0
DA:56,0
DA:60,0
DA:61,0
DA:65,0
DA:71,0
DA:81,0
DA:82,0
DA:88,0
DA:92,0
DA:93,0
DA:96,0
DA:104,0
DA:110,0
DA:116,0
DA:122,0
DA:130,0
DA:139,0
DA:140,0
DA:141,0
DA:149,0
DA:150,0
DA:152,0
DA:154,0
DA:156,0
DA:157,0
DA:162,0
DA:163,0
DA:168,0
DA:171,0
DA:172,0
DA:177,0
DA:179,0
DA:181,0
DA:184,0
DA:185,0
DA:190,0
DA:192,0
DA:197,0
DA:198,0
DA:202,0
DA:203,0
DA:204,0
DA:207,0
DA:211,0
DA:217,0
DA:237,0
DA:246,0
DA:247,0
DA:254,0
DA:260,0
DA:270,0
DA:276,0
DA:277,0
DA:279,0
DA:286,0
DA:287,0
DA:289,0
DA:299,0
DA:303,0
DA:304,0
DA:308,0
DA:309,0
DA:311,0
DA:317,0
LF:90
LH:16
BRDA:60,0,0,0
BRDA:81,1,0,0
BRDA:81,2,0,0
BRDA:81,2,1,0
BRDA:140,3,0,0
BRDA:152,4,0,0
BRDA:152,4,1,0
BRDA:152,4,2,0
BRDA:156,5,0,0
BRDA:162,6,0,0
BRDA:171,7,0,0
BRDA:184,8,0,0
BRDA:197,9,0,0
BRDA:207,10,0,0
BRDA:208,11,0,0
BRDA:208,11,1,0
BRDA:246,12,0,0
BRDA:303,13,0,0
BRDA:311,14,0,0
BRDA:311,14,1,0
BRF:20
BRH:0
end_of_record
TN:
SF:src/domain/communication/message.details/message.details.service.ts
FN:14,(anonymous_2)
FN:20,(anonymous_3)
FN:41,(anonymous_4)
FNF:3
FNH:0
FNDA:0,(anonymous_2)
FNDA:0,(anonymous_3)
FNDA:0,(anonymous_4)
DA:1,54
DA:3,54
DA:4,54
DA:5,54
DA:7,54
DA:8,54
DA:9,54
DA:10,54
DA:13,54
DA:15,0
DA:16,0
DA:17,0
DA:24,0
DA:28,0
DA:32,0
DA:45,0
DA:48,0
DA:49,0
DA:57,0
DA:61,0
DA:70,0
DA:71,0
DA:82,0
DA:83,0
DA:92,0
DA:98,0
LF:26
LH:9
BRDA:45,0,0,0
BRDA:45,0,1,0
BRDA:45,0,2,0
BRDA:45,0,3,0
BRDA:45,0,4,0
BRDA:45,0,5,0
BRF:6
BRH:0
end_of_record
TN:
SF:src/domain/communication/room/room.service.ts
FN:28,(anonymous_4)
FN:38,(anonymous_5)
FN:47,(anonymous_6)
FN:63,(anonymous_7)
FN:101,(anonymous_8)
FN:105,(anonymous_9)
FN:120,(anonymous_10)
FN:135,(anonymous_11)
FN:178,(anonymous_12)
FN:202,(anonymous_13)
FN:222,(anonymous_14)
FN:241,(anonymous_15)
FNF:12
FNH:0
FNDA:0,(anonymous_4)
FNDA:0,(anonymous_5)
FNDA:0,(anonymous_6)
FNDA:0,(anonymous_7)
FNDA:0,(anonymous_8)
FNDA:0,(anonymous_9)
FNDA:0,(anonymous_10)
FNDA:0,(anonymous_11)
FNDA:0,(anonymous_12)
FNDA:0,(anonymous_13)
FNDA:0,(anonymous_14)
FNDA:0,(anonymous_15)
DA:1,57
DA:2,57
DA:3,57
DA:4,57
DA:5,57
DA:6,57
DA:7,57
DA:9,57
DA:11,57
DA:12,57
DA:13,57
DA:18,57
DA:19,57
DA:20,57
DA:27,57
DA:30,0
DA:31,0
DA:32,0
DA:33,0
DA:34,0
DA:35,0
DA:39,0
DA:40,0
DA:41,0
DA:42,0
DA:43,0
DA:44,0
DA:51,0
DA:55,0
DA:56,0
DA:60,0
DA:64,0
DA:69,0
DA:70,0
DA:75,0
DA:76,0
DA:78,0
DA:81,0
DA:82,0
DA:83,0
DA:87,0
DA:91,0
DA:95,0
DA:97,0
DA:98,0
DA:102,0
DA:106,0
DA:108,0
DA:109,0
DA:110,0
DA:114,0
DA:115,0
DA:117,0
DA:125,0
DA:130,0
DA:131,0
DA:132,0
DA:138,0
DA:139,0
DA:140,0
DA:141,0
DA:145,0
DA:150,0
DA:154,0
DA:158,0
DA:163,0
DA:169,0
DA:175,0
DA:184,0
DA:190,0
DA:191,0
DA:198,0
DA:199,0
DA:208,0
DA:213,0
DA:219,0
DA:223,0
DA:227,0
DA:228,0
DA:233,0
DA:236,0
DA:238,0
DA:242,0
DA:246,0
DA:247,0
DA:252,0
DA:255,0
DA:257,0
LF:88
LH:15
BRDA:55,0,0,0
BRDA:69,1,0,0
BRDA:81,2,0,0
BRDA:81,2,1,0
BRDA:82,3,0,0
BRDA:82,4,0,0
BRDA:82,4,1,0
BRDA:109,5,0,0
BRDA:139,6,0,0
BRDA:139,6,1,0
BRDA:140,7,0,0
BRDA:140,8,0,0
BRDA:140,8,1,0
BRDA:227,9,0,0
BRDA:238,10,0,0
BRDA:238,10,1,0
BRDA:246,11,0,0
BRDA:257,12,0,0
BRDA:257,12,1,0
BRF:19
BRH:0
end_of_record
TN:
SF:src/domain/communication/room-lookup/room.lookup.service.ts
FN:26,(anonymous_4)
FN:36,(anonymous_5)
FN:49,(anonymous_6)
FN:55,(anonymous_7)
FN:69,(anonymous_8)
FN:81,(anonymous_9)
FN:89,(anonymous_10)
FN:111,(anonymous_11)
FN:128,(anonymous_12)
FN:144,(anonymous_13)
FN:154,(anonymous_14)
FN:190,(anonymous_15)
FN:214,(anonymous_16)
FN:262,(anonymous_17)
FN:301,(anonymous_18)
FNF:15
FNH:0
FNDA:0,(anonymous_4)
FNDA:0,(anonymous_5)
FNDA:0,(anonymous_6)
FNDA:0,(anonymous_7)
FNDA:0,(anonymous_8)
FNDA:0,(anonymous_9)
FNDA:0,(anonymous_10)
FNDA:0,(anonymous_11)
FNDA:0,(anonymous_12)
FNDA:0,(anonymous_13)
FNDA:0,(anonymous_14)
FNDA:0,(anonymous_15)
FNDA:0,(anonymous_16)
FNDA:0,(anonymous_17)
FNDA:0,(anonymous_18)
DA:1,57
DA:2,57
DA:3,57
DA:4,57
DA:8,57
DA:10,57
DA:11,57
DA:12,57
DA:13,57
DA:15,57
DA:25,57
DA:27,0
DA:28,0
DA:29,0
DA:31,0
DA:33,0
DA:40,0
DA:44,0
DA:48,0
DA:49,0
DA:52,0
DA:59,0
DA:63,0
DA:64,0
DA:69,0
DA:71,0
DA:72,0
DA:78,0
DA:82,0
DA:86,0
DA:92,0
DA:97,0
DA:98,0
DA:105,0
DA:106,0
DA:107,0
DA:108,0
DA:112,0
DA:119,0
DA:120,0
DA:125,0
DA:132,0
DA:136,0
DA:137,0
DA:141,0
DA:147,0
DA:148,0
DA:151,0
DA:155,0
DA:156,0
DA:157,0
DA:158,0
DA:159,0
DA:160,0
DA:165,0
DA:175,0
DA:176,0
DA:177,0
DA:178,0
DA:183,0
DA:187,0
DA:196,0
DA:201,0
DA:202,0
DA:208,0
DA:209,0
DA:210,0
DA:211,0
DA:221,0
DA:227,0
DA:230,0
DA:240,0
DA:241,0
DA:243,0
DA:244,0
DA:246,0
DA:266,0
DA:267,0
DA:269,0
DA:270,0
DA:271,0
DA:277,0
DA:280,0
DA:281,0
DA:287,0
DA:288,0
DA:291,0
DA:292,0
DA:298,0
DA:305,0
DA:306,0
DA:307,0
DA:308,0
DA:313,0
DA:315,0
DA:319,0
LF:96
LH:11
BRDA:49,0,0,0
BRDA:49,0,1,0
BRDA:71,1,0,0
BRDA:97,2,0,0
BRDA:119,3,0,0
BRDA:136,4,0,0
BRDA:177,5,0,0
BRDA:177,5,1,0
BRDA:227,6,0,0
BRDA:227,6,1,0
BRDA:267,7,0,0
BRDA:270,8,0,0
BRDA:270,8,1,0
BRDA:280,9,0,0
BRDA:287,10,0,0
BRDA:291,11,0,0
BRF:16
BRH:0
end_of_record
TN:
SF:src/domain/communication/room-mentions/room.mentions.service.ts
FN:30,(anonymous_4)
FN:43,(anonymous_5)
FN:56,(anonymous_6)
FN:72,(anonymous_7)
FN:75,(anonymous_8)
FN:84,(anonymous_9)
FN:116,(anonymous_10)
FN:131,(anonymous_11)
FN:161,(anonymous_12)
FNF:9
FNH:2
FNDA:17,(anonymous_4)
FNDA:0,(anonymous_5)
FNDA:0,(anonymous_6)
FNDA:0,(anonymous_7)
FNDA:0,(anonymous_8)
FNDA:0,(anonymous_9)
FNDA:0,(anonymous_10)
FNDA:0,(anonymous_11)
FNDA:17,(anonymous_12)
DA:1,54
DA:6,54
DA:7,54
DA:8,54
DA:9,54
DA:10,54
DA:11,54
DA:12,54
DA:13,54
DA:14,54
DA:17,54
DA:19,54
DA:20,54
DA:24,54
DA:25,17
DA:31,17
DA:32,17
DA:33,17
DA:34,17
DA:35,17
DA:36,17
DA:37,17
DA:38,17
DA:40,17
DA:44,0
DA:50,0
DA:53,0
DA:60,0
DA:65,0
DA:66,0
DA:72,0
DA:82,0
DA:83,0
DA:85,0
DA:89,0
DA:91,0
DA:92,0
DA:96,0
DA:97,0
DA:104,0
DA:122,0
DA:128,0
DA:134,0
DA:135,0
DA:136,0
DA:142,0
DA:146,0
DA:148,0
DA:154,0
DA:162,17
DA:163,17
DA:164,17
DA:165,17
DA:166,0
DA:171,17
DA:173,9
DA:176,9
DA:180,8
DA:182,8
DA:185,8
DA:189,0
DA:193,0
DA:196,0
DA:202,17
LF:64
LH:35
BRDA:65,0,0,0
BRDA:96,1,0,0
BRDA:135,2,0,0
BRDA:146,3,0,0
BRDA:165,4,0,0
BRDA:171,5,0,9
BRDA:171,5,1,8
BRDA:180,6,0,8
BRDA:180,6,1,0
BRDA:189,7,0,0
BRF:10
BRH:3
end_of_record
TN:
SF:src/domain/communication/vc-interaction/vc.interaction.service.ts
FN:12,(anonymous_4)
FN:17,(anonymous_5)
FN:26,(anonymous_6)
FN:44,(anonymous_7)
FN:48,(anonymous_8)
FN:60,(anonymous_9)
FN:74,(anonymous_10)
FNF:7
FNH:0
FNDA:0,(anonymous_4)
FNDA:0,(anonymous_5)
FNDA:0,(anonymous_6)
FNDA:0,(anonymous_7)
FNDA:0,(anonymous_8)
FNDA:0,(anonymous_9)
FNDA:0,(anonymous_10)
DA:1,57
DA:2,57
DA:3,57
DA:4,57
DA:5,57
DA:6,57
DA:11,57
DA:14,0
DA:20,0
DA:21,0
DA:22,0
DA:23,0
DA:30,0
DA:36,0
DA:37,0
DA:41,0
DA:45,0
DA:49,0
DA:52,0
DA:53,0
DA:57,0
DA:64,0
DA:75,0
DA:76,0
LF:24
LH:7
BRDA:28,0,0,0
BRDA:36,1,0,0
BRDA:52,2,0,0
BRF:3
BRH:0
end_of_record
TN:
SF:src/domain/communication/virtual.contributor.message/virtual.contributor.message.service.ts
FN:20,(anonymous_4)
FN:27,(anonymous_5)
FN:68,(anonymous_6)
FNF:3
FNH:0
FNDA:0,(anonymous_4)
FNDA:0,(anonymous_5)
FNDA:0,(anonymous_6)
DA:1,54
DA:2,54
DA:3,54
DA:7,54
DA:8,54
DA:12,54
DA:14,54
DA:15,54
DA:16,54
DA:19,54
DA:21,0
DA:22,0
DA:23,0
DA:24,0
DA:37,0
DA:42,0
DA:43,0
DA:49,0
DA:65,0
DA:72,0
DA:82,0
DA:83,0
DA:89,0
DA:94,0
DA:105,0
DA:109,0
DA:113,0
DA:114,0
DA:118,0
DA:121,0
LF:30
LH:10
BRDA:34,0,0,0
BRDA:42,1,0,0
BRDA:82,2,0,0
BRDA:105,3,0,0
BRF:4
BRH:0
end_of_record
TN:
SF:src/domain/community/community/community.service.ts
FN:28,(anonymous_4)
FN:40,(anonymous_5)
FN:60,(anonymous_6)
FN:89,(anonymous_7)
FN:103,(anonymous_8)
FN:117,(anonymous_9)
FN:129,(anonymous_10)
FN:145,(anonymous_11)
FN:186,(anonymous_12)
FN:190,(anonymous_13)
FN:196,(anonymous_14)
FN:210,(anonymous_15)
FN:228,(anonymous_16)
FNF:13
FNH:1
FNDA:1,(anonymous_4)
FNDA:0,(anonymous_5)
FNDA:0,(anonymous_6)
FNDA:0,(anonymous_7)
FNDA:0,(anonymous_8)
FNDA:0,(anonymous_9)
FNDA:0,(anonymous_10)
FNDA:0,(anonymous_11)
FNDA:0,(anonymous_12)
FNDA:0,(anonymous_13)
FNDA:0,(anonymous_14)
FNDA:0,(anonymous_15)
FNDA:0,(anonymous_16)
DA:2,54
DA:3,54
DA:4,54
DA:5,54
DA:10,54
DA:11,54
DA:13,54
DA:14,54
DA:15,54
DA:16,54
DA:18,54
DA:19,54
DA:20,54
DA:22,54
DA:23,54
DA:27,54
DA:29,1
DA:30,1
DA:31,1
DA:32,1
DA:33,1
DA:34,1
DA:36,1
DA:37,1
DA:43,0
DA:44,0
DA:47,0
DA:51,0
DA:52,0
DA:57,0
DA:61,0
DA:62,0
DA:64,0
DA:70,0
DA:75,0
DA:78,0
DA:83,0
DA:85,0
DA:90,0
DA:93,0
DA:94,0
DA:99,0
DA:107,0
DA:110,0
DA:111,0
DA:116,0
DA:117,0
DA:119,0
DA:120,0
DA:126,0
DA:133,0
DA:137,0
DA:138,0
DA:142,0
DA:147,0
DA:154,0
DA:160,0
DA:166,0
DA:169,0
DA:170,0
DA:175,0
DA:176,0
DA:178,0
DA:182,0
DA:183,0
DA:187,0
DA:191,0
DA:197,0
DA:201,0
DA:202,0
DA:207,0
DA:214,0
DA:218,0
DA:219,0
DA:220,0
DA:225,0
DA:231,0
LF:77
LH:24
BRDA:93,0,0,0
BRDA:110,1,0,0
BRDA:119,2,0,0
BRDA:137,3,0,0
BRDA:154,4,0,0
BRDA:155,5,0,0
BRDA:155,5,1,0
BRDA:155,5,2,0
BRDA:155,5,3,0
BRDA:175,6,0,0
BRDA:201,7,0,0
BRDA:219,8,0,0
BRF:12
BRH:0
end_of_record
TN:
SF:src/domain/community/community-communication/community.communication.service.ts
FN:11,(anonymous_4)
FN:16,(anonymous_5)
FN:22,(anonymous_6)
FN:31,(anonymous_7)
FN:37,(anonymous_8)
FNF:5
FNH:0
FNDA:0,(anonymous_4)
FNDA:0,(anonymous_5)
FNDA:0,(anonymous_6)
FNDA:0,(anonymous_7)
FNDA:0,(anonymous_8)
DA:1,54
DA:2,54
DA:4,54
DA:6,54
DA:10,54
DA:12,0
DA:13,0
DA:20,0
DA:23,0
DA:35,0
DA:38,0
LF:11
LH:5
BRF:0
BRH:0
end_of_record
TN:
SF:src/domain/community/community-guidelines/community.guidelines.service.ts
FN:23,(anonymous_4)
FN:30,(anonymous_5)
FN:65,(anonymous_6)
FN:71,(anonymous_7)
FN:83,(anonymous_8)
FN:102,(anonymous_9)
FN:121,(anonymous_10)
FN:139,(anonymous_11)
FNF:8
FNH:0
FNDA:0,(anonymous_4)
FNDA:0,(anonymous_5)
FNDA:0,(anonymous_6)
FNDA:0,(anonymous_7)
FNDA:0,(anonymous_8)
FNDA:0,(anonymous_9)
FNDA:0,(anonymous_10)
FNDA:0,(anonymous_11)
DA:1,54
DA:2,54
DA:3,54
DA:4,54
DA:8,54
DA:10,54
DA:11,54
DA:12,54
DA:13,54
DA:14,54
DA:16,54
DA:18,54
DA:19,54
DA:22,54
DA:24,0
DA:25,0
DA:27,0
DA:34,0
DA:35,0
DA:39,0
DA:44,0
DA:50,0
DA:56,0
DA:62,0
DA:68,0
DA:75,0
DA:80,0
DA:86,0
DA:94,0
DA:97,0
DA:99,0
DA:105,0
DA:112,0
DA:114,0
DA:117,0
DA:118,0
DA:126,0
DA:131,0
DA:132,0
DA:136,0
DA:143,0
DA:149,0
DA:150,0
DA:155,0
LF:44
LH:14
BRDA:131,0,0,0
BRDA:149,1,0,0
BRF:2
BRH:0
end_of_record
TN:
SF:src/domain/community/contributor/contributor.service.ts
FN:30,(anonymous_4)
FN:42,(anonymous_5)
FN:54,(anonymous_6)
FN:63,(anonymous_7)
FN:94,(anonymous_8)
FN:112,(anonymous_9)
FN:141,(anonymous_10)
FN:151,(anonymous_11)
FN:164,(anonymous_12)
FN:181,(anonymous_13)
FNF:10
FNH:0
FNDA:0,(anonymous_4)
FNDA:0,(anonymous_5)
FNDA:0,(anonymous_6)
FNDA:0,(anonymous_7)
FNDA:0,(anonymous_8)
FNDA:0,(anonymous_9)
FNDA:0,(anonymous_10)
FNDA:0,(anonymous_11)
FNDA:0,(anonymous_12)
FNDA:0,(anonymous_13)
DA:1,57
DA:2,57
DA:3,57
DA:5,57
DA:6,57
DA:7,57
DA:12,57
DA:14,57
DA:15,57
DA:16,57
DA:18,57
DA:20,57
DA:21,57
DA:22,57
DA:24,57
DA:25,57
DA:26,57
DA:29,57
DA:31,0
DA:32,0
DA:34,0
DA:35,0
DA:36,0
DA:37,0
DA:39,0
DA:45,0
DA:46,0
DA:48,0
DA:51,0
DA:61,0
DA:62,0
DA:63,0
DA:65,0
DA:66,0
DA:68,0
DA:69,0
DA:71,0
DA:74,0
DA:75,0
DA:76,0
DA:78,0
DA:83,0
DA:89,0
DA:98,0
DA:104,0
DA:105,0
DA:106,0
DA:111,0
DA:112,0
DA:114,0
DA:115,0
DA:121,0
DA:123,0
DA:129,0
DA:130,0
DA:133,0
DA:138,0
DA:145,0
DA:155,0
DA:156,0
DA:157,0
DA:161,0
DA:167,0
DA:171,0
DA:172,0
DA:177,0
DA:185,0
DA:186,0
DA:187,0
DA:189,0
DA:193,0
DA:195,0
DA:202,0
DA:204,0
DA:211,0
DA:213,0
DA:214,0
DA:219,0
LF:78
LH:18
BRDA:51,0,0,0
BRDA:51,0,1,0
BRDA:66,1,0,0
BRDA:66,1,1,0
BRDA:66,2,0,0
BRDA:66,2,1,0
BRDA:69,3,0,0
BRDA:69,3,1,0
BRDA:69,4,0,0
BRDA:69,4,1,0
BRDA:75,5,0,0
BRDA:105,6,0,0
BRDA:105,7,0,0
BRDA:105,7,1,0
BRDA:114,8,0,0
BRDA:156,9,0,0
BRDA:171,10,0,0
BRDA:187,11,0,0
BRDA:187,11,1,0
BRDA:187,11,2,0
BRDA:213,12,0,0
BRF:21
BRH:0
end_of_record
TN:
SF:src/domain/community/organization/organization.service.ts
FN:69,(anonymous_4)
FN:87,(anonymous_5)
FN:218,(anonymous_6)
FN:235,(anonymous_7)
FN:248,(anonymous_8)
FN:259,(anonymous_9)
FN:281,(anonymous_10)
FN:292,(anonymous_11)
FN:331,(anonymous_12)
FN:404,(anonymous_13)
FN:416,(anonymous_14)
FN:429,(anonymous_15)
FN:435,(anonymous_16)
FN:462,(anonymous_17)
FN:484,(anonymous_18)
FN:500,(anonymous_19)
FN:533,(anonymous_20)
FN:537,(anonymous_21)
FN:554,(anonymous_22)
FN:574,(anonymous_23)
FN:598,(anonymous_24)
FN:616,(anonymous_25)
FN:626,(anonymous_26)
FNF:23
FNH:1
FNDA:1,(anonymous_4)
FNDA:0,(anonymous_5)
FNDA:0,(anonymous_6)
FNDA:0,(anonymous_7)
FNDA:0,(anonymous_8)
FNDA:0,(anonymous_9)
FNDA:0,(anonymous_10)
FNDA:0,(anonymous_11)
FNDA:0,(anonymous_12)
FNDA:0,(anonymous_13)
FNDA:0,(anonymous_14)
FNDA:0,(anonymous_15)
FNDA:0,(anonymous_16)
FNDA:0,(anonymous_17)
FNDA:0,(anonymous_18)
FNDA:0,(anonymous_19)
FNDA:0,(anonymous_20)
FNDA:0,(anonymous_21)
FNDA:0,(anonymous_22)
FNDA:0,(anonymous_23)
FNDA:0,(anonymous_24)
FNDA:0,(anonymous_25)
FNDA:0,(anonymous_26)
DA:1,53
DA:2,53
DA:3,53
DA:4,53
DA:5,53
DA:12,53
DA:13,53
DA:14,53
DA:21,53
DA:23,53
DA:24,53
DA:25,53
DA:27,53
DA:30,53
DA:34,53
DA:37,53
DA:39,53
DA:41,53
DA:42,53
DA:43,53
DA:45,53
DA:46,53
DA:47,53
DA:48,53
DA:49,53
DA:52,53
DA:54,53
DA:55,53
DA:57,53
DA:58,53
DA:60,53
DA:61,53
DA:62,53
DA:63,53
DA:65,53
DA:68,53
DA:70,1
DA:71,1
DA:72,1
DA:73,1
DA:74,1
DA:75,1
DA:76,1
DA:77,1
DA:78,1
DA:79,1
DA:80,1
DA:81,1
DA:83,1
DA:84,1
DA:91,0
DA:93,0
DA:94,0
DA:96,0
DA:100,0
DA:104,0
DA:105,0
DA:109,0
DA:115,0
DA:117,0
DA:119,0
DA:124,0
DA:127,0
DA:132,0
DA:136,0
DA:141,0
DA:148,0
DA:150,0
DA:153,0
DA:156,0
DA:159,0
DA:161,0
DA:162,0
DA:166,0
DA:171,0
DA:175,0
DA:177,0
DA:183,0
DA:184,0
DA:191,0
DA:192,0
DA:200,0
DA:209,0
DA:210,0
DA:215,0
DA:219,0
DA:226,0
DA:227,0
DA:232,0
DA:236,0
DA:245,0
DA:249,0
DA:252,0
DA:253,0
DA:263,0
DA:264,0
DA:266,0
DA:267,0
DA:269,0
DA:274,0
DA:275,0
DA:285,0
DA:289,0
DA:295,0
DA:299,0
DA:305,0
DA:306,0
DA:312,0
DA:313,0
DA:316,0
DA:317,0
DA:320,0
DA:321,0
DA:324,0
DA:325,0
DA:328,0
DA:334,0
DA:335,0
DA:346,0
DA:352,0
DA:359,0
DA:362,0
DA:363,0
DA:369,0
DA:371,0
DA:372,0
DA:377,0
DA:378,0
DA:379,0
DA:385,0
DA:386,0
DA:389,0
DA:391,0
DA:395,0
DA:397,0
DA:400,0
DA:401,0
DA:408,0
DA:413,0
DA:420,0
DA:421,0
DA:422,0
DA:426,0
DA:430,0
DA:436,0
DA:437,0
DA:438,0
DA:443,0
DA:444,0
DA:445,0
DA:446,0
DA:456,0
DA:459,0
DA:467,0
DA:468,0
DA:470,0
DA:471,0
DA:477,0
DA:478,0
DA:481,0
DA:485,0
DA:486,0
DA:488,0
DA:493,0
DA:494,0
DA:495,0
DA:497,0
DA:501,0
DA:502,0
DA:504,0
DA:508,0
DA:517,0
DA:518,0
DA:523,0
DA:528,0
DA:530,0
DA:534,0
DA:538,0
DA:544,0
DA:545,0
DA:546,0
DA:551,0
DA:555,0
DA:565,0
DA:566,0
DA:567,0
DA:571,0
DA:577,0
DA:586,0
DA:588,0
DA:589,0
DA:595,0
DA:601,0
DA:607,0
DA:608,0
DA:613,0
DA:617,0
DA:619,0
DA:620,0
DA:627,0
DA:628,0
DA:630,0
DA:631,0
DA:632,0
DA:640,0
LF:205
LH:50
BRDA:91,0,0,0
BRDA:91,0,1,0
BRDA:183,1,0,0
BRDA:183,2,0,0
BRDA:183,2,1,0
BRDA:191,3,0,0
BRDA:209,4,0,0
BRDA:209,4,1,0
BRDA:226,5,0,0
BRDA:252,6,0,0
BRDA:263,7,0,0
BRDA:266,8,0,0
BRDA:274,9,0,0
BRDA:305,10,0,0
BRDA:305,11,0,0
BRDA:305,11,1,0
BRDA:312,12,0,0
BRDA:316,13,0,0
BRDA:320,14,0,0
BRDA:324,15,0,0
BRDA:346,16,0,0
BRDA:347,17,0,0
BRDA:347,17,1,0
BRDA:347,17,2,0
BRDA:347,17,3,0
BRDA:362,18,0,0
BRDA:371,19,0,0
BRDA:377,20,0,0
BRDA:385,21,0,0
BRDA:421,22,0,0
BRDA:437,23,0,0
BRDA:437,23,1,0
BRDA:445,24,0,0
BRDA:445,24,1,0
BRDA:470,25,0,0
BRDA:477,26,0,0
BRDA:517,27,0,0
BRDA:545,28,0,0
BRDA:566,29,0,0
BRDA:588,30,0,0
BRDA:607,31,0,0
BRDA:630,32,0,0
BRF:42
BRH:0
end_of_record
TN:
SF:src/domain/community/organization-lookup/organization.lookup.service.ts
FN:16,(anonymous_4)
FN:23,(anonymous_5)
FN:38,(anonymous_6)
FN:54,(anonymous_7)
FN:80,(anonymous_8)
FN:98,(anonymous_9)
FN:113,(anonymous_10)
FN:128,(anonymous_11)
FN:144,(anonymous_12)
FNF:9
FNH:0
FNDA:0,(anonymous_4)
FNDA:0,(anonymous_5)
FNDA:0,(anonymous_6)
FNDA:0,(anonymous_7)
FNDA:0,(anonymous_8)
FNDA:0,(anonymous_9)
FNDA:0,(anonymous_10)
FNDA:0,(anonymous_11)
FNDA:0,(anonymous_12)
DA:1,54
DA:2,54
DA:3,54
DA:4,54
DA:5,54
DA:9,54
DA:10,54
DA:15,54
DA:18,0
DA:20,0
DA:27,0
DA:35,0
DA:41,0
DA:45,0
DA:46,0
DA:51,0
DA:58,0
DA:60,0
DA:77,0
DA:83,0
DA:85,0
DA:95,0
DA:102,0
DA:110,0
DA:117,0
DA:125,0
DA:132,0
DA:136,0
DA:137,0
DA:141,0
DA:148,0
DA:152,0
DA:153,0
DA:157,0
LF:34
LH:8
BRDA:45,0,0,0
BRDA:58,1,0,0
BRDA:58,1,1,0
BRDA:83,2,0,0
BRDA:83,2,1,0
BRDA:136,3,0,0
BRDA:152,4,0,0
BRF:7
BRH:0
end_of_record
TN:
SF:src/domain/community/organization-settings/organization.settings.service.ts
FN:8,(anonymous_4)
FN:12,(anonymous_5)
FNF:2
FNH:0
FNDA:0,(anonymous_4)
FNDA:0,(anonymous_5)
DA:1,53
DA:2,53
DA:7,53
DA:9,0
DA:16,0
DA:17,0
DA:18,0
DA:22,0
DA:23,0
DA:24,0
DA:28,0
LF:11
LH:3
BRDA:16,0,0,0
BRDA:17,1,0,0
BRDA:22,2,0,0
BRDA:23,3,0,0
BRF:4
BRH:0
end_of_record
TN:
SF:src/domain/community/organization-verification/organization.verification.service.ts
FN:17,(anonymous_4)
FN:24,(anonymous_5)
FN:47,(anonymous_6)
FN:73,(anonymous_7)
FN:80,(anonymous_8)
FNF:5
FNH:0
FNDA:0,(anonymous_4)
FNDA:0,(anonymous_5)
FNDA:0,(anonymous_6)
FNDA:0,(anonymous_7)
FNDA:0,(anonymous_8)
DA:1,53
DA:2,53
DA:3,53
DA:4,53
DA:7,53
DA:8,53
DA:9,53
DA:10,53
DA:11,53
DA:12,53
DA:13,53
DA:16,53
DA:19,0
DA:20,0
DA:21,0
DA:28,0
DA:30,0
DA:31,0
DA:36,0
DA:41,0
DA:44,0
DA:51,0
DA:55,0
DA:56,0
DA:60,0
DA:61,0
DA:66,0
DA:69,0
DA:70,0
DA:76,0
DA:85,0
DA:89,0
DA:90,0
DA:94,0
LF:34
LH:12
BRDA:55,0,0,0
BRDA:60,1,0,0
BRDA:89,2,0,0
BRF:3
BRH:0
end_of_record
TN:
SF:src/domain/community/user/user.service.ts
FN:75,(anonymous_4)
FN:98,(anonymous_5)
FN:102,(anonymous_6)
FN:112,(anonymous_7)
FN:119,(anonymous_8)
FN:224,(anonymous_9)
FN:255,(anonymous_10)
FN:319,(anonymous_11)
FN:331,(anonymous_12)
FN:350,(anonymous_13)
FN:368,(anonymous_14)
FN:407,(anonymous_15)
FN:422,(anonymous_16)
FN:427,(anonymous_17)
FN:443,(anonymous_18)
FN:454,(anonymous_19)
FN:523,(anonymous_20)
FN:527,(anonymous_21)
FN:549,(anonymous_22)
FN:566,(anonymous_23)
FN:570,(anonymous_24)
FN:595,(anonymous_25)
FN:601,(anonymous_26)
FN:623,(anonymous_27)
FN:653,(anonymous_28)
FN:664,(anonymous_29)
FN:688,(anonymous_30)
FN:699,(anonymous_31)
FN:738,(anonymous_32)
FN:771,(anonymous_33)
FN:785,(anonymous_34)
FN:805,(anonymous_35)
FNF:32
FNH:4
FNDA:4,(anonymous_4)
FNDA:1,(anonymous_5)
FNDA:1,(anonymous_6)
FNDA:0,(anonymous_7)
FNDA:0,(anonymous_8)
FNDA:0,(anonymous_9)
FNDA:0,(anonymous_10)
FNDA:0,(anonymous_11)
FNDA:0,(anonymous_12)
FNDA:0,(anonymous_13)
FNDA:3,(anonymous_14)
FNDA:0,(anonymous_15)
FNDA:0,(anonymous_16)
FNDA:0,(anonymous_17)
FNDA:0,(anonymous_18)
FNDA:0,(anonymous_19)
FNDA:0,(anonymous_20)
FNDA:0,(anonymous_21)
FNDA:0,(anonymous_22)
FNDA:0,(anonymous_23)
FNDA:0,(anonymous_24)
FNDA:0,(anonymous_25)
FNDA:0,(anonymous_26)
FNDA:0,(anonymous_27)
FNDA:0,(anonymous_28)
FNDA:0,(anonymous_29)
FNDA:0,(anonymous_30)
FNDA:0,(anonymous_31)
FNDA:0,(anonymous_32)
FNDA:0,(anonymous_33)
FNDA:0,(anonymous_34)
FNDA:0,(anonymous_35)
DA:1,57
DA:2,57
DA:9,57
DA:11,57
DA:12,57
DA:13,57
DA:19,57
DA:20,57
DA:21,57
DA:22,57
DA:24,57
DA:25,57
DA:26,57
DA:27,57
DA:30,57
DA:32,57
DA:35,57
DA:38,57
DA:39,57
DA:41,57
DA:43,57
DA:46,57
DA:48,57
DA:49,57
DA:50,57
DA:51,57
DA:52,57
DA:53,57
DA:54,57
DA:56,57
DA:57,57
DA:58,57
DA:59,57
DA:60,57
DA:61,57
DA:63,57
DA:64,57
DA:65,57
DA:67,57
DA:68,57
DA:72,57
DA:73,4
DA:76,4
DA:77,4
DA:78,4
DA:79,4
DA:80,4
DA:81,4
DA:82,4
DA:83,4
DA:84,4
DA:85,4
DA:86,4
DA:87,4
DA:88,4
DA:89,4
DA:90,4
DA:92,4
DA:94,4
DA:95,4
DA:99,1
DA:103,1
DA:104,1
DA:113,0
DA:114,0
DA:116,0
DA:123,0
DA:125,0
DA:126,0
DA:128,0
DA:131,0
DA:133,0
DA:136,0
DA:137,0
DA:141,0
DA:142,0
DA:145,0
DA:148,0
DA:154,0
DA:160,0
DA:164,0
DA:168,0
DA:176,0
DA:180,0
DA:181,0
DA:183,0
DA:184,0
DA:185,0
DA:188,0
DA:191,0
DA:196,0
DA:199,0
DA:201,0
DA:203,0
DA:208,0
DA:214,0
DA:216,0
DA:219,0
DA:221,0
DA:228,0
DA:229,0
DA:241,0
DA:246,0
DA:256,0
DA:316,0
DA:323,0
DA:328,0
DA:335,0
DA:336,0
DA:337,0
DA:342,0
DA:343,0
DA:346,0
DA:347,0
DA:348,0
DA:349,0
DA:351,0
DA:354,0
DA:355,0
DA:360,0
DA:365,0
DA:370,3
DA:371,3
DA:372,0
DA:378,3
DA:382,3
DA:383,2
DA:384,1
DA:386,2
DA:389,1
DA:404,1
DA:408,0
DA:409,0
DA:412,0
DA:413,0
DA:414,0
DA:415,0
DA:419,0
DA:423,0
DA:424,0
DA:430,0
DA:433,0
DA:434,0
DA:439,0
DA:440,0
DA:444,0
DA:447,0
DA:448,0
DA:455,0
DA:456,0
DA:466,0
DA:474,0
DA:482,0
DA:483,0
DA:484,0
DA:489,0
DA:491,0
DA:493,0
DA:495,0
DA:497,0
DA:499,0
DA:501,0
DA:503,0
DA:509,0
DA:510,0
DA:513,0
DA:517,0
DA:524,0
DA:531,0
DA:532,0
DA:537,0
DA:539,0
DA:540,0
DA:546,0
DA:553,0
DA:554,0
DA:560,0
DA:567,0
DA:571,0
DA:572,0
DA:574,0
DA:578,0
DA:579,0
DA:580,0
DA:581,0
DA:591,0
DA:594,0
DA:595,0
DA:598,0
DA:606,0
DA:608,0
DA:609,0
DA:616,0
DA:617,0
DA:620,0
DA:629,0
DA:632,0
DA:634,0
DA:635,0
DA:646,0
DA:648,0
DA:650,0
DA:653,0
DA:657,0
DA:658,0
DA:661,0
DA:670,0
DA:673,0
DA:686,0
DA:687,0
DA:688,0
DA:692,0
DA:693,0
DA:696,0
DA:700,0
DA:704,0
DA:705,0
DA:707,0
DA:708,0
DA:712,0
DA:713,0
DA:715,0
DA:716,0
DA:718,0
DA:719,0
DA:722,0
DA:723,0
DA:726,0
DA:727,0
DA:733,0
DA:734,0
DA:735,0
DA:741,0
DA:743,0
DA:744,0
DA:746,0
DA:748,0
DA:752,0
DA:753,0
DA:754,0
DA:757,0
DA:758,0
DA:764,0
DA:768,0
DA:772,0
DA:775,0
DA:776,0
DA:777,0
DA:782,0
DA:788,0
DA:793,0
DA:795,0
DA:796,0
DA:802,0
DA:806,0
DA:807,0
DA:808,0
DA:809,0
DA:810,0
DA:811,0
DA:812,0
DA:813,0
DA:814,0
DA:816,0
DA:819,0
DA:820,0
LF:266
LH:72
BRDA:103,0,0,1
BRDA:113,1,0,0
BRDA:123,2,0,0
BRDA:123,2,1,0
BRDA:141,3,0,0
BRDA:184,4,0,0
BRDA:336,5,0,0
BRDA:342,6,0,0
BRDA:347,7,0,0
BRDA:354,8,0,0
BRDA:371,9,0,0
BRDA:371,10,0,3
BRDA:371,10,1,3
BRDA:382,11,0,2
BRDA:383,12,0,1
BRDA:408,13,0,0
BRDA:433,14,0,0
BRDA:447,15,0,0
BRDA:466,16,0,0
BRDA:467,17,0,0
BRDA:467,17,1,0
BRDA:467,17,2,0
BRDA:467,17,3,0
BRDA:467,17,4,0
BRDA:467,17,5,0
BRDA:483,18,0,0
BRDA:509,19,0,0
BRDA:531,20,0,0
BRDA:539,21,0,0
BRDA:553,22,0,0
BRDA:572,23,0,0
BRDA:572,23,1,0
BRDA:580,24,0,0
BRDA:580,24,1,0
BRDA:594,25,0,0
BRDA:608,26,0,0
BRDA:613,27,0,0
BRDA:613,27,1,0
BRDA:616,28,0,0
BRDA:634,29,0,0
BRDA:646,30,0,0
BRDA:648,31,0,0
BRDA:648,31,1,0
BRDA:650,32,0,0
BRDA:650,32,1,0
BRDA:657,33,0,0
BRDA:686,34,0,0
BRDA:692,35,0,0
BRDA:704,36,0,0
BRDA:705,37,0,0
BRDA:712,38,0,0
BRDA:715,39,0,0
BRDA:718,40,0,0
BRDA:722,41,0,0
BRDA:726,42,0,0
BRDA:743,43,0,0
BRDA:744,44,0,0
BRDA:752,45,0,0
BRDA:753,46,0,0
BRDA:757,47,0,0
BRDA:776,48,0,0
BRDA:795,49,0,0
BRDA:807,50,0,0
BRDA:807,50,1,0
BRDA:807,51,0,0
BRDA:807,51,1,0
BRDA:809,52,0,0
BRDA:809,52,1,0
BRDA:811,53,0,0
BRDA:811,53,1,0
BRDA:813,54,0,0
BRDA:813,54,1,0
BRF:72
BRH:5
end_of_record
TN:
SF:src/domain/community/user-authentication-link/user.authentication.link.service.ts
FN:20,(anonymous_4)
FN:28,(anonymous_5)
FN:39,(anonymous_6)
FN:145,(anonymous_7)
FNF:4
FNH:3
FNDA:6,(anonymous_4)
FNDA:0,(anonymous_5)
FNDA:6,(anonymous_6)
FNDA:2,(anonymous_7)
DA:1,59
DA:2,59
DA:3,59
DA:5,59
DA:6,59
DA:7,59
DA:8,59
DA:9,59
DA:10,59
DA:19,59
DA:21,6
DA:23,6
DA:25,6
DA:32,0
DA:43,6
DA:44,6
DA:45,6
DA:47,6
DA:48,6
DA:49,6
DA:51,6
DA:52,0
DA:55,6
DA:57,5
DA:61,5
DA:62,1
DA:66,1
DA:74,5
DA:79,5
DA:80,1
DA:83,4
DA:84,0
DA:91,4
DA:95,2
DA:96,2
DA:97,2
DA:98,1
DA:102,1
DA:109,2
DA:115,2
DA:116,1
DA:123,1
DA:124,0
DA:131,1
DA:132,1
DA:133,1
DA:138,1
DA:150,2
DA:151,0
DA:155,2
DA:157,2
DA:158,1
DA:159,1
DA:160,1
DA:161,0
DA:165,1
DA:168,1
LF:57
LH:51
BRDA:47,0,0,6
BRDA:47,0,1,3
BRDA:48,1,0,6
BRDA:48,1,1,5
BRDA:49,2,0,0
BRDA:49,2,1,6
BRDA:51,3,0,0
BRDA:55,4,0,5
BRDA:55,5,0,6
BRDA:55,5,1,5
BRDA:61,6,0,1
BRDA:79,7,0,1
BRDA:83,8,0,0
BRDA:91,9,0,2
BRDA:92,10,0,4
BRDA:92,10,1,2
BRDA:97,11,0,1
BRDA:115,12,0,1
BRDA:123,13,0,0
BRDA:150,14,0,0
BRDA:157,15,0,1
BRDA:157,16,0,2
BRDA:157,16,1,1
BRDA:160,17,0,0
BRF:24
BRH:18
end_of_record
TN:
SF:src/domain/community/user-group/user-group.service.ts
FN:36,(anonymous_4)
FN:46,(anonymous_5)
FN:67,(anonymous_6)
FN:93,(anonymous_7)
FN:125,(anonymous_8)
FN:129,(anonymous_9)
FN:141,(anonymous_10)
FN:163,(anonymous_11)
FN:181,(anonymous_12)
FN:199,(anonymous_13)
FN:219,(anonymous_14)
FN:246,(anonymous_15)
FN:253,(anonymous_16)
FN:259,(anonymous_17)
FNF:14
FNH:1
FNDA:1,(anonymous_4)
FNDA:0,(anonymous_5)
FNDA:0,(anonymous_6)
FNDA:0,(anonymous_7)
FNDA:0,(anonymous_8)
FNDA:0,(anonymous_9)
FNDA:0,(anonymous_10)
FNDA:0,(anonymous_11)
FNDA:0,(anonymous_12)
FNDA:0,(anonymous_13)
FNDA:0,(anonymous_14)
FNDA:0,(anonymous_15)
FNDA:0,(anonymous_16)
FNDA:0,(anonymous_17)
DA:1,54
DA:2,54
DA:3,54
DA:5,54
DA:7,54
DA:8,54
DA:13,54
DA:18,54
DA:19,54
DA:20,54
DA:22,54
DA:31,54
DA:32,54
DA:35,54
DA:37,1
DA:38,1
DA:39,1
DA:40,1
DA:42,1
DA:43,1
DA:50,0
DA:51,0
DA:55,0
DA:60,0
DA:61,0
DA:65,0
DA:68,0
DA:70,0
DA:72,0
DA:73,0
DA:76,0
DA:77,0
DA:80,0
DA:81,0
DA:82,0
DA:85,0
DA:86,0
DA:87,0
DA:96,0
DA:99,0
DA:100,0
DA:106,0
DA:107,0
DA:112,0
DA:115,0
DA:116,0
DA:122,0
DA:126,0
DA:130,0
DA:133,0
DA:134,0
DA:135,0
DA:147,0
DA:155,0
DA:156,0
DA:160,0
DA:166,0
DA:170,0
DA:176,0
DA:184,0
DA:188,0
DA:194,0
DA:201,0
DA:202,0
DA:209,0
DA:210,0
DA:211,0
DA:216,0
DA:225,0
DA:226,0
DA:227,0
DA:233,0
DA:242,0
DA:243,0
DA:247,0
DA:256,0
DA:260,0
DA:261,0
DA:262,0
DA:266,0
LF:80
LH:20
BRDA:72,0,0,0
BRDA:76,1,0,0
BRDA:99,2,0,0
BRDA:107,3,0,0
BRDA:108,4,0,0
BRDA:108,4,1,0
BRDA:108,4,2,0
BRDA:115,5,0,0
BRDA:133,6,0,0
BRDA:134,7,0,0
BRDA:155,8,0,0
BRDA:201,9,0,0
BRDA:210,10,0,0
BRDA:226,11,0,0
BRDA:256,12,0,0
BRDA:256,12,1,0
BRDA:261,13,0,0
BRF:17
BRH:0
end_of_record
TN:
SF:src/domain/community/user-lookup/user.lookup.service.ts
FN:17,(anonymous_4)
FN:24,(anonymous_5)
FN:38,(anonymous_6)
FN:52,(anonymous_7)
FN:66,(anonymous_8)
FN:80,(anonymous_9)
FN:99,(anonymous_10)
FN:105,(anonymous_11)
FN:119,(anonymous_12)
FN:127,(anonymous_13)
FN:137,(anonymous_14)
FN:175,(anonymous_15)
FN:193,(anonymous_16)
FN:205,(anonymous_17)
FN:221,(anonymous_18)
FN:237,(anonymous_19)
FNF:16
FNH:0
FNDA:0,(anonymous_4)
FNDA:0,(anonymous_5)
FNDA:0,(anonymous_6)
FNDA:0,(anonymous_7)
FNDA:0,(anonymous_8)
FNDA:0,(anonymous_9)
FNDA:0,(anonymous_10)
FNDA:0,(anonymous_11)
FNDA:0,(anonymous_12)
FNDA:0,(anonymous_13)
FNDA:0,(anonymous_14)
FNDA:0,(anonymous_15)
FNDA:0,(anonymous_16)
FNDA:0,(anonymous_17)
FNDA:0,(anonymous_18)
FNDA:0,(anonymous_19)
DA:1,59
DA:2,59
DA:3,59
DA:4,59
DA:5,59
DA:9,59
DA:10,59
DA:16,59
DA:19,0
DA:21,0
DA:28,0
DA:35,0
DA:42,0
DA:49,0
DA:56,0
DA:63,0
DA:70,0
DA:77,0
DA:84,0
DA:90,0
DA:91,0
DA:96,0
DA:100,0
DA:101,0
DA:102,0
DA:109,0
DA:110,0
DA:111,0
DA:116,0
DA:124,0
DA:132,0
DA:133,0
DA:137,0
DA:146,0
DA:159,0
DA:160,0
DA:170,0
DA:172,0
DA:178,0
DA:180,0
DA:190,0
DA:194,0
DA:202,0
DA:208,0
DA:212,0
DA:213,0
DA:218,0
DA:224,0
DA:228,0
DA:229,0
DA:234,0
DA:238,0
DA:246,0
DA:247,0
DA:252,0
LF:55
LH:8
BRDA:90,0,0,0
BRDA:101,1,0,0
BRDA:110,2,0,0
BRDA:132,3,0,0
BRDA:141,4,0,0
BRDA:141,4,1,0
BRDA:159,5,0,0
BRDA:178,6,0,0
BRDA:178,6,1,0
BRDA:212,7,0,0
BRDA:212,8,0,0
BRDA:212,8,1,0
BRDA:228,9,0,0
BRDA:246,10,0,0
BRDA:246,11,0,0
BRDA:246,11,1,0
BRF:16
BRH:0
end_of_record
TN:
SF:src/domain/community/user-settings/user.settings.service.ts
FN:17,(anonymous_4)
FN:24,(anonymous_5)
FN:38,(anonymous_6)
FN:52,(anonymous_7)
FN:212,(anonymous_8)
FN:218,(anonymous_9)
FNF:6
FNH:0
FNDA:0,(anonymous_4)
FNDA:0,(anonymous_5)
FNDA:0,(anonymous_6)
FNDA:0,(anonymous_7)
FNDA:0,(anonymous_8)
FNDA:0,(anonymous_9)
DA:1,57
DA:2,57
DA:7,57
DA:8,57
DA:9,57
DA:10,57
DA:11,57
DA:12,57
DA:13,57
DA:16,57
DA:19,0
DA:21,0
DA:27,0
DA:32,0
DA:35,0
DA:42,0
DA:43,0
DA:44,0
DA:46,0
DA:47,0
DA:56,0
DA:57,0
DA:58,0
DA:62,0
DA:63,0
DA:66,0
DA:70,0
DA:71,0
DA:73,0
DA:77,0
DA:83,0
DA:84,0
DA:86,0
DA:90,0
DA:94,0
DA:98,0
DA:105,0
DA:106,0
DA:107,0
DA:111,0
DA:117,0
DA:118,0
DA:120,0
DA:121,0
DA:123,0
DA:127,0
DA:131,0
DA:135,0
DA:143,0
DA:147,0
DA:151,0
DA:155,0
DA:159,0
DA:163,0
DA:169,0
DA:170,0
DA:172,0
DA:176,0
DA:180,0
DA:186,0
DA:187,0
DA:189,0
DA:194,0
DA:201,0
DA:202,0
DA:203,0
DA:209,0
DA:213,0
DA:214,0
DA:215,0
DA:222,0
DA:226,0
DA:227,0
DA:232,0
LF:74
LH:10
BRDA:42,0,0,0
BRDA:43,1,0,0
BRDA:46,2,0,0
BRDA:56,3,0,0
BRDA:57,4,0,0
BRDA:62,5,0,0
BRDA:63,6,0,0
BRDA:71,7,0,0
BRDA:83,8,0,0
BRDA:106,9,0,0
BRDA:118,10,0,0
BRDA:120,11,0,0
BRDA:170,12,0,0
BRDA:186,13,0,0
BRDA:202,14,0,0
BRDA:226,15,0,0
BRF:16
BRH:0
end_of_record
TN:
SF:src/domain/community/virtual-contributor/virtual.contributor.service.ts
FN:56,(anonymous_4)
FN:78,(anonymous_5)
FN:202,(anonymous_6)
FN:214,(anonymous_7)
FN:227,(anonymous_8)
FN:238,(anonymous_9)
FN:260,(anonymous_10)
FN:318,(anonymous_11)
FN:382,(anonymous_12)
FN:394,(anonymous_13)
FN:407,(anonymous_14)
FN:429,(anonymous_15)
FN:452,(anonymous_16)
FN:480,(anonymous_17)
FN:500,(anonymous_18)
FN:529,(anonymous_19)
FN:535,(anonymous_20)
FN:554,(anonymous_21)
FN:565,(anonymous_22)
FN:589,(anonymous_23)
FN:597,(anonymous_24)
FN:617,(anonymous_25)
FN:623,(anonymous_26)
FNF:23
FNH:0
FNDA:0,(anonymous_4)
FNDA:0,(anonymous_5)
FNDA:0,(anonymous_6)
FNDA:0,(anonymous_7)
FNDA:0,(anonymous_8)
FNDA:0,(anonymous_9)
FNDA:0,(anonymous_10)
FNDA:0,(anonymous_11)
FNDA:0,(anonymous_12)
FNDA:0,(anonymous_13)
FNDA:0,(anonymous_14)
FNDA:0,(anonymous_15)
FNDA:0,(anonymous_16)
FNDA:0,(anonymous_17)
FNDA:0,(anonymous_18)
FNDA:0,(anonymous_19)
FNDA:0,(anonymous_20)
FNDA:0,(anonymous_21)
FNDA:0,(anonymous_22)
FNDA:0,(anonymous_23)
FNDA:0,(anonymous_24)
FNDA:0,(anonymous_25)
FNDA:0,(anonymous_26)
DA:1,7
DA:2,7
DA:3,7
DA:4,7
DA:5,7
DA:11,7
DA:12,7
DA:13,7
DA:15,7
DA:16,7
DA:19,7
DA:21,7
DA:25,7
DA:26,7
DA:27,7
DA:30,7
DA:31,7
DA:34,7
DA:35,7
DA:36,7
DA:37,7
DA:40,7
DA:41,7
DA:42,7
DA:43,7
DA:44,7
DA:46,7
DA:47,7
DA:52,7
DA:55,7
DA:57,0
DA:58,0
DA:59,0
DA:60,0
DA:61,0
DA:62,0
DA:63,0
DA:64,0
DA:65,0
DA:66,0
DA:67,0
DA:68,0
DA:69,0
DA:71,0
DA:73,0
DA:75,0
DA:84,0
DA:86,0
DA:88,0
DA:90,0
DA:96,0
DA:100,0
DA:101,0
DA:103,0
DA:108,0
DA:110,0
DA:115,0
DA:121,0
DA:128,0
DA:132,0
DA:136,0
DA:139,0
DA:144,0
DA:145,0
DA:149,0
DA:151,0
DA:156,0
DA:163,0
DA:171,0
DA:176,0
DA:180,0
DA:182,0
DA:184,0
DA:185,0
DA:191,0
DA:194,0
DA:199,0
DA:206,0
DA:211,0
DA:218,0
DA:224,0
DA:228,0
DA:231,0
DA:232,0
DA:242,0
DA:243,0
DA:245,0
DA:246,0
DA:248,0
DA:253,0
DA:254,0
DA:263,0
DA:275,0
DA:281,0
DA:282,0
DA:288,0
DA:289,0
DA:294,0
DA:295,0
DA:299,0
DA:300,0
DA:303,0
DA:304,0
DA:307,0
DA:311,0
DA:315,0
DA:321,0
DA:332,0
DA:337,0
DA:343,0
DA:345,0
DA:346,0
DA:351,0
DA:353,0
DA:356,0
DA:358,0
DA:359,0
DA:360,0
DA:364,0
DA:376,0
DA:377,0
DA:379,0
DA:386,0
DA:391,0
DA:398,0
DA:399,0
DA:400,0
DA:404,0
DA:410,0
DA:417,0
DA:418,0
DA:423,0
DA:432,0
DA:442,0
DA:443,0
DA:444,0
DA:449,0
DA:456,0
DA:462,0
DA:468,0
DA:471,0
DA:481,0
DA:482,0
DA:483,0
DA:484,0
DA:486,0
DA:496,0
DA:503,0
DA:504,0
DA:505,0
DA:510,0
DA:511,0
DA:512,0
DA:513,0
DA:523,0
DA:526,0
DA:532,0
DA:538,0
DA:544,0
DA:545,0
DA:546,0
DA:551,0
DA:557,0
DA:561,0
DA:562,0
DA:568,0
DA:569,0
DA:572,0
DA:577,0
DA:579,0
DA:580,0
DA:586,0
DA:592,0
DA:600,0
DA:602,0
DA:614,0
DA:618,0
DA:619,0
DA:624,0
DA:627,0
DA:628,0
DA:629,0
DA:631,0
LF:183
LH:30
BRDA:84,0,0,0
BRDA:84,0,1,0
BRDA:92,1,0,0
BRDA:92,1,1,0
BRDA:132,2,0,0
BRDA:184,3,0,0
BRDA:184,3,1,0
BRDA:231,4,0,0
BRDA:242,5,0,0
BRDA:245,6,0,0
BRDA:253,7,0,0
BRDA:281,8,0,0
BRDA:281,9,0,0
BRDA:281,9,1,0
BRDA:288,10,0,0
BRDA:289,11,0,0
BRDA:299,12,0,0
BRDA:303,13,0,0
BRDA:307,14,0,0
BRDA:308,15,0,0
BRDA:308,15,1,0
BRDA:332,16,0,0
BRDA:333,17,0,0
BRDA:333,17,1,0
BRDA:333,17,2,0
BRDA:345,18,0,0
BRDA:358,19,0,0
BRDA:399,20,0,0
BRDA:417,21,0,0
BRDA:443,22,0,0
BRDA:462,23,0,0
BRDA:474,24,0,0
BRDA:474,24,1,0
BRDA:501,25,0,0
BRDA:504,26,0,0
BRDA:504,26,1,0
BRDA:512,27,0,0
BRDA:512,27,1,0
BRDA:545,28,0,0
BRDA:568,29,0,0
BRDA:579,30,0,0
BRDA:600,31,0,0
BRDA:600,31,1,0
BRDA:628,32,0,0
BRF:44
BRH:0
end_of_record
TN:
SF:src/domain/community/virtual-contributor-defaults/virtual.contributor.defaults.service.ts
FN:10,(anonymous_4)
FN:15,(anonymous_5)
FN:27,(anonymous_6)
FNF:3
FNH:0
FNDA:0,(anonymous_4)
FNDA:0,(anonymous_5)
FNDA:0,(anonymous_6)
DA:1,7
DA:2,7
DA:3,7
DA:5,7
DA:9,7
DA:11,0
DA:12,0
DA:18,0
DA:20,0
DA:21,0
DA:33,0
DA:34,0
DA:35,0
DA:43,0
DA:44,0
DA:49,0
DA:50,0
DA:53,0
DA:54,0
DA:57,0
DA:58,0
DA:61,0
DA:62,0
DA:63,0
DA:68,0
DA:70,0
DA:74,0
LF:27
LH:5
BRDA:29,0,0,0
BRDA:34,1,0,0
BRDA:43,2,0,0
BRDA:49,3,0,0
BRDA:53,4,0,0
BRDA:57,5,0,0
BRDA:62,6,0,0
BRDA:63,7,0,0
BRDA:63,7,1,0
BRF:9
BRH:0
end_of_record
TN:
SF:src/domain/community/virtual-contributor-lookup/virtual.contributor.lookup.service.ts
FN:20,(anonymous_4)
FN:29,(anonymous_5)
FN:51,(anonymous_6)
FN:68,(anonymous_7)
FN:85,(anonymous_8)
FN:111,(anonymous_9)
FN:127,(anonymous_10)
FN:158,(anonymous_11)
FNF:8
FNH:0
FNDA:0,(anonymous_4)
FNDA:0,(anonymous_5)
FNDA:0,(anonymous_6)
FNDA:0,(anonymous_7)
FNDA:0,(anonymous_8)
FNDA:0,(anonymous_9)
FNDA:0,(anonymous_10)
FNDA:0,(anonymous_11)
DA:1,57
DA:2,57
DA:3,57
DA:4,57
DA:5,57
DA:9,57
DA:11,57
DA:17,57
DA:19,57
DA:22,0
DA:24,0
DA:26,0
DA:32,0
DA:39,0
DA:40,0
DA:45,0
DA:56,0
DA:60,0
DA:61,0
DA:65,0
DA:73,0
DA:77,0
DA:78,0
DA:82,0
DA:89,0
DA:91,0
DA:108,0
DA:115,0
DA:118,0
DA:119,0
DA:120,0
DA:124,0
DA:132,0
DA:133,0
DA:138,0
DA:139,0
DA:150,0
DA:152,0
DA:154,0
DA:158,0
DA:163,0
LF:41
LH:9
BRDA:39,0,0,0
BRDA:60,1,0,0
BRDA:77,2,0,0
BRDA:89,3,0,0
BRDA:89,3,1,0
BRDA:119,4,0,0
BRDA:138,5,0,0
BRDA:150,6,0,0
BRDA:152,7,0,0
BRDA:152,7,1,0
BRDA:154,8,0,0
BRDA:154,8,1,0
BRF:12
BRH:0
end_of_record
TN:
SF:src/domain/community/virtual-contributor-platform-settings/virtual.contributor.platform.settings.service.ts
FN:7,(anonymous_2)
FN:9,(anonymous_3)
FNF:2
FNH:0
FNDA:0,(anonymous_2)
FNDA:0,(anonymous_3)
DA:1,57
DA:6,57
DA:13,0
DA:15,0
LF:4
LH:2
BRF:0
BRH:0
end_of_record
TN:
SF:src/domain/community/virtual-contributor-settings/virtual.contributor.settings.service.ts
FN:8,(anonymous_4)
FN:12,(anonymous_5)
FNF:2
FNH:0
FNDA:0,(anonymous_4)
FNDA:0,(anonymous_5)
DA:1,7
DA:2,7
DA:7,7
DA:9,0
DA:16,0
DA:22,0
DA:23,0
DA:24,0
DA:28,0
LF:9
LH:3
BRDA:22,0,0,0
BRDA:23,1,0,0
BRF:2
BRH:0
end_of_record
TN:
SF:src/domain/innovation-hub/innovation.hub.service.ts
FN:27,(anonymous_4)
FN:37,(anonymous_5)
FN:112,(anonymous_6)
FN:116,(anonymous_7)
FN:184,(anonymous_8)
FN:204,(anonymous_9)
FN:208,(anonymous_10)
FN:225,(anonymous_11)
FN:242,(anonymous_12)
FN:277,(anonymous_13)
FN:294,(anonymous_14)
FN:337,(anonymous_15)
FNF:12
FNH:0
FNDA:0,(anonymous_4)
FNDA:0,(anonymous_5)
FNDA:0,(anonymous_6)
FNDA:0,(anonymous_7)
FNDA:0,(anonymous_8)
FNDA:0,(anonymous_9)
FNDA:0,(anonymous_10)
FNDA:0,(anonymous_11)
FNDA:0,(anonymous_12)
FNDA:0,(anonymous_13)
FNDA:0,(anonymous_14)
FNDA:0,(anonymous_15)
DA:1,6
DA:2,6
DA:3,6
DA:4,6
DA:9,6
DA:10,6
DA:11,6
DA:12,6
DA:13,6
DA:15,6
DA:16,6
DA:17,6
DA:18,6
DA:21,6
DA:22,6
DA:23,6
DA:26,6
DA:29,0
DA:30,0
DA:31,0
DA:32,0
DA:33,0
DA:34,0
DA:41,0
DA:42,0
DA:44,0
DA:45,0
DA:51,0
DA:52,0
DA:59,0
DA:62,0
DA:63,0
DA:68,0
DA:69,0
DA:70,0
DA:71,0
DA:72,0
DA:77,0
DA:84,0
DA:85,0
DA:88,0
DA:89,0
DA:90,0
DA:92,0
DA:98,0
DA:103,0
DA:109,0
DA:113,0
DA:119,0
DA:124,0
DA:125,0
DA:127,0
DA:128,0
DA:129,0
DA:130,0
DA:135,0
DA:138,0
DA:142,0
DA:143,0
DA:149,0
DA:153,0
DA:154,0
DA:160,0
DA:162,0
DA:166,0
DA:167,0
DA:168,0
DA:173,0
DA:174,0
DA:177,0
DA:178,0
DA:181,0
DA:185,0
DA:189,0
DA:190,0
DA:193,0
DA:194,0
DA:196,0
DA:199,0
DA:201,0
DA:205,0
DA:212,0
DA:217,0
DA:218,0
DA:222,0
DA:229,0
DA:234,0
DA:235,0
DA:239,0
DA:246,0
DA:247,0
DA:250,0
DA:252,0
DA:258,0
DA:267,0
DA:268,0
DA:274,0
DA:280,0
DA:284,0
DA:285,0
DA:291,0
DA:299,0
DA:300,0
DA:301,0
DA:305,0
DA:308,0
DA:310,0
DA:311,0
DA:320,0
DA:321,0
DA:322,0
DA:327,0
DA:328,0
DA:334,0
DA:338,0
DA:344,0
DA:345,0
DA:350,0
DA:353,0
DA:354,0
DA:359,0
LF:121
LH:17
BRDA:51,0,0,0
BRDA:62,1,0,0
BRDA:69,2,0,0
BRDA:69,2,1,0
BRDA:69,3,0,0
BRDA:69,3,1,0
BRDA:71,4,0,0
BRDA:124,5,0,0
BRDA:125,6,0,0
BRDA:129,7,0,0
BRDA:138,8,0,0
BRDA:139,9,0,0
BRDA:139,9,1,0
BRDA:142,10,0,0
BRDA:153,11,0,0
BRDA:162,12,0,0
BRDA:163,13,0,0
BRDA:163,13,1,0
BRDA:167,14,0,0
BRDA:173,15,0,0
BRDA:177,16,0,0
BRDA:189,17,0,0
BRDA:193,18,0,0
BRDA:217,19,0,0
BRDA:234,20,0,0
BRDA:246,21,0,0
BRDA:259,22,0,0
BRDA:259,22,1,0
BRDA:260,23,0,0
BRDA:260,23,1,0
BRDA:267,24,0,0
BRDA:284,25,0,0
BRDA:299,26,0,0
BRDA:300,27,0,0
BRDA:305,28,0,0
BRDA:305,29,0,0
BRDA:305,29,1,0
BRDA:310,30,0,0
BRDA:320,31,0,0
BRDA:321,32,0,0
BRDA:327,33,0,0
BRDA:327,34,0,0
BRDA:327,34,1,0
BRDA:344,35,0,0
BRDA:344,36,0,0
BRDA:344,36,1,0
BRDA:353,37,0,0
BRF:47
BRH:0
end_of_record
TN:
SF:src/domain/profile-documents/profile.documents.service.ts
FN:14,(anonymous_2)
FN:29,(anonymous_3)
FN:65,(anonymous_4)
FN:103,(anonymous_5)
FN:131,(anonymous_6)
FN:135,(anonymous_7)
FNF:6
FNH:6
FNDA:7,(anonymous_2)
FNDA:8,(anonymous_3)
FNDA:11,(anonymous_4)
FNDA:2,(anonymous_5)
FNDA:5,(anonymous_6)
FNDA:3,(anonymous_7)
DA:1,58
DA:2,58
DA:3,58
DA:4,58
DA:5,58
DA:6,58
DA:13,58
DA:15,7
DA:16,7
DA:17,7
DA:34,8
DA:36,2
DA:37,1
DA:39,1
DA:43,6
DA:44,0
DA:50,6
DA:57,6
DA:58,0
DA:64,6
DA:65,11
DA:68,6
DA:70,4
DA:71,2
DA:73,1
DA:74,1
DA:75,1
DA:76,1
DA:79,1
DA:87,1
DA:91,1
DA:95,1
DA:107,2
DA:108,2
DA:110,2
DA:112,2
DA:114,2
DA:115,2
DA:116,1
DA:117,3
DA:122,3
DA:123,3
DA:128,2
DA:132,5
DA:136,3
DA:137,3
DA:138,3
LF:47
LH:45
BRDA:32,0,0,0
BRDA:34,1,0,2
BRDA:36,2,0,1
BRDA:36,2,1,1
BRDA:43,3,0,0
BRDA:57,4,0,0
BRDA:68,5,0,4
BRDA:68,5,1,2
BRDA:71,6,0,1
BRDA:71,6,1,1
BRDA:115,7,0,1
BRDA:122,8,0,3
BRDA:122,9,0,3
BRDA:122,9,1,3
BRF:14
BRH:11
end_of_record
TN:
SF:src/domain/space/account/account.service.ts
FN:51,(anonymous_4)
FN:71,(anonymous_5)
FN:175,(anonymous_6)
FN:194,(anonymous_7)
FN:198,(anonymous_8)
FN:253,(anonymous_9)
FN:260,(anonymous_10)
FN:273,(anonymous_11)
FN:283,(anonymous_12)
FN:327,(anonymous_13)
FN:337,(anonymous_14)
FN:355,(anonymous_15)
FN:388,(anonymous_16)
FN:417,(anonymous_17)
FN:446,(anonymous_18)
FN:463,(anonymous_19)
FNF:16
FNH:0
FNDA:0,(anonymous_4)
FNDA:0,(anonymous_5)
FNDA:0,(anonymous_6)
FNDA:0,(anonymous_7)
FNDA:0,(anonymous_8)
FNDA:0,(anonymous_9)
FNDA:0,(anonymous_10)
FNDA:0,(anonymous_11)
FNDA:0,(anonymous_12)
FNDA:0,(anonymous_13)
FNDA:0,(anonymous_14)
FNDA:0,(anonymous_15)
FNDA:0,(anonymous_16)
FNDA:0,(anonymous_17)
FNDA:0,(anonymous_18)
FNDA:0,(anonymous_19)
DA:1,6
DA:2,6
DA:8,6
DA:9,6
DA:10,6
DA:11,6
DA:12,6
DA:14,6
DA:15,6
DA:20,6
DA:21,6
DA:25,6
DA:26,6
DA:27,6
DA:31,6
DA:32,6
DA:33,6
DA:34,6
DA:35,6
DA:37,6
DA:38,6
DA:39,6
DA:40,6
DA:41,6
DA:43,6
DA:44,6
DA:50,6
DA:52,0
DA:53,0
DA:54,0
DA:55,0
DA:56,0
DA:57,0
DA:58,0
DA:59,0
DA:60,0
DA:61,0
DA:62,0
DA:63,0
DA:64,0
DA:65,0
DA:67,0
DA:68,0
DA:75,0
DA:81,0
DA:82,0
DA:89,0
DA:90,0
DA:91,0
DA:96,0
DA:97,0
DA:105,0
DA:106,0
DA:108,0
DA:110,0
DA:114,0
DA:115,0
DA:117,0
DA:135,0
DA:136,0
DA:141,0
DA:143,0
DA:145,0
DA:146,0
DA:147,0
DA:152,0
DA:153,0
DA:154,0
DA:155,0
DA:156,0
DA:162,0
DA:168,0
DA:175,0
DA:179,0
DA:180,0
DA:182,0
DA:183,0
DA:184,0
DA:186,0
DA:187,0
DA:188,0
DA:191,0
DA:195,0
DA:199,0
DA:200,0
DA:212,0
DA:221,0
DA:227,0
DA:229,0
DA:231,0
DA:233,0
DA:234,0
DA:236,0
DA:237,0
DA:240,0
DA:241,0
DA:244,0
DA:245,0
DA:248,0
DA:249,0
DA:250,0
DA:257,0
DA:264,0
DA:265,0
DA:266,0
DA:270,0
DA:277,0
DA:284,0
DA:300,0
DA:301,0
DA:304,0
DA:328,0
DA:332,0
DA:334,0
DA:338,0
DA:344,0
DA:345,0
DA:352,0
DA:359,0
DA:360,0
DA:367,0
DA:368,0
DA:375,0
DA:378,0
DA:384,0
DA:385,0
DA:391,0
DA:392,0
DA:396,0
DA:397,0
DA:402,0
DA:406,0
DA:407,0
DA:409,0
DA:413,0
DA:414,0
DA:420,0
DA:421,0
DA:425,0
DA:426,0
DA:431,0
DA:435,0
DA:436,0
DA:438,0
DA:442,0
DA:443,0
DA:449,0
DA:454,0
DA:455,0
DA:456,0
DA:460,0
DA:466,0
DA:474,0
DA:475,0
DA:481,0
DA:482,0
DA:483,0
DA:488,0
DA:494,0
LF:159
LH:27
BRDA:81,0,0,0
BRDA:90,1,0,0
BRDA:90,1,1,0
BRDA:96,2,0,0
BRDA:135,3,0,0
BRDA:135,4,0,0
BRDA:135,4,1,0
BRDA:135,4,2,0
BRDA:145,5,0,0
BRDA:152,6,0,0
BRDA:177,7,0,0
BRDA:179,8,0,0
BRDA:183,9,0,0
BRDA:186,10,0,0
BRDA:212,11,0,0
BRDA:213,12,0,0
BRDA:213,12,1,0
BRDA:213,12,2,0
BRDA:213,12,3,0
BRDA:213,12,4,0
BRDA:213,12,5,0
BRDA:213,12,6,0
BRDA:265,13,0,0
BRDA:300,14,0,0
BRDA:307,15,0,0
BRDA:307,15,1,0
BRDA:314,16,0,0
BRDA:314,16,1,0
BRDA:332,17,0,0
BRDA:344,18,0,0
BRDA:367,19,0,0
BRDA:367,20,0,0
BRDA:367,20,1,0
BRDA:396,21,0,0
BRDA:425,22,0,0
BRDA:455,23,0,0
BRDA:474,24,0,0
BRDA:474,25,0,0
BRDA:474,25,1,0
BRDA:483,26,0,0
BRF:40
BRH:0
end_of_record
TN:
SF:src/domain/space/account.host/account.host.service.ts
FN:27,(anonymous_4)
FN:38,(anonymous_5)
FN:99,(anonymous_6)
FN:103,(anonymous_7)
FN:128,(anonymous_8)
FNF:5
FNH:0
FNDA:0,(anonymous_4)
FNDA:0,(anonymous_5)
FNDA:0,(anonymous_6)
FNDA:0,(anonymous_7)
FNDA:0,(anonymous_8)
DA:1,57
DA:2,57
DA:4,57
DA:6,57
DA:7,57
DA:8,57
DA:9,57
DA:10,57
DA:11,57
DA:12,57
DA:13,57
DA:14,57
DA:15,57
DA:17,57
DA:18,57
DA:19,57
DA:20,57
DA:21,57
DA:23,57
DA:26,57
DA:28,0
DA:29,0
DA:30,0
DA:31,0
DA:32,0
DA:34,0
DA:35,0
DA:39,0
DA:40,0
DA:41,0
DA:44,0
DA:45,0
DA:50,0
DA:54,0
DA:96,0
DA:100,0
DA:110,0
DA:111,0
DA:113,0
DA:116,0
DA:117,0
DA:118,0
DA:119,0
DA:123,0
DA:126,0
DA:127,0
DA:128,0
DA:130,0
DA:132,0
DA:137,0
DA:141,0
DA:142,0
DA:148,0
LF:53
LH:20
BRDA:117,0,0,0
BRDA:117,0,1,0
BRDA:117,1,0,0
BRDA:117,1,1,0
BRDA:119,2,0,0
BRDA:120,3,0,0
BRDA:120,3,1,0
BRDA:126,4,0,0
BRDA:130,5,0,0
BRF:9
BRH:0
end_of_record
TN:
SF:src/domain/space/account.license.plan/account.license.plan.service.ts
FN:8,(anonymous_4)
FN:12,(anonymous_5)
FNF:2
FNH:0
FNDA:0,(anonymous_4)
FNDA:0,(anonymous_5)
DA:1,0
DA:2,0
DA:7,0
DA:9,0
DA:16,0
DA:17,0
DA:19,0
DA:20,0
DA:22,0
DA:23,0
DA:25,0
DA:26,0
DA:28,0
DA:29,0
DA:31,0
DA:32,0
DA:35,0
LF:17
LH:0
BRDA:16,0,0,0
BRDA:19,1,0,0
BRDA:22,2,0,0
BRDA:25,3,0,0
BRDA:28,4,0,0
BRDA:31,5,0,0
BRF:6
BRH:0
end_of_record
TN:
SF:src/domain/space/account.lookup/account.lookup.service.ts
FN:19,(anonymous_4)
FN:25,(anonymous_5)
FN:38,(anonymous_6)
FN:49,(anonymous_7)
FN:66,(anonymous_8)
FN:76,(anonymous_9)
FN:100,(anonymous_10)
FNF:7
FNH:0
FNDA:0,(anonymous_4)
FNDA:0,(anonymous_5)
FNDA:0,(anonymous_6)
FNDA:0,(anonymous_7)
FNDA:0,(anonymous_8)
FNDA:0,(anonymous_9)
FNDA:0,(anonymous_10)
DA:1,57
DA:3,57
DA:4,57
DA:6,57
DA:10,57
DA:11,57
DA:12,57
DA:13,57
DA:14,57
DA:18,57
DA:21,0
DA:22,0
DA:29,0
DA:30,0
DA:31,0
DA:35,0
DA:42,0
DA:46,0
DA:50,0
DA:56,0
DA:57,0
DA:63,0
DA:67,0
DA:68,0
DA:69,0
DA:73,0
DA:77,0
DA:82,0
DA:83,0
DA:85,0
DA:90,0
DA:91,0
DA:94,0
DA:101,0
DA:109,0
DA:115,0
DA:118,0
LF:37
LH:10
BRDA:30,0,0,0
BRDA:56,1,0,0
BRDA:68,2,0,0
BRDA:82,3,0,0
BRDA:90,4,0,0
BRDA:109,5,0,0
BRDA:110,6,0,0
BRDA:110,6,1,0
BRDA:110,6,2,0
BRDA:110,6,3,0
BRF:10
BRH:0
end_of_record
TN:
SF:src/domain/space/space/space.service.ts
FN:97,(anonymous_4)
FN:128,(anonymous_5)
FN:269,(anonymous_6)
FN:319,(anonymous_7)
FN:323,(anonymous_8)
FN:389,(anonymous_9)
FN:410,(anonymous_10)
FN:443,(anonymous_11)
FN:453,(anonymous_12)
FN:464,(anonymous_13)
FN:497,(anonymous_14)
FN:519,(anonymous_15)
FN:522,(anonymous_16)
FN:526,(anonymous_17)
FN:540,(anonymous_18)
FN:559,(anonymous_19)
FN:577,(anonymous_20)
FN:593,(anonymous_21)
FN:616,(anonymous_22)
FN:626,(anonymous_23)
FN:638,(anonymous_24)
FN:652,(anonymous_25)
FN:677,(anonymous_26)
FN:691,(anonymous_27)
FN:697,(anonymous_28)
FN:718,(anonymous_29)
FN:729,(anonymous_30)
FN:844,(anonymous_31)
FN:868,(anonymous_32)
FN:886,(anonymous_33)
FN:927,(anonymous_34)
FN:943,(anonymous_35)
FN:973,(anonymous_36)
FN:982,(anonymous_37)
FN:1012,(anonymous_38)
FN:1045,(anonymous_39)
FN:1167,(anonymous_40)
FN:1196,(anonymous_41)
FN:1245,(anonymous_42)
FN:1252,(anonymous_43)
FN:1279,(anonymous_44)
FN:1296,(anonymous_45)
FN:1322,(anonymous_46)
FN:1344,(anonymous_47)
FN:1368,(anonymous_48)
FN:1391,(anonymous_49)
FN:1411,(anonymous_50)
FN:1424,(anonymous_51)
FN:1443,(anonymous_52)
FN:1467,(anonymous_53)
FN:1469,(anonymous_54)
FN:1473,(anonymous_55)
FN:1478,(anonymous_56)
FN:1480,(anonymous_57)
FN:1483,(anonymous_58)
FN:1500,(anonymous_59)
FN:1518,(anonymous_60)
FN:1535,(anonymous_61)
FNF:58
FNH:10
FNDA:12,(anonymous_4)
FNDA:0,(anonymous_5)
FNDA:0,(anonymous_6)
FNDA:0,(anonymous_7)
FNDA:0,(anonymous_8)
FNDA:0,(anonymous_9)
FNDA:0,(anonymous_10)
FNDA:0,(anonymous_11)
FNDA:0,(anonymous_12)
FNDA:0,(anonymous_13)
FNDA:0,(anonymous_14)
FNDA:0,(anonymous_15)
FNDA:0,(anonymous_16)
FNDA:0,(anonymous_17)
FNDA:0,(anonymous_18)
FNDA:0,(anonymous_19)
FNDA:4,(anonymous_20)
FNDA:32,(anonymous_21)
FNDA:19,(anonymous_22)
FNDA:0,(anonymous_23)
FNDA:4,(anonymous_24)
FNDA:0,(anonymous_25)
FNDA:4,(anonymous_26)
FNDA:0,(anonymous_27)
FNDA:3,(anonymous_28)
FNDA:0,(anonymous_29)
FNDA:3,(anonymous_30)
FNDA:3,(anonymous_31)
FNDA:0,(anonymous_32)
FNDA:4,(anonymous_33)
FNDA:0,(anonymous_34)
FNDA:0,(anonymous_35)
FNDA:0,(anonymous_36)
FNDA:0,(anonymous_37)
FNDA:0,(anonymous_38)
FNDA:0,(anonymous_39)
FNDA:0,(anonymous_40)
FNDA:0,(anonymous_41)
FNDA:0,(anonymous_42)
FNDA:0,(anonymous_43)
FNDA:0,(anonymous_44)
FNDA:0,(anonymous_45)
FNDA:0,(anonymous_46)
FNDA:0,(anonymous_47)
FNDA:0,(anonymous_48)
FNDA:0,(anonymous_49)
FNDA:0,(anonymous_50)
FNDA:0,(anonymous_51)
FNDA:0,(anonymous_52)
FNDA:0,(anonymous_53)
FNDA:0,(anonymous_54)
FNDA:0,(anonymous_55)
FNDA:0,(anonymous_56)
FNDA:0,(anonymous_57)
FNDA:0,(anonymous_58)
FNDA:0,(anonymous_59)
FNDA:0,(anonymous_60)
FNDA:0,(anonymous_61)
DA:1,54
DA:2,54
DA:12,54
DA:13,54
DA:14,54
DA:15,54
DA:16,54
DA:21,54
DA:23,54
DA:24,54
DA:26,54
DA:27,54
DA:31,54
DA:33,54
DA:34,54
DA:35,54
DA:36,54
DA:38,54
DA:39,54
DA:40,54
DA:41,54
DA:43,54
DA:44,54
DA:45,54
DA:47,54
DA:48,54
DA:49,54
DA:50,54
DA:53,54
DA:55,54
DA:58,54
DA:59,54
DA:60,54
DA:61,54
DA:62,54
DA:63,54
DA:64,54
DA:66,54
DA:68,54
DA:70,54
DA:72,54
DA:74,54
DA:75,54
DA:77,54
DA:78,54
DA:80,54
DA:81,54
DA:82,54
DA:85,54
DA:86,54
DA:96,54
DA:98,12
DA:99,12
DA:100,12
DA:101,12
DA:102,12
DA:103,12
DA:104,12
DA:105,12
DA:106,12
DA:107,12
DA:108,12
DA:109,12
DA:110,12
DA:111,12
DA:112,12
DA:113,12
DA:114,12
DA:115,12
DA:117,12
DA:118,12
DA:134,0
DA:136,0
DA:138,0
DA:142,0
DA:143,0
DA:151,0
DA:155,0
DA:157,0
DA:159,0
DA:163,0
DA:165,0
DA:175,0
DA:179,0
DA:184,0
DA:189,0
DA:191,0
DA:193,0
DA:194,0
DA:196,0
DA:201,0
DA:202,0
DA:204,0
DA:209,0
DA:210,0
DA:215,0
DA:221,0
DA:227,0
DA:228,0
DA:233,0
DA:234,0
DA:239,0
DA:241,0
DA:246,0
DA:247,0
DA:262,0
DA:266,0
DA:270,0
DA:320,0
DA:324,0
DA:337,0
DA:347,0
DA:354,0
DA:355,0
DA:361,0
DA:362,0
DA:365,0
DA:366,0
DA:367,0
DA:368,0
DA:370,0
DA:371,0
DA:372,0
DA:377,0
DA:382,0
DA:384,0
DA:385,0
DA:386,0
DA:390,0
DA:394,0
DA:399,0
DA:402,0
DA:416,0
DA:417,0
DA:418,0
DA:424,0
DA:430,0
DA:431,0
DA:432,0
DA:438,0
DA:442,0
DA:443,0
DA:447,0
DA:457,0
DA:459,0
DA:461,0
DA:468,0
DA:473,0
DA:474,0
DA:483,0
DA:492,0
DA:494,0
DA:498,0
DA:500,0
DA:514,0
DA:516,0
DA:521,0
DA:522,0
DA:524,0
DA:525,0
DA:526,0
DA:527,0
DA:528,0
DA:530,0
DA:537,0
DA:545,0
DA:547,0
DA:548,0
DA:549,0
DA:550,0
DA:556,0
DA:563,0
DA:565,0
DA:566,0
DA:567,0
DA:568,0
DA:572,0
DA:574,0
DA:578,4
DA:579,4
DA:580,19
DA:581,19
DA:582,19
DA:583,19
DA:585,19
DA:591,19
DA:593,4
DA:594,32
DA:599,8
DA:601,24
DA:602,20
DA:604,12
DA:605,6
DA:607,0
DA:609,4
DA:610,4
DA:611,19
DA:613,4
DA:617,19
DA:618,19
DA:619,32
DA:621,32
DA:623,19
DA:630,0
DA:642,4
DA:643,4
DA:644,0
DA:649,4
DA:656,0
DA:657,0
DA:659,0
DA:681,4
DA:688,4
DA:694,0
DA:701,3
DA:707,3
DA:713,3
DA:716,3
DA:717,0
DA:719,0
DA:726,3
DA:733,3
DA:735,1
DA:736,0
DA:742,1
DA:747,1
DA:750,3
DA:751,2
DA:752,2
DA:753,1
DA:756,1
DA:762,2
DA:763,2
DA:764,0
DA:771,2
DA:772,2
DA:775,2
DA:780,2
DA:782,1
DA:793,1
DA:794,1
DA:795,1
DA:801,1
DA:807,1
DA:818,1
DA:819,1
DA:820,1
DA:826,1
DA:833,3
DA:837,3
DA:838,3
DA:847,3
DA:848,2
DA:851,1
DA:857,1
DA:858,0
DA:865,1
DA:872,0
DA:890,4
DA:911,3
DA:913,3
DA:915,3
DA:916,1
DA:920,2
DA:932,0
DA:934,0
DA:943,0
DA:944,0
DA:948,0
DA:958,0
DA:959,0
DA:960,0
DA:966,0
DA:973,0
DA:974,0
DA:979,0
DA:983,0
DA:990,0
DA:991,0
DA:996,0
DA:997,0
DA:998,0
DA:1003,0
DA:1009,0
DA:1017,0
DA:1022,0
DA:1027,0
DA:1028,0
DA:1033,0
DA:1034,0
DA:1039,0
DA:1040,0
DA:1042,0
DA:1050,0
DA:1061,0
DA:1062,0
DA:1068,0
DA:1071,0
DA:1072,0
DA:1078,0
DA:1079,0
DA:1087,0
DA:1088,0
DA:1091,0
DA:1092,0
DA:1093,0
DA:1094,0
DA:1101,0
DA:1102,0
DA:1103,0
DA:1104,0
DA:1112,0
DA:1117,0
DA:1118,0
DA:1123,0
DA:1124,0
DA:1126,0
DA:1133,0
DA:1134,0
DA:1136,0
DA:1148,0
DA:1149,0
DA:1150,0
DA:1155,0
DA:1156,0
DA:1157,0
DA:1158,0
DA:1159,0
DA:1160,0
DA:1164,0
DA:1171,0
DA:1177,0
DA:1184,0
DA:1185,0
DA:1188,0
DA:1193,0
DA:1201,0
DA:1232,0
DA:1237,0
DA:1242,0
DA:1246,0
DA:1253,0
DA:1255,0
DA:1257,0
DA:1264,0
DA:1271,0
DA:1283,0
DA:1289,0
DA:1297,0
DA:1305,0
DA:1306,0
DA:1312,0
DA:1313,0
DA:1319,0
DA:1328,0
DA:1334,0
DA:1335,0
DA:1341,0
DA:1348,0
DA:1354,0
DA:1360,0
DA:1365,0
DA:1372,0
DA:1377,0
DA:1378,0
DA:1382,0
DA:1383,0
DA:1385,0
DA:1394,0
DA:1401,0
DA:1402,0
DA:1408,0
DA:1412,0
DA:1415,0
DA:1416,0
DA:1417,0
DA:1421,0
DA:1427,0
DA:1433,0
DA:1434,0
DA:1440,0
DA:1446,0
DA:1447,0
DA:1449,0
DA:1451,0
DA:1453,0
DA:1457,0
DA:1462,0
DA:1465,0
DA:1467,0
DA:1470,0
DA:1473,0
DA:1478,0
DA:1480,0
DA:1486,0
DA:1491,0
DA:1492,0
DA:1493,0
DA:1497,0
DA:1501,0
DA:1504,0
DA:1505,0
DA:1506,0
DA:1510,0
DA:1519,0
DA:1526,0
DA:1527,0
DA:1528,0
DA:1532,0
DA:1536,0
DA:1539,0
DA:1540,0
DA:1541,0
DA:1545,0
LF:414
LH:144
BRDA:193,0,0,0
BRDA:209,1,0,0
BRDA:227,2,0,0
BRDA:227,3,0,0
BRDA:227,3,1,0
BRDA:241,4,0,0
BRDA:242,5,0,0
BRDA:242,5,1,0
BRDA:242,5,2,0
BRDA:337,6,0,0
BRDA:338,7,0,0
BRDA:338,7,1,0
BRDA:338,7,2,0
BRDA:338,7,3,0
BRDA:338,7,4,0
BRDA:338,7,5,0
BRDA:338,7,6,0
BRDA:338,7,7,0
BRDA:354,8,0,0
BRDA:370,9,0,0
BRDA:371,10,0,0
BRDA:416,11,0,0
BRDA:417,12,0,0
BRDA:430,13,0,0
BRDA:431,14,0,0
BRDA:459,15,0,0
BRDA:473,16,0,0
BRDA:473,16,1,0
BRDA:473,17,0,0
BRDA:473,17,1,0
BRDA:492,18,0,0
BRDA:514,19,0,0
BRDA:527,20,0,0
BRDA:527,20,1,0
BRDA:548,21,0,0
BRDA:582,22,0,19
BRDA:594,23,0,8
BRDA:595,24,0,32
BRDA:595,24,1,8
BRDA:595,24,2,3
BRDA:599,25,0,5
BRDA:599,25,1,3
BRDA:601,26,0,4
BRDA:601,27,0,24
BRDA:601,27,1,12
BRDA:602,28,0,8
BRDA:602,29,0,20
BRDA:602,29,1,12
BRDA:604,30,0,6
BRDA:605,31,0,6
BRDA:621,32,0,32
BRDA:628,33,0,0
BRDA:633,34,0,0
BRDA:633,34,1,0
BRDA:643,35,0,0
BRDA:653,36,0,0
BRDA:654,37,0,0
BRDA:716,38,0,0
BRDA:716,39,0,3
BRDA:716,39,1,0
BRDA:733,40,0,1
BRDA:733,41,0,3
BRDA:733,41,1,1
BRDA:735,42,0,0
BRDA:750,43,0,2
BRDA:750,44,0,3
BRDA:750,44,1,2
BRDA:752,45,0,1
BRDA:752,45,1,1
BRDA:763,46,0,0
BRDA:780,47,0,1
BRDA:780,47,1,1
BRDA:794,48,0,1
BRDA:819,49,0,1
BRDA:847,50,0,2
BRDA:857,51,0,0
BRDA:857,52,0,1
BRDA:857,52,1,1
BRDA:915,53,0,1
BRDA:932,54,0,0
BRDA:932,54,1,0
BRDA:932,55,0,0
BRDA:932,55,1,0
BRDA:959,56,0,0
BRDA:974,57,0,0
BRDA:974,57,1,0
BRDA:990,58,0,0
BRDA:990,59,0,0
BRDA:990,59,1,0
BRDA:998,60,0,0
BRDA:1027,61,0,0
BRDA:1033,62,0,0
BRDA:1061,63,0,0
BRDA:1061,64,0,0
BRDA:1061,64,1,0
BRDA:1071,65,0,0
BRDA:1071,65,1,0
BRDA:1078,66,0,0
BRDA:1093,67,0,0
BRDA:1103,68,0,0
BRDA:1117,69,0,0
BRDA:1148,70,0,0
BRDA:1149,71,0,0
BRDA:1149,72,0,0
BRDA:1149,72,1,0
BRDA:1159,73,0,0
BRDA:1171,74,0,0
BRDA:1172,75,0,0
BRDA:1172,75,1,0
BRDA:1172,75,2,0
BRDA:1172,75,3,0
BRDA:1232,76,0,0
BRDA:1233,77,0,0
BRDA:1233,77,1,0
BRDA:1233,77,2,0
BRDA:1253,78,0,0
BRDA:1253,79,0,0
BRDA:1253,79,1,0
BRDA:1305,80,0,0
BRDA:1312,81,0,0
BRDA:1334,82,0,0
BRDA:1348,83,0,0
BRDA:1349,84,0,0
BRDA:1349,84,1,0
BRDA:1349,84,2,0
BRDA:1349,84,3,0
BRDA:1401,85,0,0
BRDA:1401,86,0,0
BRDA:1401,86,1,0
BRDA:1416,87,0,0
BRDA:1433,88,0,0
BRDA:1467,89,0,0
BRDA:1467,89,1,0
BRDA:1492,90,0,0
BRDA:1505,91,0,0
BRDA:1527,92,0,0
BRDA:1540,93,0,0
BRF:137
BRH:33
end_of_record
TN:
SF:src/domain/space/space.about/space.about.service.ts
FN:37,(anonymous_4)
FN:48,(anonymous_5)
FN:91,(anonymous_6)
FN:107,(anonymous_7)
FN:131,(anonymous_8)
FN:135,(anonymous_9)
FN:163,(anonymous_10)
FN:179,(anonymous_11)
FN:194,(anonymous_12)
FN:216,(anonymous_13)
FN:249,(anonymous_14)
FN:272,(anonymous_15)
FN:282,(anonymous_16)
FN:290,(anonymous_17)
FN:298,(anonymous_18)
FN:302,(anonymous_19)
FN:315,(anonymous_20)
FN:325,(anonymous_21)
FN:326,(anonymous_22)
FN:327,(anonymous_23)
FN:331,(anonymous_24)
FNF:21
FNH:0
FNDA:0,(anonymous_4)
FNDA:0,(anonymous_5)
FNDA:0,(anonymous_6)
FNDA:0,(anonymous_7)
FNDA:0,(anonymous_8)
FNDA:0,(anonymous_9)
FNDA:0,(anonymous_10)
FNDA:0,(anonymous_11)
FNDA:0,(anonymous_12)
FNDA:0,(anonymous_13)
FNDA:0,(anonymous_14)
FNDA:0,(anonymous_15)
FNDA:0,(anonymous_16)
FNDA:0,(anonymous_17)
FNDA:0,(anonymous_18)
FNDA:0,(anonymous_19)
FNDA:0,(anonymous_20)
FNDA:0,(anonymous_21)
FNDA:0,(anonymous_22)
FNDA:0,(anonymous_23)
FNDA:0,(anonymous_24)
DA:1,54
DA:2,54
DA:3,54
DA:4,54
DA:9,54
DA:10,54
DA:12,54
DA:13,54
DA:14,54
DA:16,54
DA:17,54
DA:18,54
DA:22,54
DA:23,54
DA:24,54
DA:26,54
DA:29,54
DA:33,54
DA:36,54
DA:38,0
DA:39,0
DA:40,0
DA:41,0
DA:42,0
DA:43,0
DA:45,0
DA:52,0
DA:56,0
DA:61,0
DA:66,0
DA:74,0
DA:81,0
DA:87,0
DA:88,0
DA:95,0
DA:99,0
DA:100,0
DA:104,0
DA:111,0
DA:118,0
DA:119,0
DA:121,0
DA:122,0
DA:128,0
DA:132,0
DA:137,0
DA:144,0
DA:145,0
DA:151,0
DA:153,0
DA:157,0
DA:158,0
DA:160,0
DA:166,0
DA:170,0
DA:171,0
DA:176,0
DA:180,0
DA:182,0
DA:183,0
DA:186,0
DA:187,0
DA:188,0
DA:189,0
DA:191,0
DA:198,0
DA:205,0
DA:206,0
DA:207,0
DA:213,0
DA:220,0
DA:226,0
DA:231,0
DA:236,0
DA:249,0
DA:276,0
DA:277,0
DA:280,0
DA:282,0
DA:288,0
DA:290,0
DA:291,0
DA:292,0
DA:297,0
DA:298,0
DA:302,0
DA:319,0
DA:320,0
DA:323,0
DA:325,0
DA:326,0
DA:327,0
DA:328,0
DA:331,0
LF:94
LH:19
BRDA:76,0,0,0
BRDA:76,0,1,0
BRDA:99,1,0,0
BRDA:118,2,0,0
BRDA:118,2,1,0
BRDA:119,3,0,0
BRDA:119,3,1,0
BRDA:121,4,0,0
BRDA:144,5,0,0
BRDA:144,6,0,0
BRDA:144,6,1,0
BRDA:157,7,0,0
BRDA:170,8,0,0
BRDA:206,9,0,0
BRDA:206,10,0,0
BRDA:206,10,1,0
BRDA:220,11,0,0
BRDA:220,11,1,0
BRDA:237,12,0,0
BRDA:237,12,1,0
BRDA:238,13,0,0
BRDA:238,13,1,0
BRDA:243,14,0,0
BRDA:243,14,1,0
BRDA:246,15,0,0
BRDA:246,15,1,0
BRDA:248,16,0,0
BRDA:248,16,1,0
BRDA:276,17,0,0
BRDA:276,18,0,0
BRDA:276,18,1,0
BRDA:281,19,0,0
BRDA:281,19,1,0
BRDA:282,20,0,0
BRDA:282,20,1,0
BRDA:291,21,0,0
BRDA:291,21,1,0
BRDA:294,22,0,0
BRDA:294,22,1,0
BRDA:319,23,0,0
BRDA:319,24,0,0
BRDA:319,24,1,0
BRDA:328,25,0,0
BRDA:328,25,1,0
BRDA:328,25,2,0
BRF:45
BRH:0
end_of_record
TN:
SF:src/domain/space/space.about.membership/space.about.membership.service.ts
FN:5,(anonymous_2)
FNF:1
FNH:0
FNDA:0,(anonymous_2)
DA:1,0
DA:4,0
LF:2
LH:0
BRF:0
BRH:0
end_of_record
TN:
SF:src/domain/space/space.defaults/space.defaults.service.ts
FN:30,(anonymous_4)
FN:39,(anonymous_5)
FN:130,(anonymous_6)
FN:141,(anonymous_7)
FN:215,(anonymous_8)
FN:240,(anonymous_9)
FN:251,(anonymous_10)
FN:267,(anonymous_11)
FN:282,(anonymous_12)
FNF:9
FNH:0
FNDA:0,(anonymous_4)
FNDA:0,(anonymous_5)
FNDA:0,(anonymous_6)
FNDA:0,(anonymous_7)
FNDA:0,(anonymous_8)
FNDA:0,(anonymous_9)
FNDA:0,(anonymous_10)
FNDA:0,(anonymous_11)
FNDA:0,(anonymous_12)
DA:1,54
DA:2,54
DA:3,54
DA:4,54
DA:6,54
DA:7,54
DA:8,54
DA:9,54
DA:12,54
DA:13,54
DA:14,54
DA:15,54
DA:20,54
DA:21,54
DA:22,54
DA:25,54
DA:29,54
DA:31,0
DA:32,0
DA:33,0
DA:34,0
DA:35,0
DA:36,0
DA:44,0
DA:47,0
DA:48,0
DA:54,0
DA:55,0
DA:56,0
DA:60,0
DA:61,0
DA:69,0
DA:70,0
DA:77,0
DA:78,0
DA:83,0
DA:90,0
DA:92,0
DA:95,0
DA:98,0
DA:104,0
DA:107,0
DA:113,0
DA:114,0
DA:115,0
DA:117,0
DA:119,0
DA:124,0
DA:129,0
DA:130,0
DA:133,0
DA:138,0
DA:147,0
DA:149,0
DA:150,0
DA:153,0
DA:155,0
DA:159,0
DA:163,0
DA:164,0
DA:165,0
DA:172,0
DA:179,0
DA:180,0
DA:185,0
DA:190,0
DA:191,0
DA:197,0
DA:205,0
DA:206,0
DA:212,0
DA:219,0
DA:223,0
DA:227,0
DA:231,0
DA:232,0
DA:239,0
DA:240,0
DA:243,0
DA:248,0
DA:254,0
DA:255,0
DA:261,0
DA:264,0
DA:268,0
DA:271,0
DA:273,0
DA:275,0
DA:285,0
DA:288,0
DA:290,0
LF:91
LH:17
BRDA:47,0,0,0
BRDA:54,1,0,0
BRDA:55,2,0,0
BRDA:60,3,0,0
BRDA:69,4,0,0
BRDA:78,5,0,0
BRDA:79,6,0,0
BRDA:79,6,1,0
BRDA:79,6,2,0
BRDA:95,7,0,0
BRDA:104,8,0,0
BRDA:113,9,0,0
BRDA:113,9,1,0
BRDA:114,10,0,0
BRDA:114,10,1,0
BRDA:117,11,0,0
BRDA:134,12,0,0
BRDA:134,12,1,0
BRDA:135,13,0,0
BRDA:135,13,1,0
BRDA:149,14,0,0
BRDA:149,14,1,0
BRDA:153,15,0,0
BRDA:153,15,1,0
BRDA:153,15,2,0
BRDA:163,16,0,0
BRDA:179,17,0,0
BRDA:190,18,0,0
BRDA:205,19,0,0
BRDA:231,20,0,0
BRDA:244,21,0,0
BRDA:244,21,1,0
BRDA:245,22,0,0
BRDA:245,22,1,0
BRDA:254,23,0,0
BRDA:268,24,0,0
BRDA:268,24,1,0
BRDA:268,24,2,0
BRDA:268,24,3,0
BRDA:285,25,0,0
BRDA:285,25,1,0
BRDA:285,25,2,0
BRF:42
BRH:0
end_of_record
TN:
SF:src/domain/space/space.lookup/space.lookup.service.ts
FN:27,(anonymous_4)
FN:36,(anonymous_5)
FN:49,(anonymous_6)
FN:62,(anonymous_7)
FN:73,(anonymous_8)
FN:94,(anonymous_9)
FN:111,(anonymous_10)
FN:127,(anonymous_11)
FN:144,(anonymous_12)
FN:160,(anonymous_13)
FN:161,(anonymous_14)
FN:171,(anonymous_15)
FN:198,(anonymous_16)
FN:213,(anonymous_17)
FNF:14
FNH:0
FNDA:0,(anonymous_4)
FNDA:0,(anonymous_5)
FNDA:0,(anonymous_6)
FNDA:0,(anonymous_7)
FNDA:0,(anonymous_8)
FNDA:0,(anonymous_9)
FNDA:0,(anonymous_10)
FNDA:0,(anonymous_11)
FNDA:0,(anonymous_12)
FNDA:0,(anonymous_13)
FNDA:0,(anonymous_14)
FNDA:0,(anonymous_15)
FNDA:0,(anonymous_16)
FNDA:0,(anonymous_17)
DA:1,54
DA:2,54
DA:3,54
DA:5,54
DA:9,54
DA:10,54
DA:11,54
DA:21,54
DA:23,54
DA:26,54
DA:28,0
DA:30,0
DA:32,0
DA:33,0
DA:40,0
DA:41,0
DA:42,0
DA:46,0
DA:53,0
DA:54,0
DA:55,0
DA:59,0
DA:66,0
DA:70,0
DA:77,0
DA:84,0
DA:85,0
DA:86,0
DA:91,0
DA:99,0
DA:108,0
DA:115,0
DA:124,0
DA:128,0
DA:136,0
DA:145,0
DA:146,0
DA:149,0
DA:154,0
DA:155,0
DA:158,0
DA:160,0
DA:161,0
DA:163,0
DA:164,0
DA:168,0
DA:175,0
DA:201,0
DA:204,0
DA:205,0
DA:206,0
DA:210,0
DA:214,0
DA:221,0
DA:229,0
DA:230,0
DA:235,0
DA:236,0
DA:237,0
DA:242,0
LF:60
LH:10
BRDA:41,0,0,0
BRDA:54,1,0,0
BRDA:84,2,0,0
BRDA:85,3,0,0
BRDA:145,4,0,0
BRDA:154,5,0,0
BRDA:163,6,0,0
BRDA:168,7,0,0
BRDA:168,7,1,0
BRDA:177,8,0,0
BRDA:177,8,1,0
BRDA:178,9,0,0
BRDA:178,9,1,0
BRDA:205,10,0,0
BRDA:229,11,0,0
BRDA:229,12,0,0
BRDA:229,12,1,0
BRDA:236,13,0,0
BRF:18
BRH:0
end_of_record
TN:
SF:src/domain/space/space.settings/space.settings.service.ts
FN:8,(anonymous_4)
FN:12,(anonymous_5)
FNF:2
FNH:0
FNDA:0,(anonymous_4)
FNDA:0,(anonymous_5)
DA:1,54
DA:2,54
DA:7,54
DA:9,0
DA:16,0
DA:17,0
DA:18,0
DA:20,0
DA:21,0
DA:25,0
DA:26,0
DA:28,0
DA:29,0
DA:31,0
LF:14
LH:3
BRDA:16,0,0,0
BRDA:17,1,0,0
BRDA:20,2,0,0
BRDA:25,3,0,0
BRDA:28,4,0,0
BRF:5
BRH:0
end_of_record
TN:
SF:src/domain/storage/document/document.service.ts
FN:27,(anonymous_4)
FN:38,(anonymous_5)
FN:54,(anonymous_6)
FN:87,(anonymous_7)
FN:106,(anonymous_8)
FN:125,(anonymous_9)
FN:129,(anonymous_10)
FN:145,(anonymous_11)
FN:150,(anonymous_12)
FN:175,(anonymous_13)
FN:179,(anonymous_14)
FN:184,(anonymous_15)
FN:207,(anonymous_16)
FN:212,(anonymous_17)
FN:220,(anonymous_18)
FN:236,(anonymous_19)
FNF:16
FNH:0
FNDA:0,(anonymous_4)
FNDA:0,(anonymous_5)
FNDA:0,(anonymous_6)
FNDA:0,(anonymous_7)
FNDA:0,(anonymous_8)
FNDA:0,(anonymous_9)
FNDA:0,(anonymous_10)
FNDA:0,(anonymous_11)
FNDA:0,(anonymous_12)
FNDA:0,(anonymous_13)
FNDA:0,(anonymous_14)
FNDA:0,(anonymous_15)
FNDA:0,(anonymous_16)
FNDA:0,(anonymous_17)
FNDA:0,(anonymous_18)
FNDA:0,(anonymous_19)
DA:1,58
DA:2,58
DA:3,58
DA:4,58
DA:5,58
DA:6,58
DA:7,58
DA:8,58
DA:9,58
DA:13,58
DA:15,58
DA:17,58
DA:18,58
DA:19,58
DA:20,58
DA:21,58
DA:23,58
DA:26,58
DA:28,0
DA:29,0
DA:30,0
DA:32,0
DA:34,0
DA:35,0
DA:41,0
DA:42,0
DA:47,0
DA:51,0
DA:57,0
DA:58,0
DA:61,0
DA:62,0
DA:64,0
DA:65,0
DA:67,0
DA:75,0
DA:76,0
DA:78,0
DA:79,0
DA:82,0
DA:83,0
DA:84,0
DA:91,0
DA:98,0
DA:99,0
DA:103,0
DA:110,0
DA:117,0
DA:118,0
DA:122,0
DA:126,0
DA:130,0
DA:133,0
DA:134,0
DA:138,0
DA:146,0
DA:147,0
DA:153,0
DA:158,0
DA:159,0
DA:160,0
DA:165,0
DA:170,0
DA:172,0
DA:176,0
DA:180,0
DA:181,0
DA:188,0
DA:190,0
DA:191,0
DA:194,0
DA:195,0
DA:196,0
DA:198,0
DA:204,0
DA:208,0
DA:209,0
DA:213,0
DA:217,0
DA:221,0
DA:222,0
DA:224,0
DA:233,0
DA:237,0
DA:238,0
DA:240,0
LF:86
LH:18
BRDA:62,0,0,0
BRDA:75,1,0,0
BRDA:78,2,0,0
BRDA:98,3,0,0
BRDA:117,4,0,0
BRDA:133,5,0,0
BRDA:158,6,0,0
BRDA:159,7,0,0
BRDA:190,8,0,0
BRDA:208,9,0,0
BRF:10
BRH:0
end_of_record
TN:
SF:src/domain/storage/storage-aggregator/storage.aggregator.service.ts
FN:24,(anonymous_4)
FN:35,(anonymous_5)
FN:56,(anonymous_6)
FN:89,(anonymous_7)
FN:106,(anonymous_8)
FN:112,(anonymous_9)
FN:127,(anonymous_10)
FN:142,(anonymous_11)
FN:155,(anonymous_12)
FN:169,(anonymous_13)
FN:180,(anonymous_14)
FN:195,(anonymous_15)
FN:217,(anonymous_16)
FNF:13
FNH:0
FNDA:0,(anonymous_4)
FNDA:0,(anonymous_5)
FNDA:0,(anonymous_6)
FNDA:0,(anonymous_7)
FNDA:0,(anonymous_8)
FNDA:0,(anonymous_9)
FNDA:0,(anonymous_10)
FNDA:0,(anonymous_11)
FNDA:0,(anonymous_12)
FNDA:0,(anonymous_13)
FNDA:0,(anonymous_14)
FNDA:0,(anonymous_15)
FNDA:0,(anonymous_16)
DA:1,57
DA:2,57
DA:3,57
DA:4,57
DA:5,57
DA:6,57
DA:7,57
DA:8,57
DA:9,57
DA:11,57
DA:12,57
DA:14,57
DA:16,57
DA:20,57
DA:21,57
DA:23,57
DA:25,0
DA:26,0
DA:27,0
DA:28,0
DA:30,0
DA:32,0
DA:39,0
DA:40,0
DA:41,0
DA:45,0
DA:47,0
DA:50,0
DA:53,0
DA:57,0
DA:66,0
DA:67,0
DA:73,0
DA:74,0
DA:78,0
DA:82,0
DA:85,0
DA:86,0
DA:94,0
DA:98,0
DA:99,0
DA:103,0
DA:109,0
DA:113,0
DA:115,0
DA:117,0
DA:119,0
DA:121,0
DA:124,0
DA:131,0
DA:134,0
DA:135,0
DA:136,0
DA:137,0
DA:139,0
DA:146,0
DA:147,0
DA:148,0
DA:149,0
DA:150,0
DA:152,0
DA:158,0
DA:165,0
DA:166,0
DA:173,0
DA:176,0
DA:177,0
DA:183,0
DA:191,0
DA:192,0
DA:198,0
DA:207,0
DA:208,0
DA:214,0
DA:220,0
DA:225,0
DA:228,0
DA:231,0
DA:232,0
DA:233,0
DA:234,0
DA:237,0
DA:239,0
DA:240,0
DA:241,0
DA:245,0
DA:248,0
DA:249,0
DA:250,0
DA:253,0
DA:256,0
DA:259,0
DA:260,0
DA:261,0
DA:264,0
DA:267,0
DA:270,0
DA:273,0
DA:274,0
DA:275,0
DA:277,0
DA:282,0
LF:102
LH:16
BRDA:66,0,0,0
BRDA:73,1,0,0
BRDA:98,2,0,0
BRDA:165,3,0,0
BRDA:176,4,0,0
BRDA:191,5,0,0
BRDA:207,6,0,0
BRDA:225,7,0,0
BRDA:225,7,1,0
BRDA:225,7,2,0
BRDA:225,7,3,0
BRDA:225,7,4,0
BRDA:225,7,5,0
BRF:13
BRH:0
end_of_record
TN:
SF:src/domain/storage/storage-bucket/storage.bucket.service.ts
FN:41,(anonymous_4)
FN:57,(anonymous_5)
FN:74,(anonymous_6)
FN:97,(anonymous_7)
FN:101,(anonymous_8)
FN:123,(anonymous_9)
FN:138,(anonymous_10)
FN:158,(anonymous_11)
FN:214,(anonymous_12)
FN:267,(anonymous_13)
FN:284,(anonymous_14)
FN:292,(anonymous_15)
FN:304,(anonymous_16)
FN:320,(anonymous_17)
FN:328,(anonymous_18)
FN:348,(anonymous_19)
FN:359,(anonymous_20)
FN:374,(anonymous_21)
FN:383,(anonymous_22)
FN:395,(anonymous_23)
FN:417,(anonymous_24)
FNF:21
FNH:0
FNDA:0,(anonymous_4)
FNDA:0,(anonymous_5)
FNDA:0,(anonymous_6)
FNDA:0,(anonymous_7)
FNDA:0,(anonymous_8)
FNDA:0,(anonymous_9)
FNDA:0,(anonymous_10)
FNDA:0,(anonymous_11)
FNDA:0,(anonymous_12)
FNDA:0,(anonymous_13)
FNDA:0,(anonymous_14)
FNDA:0,(anonymous_15)
FNDA:0,(anonymous_16)
FNDA:0,(anonymous_17)
FNDA:0,(anonymous_18)
FNDA:0,(anonymous_19)
FNDA:0,(anonymous_20)
FNDA:0,(anonymous_21)
FNDA:0,(anonymous_22)
FNDA:0,(anonymous_23)
FNDA:0,(anonymous_24)
DA:1,58
DA:2,58
DA:3,58
DA:4,58
DA:6,58
DA:7,58
DA:8,58
DA:9,58
DA:10,58
DA:11,58
DA:12,58
DA:14,58
DA:15,58
DA:16,58
DA:19,58
DA:25,58
DA:26,58
DA:28,58
DA:30,58
DA:32,58
DA:33,58
DA:34,58
DA:35,58
DA:36,58
DA:38,58
DA:39,0
DA:42,0
DA:43,0
DA:44,0
DA:45,0
DA:46,0
DA:48,0
DA:50,0
DA:52,0
DA:54,0
DA:60,0
DA:61,0
DA:64,0
DA:65,0
DA:67,0
DA:69,0
DA:71,0
DA:75,0
DA:79,0
DA:80,0
DA:82,0
DA:83,0
DA:84,0
DA:90,0
DA:93,0
DA:94,0
DA:98,0
DA:105,0
DA:106,0
DA:111,0
DA:115,0
DA:116,0
DA:120,0
DA:126,0
DA:129,0
DA:130,0
DA:131,0
DA:136,0
DA:146,0
DA:148,0
DA:166,0
DA:170,0
DA:173,0
DA:174,0
DA:175,0
DA:177,0
DA:186,0
DA:188,0
DA:195,0
DA:196,0
DA:204,0
DA:205,0
DA:207,0
DA:211,0
DA:223,0
DA:224,0
DA:230,0
DA:232,0
DA:233,0
DA:241,0
DA:245,0
DA:249,0
DA:251,0
DA:271,0
DA:272,0
DA:273,0
DA:274,0
DA:275,0
DA:277,0
DA:281,0
DA:288,0
DA:289,0
DA:293,0
DA:301,0
DA:309,0
DA:312,0
DA:313,0
DA:314,0
DA:320,0
DA:321,0
DA:325,0
DA:326,0
DA:327,0
DA:328,0
DA:330,0
DA:331,0
DA:335,0
DA:337,0
DA:341,0
DA:342,0
DA:345,0
DA:352,0
DA:363,0
DA:366,0
DA:367,0
DA:375,0
DA:376,0
DA:386,0
DA:398,0
DA:405,0
DA:406,0
DA:414,0
DA:422,0
DA:423,0
DA:424,0
DA:425,0
DA:430,0
DA:434,0
DA:435,0
DA:436,0
DA:437,0
DA:440,0
DA:448,0
DA:449,0
DA:451,0
LF:140
LH:25
BRDA:66,0,0,0
BRDA:66,0,1,0
BRDA:68,1,0,0
BRDA:68,1,1,0
BRDA:79,2,0,0
BRDA:82,3,0,0
BRDA:105,4,0,0
BRDA:115,5,0,0
BRDA:130,6,0,0
BRDA:144,7,0,0
BRDA:164,8,0,0
BRDA:195,9,0,0
BRDA:223,10,0,0
BRDA:241,11,0,0
BRDA:242,12,0,0
BRDA:242,12,1,0
BRDA:274,13,0,0
BRDA:301,14,0,0
BRDA:301,14,1,0
BRDA:313,15,0,0
BRDA:325,16,0,0
BRDA:330,17,0,0
BRDA:341,18,0,0
BRDA:366,19,0,0
BRDA:375,20,0,0
BRDA:405,21,0,0
BRDA:422,22,0,0
BRDA:424,23,0,0
BRDA:436,24,0,0
BRF:29
BRH:0
end_of_record
TN:
SF:src/domain/template/template/template.service.ts
FN:48,(anonymous_4)
FN:67,(anonymous_5)
FN:212,(anonymous_6)
FN:216,(anonymous_7)
FN:242,(anonymous_8)
FN:289,(anonymous_9)
FN:377,(anonymous_10)
FN:419,(anonymous_11)
FN:491,(anonymous_12)
FN:506,(anonymous_13)
FN:515,(anonymous_14)
FN:597,(anonymous_15)
FN:601,(anonymous_16)
FN:612,(anonymous_17)
FN:632,(anonymous_18)
FN:654,(anonymous_19)
FN:676,(anonymous_20)
FN:693,(anonymous_21)
FN:708,(anonymous_22)
FN:723,(anonymous_23)
FN:742,(anonymous_24)
FN:757,(anonymous_25)
FNF:22
FNH:0
FNDA:0,(anonymous_4)
FNDA:0,(anonymous_5)
FNDA:0,(anonymous_6)
FNDA:0,(anonymous_7)
FNDA:0,(anonymous_8)
FNDA:0,(anonymous_9)
FNDA:0,(anonymous_10)
FNDA:0,(anonymous_11)
FNDA:0,(anonymous_12)
FNDA:0,(anonymous_13)
FNDA:0,(anonymous_14)
FNDA:0,(anonymous_15)
FNDA:0,(anonymous_16)
FNDA:0,(anonymous_17)
FNDA:0,(anonymous_18)
FNDA:0,(anonymous_19)
FNDA:0,(anonymous_20)
FNDA:0,(anonymous_21)
FNDA:0,(anonymous_22)
FNDA:0,(anonymous_23)
FNDA:0,(anonymous_24)
FNDA:0,(anonymous_25)
DA:1,54
DA:2,54
DA:3,54
DA:4,54
DA:10,54
DA:11,54
DA:12,54
DA:17,54
DA:18,54
DA:19,54
DA:20,54
DA:21,54
DA:22,54
DA:23,54
DA:27,54
DA:28,54
DA:30,54
DA:32,54
DA:34,54
DA:35,54
DA:36,54
DA:37,54
DA:39,54
DA:40,54
DA:44,54
DA:47,54
DA:49,0
DA:50,0
DA:51,0
DA:52,0
DA:53,0
DA:54,0
DA:55,0
DA:56,0
DA:57,0
DA:58,0
DA:60,0
DA:62,0
DA:64,0
DA:71,0
DA:72,0
DA:76,0
DA:81,0
DA:85,0
DA:90,0
DA:92,0
DA:93,0
DA:98,0
DA:99,0
DA:102,0
DA:103,0
DA:109,0
DA:111,0
DA:116,0
DA:119,0
DA:120,0
DA:125,0
DA:126,0
DA:128,0
DA:131,0
DA:132,0
DA:134,0
DA:135,0
DA:138,0
DA:139,0
DA:155,0
DA:158,0
DA:164,0
DA:167,0
DA:168,0
DA:173,0
DA:184,0
DA:187,0
DA:188,0
DA:193,0
DA:194,0
DA:195,0
DA:200,0
DA:203,0
DA:209,0
DA:213,0
DA:225,0
DA:232,0
DA:233,0
DA:237,0
DA:246,0
DA:265,0
DA:266,0
DA:271,0
DA:275,0
DA:277,0
DA:283,0
DA:286,0
DA:294,0
DA:299,0
DA:304,0
DA:349,0
DA:354,0
DA:356,0
DA:358,0
DA:361,0
DA:367,0
DA:374,0
DA:382,0
DA:384,0
DA:388,0
DA:389,0
DA:397,0
DA:398,0
DA:404,0
DA:405,0
DA:407,0
DA:414,0
DA:425,0
DA:432,0
DA:440,0
DA:443,0
DA:450,0
DA:453,0
DA:455,0
DA:459,0
DA:465,0
DA:470,0
DA:474,0
DA:482,0
DA:488,0
DA:495,0
DA:499,0
DA:505,0
DA:506,0
DA:509,0
DA:516,0
DA:526,0
DA:527,0
DA:532,0
DA:534,0
DA:535,0
DA:540,0
DA:543,0
DA:546,0
DA:547,0
DA:552,0
DA:553,0
DA:556,0
DA:557,0
DA:562,0
DA:563,0
DA:566,0
DA:567,0
DA:572,0
DA:575,0
DA:579,0
DA:582,0
DA:589,0
DA:590,0
DA:592,0
DA:593,0
DA:594,0
DA:598,0
DA:605,0
DA:615,0
DA:636,0
DA:658,0
DA:667,0
DA:668,0
DA:673,0
DA:679,0
DA:684,0
DA:685,0
DA:690,0
DA:694,0
DA:699,0
DA:700,0
DA:705,0
DA:709,0
DA:714,0
DA:715,0
DA:720,0
DA:726,0
DA:733,0
DA:734,0
DA:739,0
DA:743,0
DA:748,0
DA:749,0
DA:754,0
DA:760,0
DA:767,0
DA:768,0
DA:770,0
LF:190
LH:26
BRDA:90,0,0,0
BRDA:90,0,1,0
BRDA:90,0,2,0
BRDA:90,0,3,0
BRDA:90,0,4,0
BRDA:90,0,5,0
BRDA:92,1,0,0
BRDA:102,2,0,0
BRDA:119,3,0,0
BRDA:131,4,0,0
BRDA:134,5,0,0
BRDA:138,6,0,0
BRDA:167,7,0,0
BRDA:187,8,0,0
BRDA:232,9,0,0
BRDA:257,10,0,0
BRDA:257,10,1,0
BRDA:265,11,0,0
BRDA:271,12,0,0
BRDA:272,13,0,0
BRDA:272,13,1,0
BRDA:277,14,0,0
BRDA:278,15,0,0
BRDA:278,15,1,0
BRDA:278,15,2,0
BRDA:294,16,0,0
BRDA:295,17,0,0
BRDA:295,17,1,0
BRDA:295,17,2,0
BRDA:325,18,0,0
BRDA:325,18,1,0
BRDA:349,19,0,0
BRDA:350,20,0,0
BRDA:350,20,1,0
BRDA:350,20,2,0
BRDA:382,21,0,0
BRDA:382,21,1,0
BRDA:388,22,0,0
BRDA:404,23,0,0
BRDA:404,24,0,0
BRDA:404,24,1,0
BRDA:425,25,0,0
BRDA:426,26,0,0
BRDA:426,26,1,0
BRDA:426,26,2,0
BRDA:426,26,3,0
BRDA:426,26,4,0
BRDA:453,27,0,0
BRDA:456,28,0,0
BRDA:456,28,1,0
BRDA:495,29,0,0
BRDA:496,30,0,0
BRDA:496,30,1,0
BRDA:510,31,0,0
BRDA:510,31,1,0
BRDA:526,32,0,0
BRDA:526,33,0,0
BRDA:526,33,1,0
BRDA:532,34,0,0
BRDA:532,34,1,0
BRDA:532,34,2,0
BRDA:532,34,3,0
BRDA:532,34,4,0
BRDA:532,34,5,0
BRDA:534,35,0,0
BRDA:546,36,0,0
BRDA:556,37,0,0
BRDA:566,38,0,0
BRDA:667,39,0,0
BRDA:684,40,0,0
BRDA:699,41,0,0
BRDA:714,42,0,0
BRDA:733,43,0,0
BRDA:748,44,0,0
BRDA:767,45,0,0
BRF:75
BRH:0
end_of_record
TN:
SF:src/domain/template/template-applier/template.applier.service.ts
FN:17,(anonymous_2)
FN:26,(anonymous_3)
FN:64,(anonymous_4)
FNF:3
FNH:0
FNDA:0,(anonymous_2)
FNDA:0,(anonymous_3)
FNDA:0,(anonymous_4)
DA:1,0
DA:3,0
DA:5,0
DA:6,0
DA:8,0
DA:9,0
DA:10,0
DA:11,0
DA:12,0
DA:16,0
DA:18,0
DA:19,0
DA:20,0
DA:21,0
DA:22,0
DA:23,0
DA:32,0
DA:46,0
DA:50,0
DA:56,0
DA:70,0
DA:71,0
DA:78,0
DA:84,0
DA:86,0
DA:89,0
DA:96,0
DA:99,0
DA:101,0
DA:105,0
DA:111,0
DA:114,0
DA:119,0
LF:33
LH:0
BRDA:46,0,0,0
BRDA:47,1,0,0
BRDA:47,1,1,0
BRDA:71,2,0,0
BRDA:72,3,0,0
BRDA:72,3,1,0
BRDA:72,3,2,0
BRDA:72,3,3,0
BRDA:72,3,4,0
BRDA:99,4,0,0
BRDA:102,5,0,0
BRDA:102,5,1,0
BRF:12
BRH:0
end_of_record
TN:
SF:src/domain/template/template-content-space/template.content.space.service.ts
FN:32,(anonymous_4)
FN:42,(anonymous_5)
FN:81,(anonymous_6)
FN:87,(anonymous_7)
FN:177,(anonymous_8)
FN:195,(anonymous_9)
FN:210,(anonymous_10)
FN:242,(anonymous_11)
FN:267,(anonymous_12)
FN:317,(anonymous_13)
FN:335,(anonymous_14)
FNF:11
FNH:0
FNDA:0,(anonymous_4)
FNDA:0,(anonymous_5)
FNDA:0,(anonymous_6)
FNDA:0,(anonymous_7)
FNDA:0,(anonymous_8)
FNDA:0,(anonymous_9)
FNDA:0,(anonymous_10)
FNDA:0,(anonymous_11)
FNDA:0,(anonymous_12)
FNDA:0,(anonymous_13)
FNDA:0,(anonymous_14)
DA:1,54
DA:2,54
DA:7,54
DA:8,54
DA:9,54
DA:10,54
DA:11,54
DA:12,54
DA:13,54
DA:14,54
DA:17,54
DA:18,54
DA:23,54
DA:24,54
DA:26,54
DA:27,54
DA:31,54
DA:33,0
DA:34,0
DA:35,0
DA:36,0
DA:38,0
DA:39,0
DA:48,0
DA:50,0
DA:53,0
DA:55,0
DA:61,0
DA:62,0
DA:69,0
DA:70,0
DA:75,0
DA:78,0
DA:84,0
DA:90,0
DA:127,0
DA:132,0
DA:140,0
DA:144,0
DA:145,0
DA:150,0
DA:151,0
DA:157,0
DA:158,0
DA:164,0
DA:169,0
DA:172,0
DA:174,0
DA:181,0
DA:185,0
DA:186,0
DA:192,0
DA:200,0
DA:207,0
DA:213,0
DA:224,0
DA:225,0
DA:231,0
DA:232,0
DA:239,0
DA:247,0
DA:248,0
DA:255,0
DA:259,0
DA:264,0
DA:268,0
DA:320,0
DA:326,0
DA:327,0
DA:328,0
DA:332,0
DA:338,0
DA:344,0
DA:345,0
DA:346,0
DA:350,0
LF:76
LH:17
BRDA:127,0,0,0
BRDA:128,1,0,0
BRDA:128,1,1,0
BRDA:128,1,2,0
BRDA:140,2,0,0
BRDA:141,3,0,0
BRDA:141,3,1,0
BRDA:150,4,0,0
BRDA:157,5,0,0
BRDA:185,6,0,0
BRDA:224,7,0,0
BRDA:231,8,0,0
BRDA:247,9,0,0
BRDA:327,10,0,0
BRDA:345,11,0,0
BRF:15
BRH:0
end_of_record
TN:
SF:src/domain/template/template-content-space/template-content-space.lookup/template-content-space.lookup.service.ts
FN:12,(anonymous_4)
FN:18,(anonymous_5)
FN:35,(anonymous_6)
FN:47,(anonymous_7)
FNF:4
FNH:0
FNDA:0,(anonymous_4)
FNDA:0,(anonymous_5)
FNDA:0,(anonymous_6)
FNDA:0,(anonymous_7)
DA:1,0
DA:2,0
DA:3,0
DA:5,0
DA:6,0
DA:7,0
DA:8,0
DA:11,0
DA:14,0
DA:15,0
DA:22,0
DA:26,0
DA:27,0
DA:32,0
DA:40,0
DA:44,0
DA:52,0
DA:61,0
LF:18
LH:0
BRDA:26,0,0,0
BRF:1
BRH:0
end_of_record
TN:
SF:src/domain/template/template-default/template.default.service.ts
FN:20,(anonymous_4)
FN:27,(anonymous_5)
FN:44,(anonymous_6)
FN:62,(anonymous_7)
FN:79,(anonymous_8)
FN:88,(anonymous_9)
FNF:6
FNH:0
FNDA:0,(anonymous_4)
FNDA:0,(anonymous_5)
FNDA:0,(anonymous_6)
FNDA:0,(anonymous_7)
FNDA:0,(anonymous_8)
FNDA:0,(anonymous_9)
DA:1,54
DA:2,54
DA:3,54
DA:4,54
DA:5,54
DA:9,54
DA:10,54
DA:14,54
DA:15,54
DA:16,54
DA:19,54
DA:22,0
DA:23,0
DA:24,0
DA:30,0
DA:32,0
DA:36,0
DA:37,0
DA:38,0
DA:41,0
DA:48,0
DA:51,0
DA:52,0
DA:57,0
DA:59,0
DA:66,0
DA:71,0
DA:72,0
DA:76,0
DA:82,0
DA:85,0
DA:89,0
LF:32
LH:11
BRDA:51,0,0,0
BRDA:71,1,0,0
BRF:2
BRH:0
end_of_record
TN:
SF:src/domain/template/templates-manager/templates.manager.service.ts
FN:25,(anonymous_4)
FN:34,(anonymous_5)
FN:54,(anonymous_6)
FN:73,(anonymous_7)
FN:116,(anonymous_8)
FN:122,(anonymous_9)
FN:133,(anonymous_10)
FN:150,(anonymous_11)
FN:172,(anonymous_12)
FN:178,(anonymous_13)
FNF:10
FNH:0
FNDA:0,(anonymous_4)
FNDA:0,(anonymous_5)
FNDA:0,(anonymous_6)
FNDA:0,(anonymous_7)
FNDA:0,(anonymous_8)
FNDA:0,(anonymous_9)
FNDA:0,(anonymous_10)
FNDA:0,(anonymous_11)
FNDA:0,(anonymous_12)
FNDA:0,(anonymous_13)
DA:1,54
DA:2,54
DA:3,54
DA:4,54
DA:5,54
DA:9,54
DA:10,54
DA:11,54
DA:12,54
DA:14,54
DA:15,54
DA:17,54
DA:24,54
DA:26,0
DA:28,0
DA:29,0
DA:30,0
DA:31,0
DA:37,0
DA:38,0
DA:41,0
DA:42,0
DA:45,0
DA:47,0
DA:48,0
DA:51,0
DA:58,0
DA:65,0
DA:66,0
DA:70,0
DA:76,0
DA:87,0
DA:92,0
DA:98,0
DA:102,0
DA:103,0
DA:105,0
DA:109,0
DA:112,0
DA:113,0
DA:120,0
DA:121,0
DA:122,0
DA:124,0
DA:125,0
DA:130,0
DA:137,0
DA:141,0
DA:142,0
DA:147,0
DA:153,0
DA:163,0
DA:164,0
DA:169,0
DA:175,0
DA:181,0
DA:188,0
DA:189,0
DA:195,0
LF:59
LH:13
BRDA:62,0,0,0
BRDA:62,0,1,0
BRDA:65,1,0,0
BRDA:87,2,0,0
BRDA:88,3,0,0
BRDA:88,3,1,0
BRDA:88,3,2,0
BRDA:124,4,0,0
BRDA:141,5,0,0
BRDA:163,6,0,0
BRDA:188,7,0,0
BRDA:188,8,0,0
BRDA:188,8,1,0
BRF:13
BRH:0
end_of_record
TN:
SF:src/domain/template/templates-set/templates.set.service.ts
FN:28,(anonymous_4)
FN:39,(anonymous_5)
FN:49,(anonymous_6)
FN:65,(anonymous_7)
FN:87,(anonymous_8)
FN:97,(anonymous_9)
FN:101,(anonymous_10)
FN:111,(anonymous_11)
FN:146,(anonymous_12)
FN:163,(anonymous_13)
FN:180,(anonymous_14)
FN:188,(anonymous_15)
FN:192,(anonymous_16)
FN:202,(anonymous_17)
FNF:14
FNH:0
FNDA:0,(anonymous_4)
FNDA:0,(anonymous_5)
FNDA:0,(anonymous_6)
FNDA:0,(anonymous_7)
FNDA:0,(anonymous_8)
FNDA:0,(anonymous_9)
FNDA:0,(anonymous_10)
FNDA:0,(anonymous_11)
FNDA:0,(anonymous_12)
FNDA:0,(anonymous_13)
FNDA:0,(anonymous_14)
FNDA:0,(anonymous_15)
FNDA:0,(anonymous_16)
FNDA:0,(anonymous_17)
DA:1,54
DA:2,54
DA:3,54
DA:4,54
DA:5,54
DA:9,54
DA:10,54
DA:11,54
DA:12,54
DA:14,54
DA:18,54
DA:19,54
DA:20,54
DA:21,54
DA:24,54
DA:27,54
DA:29,0
DA:31,0
DA:32,0
DA:33,0
DA:34,0
DA:35,0
DA:36,0
DA:40,0
DA:41,0
DA:44,0
DA:46,0
DA:53,0
DA:57,0
DA:58,0
DA:62,0
DA:66,0
DA:73,0
DA:74,0
DA:76,0
DA:77,0
DA:78,0
DA:82,0
DA:91,0
DA:98,0
DA:105,0
DA:116,0
DA:120,0
DA:121,0
DA:122,0
DA:129,0
DA:136,0
DA:138,0
DA:142,0
DA:143,0
DA:151,0
DA:155,0
DA:160,0
DA:168,0
DA:172,0
DA:177,0
DA:183,0
DA:189,0
DA:196,0
DA:204,0
DA:210,0
DA:216,0
DA:222,0
DA:228,0
DA:233,0
LF:65
LH:16
BRDA:57,0,0,0
BRDA:73,1,0,0
BRDA:76,2,0,0
BRDA:120,3,0,0
BRDA:120,3,1,0
BRDA:120,4,0,0
BRDA:120,4,1,0
BRDA:121,5,0,0
BRF:8
BRH:0
end_of_record
TN:
SF:src/domain/timeline/calendar/calendar.service.ts
FN:36,(anonymous_4)
FN:50,(anonymous_5)
FN:60,(anonymous_6)
FN:79,(anonymous_7)
FN:95,(anonymous_8)
FN:124,(anonymous_9)
FN:128,(anonymous_10)
FN:169,(anonymous_11)
FN:192,(anonymous_12)
FN:195,(anonymous_13)
FN:214,(anonymous_14)
FN:225,(anonymous_15)
FN:254,(anonymous_16)
FNF:13
FNH:0
FNDA:0,(anonymous_4)
FNDA:0,(anonymous_5)
FNDA:0,(anonymous_6)
FNDA:0,(anonymous_7)
FNDA:0,(anonymous_8)
FNDA:0,(anonymous_9)
FNDA:0,(anonymous_10)
FNDA:0,(anonymous_11)
FNDA:0,(anonymous_12)
FNDA:0,(anonymous_13)
FNDA:0,(anonymous_14)
FNDA:0,(anonymous_15)
FNDA:0,(anonymous_16)
DA:1,54
DA:2,54
DA:3,54
DA:4,54
DA:6,54
DA:7,54
DA:8,54
DA:9,54
DA:10,54
DA:11,54
DA:12,54
DA:13,54
DA:15,54
DA:16,54
DA:20,54
DA:21,54
DA:22,54
DA:23,54
DA:24,54
DA:27,54
DA:28,54
DA:29,54
DA:30,54
DA:31,54
DA:32,54
DA:35,54
DA:37,0
DA:38,0
DA:39,0
DA:40,0
DA:41,0
DA:42,0
DA:43,0
DA:44,0
DA:46,0
DA:47,0
DA:51,0
DA:52,0
DA:55,0
DA:57,0
DA:61,0
DA:65,0
DA:66,0
DA:68,0
DA:69,0
DA:70,0
DA:76,0
DA:83,0
DA:87,0
DA:88,0
DA:92,0
DA:98,0
DA:124,0
DA:125,0
DA:132,0
DA:140,0
DA:141,0
DA:142,0
DA:143,0
DA:144,0
DA:149,0
DA:157,0
DA:160,0
DA:165,0
DA:166,0
DA:174,0
DA:177,0
DA:178,0
DA:179,0
DA:185,0
DA:187,0
DA:188,0
DA:192,0
DA:199,0
DA:203,0
DA:204,0
DA:211,0
DA:218,0
DA:226,0
DA:227,0
DA:243,0
DA:244,0
DA:251,0
DA:259,0
DA:264,0
DA:266,0
DA:270,0
DA:271,0
LF:88
LH:26
BRDA:65,0,0,0
BRDA:68,1,0,0
BRDA:87,2,0,0
BRDA:141,3,0,0
BRDA:141,3,1,0
BRDA:141,4,0,0
BRDA:141,4,1,0
BRDA:143,5,0,0
BRDA:178,6,0,0
BRDA:185,7,0,0
BRDA:203,8,0,0
BRDA:243,9,0,0
BRDA:270,10,0,0
BRF:13
BRH:0
end_of_record
TN:
SF:src/domain/timeline/event/event.service.ts
FN:30,(anonymous_4)
FN:40,(anonymous_5)
FN:72,(anonymous_6)
FN:76,(anonymous_7)
FN:102,(anonymous_8)
FN:118,(anonymous_9)
FN:162,(anonymous_10)
FN:168,(anonymous_11)
FN:184,(anonymous_12)
FN:190,(anonymous_13)
FN:208,(anonymous_14)
FN:241,(anonymous_15)
FNF:12
FNH:0
FNDA:0,(anonymous_4)
FNDA:0,(anonymous_5)
FNDA:0,(anonymous_6)
FNDA:0,(anonymous_7)
FNDA:0,(anonymous_8)
FNDA:0,(anonymous_9)
FNDA:0,(anonymous_10)
FNDA:0,(anonymous_11)
FNDA:0,(anonymous_12)
FNDA:0,(anonymous_13)
FNDA:0,(anonymous_14)
FNDA:0,(anonymous_15)
DA:1,54
DA:2,54
DA:3,54
DA:4,54
DA:5,54
DA:6,54
DA:7,54
DA:8,54
DA:12,54
DA:14,54
DA:16,54
DA:17,54
DA:18,54
DA:20,54
DA:22,54
DA:23,54
DA:24,54
DA:25,54
DA:26,54
DA:29,54
DA:31,0
DA:32,0
DA:33,0
DA:34,0
DA:36,0
DA:37,0
DA:46,0
DA:47,0
DA:52,0
DA:59,0
DA:62,0
DA:64,0
DA:69,0
DA:73,0
DA:79,0
DA:80,0
DA:83,0
DA:84,0
DA:86,0
DA:87,0
DA:89,0
DA:90,0
DA:95,0
DA:98,0
DA:99,0
DA:106,0
DA:110,0
DA:111,0
DA:115,0
DA:121,0
DA:129,0
DA:130,0
DA:131,0
DA:136,0
DA:141,0
DA:142,0
DA:144,0
DA:145,0
DA:147,0
DA:148,0
DA:149,0
DA:151,0
DA:152,0
DA:155,0
DA:159,0
DA:165,0
DA:172,0
DA:185,0
DA:193,0
DA:199,0
DA:200,0
DA:205,0
DA:211,0
DA:230,0
DA:231,0
DA:234,0
DA:238,0
DA:242,0
DA:249,0
DA:250,0
DA:256,0
LF:81
LH:20
BRDA:56,0,0,0
BRDA:56,0,1,0
BRDA:83,1,0,0
BRDA:86,2,0,0
BRDA:89,3,0,0
BRDA:110,4,0,0
BRDA:129,5,0,0
BRDA:130,6,0,0
BRDA:141,7,0,0
BRDA:144,8,0,0
BRDA:151,9,0,0
BRDA:156,10,0,0
BRDA:156,10,1,0
BRDA:199,11,0,0
BRDA:230,12,0,0
BRDA:238,13,0,0
BRDA:238,13,1,0
BRDA:249,14,0,0
BRF:18
BRH:0
end_of_record
TN:
SF:src/domain/timeline/timeline/timeline.service.ts
FN:17,(anonymous_4)
FN:25,(anonymous_5)
FN:35,(anonymous_6)
FN:50,(anonymous_7)
FN:66,(anonymous_8)
FN:70,(anonymous_9)
FNF:6
FNH:0
FNDA:0,(anonymous_4)
FNDA:0,(anonymous_5)
FNDA:0,(anonymous_6)
FNDA:0,(anonymous_7)
FNDA:0,(anonymous_8)
FNDA:0,(anonymous_9)
DA:1,54
DA:2,54
DA:3,54
DA:4,54
DA:5,54
DA:6,54
DA:7,54
DA:8,54
DA:10,54
DA:11,54
DA:13,54
DA:16,54
DA:18,0
DA:19,0
DA:21,0
DA:22,0
DA:26,0
DA:27,0
DA:30,0
DA:32,0
DA:36,0
DA:40,0
DA:41,0
DA:43,0
DA:44,0
DA:47,0
DA:54,0
DA:58,0
DA:59,0
DA:63,0
DA:67,0
DA:71,0
DA:74,0
DA:75,0
DA:76,0
DA:81,0
LF:36
LH:12
BRDA:40,0,0,0
BRDA:43,1,0,0
BRDA:58,2,0,0
BRDA:75,3,0,0
BRF:4
BRH:0
end_of_record
TN:
SF:src/library/innovation-pack/innovation.pack.service.ts
FN:32,(anonymous_4)
FN:42,(anonymous_5)
FN:53,(anonymous_6)
FN:102,(anonymous_7)
FN:106,(anonymous_8)
FN:150,(anonymous_9)
FN:174,(anonymous_10)
FN:191,(anonymous_11)
FN:208,(anonymous_12)
FN:226,(anonymous_13)
FN:247,(anonymous_14)
FN:254,(anonymous_15)
FN:273,(anonymous_16)
FNF:13
FNH:1
FNDA:1,(anonymous_4)
FNDA:0,(anonymous_5)
FNDA:0,(anonymous_6)
FNDA:0,(anonymous_7)
FNDA:0,(anonymous_8)
FNDA:0,(anonymous_9)
FNDA:0,(anonymous_10)
FNDA:0,(anonymous_11)
FNDA:0,(anonymous_12)
FNDA:0,(anonymous_13)
FNDA:0,(anonymous_14)
FNDA:0,(anonymous_15)
FNDA:0,(anonymous_16)
DA:1,7
DA:2,7
DA:7,7
DA:8,7
DA:9,7
DA:10,7
DA:14,7
DA:17,7
DA:19,7
DA:20,7
DA:21,7
DA:23,7
DA:25,7
DA:26,7
DA:27,7
DA:28,7
DA:31,7
DA:33,1
DA:34,1
DA:35,1
DA:36,1
DA:38,1
DA:39,1
DA:43,0
DA:46,0
DA:47,0
DA:57,0
DA:59,0
DA:60,0
DA:62,0
DA:69,0
DA:70,0
DA:74,0
DA:79,0
DA:85,0
DA:86,0
DA:88,0
DA:96,0
DA:99,0
DA:103,0
DA:109,0
DA:116,0
DA:117,0
DA:119,0
DA:122,0
DA:123,0
DA:128,0
DA:132,0
DA:133,0
DA:139,0
DA:140,0
DA:143,0
DA:144,0
DA:147,0
DA:153,0
DA:157,0
DA:158,0
DA:163,0
DA:164,0
DA:167,0
DA:170,0
DA:171,0
DA:178,0
DA:183,0
DA:184,0
DA:188,0
DA:195,0
DA:200,0
DA:201,0
DA:205,0
DA:212,0
DA:218,0
DA:219,0
DA:224,0
DA:229,0
DA:235,0
DA:237,0
DA:238,0
DA:244,0
DA:248,0
DA:251,0
DA:255,0
DA:263,0
DA:264,0
DA:265,0
DA:270,0
DA:274,0
DA:280,0
DA:281,0
DA:286,0
DA:289,0
DA:290,0
DA:295,0
LF:93
LH:23
BRDA:46,0,0,0
BRDA:57,1,0,0
BRDA:57,1,1,0
BRDA:64,2,0,0
BRDA:64,2,1,0
BRDA:92,3,0,0
BRDA:92,3,1,0
BRDA:116,4,0,0
BRDA:117,5,0,0
BRDA:122,6,0,0
BRDA:132,7,0,0
BRDA:139,8,0,0
BRDA:143,9,0,0
BRDA:157,10,0,0
BRDA:163,11,0,0
BRDA:183,12,0,0
BRDA:200,13,0,0
BRDA:218,14,0,0
BRDA:237,15,0,0
BRDA:264,16,0,0
BRDA:280,17,0,0
BRDA:280,18,0,0
BRDA:280,18,1,0
BRDA:289,19,0,0
BRF:24
BRH:0
end_of_record
TN:
SF:src/library/innovation-pack/innovation.pack.defaults/innovation.pack.defaults.service.ts
FN:7,(anonymous_4)
FN:12,(anonymous_5)
FNF:2
FNH:0
FNDA:0,(anonymous_4)
FNDA:0,(anonymous_5)
DA:1,7
DA:2,7
DA:3,7
DA:6,7
DA:8,0
DA:9,0
DA:15,0
DA:17,0
DA:18,0
LF:9
LH:4
BRF:0
BRH:0
end_of_record
TN:
SF:src/library/library/library.service.ts
FN:24,(anonymous_4)
FN:33,(anonymous_5)
FN:44,(anonymous_6)
FN:48,(anonymous_7)
FN:61,(anonymous_8)
FN:71,(anonymous_9)
FN:92,(anonymous_10)
FN:99,(anonymous_11)
FN:106,(anonymous_12)
FN:120,(anonymous_13)
FN:150,(anonymous_14)
FN:164,(anonymous_15)
FNF:12
FNH:0
FNDA:0,(anonymous_4)
FNDA:0,(anonymous_5)
FNDA:0,(anonymous_6)
FNDA:0,(anonymous_7)
FNDA:0,(anonymous_8)
FNDA:0,(anonymous_9)
FNDA:0,(anonymous_10)
FNDA:0,(anonymous_11)
FNDA:0,(anonymous_12)
FNDA:0,(anonymous_13)
FNDA:0,(anonymous_14)
FNDA:0,(anonymous_15)
DA:1,0
DA:2,0
DA:4,0
DA:5,0
DA:6,0
DA:7,0
DA:8,0
DA:9,0
DA:11,0
DA:12,0
DA:13,0
DA:15,0
DA:16,0
DA:20,0
DA:23,0
DA:25,0
DA:27,0
DA:29,0
DA:30,0
DA:34,0
DA:37,0
DA:38,0
DA:42,0
DA:45,0
DA:49,0
DA:58,0
DA:62,0
DA:68,0
DA:75,0
DA:85,0
DA:98,0
DA:101,0
DA:102,0
DA:106,0
DA:107,0
DA:109,0
DA:111,0
DA:113,0
DA:115,0
DA:117,0
DA:124,0
DA:137,0
DA:138,0
DA:139,0
DA:143,0
DA:148,0
DA:149,0
DA:150,0
DA:151,0
DA:154,0
DA:155,0
DA:159,0
DA:164,0
DA:165,0
DA:166,0
DA:167,0
DA:170,0
LF:57
LH:0
BRDA:37,0,0,0
BRDA:73,1,0,0
BRDA:95,2,0,0
BRDA:107,3,0,0
BRDA:107,3,1,0
BRDA:107,3,2,0
BRDA:111,4,0,0
BRDA:111,4,1,0
BRDA:113,5,0,0
BRDA:113,5,1,0
BRDA:117,6,0,0
BRDA:117,6,1,0
BRDA:117,7,0,0
BRDA:117,7,1,0
BRDA:139,8,0,0
BRDA:140,9,0,0
BRDA:140,9,1,0
BRDA:149,10,0,0
BRDA:149,11,0,0
BRDA:149,11,1,0
BRDA:165,12,0,0
BRDA:165,12,1,0
BRDA:166,13,0,0
BRDA:166,13,1,0
BRF:24
BRH:0
end_of_record
TN:
SF:src/platform-admin/admin/platform.admin.service.ts
FN:28,(anonymous_4)
FN:38,(anonymous_5)
FN:42,(anonymous_6)
FN:58,(anonymous_7)
FN:74,(anonymous_8)
FN:83,(anonymous_9)
FN:96,(anonymous_10)
FNF:7
FNH:0
FNDA:0,(anonymous_4)
FNDA:0,(anonymous_5)
FNDA:0,(anonymous_6)
FNDA:0,(anonymous_7)
FNDA:0,(anonymous_8)
FNDA:0,(anonymous_9)
FNDA:0,(anonymous_10)
DA:6,0
DA:7,0
DA:8,0
DA:9,0
DA:11,0
DA:12,0
DA:16,0
DA:17,0
DA:20,0
DA:21,0
DA:22,0
DA:23,0
DA:24,0
DA:27,0
DA:29,0
DA:30,0
DA:31,0
DA:32,0
DA:34,0
DA:35,0
DA:39,0
DA:46,0
DA:47,0
DA:48,0
DA:61,0
DA:67,0
DA:79,0
DA:80,0
DA:88,0
DA:89,0
DA:99,0
DA:100,0
LF:32
LH:0
BRDA:44,0,0,0
BRDA:50,1,0,0
BRDA:50,1,1,0
BRDA:51,2,0,0
BRDA:51,2,1,0
BRDA:79,3,0,0
BRDA:79,3,1,0
BRDA:88,4,0,0
BRDA:88,4,1,0
BRDA:99,5,0,0
BRDA:99,5,1,0
BRF:11
BRH:0
end_of_record
TN:
SF:src/platform-admin/core/identity/admin.identity.service.ts
FN:14,(anonymous_4)
FN:27,(anonymous_5)
FN:31,(anonymous_6)
FN:42,(anonymous_7)
FN:60,(anonymous_8)
FN:69,(anonymous_9)
FN:111,(anonymous_10)
FN:126,(anonymous_11)
FN:164,(anonymous_12)
FNF:9
FNH:3
FNDA:1,(anonymous_4)
FNDA:0,(anonymous_5)
FNDA:0,(anonymous_6)
FNDA:0,(anonymous_7)
FNDA:0,(anonymous_8)
FNDA:0,(anonymous_9)
FNDA:1,(anonymous_10)
FNDA:1,(anonymous_11)
FNDA:0,(anonymous_12)
DA:1,1
DA:2,1
DA:3,1
DA:6,1
DA:7,1
DA:9,1
DA:10,1
DA:13,1
DA:15,1
DA:16,1
DA:17,1
DA:19,1
DA:29,0
DA:31,0
DA:32,0
DA:45,0
DA:47,0
DA:49,0
DA:50,0
DA:52,0
DA:53,0
DA:56,0
DA:57,0
DA:60,0
DA:71,0
DA:72,0
DA:74,0
DA:79,0
DA:82,0
DA:83,0
DA:87,0
DA:90,0
DA:91,0
DA:93,0
DA:98,0
DA:101,0
DA:102,0
DA:112,1
DA:113,1
DA:115,0
DA:120,0
DA:122,1
DA:123,1
DA:130,1
DA:131,1
DA:135,1
DA:136,0
DA:139,1
DA:140,0
DA:144,0
DA:147,1
DA:149,0
DA:154,0
DA:165,0
DA:166,0
DA:170,0
DA:176,0
DA:178,0
LF:58
LH:21
BRDA:43,0,0,0
BRDA:47,1,0,0
BRDA:47,1,1,0
BRDA:47,1,2,0
BRDA:47,1,3,0
BRDA:82,2,0,0
BRDA:131,3,0,1
BRDA:131,3,1,0
BRDA:135,4,0,0
BRDA:135,5,0,1
BRDA:135,5,1,0
BRDA:139,6,0,0
BRDA:141,7,0,0
BRDA:141,7,1,0
BRDA:141,8,0,0
BRDA:141,8,1,0
BRDA:150,9,0,0
BRDA:150,9,1,0
BRDA:150,10,0,0
BRDA:150,10,1,0
BRDA:170,11,0,0
BRDA:170,11,1,0
BRDA:170,11,2,0
BRDA:176,12,0,0
BRDA:176,12,1,0
BRDA:185,13,0,0
BRDA:185,13,1,0
BRF:27
BRH:2
end_of_record
TN:
SF:src/platform-admin/domain/authorization/admin.authorization.service.ts
FN:29,(anonymous_4)
FN:38,(anonymous_5)
FN:53,(anonymous_6)
FN:75,(anonymous_7)
FN:98,(anonymous_8)
FN:123,(anonymous_9)
FN:147,(anonymous_10)
FN:173,(anonymous_11)
FN:201,(anonymous_12)
FN:221,(anonymous_13)
FN:223,(anonymous_14)
FN:228,(anonymous_15)
FN:230,(anonymous_16)
FNF:13
FNH:0
FNDA:0,(anonymous_4)
FNDA:0,(anonymous_5)
FNDA:0,(anonymous_6)
FNDA:0,(anonymous_7)
FNDA:0,(anonymous_8)
FNDA:0,(anonymous_9)
FNDA:0,(anonymous_10)
FNDA:0,(anonymous_11)
FNDA:0,(anonymous_12)
FNDA:0,(anonymous_13)
FNDA:0,(anonymous_14)
FNDA:0,(anonymous_15)
FNDA:0,(anonymous_16)
DA:1,1
DA:2,1
DA:4,1
DA:10,1
DA:11,1
DA:12,1
DA:16,1
DA:21,1
DA:23,1
DA:24,1
DA:28,1
DA:30,0
DA:31,0
DA:32,0
DA:33,0
DA:34,0
DA:35,0
DA:41,0
DA:42,0
DA:47,0
DA:58,0
DA:63,0
DA:67,0
DA:72,0
DA:79,0
DA:80,0
DA:81,0
DA:86,0
DA:90,0
DA:95,0
DA:102,0
DA:103,0
DA:104,0
DA:110,0
DA:114,0
DA:120,0
DA:127,0
DA:128,0
DA:129,0
DA:135,0
DA:139,0
DA:144,0
DA:151,0
DA:152,0
DA:153,0
DA:160,0
DA:164,0
DA:170,0
DA:175,0
DA:179,0
DA:182,0
DA:186,0
DA:195,0
DA:197,0
DA:198,0
DA:205,0
DA:213,0
DA:215,0
DA:222,0
DA:223,0
DA:224,0
DA:225,0
DA:229,0
DA:230,0
DA:231,0
DA:232,0
LF:66
LH:11
BRDA:41,0,0,0
BRDA:79,1,0,0
BRDA:80,2,0,0
BRDA:102,3,0,0
BRDA:103,4,0,0
BRDA:127,5,0,0
BRDA:128,6,0,0
BRDA:151,7,0,0
BRDA:152,8,0,0
BRDA:167,9,0,0
BRDA:167,9,1,0
BRDA:224,10,0,0
BRDA:231,11,0,0
BRF:13
BRH:0
end_of_record
TN:
SF:src/platform-admin/domain/communication/admin.communication.service.ts
FN:22,(anonymous_4)
FN:30,(anonymous_5)
FN:68,(anonymous_6)
FN:83,(anonymous_7)
FN:93,(anonymous_8)
FN:103,(anonymous_9)
FN:134,(anonymous_10)
FN:146,(anonymous_11)
FN:151,(anonymous_12)
FN:161,(anonymous_13)
FN:172,(anonymous_14)
FN:194,(anonymous_15)
FNF:12
FNH:0
FNDA:0,(anonymous_4)
FNDA:0,(anonymous_5)
FNDA:0,(anonymous_6)
FNDA:0,(anonymous_7)
FNDA:0,(anonymous_8)
FNDA:0,(anonymous_9)
FNDA:0,(anonymous_10)
FNDA:0,(anonymous_11)
FNDA:0,(anonymous_12)
FNDA:0,(anonymous_13)
FNDA:0,(anonymous_14)
FNDA:0,(anonymous_15)
DA:1,0
DA:2,0
DA:4,0
DA:5,0
DA:6,0
DA:7,0
DA:8,0
DA:9,0
DA:12,0
DA:13,0
DA:15,0
DA:16,0
DA:18,0
DA:21,0
DA:23,0
DA:24,0
DA:25,0
DA:26,0
DA:27,0
DA:33,0
DA:37,0
DA:45,0
DA:49,0
DA:54,0
DA:58,0
DA:59,0
DA:63,0
DA:65,0
DA:72,0
DA:76,0
DA:77,0
DA:81,0
DA:82,0
DA:83,0
DA:85,0
DA:86,0
DA:91,0
DA:92,0
DA:93,0
DA:95,0
DA:96,0
DA:100,0
DA:106,0
DA:110,0
DA:118,0
DA:121,0
DA:125,0
DA:126,0
DA:131,0
DA:139,0
DA:149,0
DA:150,0
DA:151,0
DA:152,0
DA:153,0
DA:158,0
DA:162,0
DA:166,0
DA:167,0
DA:170,0
DA:171,0
DA:172,0
DA:173,0
DA:174,0
DA:177,0
DA:181,0
DA:182,0
DA:186,0
DA:191,0
DA:196,0
DA:197,0
DA:198,0
DA:200,0
DA:202,0
DA:203,0
DA:205,0
LF:76
LH:0
BRDA:85,0,0,0
BRDA:95,1,0,0
BRDA:152,2,0,0
BRDA:173,3,0,0
BRF:4
BRH:0
end_of_record
TN:
SF:src/platform-admin/domain/organization/domain.platform.settings.service.ts
FN:9,(anonymous_4)
FN:14,(anonymous_5)
FNF:2
FNH:0
FNDA:0,(anonymous_4)
FNDA:0,(anonymous_5)
DA:1,0
DA:2,0
DA:5,0
DA:8,0
DA:10,0
DA:11,0
DA:18,0
DA:23,0
DA:24,0
DA:27,0
LF:10
LH:0
BRDA:18,0,0,0
BRF:1
BRH:0
end_of_record
TN:
SF:src/platform-admin/domain/user/authentication-id-backfill/authentication-id-backfill.service.ts
FN:19,(anonymous_4)
FN:29,(anonymous_5)
FN:95,(anonymous_6)
FN:104,(anonymous_7)
FN:168,(anonymous_8)
FN:180,(anonymous_9)
FN:201,(anonymous_10)
FNF:7
FNH:7
FNDA:2,(anonymous_4)
FNDA:2,(anonymous_5)
FNDA:4,(anonymous_6)
FNDA:2,(anonymous_7)
FNDA:2,(anonymous_8)
FNDA:1,(anonymous_9)
FNDA:1,(anonymous_10)
DA:1,1
DA:2,1
DA:3,1
DA:4,1
DA:6,1
DA:7,1
DA:8,1
DA:9,1
DA:10,1
DA:13,1
DA:16,1
DA:17,1
DA:20,2
DA:21,2
DA:22,2
DA:24,2
DA:26,2
DA:30,2
DA:37,2
DA:42,2
DA:43,2
DA:45,2
DA:46,4
DA:47,4
DA:48,2
DA:49,2
DA:52,2
DA:53,2
DA:54,2
DA:56,0
DA:57,0
DA:58,0
DA:59,0
DA:61,0
DA:67,0
DA:68,0
DA:69,0
DA:70,0
DA:75,0
DA:80,0
DA:84,2
DA:87,2
DA:92,2
DA:96,4
DA:108,2
DA:109,2
DA:111,2
DA:112,0
DA:113,0
DA:117,0
DA:120,2
DA:121,2
DA:122,1
DA:123,1
DA:126,1
DA:128,1
DA:130,1
DA:131,1
DA:132,0
DA:133,0
DA:137,0
DA:140,1
DA:141,1
DA:142,1
DA:145,1
DA:150,0
DA:151,0
DA:157,0
DA:162,0
DA:163,0
DA:169,2
DA:170,2
DA:171,1
DA:175,1
DA:177,1
DA:181,1
DA:182,1
DA:183,1
DA:185,1
DA:187,1
DA:188,0
DA:194,1
DA:195,1
DA:196,1
DA:197,1
DA:198,1
DA:199,1
DA:202,1
DA:205,1
LF:89
LH:66
BRDA:47,0,0,2
BRDA:111,1,0,0
BRDA:121,2,0,1
BRDA:131,3,0,0
BRDA:140,4,0,1
BRDA:140,4,1,0
BRDA:170,5,0,1
BRDA:185,6,0,1
BRDA:185,6,1,0
BRDA:187,7,0,0
BRDA:195,8,0,1
BRDA:195,8,1,0
BRDA:196,9,0,1
BRDA:196,9,1,0
BRDA:197,10,0,1
BRDA:197,10,1,0
BRDA:199,11,0,1
BRDA:199,11,1,0
BRDA:202,12,0,1
BRDA:202,12,1,1
BRF:20
BRH:11
end_of_record
TN:
SF:src/platform-admin/domain/whiteboard/admin.whiteboard.service.ts
FN:16,(anonymous_4)
FN:25,(anonymous_5)
FN:60,(anonymous_6)
FNF:3
FNH:0
FNDA:0,(anonymous_4)
FNDA:0,(anonymous_5)
FNDA:0,(anonymous_6)
DA:1,0
DA:2,0
DA:3,0
DA:4,0
DA:5,0
DA:6,0
DA:7,0
DA:9,0
DA:11,0
DA:12,0
DA:15,0
DA:17,0
DA:18,0
DA:19,0
DA:20,0
DA:21,0
DA:22,0
DA:27,0
DA:46,0
DA:48,0
DA:53,0
DA:64,0
DA:65,0
DA:66,0
DA:68,0
DA:70,0
DA:71,0
DA:73,0
DA:74,0
DA:77,0
DA:78,0
DA:79,0
DA:82,0
DA:83,0
DA:85,0
DA:86,0
DA:89,0
DA:92,0
DA:94,0
DA:95,0
DA:96,0
DA:97,0
DA:100,0
DA:103,0
DA:105,0
DA:106,0
DA:107,0
DA:110,0
DA:112,0
DA:119,0
DA:121,0
DA:125,0
DA:129,0
DA:130,0
DA:132,0
DA:133,0
DA:137,0
DA:138,0
DA:142,0
DA:145,0
DA:147,0
LF:61
LH:0
BRDA:73,0,0,0
BRDA:77,1,0,0
BRDA:85,2,0,0
BRDA:94,3,0,0
BRDA:96,4,0,0
BRDA:105,5,0,0
BRF:6
BRH:0
end_of_record
TN:
SF:src/platform-admin/in-app-notification/in.app.notification.admin.service.ts
FN:14,(anonymous_4)
FN:22,(anonymous_5)
FN:94,(anonymous_6)
FN:131,(anonymous_7)
FNF:4
FNH:0
FNDA:0,(anonymous_4)
FNDA:0,(anonymous_5)
FNDA:0,(anonymous_6)
FNDA:0,(anonymous_7)
DA:1,0
DA:2,0
DA:4,0
DA:5,0
DA:6,0
DA:7,0
DA:9,0
DA:10,0
DA:13,0
DA:15,0
DA:17,0
DA:19,0
DA:24,0
DA:30,0
DA:36,0
DA:37,0
DA:42,0
DA:43,0
DA:48,0
DA:54,0
DA:55,0
DA:57,0
DA:59,0
DA:63,0
DA:65,0
DA:71,0
DA:73,0
DA:77,0
DA:82,0
DA:86,0
DA:97,0
DA:101,0
DA:103,0
DA:113,0
DA:116,0
DA:117,0
DA:118,0
DA:120,0
DA:122,0
DA:130,0
DA:131,0
DA:134,0
DA:135,0
DA:136,0
DA:138,0
DA:145,0
DA:147,0
DA:151,0
LF:48
LH:0
BRDA:36,0,0,0
BRDA:36,1,0,0
BRDA:36,1,1,0
BRDA:42,2,0,0
BRDA:42,3,0,0
BRDA:42,3,1,0
BRDA:63,4,0,0
BRDA:63,4,1,0
BRDA:120,5,0,0
BRDA:130,6,0,0
BRDA:135,7,0,0
BRDA:135,7,1,0
BRF:12
BRH:0
end_of_record
TN:
SF:src/platform-admin/licensing/admin.licensing.service.ts
FN:22,(anonymous_4)
FN:32,(anonymous_5)
FN:76,(anonymous_6)
FN:120,(anonymous_7)
FN:163,(anonymous_8)
FN:207,(anonymous_9)
FNF:6
FNH:0
FNDA:0,(anonymous_4)
FNDA:0,(anonymous_5)
FNDA:0,(anonymous_6)
FNDA:0,(anonymous_7)
FNDA:0,(anonymous_8)
FNDA:0,(anonymous_9)
DA:1,0
DA:2,0
DA:3,0
DA:4,0
DA:6,0
DA:8,0
DA:12,0
DA:13,0
DA:14,0
DA:15,0
DA:16,0
DA:17,0
DA:18,0
DA:21,0
DA:23,0
DA:24,0
DA:25,0
DA:26,0
DA:28,0
DA:29,0
DA:37,0
DA:42,0
DA:45,0
DA:46,0
DA:53,0
DA:61,0
DA:62,0
DA:67,0
DA:73,0
DA:81,0
DA:86,0
DA:89,0
DA:90,0
DA:97,0
DA:105,0
DA:106,0
DA:111,0
DA:117,0
DA:125,0
DA:130,0
DA:133,0
DA:134,0
DA:140,0
DA:148,0
DA:149,0
DA:154,0
DA:160,0
DA:168,0
DA:173,0
DA:176,0
DA:177,0
DA:184,0
DA:192,0
DA:193,0
DA:198,0
DA:204,0
DA:208,0
LF:57
LH:0
BRDA:42,0,0,0
BRDA:42,0,1,0
BRDA:45,1,0,0
BRDA:61,2,0,0
BRDA:86,3,0,0
BRDA:86,3,1,0
BRDA:89,4,0,0
BRDA:105,5,0,0
BRDA:130,6,0,0
BRDA:130,6,1,0
BRDA:133,7,0,0
BRDA:148,8,0,0
BRDA:173,9,0,0
BRDA:173,9,1,0
BRDA:176,10,0,0
BRDA:192,11,0,0
BRF:16
BRH:0
end_of_record
TN:
SF:src/platform/activity/activity.service.ts
FN:24,(anonymous_4)
FN:33,(anonymous_5)
FN:43,(anonymous_6)
FN:55,(anonymous_7)
FN:60,(anonymous_8)
FN:64,(anonymous_9)
FN:72,(anonymous_10)
FN:97,(anonymous_11)
FN:137,(anonymous_12)
FN:145,(anonymous_13)
FN:199,(anonymous_14)
FN:215,(anonymous_15)
FN:227,(anonymous_16)
FN:246,(anonymous_17)
FN:270,(anonymous_18)
FN:285,(anonymous_19)
FN:288,(anonymous_20)
FN:318,(anonymous_21)
FNF:18
FNH:0
FNDA:0,(anonymous_4)
FNDA:0,(anonymous_5)
FNDA:0,(anonymous_6)
FNDA:0,(anonymous_7)
FNDA:0,(anonymous_8)
FNDA:0,(anonymous_9)
FNDA:0,(anonymous_10)
FNDA:0,(anonymous_11)
FNDA:0,(anonymous_12)
FNDA:0,(anonymous_13)
FNDA:0,(anonymous_14)
FNDA:0,(anonymous_15)
FNDA:0,(anonymous_16)
FNDA:0,(anonymous_17)
FNDA:0,(anonymous_18)
FNDA:0,(anonymous_19)
FNDA:0,(anonymous_20)
FNDA:0,(anonymous_21)
DA:1,54
DA:2,54
DA:3,54
DA:4,54
DA:5,54
DA:6,54
DA:9,54
DA:10,54
DA:11,54
DA:14,54
DA:15,54
DA:20,54
DA:23,54
DA:26,0
DA:28,0
DA:30,0
DA:34,0
DA:39,0
DA:40,0
DA:44,0
DA:47,0
DA:48,0
DA:52,0
DA:56,0
DA:57,0
DA:61,0
DA:68,0
DA:69,0
DA:81,0
DA:83,0
DA:115,0
DA:117,0
DA:119,0
DA:124,0
DA:125,0
DA:128,0
DA:129,0
DA:134,0
DA:136,0
DA:137,0
DA:139,0
DA:142,0
DA:161,0
DA:163,0
DA:165,0
DA:167,0
DA:170,0
DA:174,0
DA:175,0
DA:179,0
DA:181,0
DA:182,0
DA:185,0
DA:189,0
DA:190,0
DA:193,0
DA:199,0
DA:204,0
DA:215,0
DA:217,0
DA:228,0
DA:236,0
DA:237,0
DA:243,0
DA:250,0
DA:269,0
DA:270,0
DA:275,0
DA:278,0
DA:285,0
DA:288,0
DA:289,0
DA:293,0
DA:294,0
DA:295,0
DA:298,0
DA:302,0
DA:310,0
DA:314,0
DA:322,0
DA:326,0
DA:346,0
DA:352,0
LF:83
LH:13
BRDA:47,0,0,0
BRDA:81,1,0,0
BRDA:81,2,0,0
BRDA:81,2,1,0
BRDA:87,3,0,0
BRDA:87,3,1,0
BRDA:87,4,0,0
BRDA:87,4,1,0
BRDA:110,5,0,0
BRDA:112,6,0,0
BRDA:113,7,0,0
BRDA:115,8,0,0
BRDA:115,8,1,0
BRDA:124,9,0,0
BRDA:128,10,0,0
BRDA:128,11,0,0
BRDA:128,11,1,0
BRDA:134,12,0,0
BRDA:134,13,0,0
BRDA:134,13,1,0
BRDA:136,14,0,0
BRDA:136,14,1,0
BRDA:136,15,0,0
BRDA:136,15,1,0
BRDA:157,16,0,0
BRDA:159,17,0,0
BRDA:161,18,0,0
BRDA:161,18,1,0
BRDA:170,19,0,0
BRDA:170,19,1,0
BRDA:170,20,0,0
BRDA:170,20,1,0
BRDA:174,21,0,0
BRDA:179,22,0,0
BRDA:179,22,1,0
BRDA:179,23,0,0
BRDA:179,23,1,0
BRDA:181,24,0,0
BRDA:185,25,0,0
BRDA:185,25,1,0
BRDA:189,26,0,0
BRDA:210,27,0,0
BRDA:210,27,1,0
BRDA:236,28,0,0
BRDA:298,29,0,0
BRDA:299,30,0,0
BRDA:299,30,1,0
BRF:47
BRH:0
end_of_record
TN:
SF:src/platform/authorization/platform.authorization.policy.service.ts
FN:22,(anonymous_4)
FN:30,(anonymous_5)
FN:49,(anonymous_6)
FN:58,(anonymous_7)
FN:71,(anonymous_8)
FNF:5
FNH:0
FNDA:0,(anonymous_4)
FNDA:0,(anonymous_5)
FNDA:0,(anonymous_6)
FNDA:0,(anonymous_7)
FNDA:0,(anonymous_8)
DA:1,57
DA:2,57
DA:8,57
DA:9,57
DA:11,57
DA:12,57
DA:13,57
DA:14,57
DA:15,57
DA:16,57
DA:19,57
DA:23,0
DA:25,0
DA:27,0
DA:31,0
DA:40,0
DA:41,0
DA:46,0
DA:52,0
DA:59,0
DA:63,0
DA:65,0
DA:72,0
DA:74,0
DA:85,0
DA:87,0
LF:26
LH:11
BRDA:40,0,0,0
BRDA:40,1,0,0
BRDA:40,1,1,0
BRF:3
BRH:0
end_of_record
TN:
SF:src/platform/configuration/config/config.service.ts
FN:11,(anonymous_2)
FN:13,(anonymous_3)
FN:144,(anonymous_4)
FN:158,(anonymous_5)
FNF:4
FNH:1
FNDA:1,(anonymous_2)
FNDA:0,(anonymous_3)
FNDA:0,(anonymous_4)
FNDA:0,(anonymous_5)
DA:1,1
DA:2,1
DA:6,1
DA:10,1
DA:11,1
DA:14,0
DA:18,0
DA:20,0
DA:25,0
DA:28,0
DA:31,0
DA:34,0
DA:147,0
DA:159,0
DA:163,0
LF:15
LH:5
BRF:0
BRH:0
end_of_record
TN:
SF:src/platform/forum/forum.service.ts
FN:29,(anonymous_4)
FN:39,(anonymous_5)
FN:53,(anonymous_6)
FN:57,(anonymous_7)
FN:117,(anonymous_8)
FN:132,(anonymous_9)
FN:146,(anonymous_10)
FN:166,(anonymous_11)
FN:184,(anonymous_12)
FN:201,(anonymous_13)
FN:208,(anonymous_14)
FN:218,(anonymous_15)
FN:229,(anonymous_16)
FNF:13
FNH:1
FNDA:1,(anonymous_4)
FNDA:0,(anonymous_5)
FNDA:0,(anonymous_6)
FNDA:0,(anonymous_7)
FNDA:0,(anonymous_8)
FNDA:0,(anonymous_9)
FNDA:0,(anonymous_10)
FNDA:0,(anonymous_11)
FNDA:0,(anonymous_12)
FNDA:0,(anonymous_13)
FNDA:0,(anonymous_14)
FNDA:0,(anonymous_15)
FNDA:0,(anonymous_16)
DA:1,54
DA:2,54
DA:3,54
DA:7,54
DA:8,54
DA:9,54
DA:10,54
DA:12,54
DA:15,54
DA:16,54
DA:17,54
DA:19,54
DA:20,54
DA:23,54
DA:24,54
DA:25,54
DA:28,54
DA:30,1
DA:31,1
DA:32,1
DA:33,1
DA:35,1
DA:36,1
DA:42,0
DA:43,0
DA:47,0
DA:48,0
DA:50,0
DA:54,0
DA:62,0
DA:63,0
DA:65,0
DA:71,0
DA:75,0
DA:76,0
DA:83,0
DA:84,0
DA:87,0
DA:92,0
DA:99,0
DA:103,0
DA:105,0
DA:108,0
DA:109,0
DA:114,0
DA:122,0
DA:125,0
DA:126,0
DA:127,0
DA:132,0
DA:133,0
DA:135,0
DA:137,0
DA:139,0
DA:141,0
DA:150,0
DA:157,0
DA:158,0
DA:163,0
DA:170,0
DA:176,0
DA:177,0
DA:181,0
DA:186,0
DA:191,0
DA:192,0
DA:197,0
DA:198,0
DA:202,0
DA:203,0
DA:205,0
DA:209,0
DA:210,0
DA:211,0
DA:212,0
DA:213,0
DA:215,0
DA:219,0
DA:222,0
DA:223,0
DA:224,0
DA:226,0
DA:231,0
DA:232,0
DA:233,0
DA:234,0
DA:236,0
DA:241,0
LF:88
LH:23
BRDA:75,0,0,0
BRDA:120,1,0,0
BRDA:126,2,0,0
BRDA:133,3,0,0
BRDA:133,3,1,0
BRDA:141,4,0,0
BRDA:141,4,1,0
BRDA:141,5,0,0
BRDA:141,5,1,0
BRDA:157,6,0,0
BRDA:157,7,0,0
BRDA:157,7,1,0
BRDA:176,8,0,0
BRF:13
BRH:0
end_of_record
TN:
SF:src/platform/forum-discussion/discussion.service.ts
FN:24,(anonymous_4)
FN:32,(anonymous_5)
FN:65,(anonymous_6)
FN:91,(anonymous_7)
FN:108,(anonymous_8)
FN:124,(anonymous_9)
FN:128,(anonymous_10)
FN:144,(anonymous_11)
FN:160,(anonymous_12)
FNF:9
FNH:0
FNDA:0,(anonymous_4)
FNDA:0,(anonymous_5)
FNDA:0,(anonymous_6)
FNDA:0,(anonymous_7)
FNDA:0,(anonymous_8)
FNDA:0,(anonymous_9)
FNDA:0,(anonymous_10)
FNDA:0,(anonymous_11)
FNDA:0,(anonymous_12)
DA:1,54
DA:2,54
DA:3,54
DA:4,54
DA:5,54
DA:6,54
DA:7,54
DA:11,54
DA:12,54
DA:13,54
DA:17,54
DA:20,54
DA:23,54
DA:26,0
DA:27,0
DA:28,0
DA:29,0
DA:39,0
DA:40,0
DA:46,0
DA:51,0
DA:55,0
DA:60,0
DA:62,0
DA:68,0
DA:69,0
DA:73,0
DA:74,0
DA:77,0
DA:78,0
DA:83,0
DA:87,0
DA:88,0
DA:95,0
DA:100,0
DA:101,0
DA:105,0
DA:112,0
DA:113,0
DA:118,0
DA:119,0
DA:121,0
DA:125,0
DA:132,0
DA:135,0
DA:136,0
DA:141,0
DA:145,0
DA:151,0
DA:152,0
DA:153,0
DA:157,0
DA:164,0
DA:173,0
DA:174,0
LF:55
LH:13
BRDA:48,0,0,0
BRDA:48,0,1,0
BRDA:73,1,0,0
BRDA:77,2,0,0
BRDA:100,3,0,0
BRDA:112,4,0,0
BRDA:118,5,0,0
BRDA:135,6,0,0
BRDA:152,7,0,0
BRDA:173,8,0,0
BRF:10
BRH:0
end_of_record
TN:
SF:src/platform/forum-discussion-lookup/forum.discussion.lookup.service.ts
FN:11,(anonymous_4)
FN:18,(anonymous_5)
FNF:2
FNH:0
FNDA:0,(anonymous_4)
FNDA:0,(anonymous_5)
DA:1,0
DA:2,0
DA:3,0
DA:4,0
DA:5,0
DA:6,0
DA:7,0
DA:10,0
DA:13,0
DA:15,0
DA:23,0
DA:27,0
DA:28,0
DA:32,0
LF:14
LH:0
BRDA:27,0,0,0
BRF:1
BRH:0
end_of_record
TN:
SF:src/platform/in-app-notification/in.app.notification.service.ts
FN:56,(anonymous_4)
FN:63,(anonymous_5)
FN:97,(anonymous_6)
FN:115,(anonymous_7)
FN:129,(anonymous_8)
FN:146,(anonymous_9)
FN:183,(anonymous_10)
FN:198,(anonymous_11)
FN:222,(anonymous_12)
FN:260,(anonymous_13)
FN:276,(anonymous_14)
FN:295,(anonymous_15)
FN:303,(anonymous_16)
FN:316,(anonymous_17)
FNF:14
FNH:0
FNDA:0,(anonymous_4)
FNDA:0,(anonymous_5)
FNDA:0,(anonymous_6)
FNDA:0,(anonymous_7)
FNDA:0,(anonymous_8)
FNDA:0,(anonymous_9)
FNDA:0,(anonymous_10)
FNDA:0,(anonymous_11)
FNDA:0,(anonymous_12)
FNDA:0,(anonymous_13)
FNDA:0,(anonymous_14)
FNDA:0,(anonymous_15)
FNDA:0,(anonymous_16)
FNDA:0,(anonymous_17)
DA:1,54
DA:2,54
DA:10,54
DA:11,54
DA:12,54
DA:13,54
DA:14,54
DA:15,54
DA:16,54
DA:17,54
DA:21,54
DA:26,54
DA:55,54
DA:58,0
DA:60,0
DA:66,0
DA:71,0
DA:100,0
DA:104,0
DA:105,0
DA:112,0
DA:120,0
DA:123,0
DA:134,0
DA:141,0
DA:151,0
DA:158,0
DA:159,0
DA:166,0
DA:170,0
DA:172,0
DA:173,0
DA:179,0
DA:188,0
DA:189,0
DA:191,0
DA:193,0
DA:196,0
DA:197,0
DA:199,0
DA:215,0
DA:217,0
DA:220,0
DA:221,0
DA:223,0
DA:239,0
DA:241,0
DA:242,0
DA:243,0
DA:245,0
DA:246,0
DA:248,0
DA:264,0
DA:266,0
DA:271,0
DA:273,0
DA:281,0
DA:288,0
DA:289,0
DA:292,0
DA:298,0
DA:304,0
DA:320,0
DA:322,0
DA:328,0
DA:331,0
DA:334,0
DA:337,0
DA:340,0
DA:343,0
DA:346,0
DA:347,0
DA:351,0
DA:355,0
DA:356,0
DA:363,0
DA:366,0
DA:369,0
DA:372,0
DA:375,0
DA:382,0
DA:385,0
DA:388,0
DA:392,0
DA:393,0
DA:395,0
DA:399,0
DA:403,0
DA:408,0
DA:413,0
DA:414,0
DA:415,0
DA:416,0
DA:417,0
DA:421,0
DA:424,0
DA:427,0
DA:430,0
DA:433,0
DA:436,0
DA:439,0
DA:442,0
DA:445,0
DA:448,0
DA:451,0
DA:455,0
DA:456,0
DA:457,0
DA:458,0
DA:459,0
DA:460,0
DA:464,0
DA:467,0
DA:470,0
DA:474,0
DA:475,0
DA:476,0
DA:477,0
DA:478,0
DA:483,0
DA:484,0
DA:485,0
DA:486,0
DA:487,0
DA:488,0
DA:493,0
DA:494,0
DA:495,0
DA:496,0
DA:497,0
DA:498,0
DA:499,0
DA:503,0
DA:506,0
DA:509,0
DA:516,0
DA:517,0
DA:520,0
DA:523,0
DA:526,0
DA:529,0
DA:532,0
DA:535,0
DA:538,0
DA:541,0
DA:545,0
DA:546,0
DA:547,0
DA:548,0
DA:549,0
DA:557,0
DA:560,0
DA:563,0
DA:567,0
DA:568,0
DA:571,0
LF:156
LH:13
BRDA:104,0,0,0
BRDA:120,1,0,0
BRDA:120,1,1,0
BRDA:120,2,0,0
BRDA:120,2,1,0
BRDA:120,2,2,0
BRDA:134,3,0,0
BRDA:134,3,1,0
BRDA:134,4,0,0
BRDA:134,4,1,0
BRDA:134,4,2,0
BRDA:158,5,0,0
BRDA:158,6,0,0
BRDA:158,6,1,0
BRDA:170,7,0,0
BRDA:170,7,1,0
BRDA:170,8,0,0
BRDA:170,8,1,0
BRDA:189,9,0,0
BRDA:189,9,1,0
BRDA:189,9,2,0
BRDA:191,10,0,0
BRDA:196,11,0,0
BRDA:215,12,0,0
BRDA:220,13,0,0
BRDA:243,14,0,0
BRDA:243,14,1,0
BRDA:245,15,0,0
BRDA:245,15,1,0
BRDA:252,16,0,0
BRDA:252,16,1,0
BRDA:253,17,0,0
BRDA:253,17,1,0
BRDA:288,18,0,0
BRDA:288,19,0,0
BRDA:288,19,1,0
BRDA:322,20,0,0
BRDA:322,20,1,0
BRDA:322,20,2,0
BRDA:322,20,3,0
BRDA:322,20,4,0
BRDA:322,20,5,0
BRDA:322,20,6,0
BRDA:322,20,7,0
BRDA:322,20,8,0
BRDA:322,20,9,0
BRDA:322,20,10,0
BRDA:322,20,11,0
BRDA:322,20,12,0
BRDA:322,20,13,0
BRDA:322,20,14,0
BRDA:322,20,15,0
BRDA:322,20,16,0
BRDA:322,20,17,0
BRDA:322,20,18,0
BRDA:322,20,19,0
BRDA:322,20,20,0
BRDA:322,20,21,0
BRDA:322,20,22,0
BRDA:322,20,23,0
BRDA:322,20,24,0
BRDA:322,20,25,0
BRDA:322,20,26,0
BRDA:322,20,27,0
BRDA:322,20,28,0
BRDA:322,20,29,0
BRDA:322,20,30,0
BRDA:396,21,0,0
BRDA:396,21,1,0
BRDA:400,22,0,0
BRDA:400,22,1,0
BRDA:404,23,0,0
BRDA:404,23,1,0
BRF:73
BRH:0
end_of_record
TN:
SF:src/platform/licensing/credential-based/license-credential-issuer/license.issuer.service.ts
FN:9,(anonymous_4)
FN:14,(anonymous_5)
FN:49,(anonymous_6)
FNF:3
FNH:0
FNDA:0,(anonymous_4)
FNDA:0,(anonymous_5)
FNDA:0,(anonymous_6)
DA:1,57
DA:2,57
DA:5,57
DA:8,57
DA:10,0
DA:11,0
DA:19,0
DA:20,0
DA:21,0
DA:22,0
DA:30,0
DA:32,0
DA:33,0
DA:34,0
DA:41,0
DA:46,0
DA:54,0
DA:59,0
LF:18
LH:4
BRDA:20,0,0,0
BRF:1
BRH:0
end_of_record
TN:
SF:src/platform/licensing/credential-based/license-plan/license.plan.service.ts
FN:15,(anonymous_4)
FN:21,(anonymous_5)
FN:43,(anonymous_6)
FN:47,(anonymous_7)
FN:55,(anonymous_8)
FN:67,(anonymous_9)
FN:85,(anonymous_10)
FNF:7
FNH:0
FNDA:0,(anonymous_4)
FNDA:0,(anonymous_5)
FNDA:0,(anonymous_6)
FNDA:0,(anonymous_7)
FNDA:0,(anonymous_8)
FNDA:0,(anonymous_9)
FNDA:0,(anonymous_10)
DA:1,58
DA:2,58
DA:3,58
DA:4,58
DA:5,58
DA:6,58
DA:7,58
DA:14,58
DA:17,0
DA:18,0
DA:24,0
DA:25,0
DA:26,0
DA:28,0
DA:30,0
DA:31,0
DA:32,0
DA:33,0
DA:34,0
DA:35,0
DA:36,0
DA:37,0
DA:38,0
DA:40,0
DA:44,0
DA:50,0
DA:52,0
DA:58,0
DA:60,0
DA:63,0
DA:64,0
DA:71,0
DA:76,0
DA:77,0
DA:82,0
DA:86,0
DA:90,0
DA:91,0
DA:93,0
LF:39
LH:8
BRDA:76,0,0,0
BRDA:90,1,0,0
BRF:2
BRH:0
end_of_record
TN:
SF:src/platform/licensing/credential-based/license-policy/license.policy.service.ts
FN:16,(anonymous_4)
FN:25,(anonymous_5)
FN:44,(anonymous_6)
FN:59,(anonymous_7)
FN:74,(anonymous_8)
FN:79,(anonymous_9)
FN:93,(anonymous_10)
FN:98,(anonymous_11)
FN:124,(anonymous_12)
FN:130,(anonymous_13)
FNF:10
FNH:0
FNDA:0,(anonymous_4)
FNDA:0,(anonymous_5)
FNDA:0,(anonymous_6)
FNDA:0,(anonymous_7)
FNDA:0,(anonymous_8)
FNDA:0,(anonymous_9)
FNDA:0,(anonymous_10)
FNDA:0,(anonymous_11)
FNDA:0,(anonymous_12)
FNDA:0,(anonymous_13)
DA:1,54
DA:2,54
DA:3,54
DA:4,54
DA:6,54
DA:7,54
DA:8,54
DA:10,54
DA:15,54
DA:18,0
DA:20,0
DA:22,0
DA:28,0
DA:30,0
DA:37,0
DA:38,0
DA:39,0
DA:45,0
DA:46,0
DA:50,0
DA:51,0
DA:56,0
DA:62,0
DA:65,0
DA:66,0
DA:70,0
DA:78,0
DA:79,0
DA:81,0
DA:82,0
DA:87,0
DA:88,0
DA:89,0
DA:96,0
DA:97,0
DA:98,0
DA:100,0
DA:101,0
DA:106,0
DA:109,0
DA:110,0
DA:112,0
DA:113,0
DA:115,0
DA:116,0
DA:120,0
DA:121,0
DA:125,0
DA:131,0
LF:49
LH:9
BRDA:50,0,0,0
BRDA:65,1,0,0
BRDA:81,2,0,0
BRDA:100,3,0,0
BRDA:109,4,0,0
BRDA:112,5,0,0
BRDA:115,6,0,0
BRF:7
BRH:0
end_of_record
TN:
SF:src/platform/licensing/credential-based/licensing-credential-based-entitlements-engine/licensing.credential.based.service.ts
FN:18,(anonymous_4)
FN:24,(anonymous_5)
FN:47,(anonymous_6)
FN:61,(anonymous_7)
FN:76,(anonymous_8)
FN:90,(anonymous_9)
FN:105,(anonymous_10)
FN:116,(anonymous_11)
FN:126,(anonymous_12)
FN:150,(anonymous_13)
FN:156,(anonymous_14)
FNF:11
FNH:1
FNDA:1,(anonymous_4)
FNDA:0,(anonymous_5)
FNDA:0,(anonymous_6)
FNDA:0,(anonymous_7)
FNDA:0,(anonymous_8)
FNDA:0,(anonymous_9)
FNDA:0,(anonymous_10)
FNDA:0,(anonymous_11)
FNDA:0,(anonymous_12)
FNDA:0,(anonymous_13)
FNDA:0,(anonymous_14)
DA:1,6
DA:2,6
DA:3,6
DA:7,6
DA:9,6
DA:14,6
DA:17,6
DA:20,1
DA:21,1
DA:30,0
DA:35,0
DA:37,0
DA:39,0
DA:53,0
DA:54,0
DA:56,0
DA:57,0
DA:58,0
DA:59,0
DA:60,0
DA:61,0
DA:63,0
DA:64,0
DA:68,0
DA:73,0
DA:82,0
DA:83,0
DA:85,0
DA:86,0
DA:87,0
DA:88,0
DA:89,0
DA:90,0
DA:92,0
DA:93,0
DA:97,0
DA:102,0
DA:106,0
DA:107,0
DA:108,0
DA:113,0
DA:119,0
DA:120,0
DA:121,0
DA:123,0
DA:131,0
DA:132,0
DA:134,0
DA:136,0
DA:137,0
DA:138,0
DA:139,0
DA:140,0
DA:141,0
DA:142,0
DA:149,0
DA:150,0
DA:153,0
DA:159,0
DA:160,0
DA:161,0
DA:163,0
DA:164,0
DA:165,0
LF:64
LH:9
BRDA:35,0,0,0
BRDA:42,1,0,0
BRDA:42,1,1,0
BRDA:59,2,0,0
BRDA:63,3,0,0
BRDA:88,4,0,0
BRDA:92,5,0,0
BRDA:107,6,0,0
BRDA:120,7,0,0
BRDA:139,8,0,0
BRDA:141,9,0,0
BRDA:159,10,0,0
BRDA:159,11,0,0
BRDA:159,11,1,0
BRF:14
BRH:0
end_of_record
TN:
SF:src/platform/licensing/credential-based/licensing-framework/licensing.framework.service.ts
FN:17,(anonymous_4)
FN:24,(anonymous_5)
FN:42,(anonymous_6)
FN:58,(anonymous_7)
FN:64,(anonymous_8)
FN:81,(anonymous_9)
FN:86,(anonymous_10)
FN:97,(anonymous_11)
FN:122,(anonymous_12)
FNF:9
FNH:0
FNDA:0,(anonymous_4)
FNDA:0,(anonymous_5)
FNDA:0,(anonymous_6)
FNDA:0,(anonymous_7)
FNDA:0,(anonymous_8)
FNDA:0,(anonymous_9)
FNDA:0,(anonymous_10)
FNDA:0,(anonymous_11)
FNDA:0,(anonymous_12)
DA:1,58
DA:2,58
DA:3,58
DA:4,58
DA:5,58
DA:6,58
DA:7,58
DA:9,58
DA:12,58
DA:16,58
DA:18,0
DA:20,0
DA:21,0
DA:28,0
DA:33,0
DA:34,0
DA:39,0
DA:45,0
DA:49,0
DA:50,0
DA:55,0
DA:61,0
DA:67,0
DA:72,0
DA:73,0
DA:78,0
DA:85,0
DA:86,0
DA:87,0
DA:88,0
DA:94,0
DA:100,0
DA:108,0
DA:109,0
DA:115,0
DA:116,0
DA:117,0
DA:119,0
DA:123,0
DA:128,0
DA:130,0
DA:131,0
DA:137,0
LF:43
LH:10
BRDA:33,0,0,0
BRDA:49,1,0,0
BRDA:72,2,0,0
BRDA:87,3,0,0
BRDA:108,4,0,0
BRDA:130,5,0,0
BRF:6
BRH:0
end_of_record
TN:
SF:src/platform/licensing/wingback-subscription/licensing.wingback.subscription.service.ts
FN:22,(anonymous_4)
FN:28,(anonymous_5)
FN:37,(anonymous_6)
FN:48,(anonymous_7)
FN:67,(anonymous_8)
FN:71,(anonymous_9)
FN:82,(anonymous_10)
FN:100,(anonymous_11)
FNF:8
FNH:1
FNDA:1,(anonymous_4)
FNDA:0,(anonymous_5)
FNDA:0,(anonymous_6)
FNDA:0,(anonymous_7)
FNDA:0,(anonymous_8)
FNDA:0,(anonymous_9)
FNDA:0,(anonymous_10)
FNDA:0,(anonymous_11)
DA:1,6
DA:2,6
DA:3,6
DA:4,6
DA:9,6
DA:13,6
DA:21,6
DA:23,1
DA:25,1
DA:29,0
DA:40,0
DA:52,0
DA:54,0
DA:59,0
DA:67,1
DA:70,0
DA:74,0
DA:76,0
DA:82,0
DA:84,0
DA:85,0
DA:87,0
DA:90,0
DA:93,0
DA:99,0
DA:100,0
LF:26
LH:10
BRDA:85,0,0,0
BRF:1
BRH:0
end_of_record
TN:
SF:src/platform/metadata/metadata.service.ts
FN:8,(anonymous_4)
FN:12,(anonymous_5)
FN:18,(anonymous_6)
FN:24,(anonymous_7)
FN:31,(anonymous_8)
FNF:5
FNH:1
FNDA:1,(anonymous_4)
FNDA:0,(anonymous_5)
FNDA:0,(anonymous_6)
FNDA:0,(anonymous_7)
FNDA:0,(anonymous_8)
DA:1,1
DA:2,1
DA:7,1
DA:9,1
DA:13,0
DA:19,0
DA:20,0
DA:21,0
DA:25,0
DA:32,0
LF:10
LH:4
BRDA:32,0,0,0
BRDA:32,0,1,0
BRF:2
BRH:0
end_of_record
TN:
SF:src/platform/platform/platform.service.ts
FN:28,(anonymous_4)
FN:36,(anonymous_5)
FN:61,(anonymous_6)
FN:65,(anonymous_7)
FN:81,(anonymous_8)
FN:95,(anonymous_9)
FN:109,(anonymous_10)
FN:124,(anonymous_11)
FN:144,(anonymous_12)
FN:164,(anonymous_13)
FN:182,(anonymous_14)
FN:195,(anonymous_15)
FNF:12
FNH:0
FNDA:0,(anonymous_4)
FNDA:0,(anonymous_5)
FNDA:0,(anonymous_6)
FNDA:0,(anonymous_7)
FNDA:0,(anonymous_8)
FNDA:0,(anonymous_9)
FNDA:0,(anonymous_10)
FNDA:0,(anonymous_11)
FNDA:0,(anonymous_12)
FNDA:0,(anonymous_13)
FNDA:0,(anonymous_14)
FNDA:0,(anonymous_15)
DA:1,54
DA:2,54
DA:4,54
DA:5,54
DA:6,54
DA:7,54
DA:13,54
DA:18,54
DA:20,54
DA:21,54
DA:27,54
DA:29,0
DA:30,0
DA:32,0
DA:33,0
DA:39,0
DA:40,0
DA:44,0
DA:45,0
DA:52,0
DA:53,0
DA:54,0
DA:58,0
DA:62,0
DA:68,0
DA:71,0
DA:72,0
DA:73,0
DA:78,0
DA:82,0
DA:85,0
DA:86,0
DA:87,0
DA:92,0
DA:96,0
DA:99,0
DA:100,0
DA:106,0
DA:110,0
DA:113,0
DA:114,0
DA:115,0
DA:118,0
DA:119,0
DA:121,0
DA:127,0
DA:132,0
DA:134,0
DA:135,0
DA:141,0
DA:147,0
DA:152,0
DA:154,0
DA:155,0
DA:161,0
DA:165,0
DA:170,0
DA:172,0
DA:173,0
DA:179,0
DA:183,0
DA:185,0
DA:186,0
DA:192,0
DA:199,0
DA:200,0
DA:207,0
DA:210,0
LF:68
LH:11
BRDA:44,0,0,0
BRDA:52,1,0,0
BRDA:53,2,0,0
BRDA:72,3,0,0
BRDA:86,4,0,0
BRDA:99,5,0,0
BRDA:99,6,0,0
BRDA:99,6,1,0
BRDA:114,7,0,0
BRDA:134,8,0,0
BRDA:154,9,0,0
BRDA:172,10,0,0
BRDA:185,11,0,0
BRF:13
BRH:0
end_of_record
TN:
SF:src/platform/platform-settings/platform.settings.service.ts
FN:10,(anonymous_4)
FN:14,(anonymous_5)
FN:40,(anonymous_6)
FN:59,(anonymous_7)
FN:70,(anonymous_8)
FN:75,(anonymous_9)
FN:97,(anonymous_10)
FN:114,(anonymous_11)
FN:130,(anonymous_12)
FN:136,(anonymous_13)
FNF:10
FNH:6
FNDA:9,(anonymous_4)
FNDA:0,(anonymous_5)
FNDA:0,(anonymous_6)
FNDA:0,(anonymous_7)
FNDA:0,(anonymous_8)
FNDA:6,(anonymous_9)
FNDA:251,(anonymous_10)
FNDA:3,(anonymous_11)
FNDA:2,(anonymous_12)
FNDA:2,(anonymous_13)
DA:1,1
DA:2,1
DA:5,1
DA:6,1
DA:9,1
DA:11,9
DA:18,0
DA:27,0
DA:28,0
DA:29,0
DA:32,0
DA:33,0
DA:37,0
DA:44,0
DA:45,0
DA:49,0
DA:52,0
DA:53,0
DA:56,0
DA:63,0
DA:64,0
DA:68,0
DA:70,0
DA:72,0
DA:79,6
DA:80,1
DA:86,5
DA:89,5
DA:90,2
DA:94,3
DA:97,251
DA:98,1
DA:102,2
DA:103,1
DA:109,1
DA:111,1
DA:118,3
DA:119,1
DA:124,2
DA:127,2
DA:130,2
DA:131,1
DA:135,1
DA:136,2
DA:139,1
LF:45
LH:27
BRDA:24,0,0,0
BRDA:24,0,1,0
BRDA:27,1,0,0
BRDA:28,2,0,0
BRDA:32,3,0,0
BRDA:44,4,0,0
BRDA:52,5,0,0
BRDA:63,6,0,0
BRDA:79,7,0,1
BRDA:86,8,0,5
BRDA:86,8,1,0
BRDA:89,9,0,2
BRDA:89,10,0,5
BRDA:89,10,1,4
BRDA:97,11,0,1
BRDA:102,12,0,1
BRDA:118,13,0,1
BRDA:124,14,0,2
BRDA:124,14,1,0
BRDA:130,15,0,1
BRF:20
BRH:10
end_of_record
TN:
SF:src/platform/platform-templates/platform.templates.service.ts
FN:17,(anonymous_4)
FN:25,(anonymous_5)
FN:33,(anonymous_6)
FN:46,(anonymous_7)
FN:59,(anonymous_8)
FNF:5
FNH:0
FNDA:0,(anonymous_4)
FNDA:0,(anonymous_5)
FNDA:0,(anonymous_6)
FNDA:0,(anonymous_7)
FNDA:0,(anonymous_8)
DA:1,54
DA:3,54
DA:7,54
DA:8,54
DA:10,54
DA:11,54
DA:12,54
DA:13,54
DA:16,54
DA:18,0
DA:19,0
DA:20,0
DA:21,0
DA:22,0
DA:27,0
DA:28,0
DA:37,0
DA:39,0
DA:43,0
DA:50,0
DA:52,0
DA:56,0
DA:62,0
DA:65,0
DA:67,0
DA:68,0
DA:69,0
DA:75,0
DA:78,0
LF:29
LH:9
BRDA:68,0,0,0
BRDA:68,1,0,0
BRDA:68,1,1,0
BRDA:78,2,0,0
BRDA:78,2,1,0
BRF:5
BRH:0
end_of_record
TN:
SF:src/platform/platform.well.known.virtual.contributors/platform.well.known.virtual.contributors.service.ts
FN:17,(anonymous_4)
FN:22,(anonymous_5)
FN:37,(anonymous_6)
FN:66,(anonymous_7)
FNF:4
FNH:0
FNDA:0,(anonymous_4)
FNDA:0,(anonymous_5)
FNDA:0,(anonymous_6)
FNDA:0,(anonymous_7)
DA:1,57
DA:2,57
DA:3,57
DA:4,57
DA:6,57
DA:7,57
DA:16,57
DA:19,0
DA:23,0
DA:27,0
DA:28,0
DA:34,0
DA:41,0
DA:45,0
DA:46,0
DA:53,0
DA:57,0
DA:59,0
DA:61,0
DA:63,0
DA:69,0
DA:70,0
LF:22
LH:7
BRDA:27,0,0,0
BRDA:34,1,0,0
BRDA:34,1,1,0
BRDA:45,2,0,0
BRDA:53,3,0,0
BRDA:53,3,1,0
BRF:6
BRH:0
end_of_record
TN:
SF:src/schema-bootstrap/module.schema-bootstrap.ts
FN:94,(anonymous_2)
FN:95,(anonymous_3)
FN:96,(anonymous_4)
FN:96,(anonymous_5)
FN:97,(anonymous_6)
FN:98,(anonymous_7)
FN:100,(anonymous_8)
FN:101,(anonymous_9)
FN:102,(anonymous_10)
FN:103,(anonymous_11)
FN:104,(anonymous_12)
FN:106,(anonymous_13)
FN:107,(anonymous_14)
FN:108,(anonymous_15)
FN:109,(anonymous_16)
FN:112,(anonymous_17)
FN:115,(anonymous_18)
FN:116,(anonymous_19)
FN:117,(anonymous_20)
FN:118,(anonymous_21)
FN:121,(anonymous_22)
FN:123,(anonymous_23)
FN:124,(anonymous_24)
FN:127,(anonymous_25)
FN:128,(anonymous_26)
FN:129,(anonymous_27)
FN:130,(anonymous_28)
FN:131,(anonymous_29)
FN:138,(anonymous_30)
FN:139,(anonymous_31)
FN:140,(anonymous_32)
FN:141,(anonymous_33)
FN:142,(anonymous_34)
FN:150,(anonymous_35)
FN:151,(anonymous_36)
FNF:35
FNH:0
FNDA:0,(anonymous_2)
FNDA:0,(anonymous_3)
FNDA:0,(anonymous_4)
FNDA:0,(anonymous_5)
FNDA:0,(anonymous_6)
FNDA:0,(anonymous_7)
FNDA:0,(anonymous_8)
FNDA:0,(anonymous_9)
FNDA:0,(anonymous_10)
FNDA:0,(anonymous_11)
FNDA:0,(anonymous_12)
FNDA:0,(anonymous_13)
FNDA:0,(anonymous_14)
FNDA:0,(anonymous_15)
FNDA:0,(anonymous_16)
FNDA:0,(anonymous_17)
FNDA:0,(anonymous_18)
FNDA:0,(anonymous_19)
FNDA:0,(anonymous_20)
FNDA:0,(anonymous_21)
FNDA:0,(anonymous_22)
FNDA:0,(anonymous_23)
FNDA:0,(anonymous_24)
FNDA:0,(anonymous_25)
FNDA:0,(anonymous_26)
FNDA:0,(anonymous_27)
FNDA:0,(anonymous_28)
FNDA:0,(anonymous_29)
FNDA:0,(anonymous_30)
FNDA:0,(anonymous_31)
FNDA:0,(anonymous_32)
FNDA:0,(anonymous_33)
FNDA:0,(anonymous_34)
FNDA:0,(anonymous_35)
FNDA:0,(anonymous_36)
DA:6,0
DA:7,0
DA:8,0
DA:9,0
DA:10,0
DA:12,0
DA:13,0
DA:14,0
DA:15,0
DA:16,0
DA:17,0
DA:18,0
DA:19,0
DA:20,0
DA:21,0
DA:22,0
DA:23,0
DA:24,0
DA:25,0
DA:26,0
DA:27,0
DA:28,0
DA:29,0
DA:30,0
DA:31,0
DA:32,0
DA:33,0
DA:34,0
DA:35,0
DA:36,0
DA:37,0
DA:38,0
DA:39,0
DA:40,0
DA:41,0
DA:42,0
DA:43,0
DA:44,0
DA:45,0
DA:46,0
DA:47,0
DA:48,0
DA:49,0
DA:50,0
DA:51,0
DA:52,0
DA:53,0
DA:54,0
DA:55,0
DA:56,0
DA:57,0
DA:58,0
DA:59,0
DA:60,0
DA:61,0
DA:62,0
DA:63,0
DA:64,0
DA:65,0
DA:66,0
DA:67,0
DA:73,0
DA:74,0
DA:75,0
DA:76,0
DA:77,0
DA:78,0
DA:79,0
DA:81,0
DA:94,0
DA:95,0
DA:96,0
DA:97,0
DA:98,0
DA:100,0
DA:101,0
DA:102,0
DA:103,0
DA:104,0
DA:106,0
DA:107,0
DA:108,0
DA:109,0
DA:112,0
DA:115,0
DA:116,0
DA:117,0
DA:118,0
DA:121,0
DA:123,0
DA:124,0
DA:127,0
DA:128,0
DA:129,0
DA:130,0
DA:131,0
DA:138,0
DA:139,0
DA:140,0
DA:141,0
DA:142,0
DA:150,0
DA:151,0
DA:161,0
DA:235,0
LF:105
LH:0
BRF:0
BRH:0
end_of_record
TN:
SF:src/schema-bootstrap/stubs/cache.stub.ts
FN:4,(anonymous_0)
FN:5,(anonymous_1)
FN:6,(anonymous_2)
FNF:3
FNH:0
FNDA:0,(anonymous_0)
FNDA:0,(anonymous_1)
FNDA:0,(anonymous_2)
DA:1,0
DA:4,0
DA:5,0
DA:6,0
LF:4
LH:0
BRF:0
BRH:0
end_of_record
TN:
SF:src/schema-bootstrap/stubs/db.stub.ts
FN:5,(anonymous_0)
FN:8,(anonymous_1)
FN:11,(anonymous_2)
FN:14,(anonymous_3)
FN:17,(anonymous_4)
FN:20,(anonymous_5)
FN:23,(anonymous_6)
FN:26,(anonymous_7)
FN:29,(anonymous_8)
FN:32,(anonymous_9)
FN:33,(anonymous_10)
FN:34,(anonymous_11)
FN:35,(anonymous_12)
FN:36,(anonymous_13)
FN:37,(anonymous_14)
FN:41,(anonymous_15)
FN:42,(anonymous_16)
FN:43,(anonymous_17)
FN:44,(anonymous_18)
FN:45,(anonymous_19)
FN:46,(anonymous_20)
FN:47,(anonymous_21)
FN:51,(anonymous_22)
FN:52,(anonymous_23)
FN:53,(anonymous_24)
FN:54,(anonymous_25)
FN:55,(anonymous_26)
FN:56,(anonymous_27)
FN:57,(anonymous_28)
FN:58,(anonymous_29)
FN:63,(anonymous_30)
FN:64,(anonymous_31)
FN:65,(anonymous_32)
FN:66,(anonymous_33)
FN:68,(anonymous_34)
FN:69,(anonymous_35)
FNF:36
FNH:0
FNDA:0,(anonymous_0)
FNDA:0,(anonymous_1)
FNDA:0,(anonymous_2)
FNDA:0,(anonymous_3)
FNDA:0,(anonymous_4)
FNDA:0,(anonymous_5)
FNDA:0,(anonymous_6)
FNDA:0,(anonymous_7)
FNDA:0,(anonymous_8)
FNDA:0,(anonymous_9)
FNDA:0,(anonymous_10)
FNDA:0,(anonymous_11)
FNDA:0,(anonymous_12)
FNDA:0,(anonymous_13)
FNDA:0,(anonymous_14)
FNDA:0,(anonymous_15)
FNDA:0,(anonymous_16)
FNDA:0,(anonymous_17)
FNDA:0,(anonymous_18)
FNDA:0,(anonymous_19)
FNDA:0,(anonymous_20)
FNDA:0,(anonymous_21)
FNDA:0,(anonymous_22)
FNDA:0,(anonymous_23)
FNDA:0,(anonymous_24)
FNDA:0,(anonymous_25)
FNDA:0,(anonymous_26)
FNDA:0,(anonymous_27)
FNDA:0,(anonymous_28)
FNDA:0,(anonymous_29)
FNDA:0,(anonymous_30)
FNDA:0,(anonymous_31)
FNDA:0,(anonymous_32)
FNDA:0,(anonymous_33)
FNDA:0,(anonymous_34)
FNDA:0,(anonymous_35)
DA:2,0
DA:4,0
DA:6,0
DA:9,0
DA:12,0
DA:15,0
DA:18,0
DA:21,0
DA:24,0
DA:27,0
DA:30,0
DA:32,0
DA:33,0
DA:34,0
DA:35,0
DA:36,0
DA:37,0
DA:40,0
DA:41,0
DA:42,0
DA:43,0
DA:44,0
DA:45,0
DA:46,0
DA:47,0
DA:50,0
DA:51,0
DA:52,0
DA:53,0
DA:54,0
DA:55,0
DA:56,0
DA:57,0
DA:58,0
DA:61,0
DA:63,0
DA:64,0
DA:65,0
DA:66,0
DA:68,0
DA:69,0
DA:75,0
DA:80,0
DA:85,0
DA:90,0
LF:45
LH:0
BRF:0
BRH:0
end_of_record
TN:
SF:src/schema-bootstrap/stubs/event-bus-providers.stub.ts
FN:17,(anonymous_0)
FN:18,(anonymous_1)
FN:28,(anonymous_2)
FN:29,(anonymous_3)
FN:39,(anonymous_4)
FN:40,(anonymous_5)
FN:41,(anonymous_6)
FN:42,(anonymous_7)
FN:43,(anonymous_8)
FN:44,(anonymous_9)
FN:45,(anonymous_10)
FN:47,(anonymous_11)
FNF:12
FNH:0
FNDA:0,(anonymous_0)
FNDA:0,(anonymous_1)
FNDA:0,(anonymous_2)
FNDA:0,(anonymous_3)
FNDA:0,(anonymous_4)
FNDA:0,(anonymous_5)
FNDA:0,(anonymous_6)
FNDA:0,(anonymous_7)
FNDA:0,(anonymous_8)
FNDA:0,(anonymous_9)
FNDA:0,(anonymous_10)
FNDA:0,(anonymous_11)
DA:7,0
DA:8,0
DA:9,0
DA:14,0
DA:17,0
DA:18,0
DA:25,0
DA:28,0
DA:29,0
DA:36,0
DA:39,0
DA:40,0
DA:41,0
DA:42,0
DA:43,0
DA:44,0
DA:45,0
DA:47,0
DA:52,0
LF:19
LH:0
BRF:0
BRH:0
end_of_record
TN:
SF:src/schema-bootstrap/stubs/event-bus.stub.ts
FN:5,(anonymous_0)
FN:5,(anonymous_1)
FNF:2
FNH:0
FNDA:0,(anonymous_0)
FNDA:0,(anonymous_1)
DA:1,0
DA:3,0
DA:5,0
LF:3
LH:0
BRF:0
BRH:0
end_of_record
TN:
SF:src/schema-bootstrap/stubs/microservices.stub.ts
FN:17,(anonymous_0)
FN:19,(anonymous_1)
FN:20,(anonymous_2)
FN:21,(anonymous_3)
FN:22,(anonymous_4)
FN:23,(anonymous_5)
FN:41,(anonymous_6)
FN:43,(anonymous_7)
FNF:8
FNH:0
FNDA:0,(anonymous_0)
FNDA:0,(anonymous_1)
FNDA:0,(anonymous_2)
FNDA:0,(anonymous_3)
FNDA:0,(anonymous_4)
FNDA:0,(anonymous_5)
FNDA:0,(anonymous_6)
FNDA:0,(anonymous_7)
DA:2,0
DA:15,0
DA:17,0
DA:18,0
DA:19,0
DA:20,0
DA:21,0
DA:22,0
DA:23,0
DA:27,0
DA:40,0
DA:41,0
DA:43,0
LF:13
LH:0
BRF:0
BRH:0
end_of_record
TN:
SF:src/schema-bootstrap/stubs/search.stub.ts
FN:3,(anonymous_0)
FN:3,(anonymous_1)
FNF:2
FNH:0
FNDA:0,(anonymous_0)
FNDA:0,(anonymous_1)
DA:1,0
DA:3,0
LF:2
LH:0
BRF:0
BRH:0
end_of_record
TN:
SF:src/schema-contract/classify/build-report.ts
FN:8,buildChangeReport
FN:34,buildBaselineReport
FNF:2
FNH:2
FNDA:4,buildChangeReport
FNDA:1,buildBaselineReport
DA:1,4
DA:2,4
DA:3,4
DA:4,4
DA:5,4
DA:6,4
DA:8,4
DA:13,4
DA:14,4
DA:15,4
DA:16,4
DA:17,4
DA:19,4
DA:28,4
DA:29,2
DA:31,4
DA:34,4
DA:35,1
LF:18
LH:18
BRDA:28,0,0,2
BRF:1
BRH:1
end_of_record
TN:
SF:src/schema-contract/deprecation/parser.ts
FN:3,(anonymous_0)
FN:6,getDeprecationDirective
FN:10,(anonymous_2)
FN:12,(anonymous_3)
FNF:4
FNH:4
FNDA:8,(anonymous_0)
FNDA:3284,getDeprecationDirective
FNDA:8,(anonymous_2)
FNDA:8,(anonymous_3)
DA:3,15
DA:6,7
DA:9,3284
DA:10,3284
DA:11,3284
DA:12,8
DA:13,8
DA:14,8
DA:15,8
DA:17,0
LF:10
LH:9
BRDA:9,0,0,0
BRDA:11,1,0,3276
BRDA:13,2,0,0
BRDA:13,3,0,8
BRDA:13,3,1,8
BRDA:14,4,0,8
BRF:6
BRH:4
end_of_record
TN:
SF:src/schema-contract/deprecation/registry.ts
FN:8,buildDeprecationRegistry
FNF:1
FNH:1
FNDA:1,buildDeprecationRegistry
DA:8,1
DA:11,1
LF:2
LH:2
BRF:0
BRH:0
end_of_record
TN:
SF:src/schema-contract/diff/cleanup.ts
FN:8,unionKeys
FNF:1
FNH:1
FNDA:28,unionKeys
DA:8,8
DA:11,28
DA:12,28
DA:13,56
DA:14,597
DA:16,28
LF:6
LH:6
BRDA:13,0,0,0
BRF:1
BRH:0
end_of_record
TN:
SF:src/schema-contract/diff/diff-core.ts
FN:27,sha256
FN:31,indexSDL
FN:58,emptyCounts
FN:80,createDiffContext
FN:85,(anonymous_4)
FN:95,pushEntry
FN:126,baselineReport
FNF:7
FNH:7
FNDA:12,sha256
FNDA:38,indexSDL
FNDA:20,emptyCounts
FNDA:19,createDiffContext
FNDA:3,(anonymous_4)
FNDA:33,pushEntry
FNDA:1,baselineReport
DA:1,9
DA:9,9
DA:17,9
DA:27,9
DA:28,12
DA:31,9
DA:34,38
DA:37,38
DA:38,38
DA:39,38
DA:40,38
DA:41,597
DA:43,532
DA:44,532
DA:46,45
DA:47,45
DA:49,20
DA:50,20
DA:52,0
DA:55,38
DA:58,9
DA:59,20
DA:80,9
DA:84,19
DA:85,19
DA:86,19
DA:95,9
DA:96,33
DA:97,33
DA:99,10
DA:100,10
DA:102,2
DA:103,2
DA:105,14
DA:106,14
DA:108,1
DA:109,1
DA:111,1
DA:112,1
DA:114,0
DA:115,0
DA:117,0
DA:119,5
DA:120,5
DA:122,0
DA:126,9
DA:127,1
LF:47
LH:42
BRDA:34,0,0,5
BRDA:34,0,1,33
BRDA:41,1,0,532
BRDA:41,1,1,45
BRDA:41,1,2,20
BRDA:41,1,3,0
BRDA:43,2,0,532
BRDA:46,3,0,45
BRDA:49,4,0,20
BRDA:81,5,0,2
BRDA:97,6,0,10
BRDA:97,6,1,2
BRDA:97,6,2,14
BRDA:97,6,3,1
BRDA:97,6,4,1
BRDA:97,6,5,0
BRDA:97,6,6,5
BRDA:97,6,7,0
BRDA:114,7,0,0
BRF:19
BRH:15
end_of_record
TN:
SF:src/schema-contract/diff/diff-enum.ts
FN:9,diffEnums
FN:37,(anonymous_1)
FN:38,(anonymous_2)
FN:48,(anonymous_3)
FN:49,(anonymous_4)
FN:85,(anonymous_5)
FNF:6
FNH:6
FNDA:12,diffEnums
FNDA:73,(anonymous_1)
FNDA:70,(anonymous_2)
FNDA:161,(anonymous_3)
FNDA:161,(anonymous_4)
FNDA:8,(anonymous_5)
DA:1,6
DA:5,6
DA:6,6
DA:7,6
DA:9,6
DA:14,12
DA:15,12
DA:16,23
DA:17,23
DA:18,23
DA:19,1
DA:25,1
DA:27,22
DA:28,0
DA:34,0
DA:36,22
DA:37,73
DA:38,70
DA:39,22
DA:40,70
DA:41,1
DA:48,161
DA:49,161
DA:50,69
DA:51,69
DA:52,69
DA:53,69
DA:54,2
DA:55,2
DA:60,2
DA:61,2
DA:62,1
DA:71,1
DA:83,22
DA:84,73
DA:85,8
DA:86,4
DA:87,4
DA:88,4
DA:89,1
DA:96,3
DA:97,3
DA:98,0
DA:106,3
DA:107,3
DA:108,3
DA:109,0
DA:118,3
DA:119,3
DA:122,3
DA:123,3
DA:127,3
DA:128,3
DA:129,3
DA:130,1
DA:140,2
LF:56
LH:52
BRDA:18,0,0,1
BRDA:18,1,0,23
BRDA:18,1,1,1
BRDA:27,2,0,0
BRDA:27,3,0,22
BRDA:27,3,1,22
BRDA:36,4,0,22
BRDA:36,5,0,22
BRDA:36,5,1,22
BRDA:40,6,0,1
BRDA:40,6,1,69
BRDA:50,7,0,69
BRDA:50,8,0,69
BRDA:50,8,1,69
BRDA:53,9,0,2
BRDA:53,10,0,69
BRDA:53,10,1,69
BRDA:61,11,0,1
BRDA:61,11,1,1
BRDA:84,12,0,4
BRDA:86,13,0,4
BRDA:86,13,1,0
BRDA:88,14,0,1
BRDA:88,14,1,3
BRDA:97,15,0,0
BRDA:97,15,1,3
BRDA:108,16,0,0
BRDA:108,16,1,3
BRDA:129,17,0,1
BRDA:129,17,1,2
BRDA:129,18,0,3
BRDA:129,18,1,2
BRDA:143,19,0,1
BRDA:143,19,1,1
BRDA:146,20,0,1
BRDA:146,20,1,1
BRF:36
BRH:32
end_of_record
TN:
SF:src/schema-contract/diff/diff-scalar.ts
FN:15,extractScalarJsonType
FN:20,(anonymous_1)
FN:36,diffScalars
FNF:3
FNH:3
FNDA:20,extractScalarJsonType
FNDA:5,(anonymous_1)
FNDA:11,diffScalars
DA:2,6
DA:3,6
DA:4,6
DA:6,6
DA:16,20
DA:17,20
DA:18,20
DA:19,5
DA:20,5
DA:21,5
DA:22,5
DA:26,15
DA:27,15
DA:28,15
DA:29,14
DA:30,14
DA:31,1
DA:32,13
DA:33,13
DA:36,6
DA:41,11
DA:42,11
DA:43,11
DA:44,13
DA:45,13
DA:46,13
DA:47,5
DA:48,5
DA:55,5
DA:61,5
DA:63,8
DA:64,1
DA:65,1
DA:72,1
DA:79,1
DA:81,7
DA:82,7
DA:83,7
DA:84,7
DA:85,7
DA:86,7
DA:87,1
DA:95,1
DA:103,6
DA:104,1
DA:111,6
DA:121,11
LF:47
LH:47
BRDA:17,0,0,20
BRDA:19,1,0,5
BRDA:21,2,0,5
BRDA:21,2,1,5
BRDA:22,3,0,5
BRDA:22,4,0,5
BRDA:22,4,1,5
BRDA:27,5,0,0
BRDA:27,6,0,15
BRDA:27,6,1,15
BRDA:28,7,0,1
BRDA:28,8,0,15
BRDA:28,8,1,14
BRDA:29,9,0,0
BRDA:30,10,0,1
BRDA:30,11,0,14
BRDA:30,11,1,14
BRDA:30,11,2,13
BRDA:32,12,0,0
BRDA:32,13,0,13
BRDA:32,13,1,13
BRDA:46,14,0,5
BRDA:46,15,0,13
BRDA:46,15,1,5
BRDA:63,16,0,1
BRDA:63,17,0,8
BRDA:63,17,1,8
BRDA:81,18,0,7
BRDA:81,19,0,7
BRDA:81,19,1,7
BRDA:84,20,0,7
BRDA:84,20,1,6
BRDA:85,21,0,7
BRDA:85,21,1,6
BRDA:86,22,0,1
BRDA:86,22,1,6
BRDA:103,23,0,1
BRDA:121,24,0,9
BRF:38
BRH:35
end_of_record
TN:
SF:src/schema-contract/diff/diff-types.ts
FN:10,printTypeNode
FN:23,isNonNull
FN:27,diffTypes
FN:56,(anonymous_3)
FN:61,(anonymous_4)
FNF:5
FNH:5
FNDA:3139,printTypeNode
FNDA:6,isNonNull
FNDA:5,diffTypes
FNDA:1575,(anonymous_3)
FNDA:1569,(anonymous_4)
DA:2,5
DA:3,5
DA:4,5
DA:5,5
DA:11,3139
DA:13,3136
DA:15,3
DA:17,0
DA:19,0
DA:24,6
DA:27,5
DA:32,5
DA:33,5
DA:34,267
DA:35,267
DA:36,267
DA:37,1
DA:43,1
DA:45,266
DA:46,1
DA:52,1
DA:54,265
DA:56,265
DA:57,1575
DA:58,1575
DA:61,265
DA:62,1569
DA:63,1569
DA:65,265
DA:69,265
DA:70,1577
DA:71,1577
DA:72,1577
DA:73,1577
DA:74,2
DA:80,2
DA:82,1575
DA:83,8
DA:84,8
DA:85,6
DA:91,6
DA:93,2
DA:94,2
DA:95,1
DA:102,1
DA:104,1
DA:112,1
DA:114,1567
DA:115,1567
DA:116,1567
DA:117,1567
DA:118,1567
DA:119,1567
DA:120,1
DA:125,1
DA:126,1
DA:135,0
DA:144,1567
DA:145,3
DA:146,3
DA:147,3
DA:148,3
DA:149,3
DA:155,3
DA:157,1564
DA:158,1564
DA:159,1564
DA:160,1
LF:68
LH:65
BRDA:11,0,0,3136
BRDA:11,0,1,3
BRDA:11,0,2,0
BRDA:11,0,3,0
BRDA:36,1,0,1
BRDA:36,2,0,267
BRDA:36,2,1,1
BRDA:45,3,0,1
BRDA:45,4,0,266
BRDA:45,4,1,266
BRDA:54,5,0,265
BRDA:54,6,0,265
BRDA:54,6,1,265
BRDA:56,7,0,265
BRDA:56,7,1,0
BRDA:61,8,0,265
BRDA:61,8,1,0
BRDA:73,9,0,2
BRDA:73,10,0,1577
BRDA:73,10,1,2
BRDA:82,11,0,8
BRDA:82,12,0,1575
BRDA:82,12,1,1575
BRDA:84,13,0,6
BRDA:94,14,0,1
BRDA:114,15,0,1567
BRDA:114,16,0,1567
BRDA:114,16,1,1567
BRDA:119,17,0,1
BRDA:119,18,0,1567
BRDA:119,18,1,1567
BRDA:125,19,0,1
BRDA:125,19,1,0
BRDA:144,20,0,3
BRDA:148,21,0,2
BRDA:148,22,0,3
BRDA:148,22,1,2
BRDA:157,23,0,1564
BRDA:157,23,1,1563
BRDA:158,24,0,1564
BRDA:158,24,1,1563
BRDA:159,25,0,1
BRF:42
BRH:37
end_of_record
TN:
SF:src/schema-contract/governance/apply-overrides.ts
FN:14,applyOverrides
FN:25,(anonymous_1)
FNF:2
FNH:2
FNDA:4,applyOverrides
FNDA:2,(anonymous_1)
DA:4,2
DA:5,2
DA:6,2
DA:14,2
DA:15,4
DA:18,4
DA:19,4
DA:20,4
DA:21,4
DA:23,2
DA:24,2
DA:25,2
DA:26,2
DA:28,2
LF:14
LH:14
BRDA:16,0,0,4
BRDA:16,0,1,3
BRDA:21,1,0,2
BRDA:26,2,0,2
BRDA:26,2,1,0
BRF:5
BRH:4
end_of_record
TN:
SF:src/schema-contract/governance/codeowners.ts
FN:14,parseCodeOwnersFile
FN:26,(anonymous_1)
FN:35,collectAllOwners
FN:37,(anonymous_3)
FN:37,(anonymous_4)
FN:45,patternMatches
FN:52,(anonymous_6)
FN:52,(anonymous_7)
FN:62,ownersForPath
FN:68,(anonymous_9)
FNF:10
FNH:10
FNDA:5,parseCodeOwnersFile
FNDA:8,(anonymous_1)
FNDA:5,collectAllOwners
FNDA:7,(anonymous_3)
FNDA:8,(anonymous_4)
FNDA:10,patternMatches
FNDA:13,(anonymous_6)
FNDA:18,(anonymous_7)
FNDA:2,ownersForPath
FNDA:5,(anonymous_9)
DA:7,3
DA:14,3
DA:15,5
DA:16,4
DA:17,4
DA:18,4
DA:19,10
DA:20,10
DA:21,7
DA:22,7
DA:23,7
DA:24,7
DA:26,8
DA:27,7
DA:29,4
DA:35,3
DA:36,5
DA:37,8
DA:38,5
DA:45,3
DA:46,10
DA:48,7
DA:52,18
DA:56,7
DA:62,3
DA:66,2
DA:67,2
DA:68,8
DA:70,2
LF:29
LH:29
BRDA:14,0,0,0
BRDA:15,1,0,1
BRDA:20,2,0,3
BRDA:20,3,0,10
BRDA:20,3,1,8
BRDA:22,4,0,0
BRDA:26,5,0,8
BRDA:26,5,1,0
BRDA:46,6,0,3
BRDA:68,7,0,4
BRF:10
BRH:7
end_of_record
TN:
SF:src/schema-contract/governance/reviews.ts
FN:13,isValidReviewArray
FN:15,(anonymous_1)
FN:25,loadReviews
FN:64,evaluateOverride
FN:77,(anonymous_4)
FNF:5
FNH:5
FNDA:6,isValidReviewArray
FNDA:5,(anonymous_1)
FNDA:6,loadReviews
FNDA:9,evaluateOverride
FNDA:6,(anonymous_4)
DA:5,3
DA:14,6
DA:15,6
DA:16,5
DA:17,5
DA:18,5
DA:19,5
DA:20,5
DA:21,5
DA:25,3
DA:27,6
DA:28,6
DA:29,5
DA:30,5
DA:31,5
DA:34,0
DA:39,1
DA:40,1
DA:41,1
DA:42,1
DA:43,1
DA:44,1
DA:46,0
DA:53,0
DA:56,3
DA:64,3
DA:68,9
DA:69,9
DA:70,2
DA:71,2
DA:73,7
DA:74,1
DA:75,1
DA:77,6
DA:78,6
DA:79,6
DA:80,6
DA:81,6
DA:82,6
DA:83,6
DA:86,6
DA:87,3
DA:90,3
DA:91,3
LF:44
LH:41
BRDA:14,0,0,0
BRDA:16,1,0,0
BRDA:16,2,0,5
BRDA:16,2,1,5
BRDA:18,3,0,0
BRDA:19,4,0,0
BRDA:20,5,0,0
BRDA:20,6,0,5
BRDA:20,6,1,5
BRDA:28,7,0,5
BRDA:31,8,0,5
BRDA:40,9,0,1
BRDA:40,10,0,1
BRDA:40,10,1,1
BRDA:44,11,0,1
BRDA:69,12,0,2
BRDA:73,13,0,1
BRDA:80,14,0,6
BRDA:80,14,1,0
BRDA:81,15,0,6
BRDA:81,15,1,6
BRDA:82,16,0,6
BRDA:82,16,1,6
BRDA:86,17,0,3
BRDA:86,18,0,6
BRDA:86,18,1,6
BRDA:86,18,2,4
BRF:27
BRH:21
end_of_record
TN:
SF:src/schema-contract/model/index.ts
FNF:0
FNH:0
DA:2,10
DA:3,10
DA:4,10
DA:5,10
DA:6,10
LF:5
LH:5
BRF:0
BRH:0
end_of_record
TN:
SF:src/schema-contract/model/types.ts
FN:2,(anonymous_0)
FN:9,(anonymous_1)
FNF:2
FNH:2
FNDA:10,(anonymous_0)
FNDA:10,(anonymous_1)
DA:2,10
DA:3,10
DA:4,10
DA:5,10
DA:6,10
DA:9,10
DA:10,10
DA:11,10
DA:12,10
DA:13,10
DA:14,10
DA:15,10
DA:16,10
DA:17,10
LF:14
LH:14
BRDA:2,0,0,10
BRDA:2,0,1,10
BRDA:9,1,0,10
BRDA:9,1,1,10
BRF:4
BRH:4
end_of_record
TN:
SF:src/schema-contract/snapshot/load-baseline.ts
FN:9,loadBaselineSnapshot
FNF:1
FNH:1
FNDA:2,loadBaselineSnapshot
DA:1,1
DA:3,1
DA:9,1
DA:14,2
DA:15,1
DA:16,1
DA:26,1
LF:7
LH:7
BRDA:9,0,0,0
BRDA:14,1,0,1
BRDA:23,2,0,1
BRDA:23,2,1,0
BRF:4
BRH:2
end_of_record
TN:
SF:src/services/adapters/ai-server-adapter/dto/ai.server.adapter.dto.update.ai.persona.service.ts
FN:3,(anonymous_0)
FN:8,(anonymous_1)
FNF:2
FNH:0
FNDA:0,(anonymous_0)
FNDA:0,(anonymous_1)
DA:3,0
DA:4,0
DA:5,0
DA:8,0
DA:9,0
DA:10,0
DA:11,0
DA:13,0
DA:20,0
DA:22,0
DA:25,0
DA:26,0
DA:34,0
LF:13
LH:0
BRDA:3,0,0,0
BRDA:3,0,1,0
BRDA:8,1,0,0
BRDA:8,1,1,0
BRF:4
BRH:0
end_of_record
TN:
SF:src/services/ai-server/ai-persona/ai.persona.service.ts
FN:29,(anonymous_5)
FN:39,(anonymous_6)
FN:64,(anonymous_7)
FN:108,(anonymous_8)
FN:130,(anonymous_9)
FN:142,(anonymous_10)
FN:155,(anonymous_11)
FN:159,(anonymous_12)
FN:195,(anonymous_13)
FN:209,(anonymous_14)
FN:214,(anonymous_15)
FN:222,(anonymous_16)
FN:238,(anonymous_17)
FNF:13
FNH:0
FNDA:0,(anonymous_5)
FNDA:0,(anonymous_6)
FNDA:0,(anonymous_7)
FNDA:0,(anonymous_8)
FNDA:0,(anonymous_9)
FNDA:0,(anonymous_10)
FNDA:0,(anonymous_11)
FNDA:0,(anonymous_12)
FNDA:0,(anonymous_13)
FNDA:0,(anonymous_14)
FNDA:0,(anonymous_15)
FNDA:0,(anonymous_16)
FNDA:0,(anonymous_17)
DA:1,57
DA:2,57
DA:3,57
DA:4,57
DA:5,57
DA:6,57
DA:7,57
DA:16,57
DA:17,57
DA:18,57
DA:19,57
DA:21,57
DA:24,57
DA:25,57
DA:28,57
DA:30,0
DA:31,0
DA:33,0
DA:34,0
DA:36,0
DA:43,0
DA:44,0
DA:47,0
DA:49,0
DA:50,0
DA:51,0
DA:55,0
DA:56,0
DA:61,0
DA:67,0
DA:69,0
DA:70,0
DA:73,0
DA:74,0
DA:77,0
DA:78,0
DA:83,0
DA:84,0
DA:85,0
DA:86,0
DA:87,0
DA:89,0
DA:90,0
DA:92,0
DA:93,0
DA:95,0
DA:96,0
DA:98,0
DA:99,0
DA:103,0
DA:105,0
DA:109,0
DA:111,0
DA:116,0
DA:117,0
DA:122,0
DA:123,0
DA:126,0
DA:127,0
DA:134,0
DA:139,0
DA:146,0
DA:147,0
DA:148,0
DA:152,0
DA:156,0
DA:163,0
DA:167,0
DA:186,0
DA:190,0
DA:191,0
DA:193,0
DA:195,0
DA:196,0
DA:197,0
DA:200,0
DA:203,0
DA:206,0
DA:210,0
DA:211,0
DA:215,0
DA:216,0
DA:217,0
DA:219,0
DA:225,0
DA:226,0
DA:228,0
DA:229,0
DA:230,0
DA:232,0
DA:233,0
DA:235,0
DA:241,0
DA:242,0
DA:244,0
DA:245,0
DA:246,0
DA:248,0
DA:249,0
DA:251,0
LF:100
LH:15
BRDA:69,0,0,0
BRDA:73,1,0,0
BRDA:77,2,0,0
BRDA:79,3,0,0
BRDA:79,3,1,0
BRDA:83,4,0,0
BRDA:84,5,0,0
BRDA:84,5,1,0
BRDA:86,6,0,0
BRDA:89,7,0,0
BRDA:92,8,0,0
BRDA:95,9,0,0
BRDA:98,10,0,0
BRDA:116,11,0,0
BRDA:147,12,0,0
BRDA:186,13,0,0
BRDA:187,14,0,0
BRDA:187,14,1,0
BRDA:191,15,0,0
BRDA:196,16,0,0
BRDA:211,17,0,0
BRDA:211,17,1,0
BRDA:216,18,0,0
BRDA:219,19,0,0
BRDA:219,19,1,0
BRDA:225,20,0,0
BRDA:229,21,0,0
BRDA:232,22,0,0
BRDA:241,23,0,0
BRDA:245,24,0,0
BRDA:248,25,0,0
BRF:31
BRH:0
end_of_record
TN:
SF:src/services/ai-server/ai-server/ai.server.service.ts
FN:45,(anonymous_4)
FN:46,(anonymous_5)
FN:53,(anonymous_6)
FN:65,(anonymous_7)
FN:81,(anonymous_8)
FN:121,(anonymous_9)
FN:137,(anonymous_10)
FN:160,(anonymous_11)
FN:170,(anonymous_12)
FN:227,(anonymous_13)
FN:301,(anonymous_14)
FN:305,(anonymous_15)
FN:331,(anonymous_16)
FN:337,(anonymous_17)
FN:359,(anonymous_18)
FN:376,(anonymous_19)
FN:380,(anonymous_20)
FN:399,(anonymous_21)
FN:418,(anonymous_22)
FN:425,(anonymous_23)
FN:438,(anonymous_24)
FN:462,(anonymous_25)
FN:475,(anonymous_26)
FNF:23
FNH:0
FNDA:0,(anonymous_4)
FNDA:0,(anonymous_5)
FNDA:0,(anonymous_6)
FNDA:0,(anonymous_7)
FNDA:0,(anonymous_8)
FNDA:0,(anonymous_9)
FNDA:0,(anonymous_10)
FNDA:0,(anonymous_11)
FNDA:0,(anonymous_12)
FNDA:0,(anonymous_13)
FNDA:0,(anonymous_14)
FNDA:0,(anonymous_15)
FNDA:0,(anonymous_16)
FNDA:0,(anonymous_17)
FNDA:0,(anonymous_18)
FNDA:0,(anonymous_19)
FNDA:0,(anonymous_20)
FNDA:0,(anonymous_21)
FNDA:0,(anonymous_22)
FNDA:0,(anonymous_23)
FNDA:0,(anonymous_24)
FNDA:0,(anonymous_25)
FNDA:0,(anonymous_26)
DA:1,57
DA:2,57
DA:3,57
DA:4,57
DA:5,57
DA:6,57
DA:7,57
DA:11,57
DA:14,57
DA:18,57
DA:19,57
DA:20,57
DA:21,57
DA:26,57
DA:27,57
DA:28,57
DA:29,57
DA:31,57
DA:33,57
DA:35,57
DA:36,57
DA:37,57
DA:38,57
DA:39,57
DA:40,57
DA:43,57
DA:44,0
DA:47,0
DA:50,0
DA:54,0
DA:60,0
DA:66,0
DA:67,0
DA:68,0
DA:69,0
DA:70,0
DA:71,0
DA:73,0
DA:75,0
DA:77,0
DA:78,0
DA:85,0
DA:87,0
DA:89,0
DA:91,0
DA:98,0
DA:104,0
DA:105,0
DA:110,0
DA:114,0
DA:126,0
DA:128,0
DA:132,0
DA:133,0
DA:138,0
DA:147,0
DA:149,0
DA:157,0
DA:161,0
DA:184,0
DA:188,0
DA:196,0
DA:198,0
DA:202,0
DA:212,0
DA:217,0
DA:224,0
DA:233,0
DA:235,0
DA:236,0
DA:241,0
DA:246,0
DA:248,0
DA:249,0
DA:250,0
DA:253,0
DA:254,0
DA:257,0
DA:262,0
DA:266,0
DA:269,0
DA:270,0
DA:271,0
DA:272,0
DA:276,0
DA:281,0
DA:284,0
DA:285,0
DA:286,0
DA:288,0
DA:289,0
DA:291,0
DA:292,0
DA:299,0
DA:302,0
DA:306,0
DA:309,0
DA:317,0
DA:318,0
DA:320,0
DA:321,0
DA:323,0
DA:327,0
DA:332,0
DA:334,0
DA:338,0
DA:341,0
DA:345,0
DA:347,0
DA:350,0
DA:354,0
DA:356,0
DA:362,0
DA:363,0
DA:367,0
DA:368,0
DA:373,0
DA:377,0
DA:383,0
DA:389,0
DA:390,0
DA:391,0
DA:396,0
DA:402,0
DA:408,0
DA:409,0
DA:410,0
DA:415,0
DA:422,0
DA:426,0
DA:428,0
DA:429,0
DA:435,0
DA:439,0
DA:444,0
DA:445,0
DA:450,0
DA:452,0
DA:453,0
DA:459,0
DA:467,0
DA:469,0
DA:476,0
DA:477,0
DA:478,0
DA:479,0
LF:146
LH:26
BRDA:47,0,0,0
BRDA:54,1,0,0
BRDA:104,2,0,0
BRDA:104,2,1,0
BRDA:132,3,0,0
BRDA:198,4,0,0
BRDA:199,5,0,0
BRDA:199,5,1,0
BRDA:230,6,0,0
BRDA:231,7,0,0
BRDA:235,8,0,0
BRDA:235,8,1,0
BRDA:253,9,0,0
BRDA:262,10,0,0
BRDA:263,11,0,0
BRDA:263,11,1,0
BRDA:263,11,2,0
BRDA:263,11,3,0
BRDA:269,12,0,0
BRDA:285,13,0,0
BRDA:288,14,0,0
BRDA:291,15,0,0
BRDA:367,16,0,0
BRDA:390,17,0,0
BRDA:409,18,0,0
BRDA:428,19,0,0
BRDA:444,20,0,0
BRDA:444,21,0,0
BRDA:444,21,1,0
BRDA:452,22,0,0
BRDA:478,23,0,0
BRF:31
BRH:0
end_of_record
TN:
SF:src/services/ai-server/ai-server/dto/ai.server.dto.ingest.ai.persona.service.ts
FN:6,(anonymous_2)
FNF:1
FNH:0
FNDA:0,(anonymous_2)
DA:1,0
DA:2,0
DA:5,0
DA:6,0
DA:7,0
LF:5
LH:0
BRF:0
BRH:0
end_of_record
TN:
SF:src/services/api-rest/identity-resolve/identity-resolve.service.ts
FN:25,(anonymous_4)
FN:33,(anonymous_5)
FN:133,(anonymous_6)
FN:170,(anonymous_7)
FN:177,(anonymous_8)
FNF:5
FNH:5
FNDA:6,(anonymous_4)
FNDA:5,(anonymous_5)
FNDA:2,(anonymous_6)
FNDA:2,(anonymous_7)
FNDA:4,(anonymous_8)
DA:1,1
DA:5,1
DA:6,1
DA:7,1
DA:8,1
DA:9,1
DA:10,1
DA:11,1
DA:15,1
DA:19,1
DA:24,1
DA:26,6
DA:27,6
DA:28,6
DA:30,6
DA:37,5
DA:45,5
DA:46,2
DA:50,2
DA:53,3
DA:54,3
DA:55,1
DA:59,1
DA:65,2
DA:67,2
DA:71,2
DA:73,2
DA:80,2
DA:82,2
DA:84,2
DA:85,0
DA:89,0
DA:95,2
DA:99,2
DA:107,2
DA:109,1
DA:110,0
DA:113,1
DA:114,0
DA:120,1
DA:121,0
DA:124,1
DA:129,1
DA:137,2
DA:138,2
DA:139,2
DA:142,2
DA:146,2
DA:147,0
DA:151,0
DA:157,2
DA:158,2
DA:159,2
DA:160,2
DA:161,2
DA:162,2
DA:167,2
DA:168,2
DA:170,2
DA:174,2
DA:178,4
DA:179,2
DA:183,2
DA:190,2
LF:64
LH:57
BRDA:45,0,0,2
BRDA:47,1,0,2
BRDA:47,1,1,0
BRDA:54,2,0,1
BRDA:56,3,0,1
BRDA:56,3,1,0
BRDA:71,4,0,0
BRDA:71,4,1,2
BRDA:84,5,0,0
BRDA:96,6,0,2
BRDA:96,6,1,0
BRDA:109,7,0,0
BRDA:113,8,0,0
BRDA:120,9,0,0
BRDA:139,10,0,2
BRDA:139,10,1,0
BRDA:142,11,0,2
BRDA:142,11,1,0
BRDA:142,11,2,0
BRDA:146,12,0,0
BRDA:158,13,0,2
BRDA:158,13,1,0
BRDA:159,14,0,2
BRDA:159,14,1,0
BRDA:160,15,0,2
BRDA:160,15,1,0
BRDA:161,16,0,2
BRDA:168,17,0,2
BRDA:168,17,1,0
BRDA:170,18,0,2
BRDA:170,18,1,2
BRDA:178,19,0,2
BRF:32
BRH:16
end_of_record
TN:
SF:src/services/api-rest/ssi-credential-flow/ssi.credential.flow.service.ts
FN:6,(anonymous_2)
FN:8,(anonymous_3)
FN:18,(anonymous_4)
FN:26,(anonymous_5)
FNF:4
FNH:0
FNDA:0,(anonymous_2)
FNDA:0,(anonymous_3)
FNDA:0,(anonymous_4)
FNDA:0,(anonymous_5)
DA:1,52
DA:2,52
DA:5,52
DA:6,0
DA:12,0
DA:19,0
DA:27,0
LF:7
LH:3
BRF:0
BRH:0
end_of_record
TN:
SF:src/services/api/activity-log/activity.log.builder.service.ts
FN:37,(anonymous_4)
FN:55,(anonymous_5)
FN:85,(anonymous_6)
FN:96,(anonymous_7)
FN:122,(anonymous_8)
FN:148,(anonymous_9)
FN:175,(anonymous_10)
FN:201,(anonymous_11)
FN:230,(anonymous_12)
FN:257,(anonymous_13)
FN:268,(anonymous_14)
FN:280,(anonymous_15)
FN:317,(anonymous_16)
FNF:13
FNH:0
FNDA:0,(anonymous_4)
FNDA:0,(anonymous_5)
FNDA:0,(anonymous_6)
FNDA:0,(anonymous_7)
FNDA:0,(anonymous_8)
FNDA:0,(anonymous_9)
FNDA:0,(anonymous_10)
FNDA:0,(anonymous_11)
FNDA:0,(anonymous_12)
FNDA:0,(anonymous_13)
FNDA:0,(anonymous_14)
FNDA:0,(anonymous_15)
FNDA:0,(anonymous_16)
DA:2,1
DA:11,1
DA:12,1
DA:13,1
DA:14,1
DA:15,1
DA:16,1
DA:18,1
DA:22,1
DA:23,1
DA:24,1
DA:26,1
DA:27,1
DA:28,1
DA:29,1
DA:30,1
DA:31,1
DA:32,1
DA:33,1
DA:34,1
DA:36,1
DA:38,0
DA:39,0
DA:40,0
DA:41,0
DA:42,0
DA:43,0
DA:44,0
DA:45,0
DA:46,0
DA:47,0
DA:48,0
DA:49,0
DA:50,0
DA:52,0
DA:56,0
DA:57,0
DA:67,0
DA:71,0
DA:75,0
DA:76,0
DA:82,0
DA:86,0
DA:89,0
DA:93,0
DA:97,0
DA:98,0
DA:108,0
DA:111,0
DA:114,0
DA:119,0
DA:123,0
DA:124,0
DA:134,0
DA:137,0
DA:140,0
DA:145,0
DA:149,0
DA:150,0
DA:160,0
DA:163,0
DA:167,0
DA:172,0
DA:176,0
DA:177,0
DA:187,0
DA:190,0
DA:193,0
DA:198,0
DA:204,0
DA:205,0
DA:215,0
DA:218,0
DA:222,0
DA:227,0
DA:231,0
DA:232,0
DA:242,0
DA:245,0
DA:249,0
DA:254,0
DA:258,0
DA:261,0
DA:265,0
DA:269,0
DA:273,0
DA:277,0
DA:281,0
DA:285,0
DA:286,0
DA:298,0
DA:299,0
DA:305,0
DA:308,0
DA:314,0
DA:318,0
DA:319,0
DA:329,0
DA:333,0
DA:336,0
DA:341,0
LF:101
LH:21
BRDA:56,0,0,0
BRDA:97,1,0,0
BRDA:123,2,0,0
BRDA:149,3,0,0
BRDA:176,4,0,0
BRDA:204,5,0,0
BRDA:231,6,0,0
BRDA:298,7,0,0
BRDA:311,8,0,0
BRDA:311,8,1,0
BRDA:318,9,0,0
BRF:11
BRH:0
end_of_record
TN:
SF:src/services/api/activity-log/activity.log.service.ts
FN:29,(anonymous_5)
FN:51,(anonymous_6)
FN:62,(anonymous_7)
FN:84,(anonymous_8)
FN:88,(anonymous_9)
FN:92,(anonymous_10)
FN:167,(anonymous_11)
FNF:7
FNH:0
FNDA:0,(anonymous_5)
FNDA:0,(anonymous_6)
FNDA:0,(anonymous_7)
FNDA:0,(anonymous_8)
FNDA:0,(anonymous_9)
FNDA:0,(anonymous_10)
FNDA:0,(anonymous_11)
DA:1,1
DA:2,1
DA:4,1
DA:5,1
DA:7,1
DA:8,1
DA:9,1
DA:10,1
DA:11,1
DA:12,1
DA:13,1
DA:15,1
DA:17,1
DA:18,1
DA:19,1
DA:20,1
DA:21,1
DA:22,1
DA:23,1
DA:24,1
DA:25,1
DA:26,1
DA:28,1
DA:30,0
DA:31,0
DA:32,0
DA:33,0
DA:34,0
DA:35,0
DA:36,0
DA:37,0
DA:38,0
DA:39,0
DA:40,0
DA:41,0
DA:42,0
DA:43,0
DA:44,0
DA:46,0
DA:48,0
DA:57,0
DA:62,0
DA:63,0
DA:69,0
DA:70,0
DA:71,0
DA:72,0
DA:73,0
DA:74,0
DA:76,0
DA:77,0
DA:81,0
DA:87,0
DA:88,0
DA:95,0
DA:97,0
DA:101,0
DA:104,0
DA:108,0
DA:112,0
DA:113,0
DA:119,0
DA:128,0
DA:140,0
DA:156,0
DA:157,0
DA:160,0
DA:171,0
DA:175,0
LF:69
LH:23
BRDA:53,0,0,0
BRDA:63,1,0,0
BRDA:63,1,1,0
BRDA:71,2,0,0
BRDA:71,3,0,0
BRDA:71,3,1,0
BRDA:73,4,0,0
BRDA:76,5,0,0
BRDA:76,6,0,0
BRDA:76,6,1,0
BRDA:97,7,0,0
BRDA:98,8,0,0
BRDA:98,8,1,0
BRDA:112,9,0,0
BRF:14
BRH:0
end_of_record
TN:
SF:src/services/api/conversion/conversion.service.ts
FN:34,(anonymous_4)
FN:47,(anonymous_5)
FN:183,(anonymous_6)
FN:200,(anonymous_7)
FN:240,(anonymous_8)
FN:274,(anonymous_9)
FN:350,(anonymous_10)
FN:432,(anonymous_11)
FN:470,(anonymous_12)
FNF:9
FNH:0
FNDA:0,(anonymous_4)
FNDA:0,(anonymous_5)
FNDA:0,(anonymous_6)
FNDA:0,(anonymous_7)
FNDA:0,(anonymous_8)
FNDA:0,(anonymous_9)
FNDA:0,(anonymous_10)
FNDA:0,(anonymous_11)
FNDA:0,(anonymous_12)
DA:1,0
DA:2,0
DA:3,0
DA:6,0
DA:11,0
DA:12,0
DA:13,0
DA:14,0
DA:15,0
DA:16,0
DA:17,0
DA:18,0
DA:19,0
DA:20,0
DA:27,0
DA:31,0
DA:33,0
DA:35,0
DA:36,0
DA:37,0
DA:38,0
DA:39,0
DA:40,0
DA:41,0
DA:42,0
DA:43,0
DA:44,0
DA:50,0
DA:69,0
DA:79,0
DA:84,0
DA:85,0
DA:86,0
DA:87,0
DA:89,0
DA:100,0
DA:105,0
DA:112,0
DA:113,0
DA:116,0
DA:120,0
DA:121,0
DA:130,0
DA:132,0
DA:137,0
DA:138,0
DA:139,0
DA:140,0
DA:141,0
DA:142,0
DA:146,0
DA:147,0
DA:151,0
DA:153,0
DA:156,0
DA:162,0
DA:165,0
DA:171,0
DA:173,0
DA:174,0
DA:182,0
DA:183,0
DA:185,0
DA:188,0
DA:189,0
DA:197,0
DA:206,0
DA:215,0
DA:221,0
DA:226,0
DA:228,0
DA:229,0
DA:230,0
DA:231,0
DA:232,0
DA:237,0
DA:242,0
DA:244,0
DA:249,0
DA:261,0
DA:265,0
DA:270,0
DA:277,0
DA:287,0
DA:288,0
DA:293,0
DA:295,0
DA:306,0
DA:311,0
DA:316,0
DA:317,0
DA:320,0
DA:324,0
DA:325,0
DA:333,0
DA:340,0
DA:341,0
DA:347,0
DA:353,0
DA:364,0
DA:369,0
DA:374,0
DA:376,0
DA:387,0
DA:392,0
DA:398,0
DA:399,0
DA:404,0
DA:405,0
DA:407,0
DA:408,0
DA:410,0
DA:411,0
DA:412,0
DA:414,0
DA:420,0
DA:422,0
DA:423,0
DA:429,0
DA:435,0
DA:439,0
DA:443,0
DA:447,0
DA:451,0
DA:456,0
DA:460,0
DA:474,0
DA:475,0
DA:476,0
DA:483,0
DA:484,0
DA:491,0
DA:492,0
DA:499,0
DA:500,0
DA:507,0
DA:508,0
LF:137
LH:0
BRDA:69,0,0,0
BRDA:70,1,0,0
BRDA:70,1,1,0
BRDA:70,1,2,0
BRDA:70,1,3,0
BRDA:70,1,4,0
BRDA:70,1,5,0
BRDA:70,1,6,0
BRDA:70,1,7,0
BRDA:100,2,0,0
BRDA:101,3,0,0
BRDA:101,3,1,0
BRDA:101,3,2,0
BRDA:215,4,0,0
BRDA:216,5,0,0
BRDA:216,5,1,0
BRDA:216,5,2,0
BRDA:216,5,3,0
BRDA:261,6,0,0
BRDA:262,7,0,0
BRDA:262,7,1,0
BRDA:287,8,0,0
BRDA:306,9,0,0
BRDA:307,10,0,0
BRDA:307,10,1,0
BRDA:307,10,2,0
BRDA:364,11,0,0
BRDA:365,12,0,0
BRDA:365,12,1,0
BRDA:365,12,2,0
BRDA:387,13,0,0
BRDA:388,14,0,0
BRDA:388,14,1,0
BRDA:388,14,2,0
BRDA:398,15,0,0
BRF:35
BRH:0
end_of_record
TN:
SF:src/services/api/input-creator/input.creator.service.ts
FN:49,(anonymous_4)
FN:57,(anonymous_5)
FN:67,(anonymous_6)
FN:131,(anonymous_7)
FN:155,(anonymous_8)
FN:215,(anonymous_9)
FN:283,(anonymous_10)
FN:325,(anonymous_11)
FN:340,(anonymous_12)
FN:357,(anonymous_13)
FN:372,(anonymous_14)
FN:383,(anonymous_15)
FN:395,(anonymous_16)
FN:413,(anonymous_17)
FN:430,(anonymous_18)
FN:463,(anonymous_19)
FN:477,(anonymous_20)
FN:485,(anonymous_21)
FN:512,(anonymous_22)
FN:526,(anonymous_23)
FN:537,(anonymous_24)
FN:547,(anonymous_25)
FN:561,(anonymous_26)
FN:570,(anonymous_27)
FNF:24
FNH:0
FNDA:0,(anonymous_4)
FNDA:0,(anonymous_5)
FNDA:0,(anonymous_6)
FNDA:0,(anonymous_7)
FNDA:0,(anonymous_8)
FNDA:0,(anonymous_9)
FNDA:0,(anonymous_10)
FNDA:0,(anonymous_11)
FNDA:0,(anonymous_12)
FNDA:0,(anonymous_13)
FNDA:0,(anonymous_14)
FNDA:0,(anonymous_15)
FNDA:0,(anonymous_16)
FNDA:0,(anonymous_17)
FNDA:0,(anonymous_18)
FNDA:0,(anonymous_19)
FNDA:0,(anonymous_20)
FNDA:0,(anonymous_21)
FNDA:0,(anonymous_22)
FNDA:0,(anonymous_23)
FNDA:0,(anonymous_24)
FNDA:0,(anonymous_25)
FNDA:0,(anonymous_26)
FNDA:0,(anonymous_27)
DA:1,54
DA:2,54
DA:3,54
DA:4,54
DA:10,54
DA:14,54
DA:32,54
DA:35,54
DA:38,54
DA:39,54
DA:40,54
DA:45,54
DA:48,54
DA:50,0
DA:51,0
DA:52,0
DA:54,0
DA:60,0
DA:61,0
DA:62,0
DA:64,0
DA:70,0
DA:96,0
DA:104,0
DA:114,0
DA:134,0
DA:135,0
DA:141,0
DA:142,0
DA:143,0
DA:148,0
DA:152,0
DA:159,0
DA:178,0
DA:179,0
DA:186,0
DA:189,0
DA:192,0
DA:193,0
DA:194,0
DA:196,0
DA:200,0
DA:204,0
DA:212,0
DA:218,0
DA:244,0
DA:249,0
DA:256,0
DA:259,0
DA:263,0
DA:264,0
DA:266,0
DA:269,0
DA:272,0
DA:280,0
DA:287,0
DA:298,0
DA:304,0
DA:311,0
DA:315,0
DA:322,0
DA:328,0
DA:333,0
DA:339,0
DA:340,0
DA:343,0
DA:354,0
DA:360,0
DA:361,0
DA:362,0
DA:369,0
DA:375,0
DA:380,0
DA:386,0
DA:387,0
DA:396,0
DA:397,0
DA:406,0
DA:416,0
DA:427,0
DA:433,0
DA:434,0
DA:443,0
DA:466,0
DA:467,0
DA:469,0
DA:474,0
DA:480,0
DA:488,0
DA:489,0
DA:497,0
DA:515,0
DA:516,0
DA:529,0
DA:530,0
DA:531,0
DA:532,0
DA:534,0
DA:540,0
DA:550,0
DA:551,0
DA:552,0
DA:553,0
DA:558,0
DA:562,0
DA:573,0
DA:574,0
DA:575,0
DA:576,0
DA:578,0
LF:110
LH:13
BRDA:96,0,0,0
BRDA:97,1,0,0
BRDA:97,1,1,0
BRDA:97,1,2,0
BRDA:97,1,3,0
BRDA:97,1,4,0
BRDA:97,1,5,0
BRDA:134,2,0,0
BRDA:157,3,0,0
BRDA:178,4,0,0
BRDA:178,5,0,0
BRDA:178,5,1,0
BRDA:178,5,2,0
BRDA:193,6,0,0
BRDA:244,7,0,0
BRDA:245,8,0,0
BRDA:245,8,1,0
BRDA:245,8,2,0
BRDA:298,9,0,0
BRDA:299,10,0,0
BRDA:299,10,1,0
BRDA:299,10,2,0
BRDA:299,10,3,0
BRDA:328,11,0,0
BRDA:329,12,0,0
BRDA:329,12,1,0
BRDA:329,12,2,0
BRDA:352,13,0,0
BRDA:352,13,1,0
BRDA:386,14,0,0
BRDA:396,15,0,0
BRDA:408,16,0,0
BRDA:408,16,1,0
BRDA:420,17,0,0
BRDA:420,17,1,0
BRDA:433,18,0,0
BRDA:449,19,0,0
BRDA:449,19,1,0
BRDA:457,20,0,0
BRDA:457,20,1,0
BRDA:466,21,0,0
BRDA:488,22,0,0
BRDA:515,23,0,0
BRDA:530,24,0,0
BRDA:551,25,0,0
BRDA:574,26,0,0
BRF:46
BRH:0
end_of_record
TN:
SF:src/services/api/lookup/lookup.service.ts
FNF:0
FNH:0
DA:1,0
DA:4,0
LF:2
LH:0
BRF:0
BRH:0
end_of_record
TN:
SF:src/services/api/lookup-by-name/lookup.by.name.service.ts
FNF:0
FNH:0
DA:1,0
DA:4,0
LF:2
LH:0
BRF:0
BRH:0
end_of_record
TN:
SF:src/services/api/me/me.service.ts
FN:23,(anonymous_4)
FN:33,(anonymous_5)
FN:44,(anonymous_6)
FN:84,(anonymous_7)
FN:122,(anonymous_8)
FN:146,(anonymous_9)
FN:165,(anonymous_10)
FN:183,(anonymous_11)
FN:206,(anonymous_12)
FN:222,(anonymous_13)
FN:223,(anonymous_14)
FN:226,(anonymous_15)
FN:232,(anonymous_16)
FN:233,(anonymous_17)
FN:246,(anonymous_18)
FN:252,(anonymous_19)
FN:254,(anonymous_20)
FN:262,(anonymous_21)
FN:284,(anonymous_22)
FNF:19
FNH:0
FNDA:0,(anonymous_4)
FNDA:0,(anonymous_5)
FNDA:0,(anonymous_6)
FNDA:0,(anonymous_7)
FNDA:0,(anonymous_8)
FNDA:0,(anonymous_9)
FNDA:0,(anonymous_10)
FNDA:0,(anonymous_11)
FNDA:0,(anonymous_12)
FNDA:0,(anonymous_13)
FNDA:0,(anonymous_14)
FNDA:0,(anonymous_15)
FNDA:0,(anonymous_16)
FNDA:0,(anonymous_17)
FNDA:0,(anonymous_18)
FNDA:0,(anonymous_19)
FNDA:0,(anonymous_20)
FNDA:0,(anonymous_21)
FNDA:0,(anonymous_22)
DA:1,0
DA:2,0
DA:3,0
DA:4,0
DA:6,0
DA:9,0
DA:10,0
DA:11,0
DA:12,0
DA:14,0
DA:15,0
DA:19,0
DA:22,0
DA:24,0
DA:25,0
DA:26,0
DA:27,0
DA:28,0
DA:30,0
DA:37,0
DA:41,0
DA:48,0
DA:52,0
DA:53,0
DA:54,0
DA:55,0
DA:61,0
DA:64,0
DA:65,0
DA:70,0
DA:81,0
DA:89,0
DA:90,0
DA:91,0
DA:92,0
DA:93,0
DA:99,0
DA:102,0
DA:103,0
DA:108,0
DA:119,0
DA:125,0
DA:126,0
DA:128,0
DA:129,0
DA:131,0
DA:133,0
DA:137,0
DA:147,0
DA:149,0
DA:150,0
DA:154,0
DA:159,0
DA:162,0
DA:169,0
DA:170,0
DA:172,0
DA:173,0
DA:178,0
DA:180,0
DA:188,0
DA:190,0
DA:194,0
DA:195,0
DA:197,0
DA:201,0
DA:206,0
DA:207,0
DA:216,0
DA:219,0
DA:223,0
DA:231,0
DA:232,0
DA:234,0
DA:242,0
DA:250,0
DA:252,0
DA:254,0
DA:266,0
DA:268,0
DA:269,0
DA:270,0
DA:275,0
DA:281,0
DA:288,0
DA:294,0
DA:295,0
DA:299,0
DA:301,0
DA:303,0
DA:305,0
DA:306,0
DA:310,0
DA:315,0
DA:316,0
DA:319,0
DA:325,0
LF:97
LH:0
BRDA:54,0,0,0
BRDA:64,1,0,0
BRDA:92,2,0,0
BRDA:102,3,0,0
BRDA:126,4,0,0
BRDA:126,4,1,0
BRDA:150,5,0,0
BRDA:150,5,1,0
BRDA:151,6,0,0
BRDA:151,6,1,0
BRDA:151,6,2,0
BRDA:194,7,0,0
BRDA:269,8,0,0
BRDA:286,9,0,0
BRDA:296,10,0,0
BRDA:296,10,1,0
BRDA:305,11,0,0
BRDA:315,12,0,0
BRF:18
BRH:0
end_of_record
TN:
SF:src/services/api/notification-recipients/notification.recipients.service.ts
FN:29,(anonymous_4)
FN:39,(anonymous_5)
FN:82,(anonymous_6)
FN:90,(anonymous_7)
FN:143,(anonymous_8)
FN:147,(anonymous_9)
FN:158,(anonymous_10)
FN:164,(anonymous_11)
FN:197,(anonymous_12)
FN:220,(anonymous_13)
FN:304,(anonymous_14)
FN:419,(anonymous_15)
FN:544,(anonymous_16)
FN:563,(anonymous_17)
FN:580,(anonymous_18)
FN:597,(anonymous_19)
FN:614,(anonymous_20)
FN:631,(anonymous_21)
FN:663,(anonymous_22)
FNF:19
FNH:0
FNDA:0,(anonymous_4)
FNDA:0,(anonymous_5)
FNDA:0,(anonymous_6)
FNDA:0,(anonymous_7)
FNDA:0,(anonymous_8)
FNDA:0,(anonymous_9)
FNDA:0,(anonymous_10)
FNDA:0,(anonymous_11)
FNDA:0,(anonymous_12)
FNDA:0,(anonymous_13)
FNDA:0,(anonymous_14)
FNDA:0,(anonymous_15)
FNDA:0,(anonymous_16)
FNDA:0,(anonymous_17)
FNDA:0,(anonymous_18)
FNDA:0,(anonymous_19)
FNDA:0,(anonymous_20)
FNDA:0,(anonymous_21)
FNDA:0,(anonymous_22)
DA:1,54
DA:2,54
DA:5,54
DA:6,54
DA:11,54
DA:12,54
DA:13,54
DA:14,54
DA:16,54
DA:20,54
DA:23,54
DA:24,54
DA:28,54
DA:30,0
DA:31,0
DA:32,0
DA:33,0
DA:34,0
DA:35,0
DA:36,0
DA:42,0
DA:48,0
DA:56,0
DA:66,0
DA:76,0
DA:81,0
DA:83,0
DA:89,0
DA:91,0
DA:98,0
DA:102,0
DA:110,0
DA:116,0
DA:122,0
DA:126,0
DA:131,0
DA:135,0
DA:136,0
DA:142,0
DA:143,0
DA:146,0
DA:147,0
DA:151,0
DA:164,0
DA:167,0
DA:180,0
DA:182,0
DA:187,0
DA:188,0
DA:189,0
DA:196,0
DA:198,0
DA:199,0
DA:200,0
DA:206,0
DA:212,0
DA:213,0
DA:217,0
DA:224,0
DA:226,0
DA:228,0
DA:230,0
DA:232,0
DA:234,0
DA:236,0
DA:238,0
DA:240,0
DA:242,0
DA:246,0
DA:248,0
DA:250,0
DA:252,0
DA:255,0
DA:257,0
DA:259,0
DA:261,0
DA:263,0
DA:266,0
DA:269,0
DA:272,0
DA:274,0
DA:277,0
DA:279,0
DA:281,0
DA:286,0
DA:291,0
DA:297,0
DA:316,0
DA:317,0
DA:318,0
DA:321,0
DA:327,0
DA:333,0
DA:334,0
DA:335,0
DA:339,0
DA:340,0
DA:342,0
DA:345,0
DA:346,0
DA:347,0
DA:351,0
DA:352,0
DA:356,0
DA:357,0
DA:358,0
DA:365,0
DA:366,0
DA:367,0
DA:370,0
DA:371,0
DA:372,0
DA:376,0
DA:377,0
DA:387,0
DA:388,0
DA:394,0
DA:395,0
DA:399,0
DA:400,0
DA:401,0
DA:404,0
DA:405,0
DA:407,0
DA:410,0
DA:416,0
DA:426,0
DA:432,0
DA:437,0
DA:438,0
DA:444,0
DA:447,0
DA:448,0
DA:453,0
DA:468,0
DA:469,0
DA:474,0
DA:475,0
DA:476,0
DA:481,0
DA:495,0
DA:496,0
DA:497,0
DA:502,0
DA:503,0
DA:504,0
DA:509,0
DA:514,0
DA:515,0
DA:521,0
DA:524,0
DA:525,0
DA:531,0
DA:537,0
DA:547,0
DA:548,0
DA:555,0
DA:566,0
DA:567,0
DA:572,0
DA:583,0
DA:584,0
DA:589,0
DA:600,0
DA:601,0
DA:606,0
DA:617,0
DA:618,0
DA:623,0
DA:634,0
DA:635,0
DA:641,0
DA:649,0
DA:650,0
DA:655,0
DA:664,0
LF:176
LH:13
BRDA:83,0,0,0
BRDA:83,0,1,0
BRDA:91,1,0,0
BRDA:91,1,1,0
BRDA:123,2,0,0
BRDA:123,2,1,0
BRDA:127,3,0,0
BRDA:127,3,1,0
BRDA:131,4,0,0
BRDA:131,4,1,0
BRDA:135,5,0,0
BRDA:180,6,0,0
BRDA:188,7,0,0
BRDA:199,8,0,0
BRDA:212,9,0,0
BRDA:224,10,0,0
BRDA:224,10,1,0
BRDA:224,10,2,0
BRDA:224,10,3,0
BRDA:224,10,4,0
BRDA:224,10,5,0
BRDA:224,10,6,0
BRDA:224,10,7,0
BRDA:224,10,8,0
BRDA:224,10,9,0
BRDA:224,10,10,0
BRDA:224,10,11,0
BRDA:224,10,12,0
BRDA:224,10,13,0
BRDA:224,10,14,0
BRDA:224,10,15,0
BRDA:224,10,16,0
BRDA:224,10,17,0
BRDA:224,10,18,0
BRDA:224,10,19,0
BRDA:224,10,20,0
BRDA:224,10,21,0
BRDA:224,10,22,0
BRDA:224,10,23,0
BRDA:224,10,24,0
BRDA:224,10,25,0
BRDA:224,10,26,0
BRDA:224,10,27,0
BRDA:224,10,28,0
BRDA:224,10,29,0
BRDA:224,10,30,0
BRDA:318,11,0,0
BRDA:318,11,1,0
BRDA:318,11,2,0
BRDA:318,11,3,0
BRDA:318,11,4,0
BRDA:318,11,5,0
BRDA:318,11,6,0
BRDA:318,11,7,0
BRDA:318,11,8,0
BRDA:318,11,9,0
BRDA:318,11,10,0
BRDA:318,11,11,0
BRDA:318,11,12,0
BRDA:318,11,13,0
BRDA:318,11,14,0
BRDA:318,11,15,0
BRDA:318,11,16,0
BRDA:318,11,17,0
BRDA:318,11,18,0
BRDA:318,11,19,0
BRDA:318,11,20,0
BRDA:318,11,21,0
BRDA:318,11,22,0
BRDA:318,11,23,0
BRDA:318,11,24,0
BRDA:318,11,25,0
BRDA:318,11,26,0
BRDA:318,11,27,0
BRDA:318,11,28,0
BRDA:318,11,29,0
BRDA:318,11,30,0
BRDA:426,12,0,0
BRDA:426,12,1,0
BRDA:426,12,2,0
BRDA:426,12,3,0
BRDA:426,12,4,0
BRDA:426,12,5,0
BRDA:426,12,6,0
BRDA:426,12,7,0
BRDA:426,12,8,0
BRDA:426,12,9,0
BRDA:426,12,10,0
BRDA:426,12,11,0
BRDA:426,12,12,0
BRDA:426,12,13,0
BRDA:426,12,14,0
BRDA:426,12,15,0
BRDA:426,12,16,0
BRDA:426,12,17,0
BRDA:426,12,18,0
BRDA:426,12,19,0
BRDA:426,12,20,0
BRDA:426,12,21,0
BRDA:426,12,22,0
BRDA:426,12,23,0
BRDA:426,12,24,0
BRDA:426,12,25,0
BRDA:426,12,26,0
BRDA:426,12,27,0
BRDA:437,13,0,0
BRDA:447,14,0,0
BRDA:468,15,0,0
BRDA:475,16,0,0
BRDA:495,17,0,0
BRDA:495,17,1,0
BRDA:496,18,0,0
BRDA:503,19,0,0
BRDA:514,20,0,0
BRDA:524,21,0,0
BRDA:547,22,0,0
BRDA:566,23,0,0
BRDA:583,24,0,0
BRDA:600,25,0,0
BRDA:617,26,0,0
BRDA:634,27,0,0
BRDA:649,28,0,0
BRF:122
BRH:0
end_of_record
TN:
SF:src/services/api/registration/registration.service.ts
FN:27,(anonymous_4)
FN:41,(anonymous_5)
FN:62,(anonymous_6)
FN:125,(anonymous_7)
FN:172,(anonymous_8)
FN:197,(anonymous_9)
FNF:6
FNH:0
FNDA:0,(anonymous_4)
FNDA:0,(anonymous_5)
FNDA:0,(anonymous_6)
FNDA:0,(anonymous_7)
FNDA:0,(anonymous_8)
FNDA:0,(anonymous_9)
DA:1,1
DA:2,1
DA:3,1
DA:6,1
DA:7,1
DA:8,1
DA:9,1
DA:11,1
DA:14,1
DA:15,1
DA:16,1
DA:17,1
DA:18,1
DA:20,1
DA:21,1
DA:22,1
DA:23,1
DA:24,1
DA:26,1
DA:28,0
DA:29,0
DA:30,0
DA:31,0
DA:32,0
DA:33,0
DA:34,0
DA:35,0
DA:36,0
DA:37,0
DA:38,0
DA:42,0
DA:43,0
DA:49,0
DA:50,0
DA:56,0
DA:58,0
DA:59,0
DA:63,0
DA:65,0
DA:75,0
DA:76,0
DA:80,0
DA:83,0
DA:86,0
DA:87,0
DA:88,0
DA:92,0
DA:95,0
DA:96,0
DA:101,0
DA:105,0
DA:109,0
DA:112,0
DA:118,0
DA:122,0
DA:127,0
DA:131,0
DA:132,0
DA:133,0
DA:134,0
DA:135,0
DA:139,0
DA:142,0
DA:150,0
DA:153,0
DA:155,0
DA:157,0
DA:161,0
DA:163,0
DA:165,0
DA:169,0
DA:175,0
DA:178,0
DA:179,0
DA:180,0
DA:184,0
DA:185,0
DA:186,0
DA:189,0
DA:190,0
DA:192,0
DA:193,0
DA:194,0
DA:200,0
DA:203,0
DA:206,0
DA:207,0
DA:211,0
DA:214,0
DA:216,0
DA:218,0
DA:219,0
DA:220,0
LF:93
LH:19
BRDA:42,0,0,0
BRDA:49,1,0,0
BRDA:75,2,0,0
BRDA:87,3,0,0
BRDA:95,4,0,0
BRDA:95,5,0,0
BRDA:95,5,1,0
BRDA:101,6,0,0
BRDA:134,7,0,0
BRF:9
BRH:0
end_of_record
TN:
SF:src/services/api/roles/roles.service.ts
FN:30,(anonymous_4)
FN:44,(anonymous_5)
FN:59,(anonymous_6)
FN:76,(anonymous_7)
FN:91,(anonymous_8)
FN:100,(anonymous_9)
FN:117,(anonymous_10)
FN:127,(anonymous_11)
FN:150,(anonymous_12)
FN:178,(anonymous_13)
FN:200,(anonymous_14)
FN:223,(anonymous_15)
FNF:12
FNH:5
FNDA:1,(anonymous_4)
FNDA:1,(anonymous_5)
FNDA:1,(anonymous_6)
FNDA:0,(anonymous_7)
FNDA:1,(anonymous_8)
FNDA:2,(anonymous_9)
FNDA:0,(anonymous_10)
FNDA:0,(anonymous_11)
FNDA:0,(anonymous_12)
FNDA:0,(anonymous_13)
FNDA:0,(anonymous_14)
FNDA:0,(anonymous_15)
DA:1,2
DA:2,2
DA:3,2
DA:4,2
DA:5,2
DA:7,2
DA:9,2
DA:10,2
DA:12,2
DA:13,2
DA:14,2
DA:16,2
DA:18,2
DA:21,2
DA:22,2
DA:25,2
DA:26,2
DA:27,2
DA:29,2
DA:31,1
DA:32,1
DA:33,1
DA:34,1
DA:35,1
DA:36,1
DA:37,1
DA:38,1
DA:39,1
DA:40,1
DA:41,1
DA:47,1
DA:48,1
DA:52,1
DA:53,1
DA:54,1
DA:56,1
DA:62,1
DA:65,1
DA:69,1
DA:70,1
DA:71,1
DA:73,1
DA:79,0
DA:81,0
DA:85,0
DA:86,0
DA:88,0
DA:94,1
DA:104,2
DA:108,2
DA:121,0
DA:130,0
DA:131,0
DA:132,0
DA:133,0
DA:136,0
DA:138,0
DA:144,0
DA:147,0
DA:156,0
DA:160,0
DA:164,0
DA:175,0
DA:184,0
DA:185,0
DA:186,0
DA:188,0
DA:192,0
DA:193,0
DA:197,0
DA:203,0
DA:204,0
DA:205,0
DA:206,0
DA:209,0
DA:211,0
DA:217,0
DA:220,0
DA:229,0
DA:233,0
DA:237,0
DA:247,0
DA:248,0
DA:250,0
DA:251,0
DA:253,0
LF:86
LH:45
BRDA:54,0,0,1
BRDA:54,0,1,0
BRDA:71,1,0,1
BRDA:71,1,1,0
BRDA:86,2,0,0
BRDA:86,2,1,0
BRDA:136,3,0,0
BRDA:192,4,0,0
BRDA:209,5,0,0
BRDA:250,6,0,0
BRDA:250,6,1,0
BRF:11
BRH:2
end_of_record
TN:
SF:src/services/api/search/search.service.ts
FN:22,(anonymous_4)
FN:33,(anonymous_5)
FN:75,(anonymous_6)
FN:76,(anonymous_7)
FNF:4
FNH:1
FNDA:1,(anonymous_4)
FNDA:0,(anonymous_5)
FNDA:0,(anonymous_6)
FNDA:0,(anonymous_7)
DA:1,1
DA:2,1
DA:3,1
DA:4,1
DA:7,1
DA:8,1
DA:9,1
DA:10,1
DA:11,1
DA:14,1
DA:15,1
DA:17,1
DA:20,1
DA:23,1
DA:24,1
DA:25,1
DA:26,1
DA:28,1
DA:39,0
DA:40,0
DA:43,0
DA:47,0
DA:48,0
DA:49,0
DA:53,0
DA:61,0
DA:62,0
DA:66,0
DA:75,1
DA:76,0
LF:30
LH:19
BRDA:39,0,0,0
BRDA:39,1,0,0
BRDA:39,1,1,0
BRDA:47,2,0,0
BRF:4
BRH:0
end_of_record
TN:
SF:src/services/api/search/extract/search.extract.service.ts
FN:26,(anonymous_4)
FN:78,(anonymous_5)
FN:134,(anonymous_6)
FN:154,(anonymous_7)
FN:179,(anonymous_8)
FN:184,(anonymous_9)
FN:185,(anonymous_10)
FN:188,(anonymous_11)
FN:201,(anonymous_12)
FN:206,(anonymous_13)
FN:207,(anonymous_14)
FN:219,(anonymous_15)
FN:238,(anonymous_16)
FN:283,(anonymous_17)
FN:287,(anonymous_18)
FN:300,(anonymous_19)
FN:303,(anonymous_20)
FN:336,(anonymous_21)
FNF:18
FNH:0
FNDA:0,(anonymous_4)
FNDA:0,(anonymous_5)
FNDA:0,(anonymous_6)
FNDA:0,(anonymous_7)
FNDA:0,(anonymous_8)
FNDA:0,(anonymous_9)
FNDA:0,(anonymous_10)
FNDA:0,(anonymous_11)
FNDA:0,(anonymous_12)
FNDA:0,(anonymous_13)
FNDA:0,(anonymous_14)
FNDA:0,(anonymous_15)
FNDA:0,(anonymous_16)
FNDA:0,(anonymous_17)
FNDA:0,(anonymous_18)
FNDA:0,(anonymous_19)
FNDA:0,(anonymous_20)
FNDA:0,(anonymous_21)
DA:1,1
DA:2,1
DA:3,1
DA:4,1
DA:6,1
DA:7,1
DA:10,1
DA:11,1
DA:13,1
DA:20,1
DA:21,1
DA:23,1
DA:24,1
DA:26,1
DA:28,0
DA:78,1
DA:80,0
DA:113,1
DA:127,1
DA:130,1
DA:136,0
DA:137,0
DA:138,0
DA:140,0
DA:141,0
DA:145,0
DA:146,0
DA:150,0
DA:158,0
DA:159,0
DA:162,0
DA:163,0
DA:165,0
DA:166,0
DA:170,0
DA:176,0
DA:183,0
DA:184,0
DA:185,0
DA:187,0
DA:189,0
DA:190,0
DA:193,0
DA:197,0
DA:200,0
DA:201,0
DA:205,0
DA:207,0
DA:211,0
DA:212,0
DA:216,0
DA:219,0
DA:223,0
DA:247,0
DA:248,0
DA:251,0
DA:252,0
DA:255,0
DA:257,0
DA:259,0
DA:263,0
DA:264,0
DA:277,0
DA:286,0
DA:288,0
DA:289,0
DA:290,0
DA:293,0
DA:297,0
DA:303,0
DA:304,0
DA:305,0
DA:307,0
DA:308,0
DA:315,0
DA:316,0
DA:317,0
DA:324,0
DA:337,0
LF:79
LH:18
BRDA:145,0,0,0
BRDA:156,1,0,0
BRDA:158,2,0,0
BRDA:165,3,0,0
BRDA:180,4,0,0
BRDA:189,5,0,0
BRDA:189,6,0,0
BRDA:189,6,1,0
BRDA:200,7,0,0
BRDA:200,7,1,0
BRDA:200,8,0,0
BRDA:200,8,1,0
BRDA:205,9,0,0
BRDA:205,9,1,0
BRDA:205,10,0,0
BRDA:205,10,1,0
BRDA:211,11,0,0
BRDA:247,12,0,0
BRDA:251,13,0,0
BRDA:255,14,0,0
BRDA:255,14,1,0
BRDA:263,15,0,0
BRDA:263,15,1,0
BRDA:288,16,0,0
BRDA:307,17,0,0
BRDA:315,18,0,0
BRDA:325,19,0,0
BRDA:325,19,1,0
BRDA:326,20,0,0
BRDA:326,20,1,0
BRDA:330,21,0,0
BRDA:330,21,1,0
BRF:32
BRH:0
end_of_record
TN:
SF:src/services/api/search/ingest/search.ingest.service.ts
FN:95,(anonymous_4)
FN:109,(anonymous_5)
FN:138,(anonymous_6)
FN:156,(anonymous_7)
FN:183,(anonymous_8)
FN:205,(anonymous_9)
FN:225,(anonymous_10)
FN:238,(anonymous_11)
FN:252,(anonymous_12)
FN:279,(anonymous_13)
FN:290,(anonymous_14)
FN:303,(anonymous_15)
FN:312,(anonymous_16)
FN:316,(anonymous_17)
FN:346,(anonymous_18)
FN:359,(anonymous_19)
FN:375,(anonymous_20)
FN:386,(anonymous_21)
FN:397,(anonymous_22)
FN:419,(anonymous_23)
FN:430,(anonymous_24)
FN:506,(anonymous_25)
FN:514,(anonymous_26)
FN:526,(anonymous_27)
FN:576,(anonymous_28)
FN:597,(anonymous_29)
FN:609,(anonymous_30)
FN:646,(anonymous_31)
FN:654,(anonymous_32)
FN:672,(anonymous_33)
FN:673,(anonymous_34)
FN:688,(anonymous_35)
FN:696,(anonymous_36)
FN:716,(anonymous_37)
FN:717,(anonymous_38)
FN:733,(anonymous_39)
FN:741,(anonymous_40)
FN:761,(anonymous_41)
FN:762,(anonymous_42)
FN:778,(anonymous_43)
FN:781,(anonymous_44)
FN:794,(anonymous_45)
FN:795,(anonymous_46)
FN:807,(anonymous_47)
FN:812,(anonymous_48)
FN:826,(anonymous_49)
FN:827,(anonymous_50)
FN:842,(anonymous_51)
FN:852,(anonymous_52)
FN:897,(anonymous_53)
FN:898,(anonymous_54)
FN:899,(anonymous_55)
FN:921,(anonymous_56)
FN:931,(anonymous_57)
FN:1000,(anonymous_58)
FN:1001,(anonymous_59)
FN:1004,(anonymous_60)
FN:1040,(anonymous_61)
FN:1083,(anonymous_62)
FN:1092,(anonymous_63)
FN:1161,(anonymous_64)
FN:1190,(anonymous_65)
FN:1193,(anonymous_66)
FN:1201,(anonymous_67)
FN:1215,(anonymous_68)
FN:1224,(anonymous_69)
FN:1279,(anonymous_70)
FN:1281,(anonymous_71)
FN:1283,(anonymous_72)
FN:1285,(anonymous_73)
FN:1316,(anonymous_74)
FN:1317,(anonymous_75)
FN:1320,(anonymous_76)
FN:1329,(anonymous_77)
FN:1337,(anonymous_78)
FNF:75
FNH:3
FNDA:0,(anonymous_4)
FNDA:7,(anonymous_5)
FNDA:3,(anonymous_6)
FNDA:2,(anonymous_7)
FNDA:0,(anonymous_8)
FNDA:0,(anonymous_9)
FNDA:0,(anonymous_10)
FNDA:0,(anonymous_11)
FNDA:0,(anonymous_12)
FNDA:0,(anonymous_13)
FNDA:0,(anonymous_14)
FNDA:0,(anonymous_15)
FNDA:0,(anonymous_16)
FNDA:0,(anonymous_17)
FNDA:0,(anonymous_18)
FNDA:0,(anonymous_19)
FNDA:0,(anonymous_20)
FNDA:0,(anonymous_21)
FNDA:0,(anonymous_22)
FNDA:0,(anonymous_23)
FNDA:0,(anonymous_24)
FNDA:0,(anonymous_25)
FNDA:0,(anonymous_26)
FNDA:0,(anonymous_27)
FNDA:0,(anonymous_28)
FNDA:0,(anonymous_29)
FNDA:0,(anonymous_30)
FNDA:0,(anonymous_31)
FNDA:0,(anonymous_32)
FNDA:0,(anonymous_33)
FNDA:0,(anonymous_34)
FNDA:0,(anonymous_35)
FNDA:0,(anonymous_36)
FNDA:0,(anonymous_37)
FNDA:0,(anonymous_38)
FNDA:0,(anonymous_39)
FNDA:0,(anonymous_40)
FNDA:0,(anonymous_41)
FNDA:0,(anonymous_42)
FNDA:0,(anonymous_43)
FNDA:0,(anonymous_44)
FNDA:0,(anonymous_45)
FNDA:0,(anonymous_46)
FNDA:0,(anonymous_47)
FNDA:0,(anonymous_48)
FNDA:0,(anonymous_49)
FNDA:0,(anonymous_50)
FNDA:0,(anonymous_51)
FNDA:0,(anonymous_52)
FNDA:0,(anonymous_53)
FNDA:0,(anonymous_54)
FNDA:0,(anonymous_55)
FNDA:0,(anonymous_56)
FNDA:0,(anonymous_57)
FNDA:0,(anonymous_58)
FNDA:0,(anonymous_59)
FNDA:0,(anonymous_60)
FNDA:0,(anonymous_61)
FNDA:0,(anonymous_62)
FNDA:0,(anonymous_63)
FNDA:0,(anonymous_64)
FNDA:0,(anonymous_65)
FNDA:0,(anonymous_66)
FNDA:0,(anonymous_67)
FNDA:0,(anonymous_68)
FNDA:0,(anonymous_69)
FNDA:0,(anonymous_70)
FNDA:0,(anonymous_71)
FNDA:0,(anonymous_72)
FNDA:0,(anonymous_73)
FNDA:0,(anonymous_74)
FNDA:0,(anonymous_75)
FNDA:0,(anonymous_76)
FNDA:0,(anonymous_77)
FNDA:0,(anonymous_78)
DA:1,1
DA:2,1
DA:3,1
DA:4,1
DA:5,1
DA:6,1
DA:12,1
DA:13,1
DA:14,1
DA:15,1
DA:16,1
DA:18,1
DA:19,1
DA:20,1
DA:22,1
DA:23,1
DA:24,1
DA:25,1
DA:26,1
DA:29,1
DA:30,1
DA:34,1
DA:39,1
DA:53,1
DA:72,1
DA:95,1
DA:107,1
DA:111,7
DA:112,7
DA:113,7
DA:114,7
DA:115,7
DA:117,7
DA:119,7
DA:120,0
DA:124,0
DA:139,3
DA:141,3
DA:142,3
DA:144,3
DA:146,2
DA:148,2
DA:153,2
DA:155,1
DA:156,2
DA:158,1
DA:161,2
DA:162,2
DA:167,1
DA:171,1
DA:175,1
DA:187,0
DA:188,0
DA:190,0
DA:191,0
DA:195,0
DA:198,0
DA:209,0
DA:210,0
DA:212,0
DA:216,0
DA:226,0
DA:227,0
DA:229,0
DA:233,0
DA:238,0
DA:243,0
DA:245,0
DA:256,0
DA:260,0
DA:265,0
DA:266,0
DA:267,0
DA:271,0
DA:280,0
DA:281,0
DA:282,0
DA:283,0
DA:284,0
DA:285,0
DA:286,0
DA:287,0
DA:291,0
DA:292,0
DA:295,0
DA:297,0
DA:298,0
DA:303,0
DA:308,0
DA:313,0
DA:320,0
DA:321,0
DA:324,0
DA:326,0
DA:327,0
DA:328,0
DA:332,0
DA:335,0
DA:339,0
DA:343,0
DA:350,0
DA:351,0
DA:357,0
DA:359,0
DA:360,0
DA:361,0
DA:364,0
DA:366,0
DA:367,0
DA:374,0
DA:376,0
DA:377,0
DA:378,0
DA:380,0
DA:390,0
DA:391,0
DA:397,0
DA:398,0
DA:399,0
DA:402,0
DA:404,0
DA:406,0
DA:408,0
DA:411,0
DA:418,0
DA:420,0
DA:421,0
DA:422,0
DA:424,0
DA:431,0
DA:432,0
DA:446,0
DA:447,0
DA:504,0
DA:507,0
DA:514,0
DA:515,0
DA:520,0
DA:533,0
DA:535,0
DA:536,0
DA:545,0
DA:549,0
DA:554,0
DA:555,0
DA:557,0
DA:558,0
DA:559,0
DA:560,0
DA:562,0
DA:563,0
DA:565,0
DA:568,0
DA:570,0
DA:573,0
DA:581,0
DA:582,0
DA:589,0
DA:590,0
DA:597,0
DA:599,0
DA:604,0
DA:605,0
DA:609,0
DA:610,0
DA:611,0
DA:612,0
DA:623,0
DA:628,0
DA:629,0
DA:636,0
DA:637,0
DA:638,0
DA:647,0
DA:655,0
DA:673,0
DA:689,0
DA:697,0
DA:717,0
DA:734,0
DA:742,0
DA:762,0
DA:779,0
DA:782,0
DA:795,0
DA:808,0
DA:813,0
DA:827,0
DA:844,0
DA:853,0
DA:898,0
DA:899,0
DA:923,0
DA:932,0
DA:1001,0
DA:1002,0
DA:1003,0
DA:1007,0
DA:1008,0
DA:1009,0
DA:1013,0
DA:1014,0
DA:1017,0
DA:1040,0
DA:1041,0
DA:1042,0
DA:1045,0
DA:1049,0
DA:1050,0
DA:1053,0
DA:1076,0
DA:1085,0
DA:1093,0
DA:1161,0
DA:1162,0
DA:1164,0
DA:1165,0
DA:1168,0
DA:1190,0
DA:1191,0
DA:1192,0
DA:1196,0
DA:1197,0
DA:1198,0
DA:1201,0
DA:1202,0
DA:1203,0
DA:1206,0
DA:1209,0
DA:1217,0
DA:1225,0
DA:1280,0
DA:1281,0
DA:1282,0
DA:1283,0
DA:1284,0
DA:1285,0
DA:1286,0
DA:1287,0
DA:1289,0
DA:1311,0
DA:1316,1
DA:1317,0
DA:1320,1
DA:1321,0
DA:1322,0
DA:1325,0
DA:1326,0
DA:1327,0
DA:1329,0
DA:1333,0
DA:1337,1
DA:1340,0
DA:1341,0
DA:1344,0
LF:255
LH:52
BRDA:119,0,0,0
BRDA:153,1,0,1
BRDA:190,2,0,0
BRDA:231,3,0,0
BRDA:231,3,1,0
BRDA:266,4,0,0
BRDA:291,5,0,0
BRDA:320,6,0,0
BRDA:327,7,0,0
BRDA:350,8,0,0
BRDA:376,9,0,0
BRDA:390,10,0,0
BRDA:406,11,0,0
BRDA:420,12,0,0
BRDA:431,13,0,0
BRDA:514,14,0,0
BRDA:514,14,1,0
BRDA:516,15,0,0
BRDA:516,15,1,0
BRDA:517,16,0,0
BRDA:517,16,1,0
BRDA:535,17,0,0
BRDA:562,18,0,0
BRDA:562,18,1,0
BRDA:581,19,0,0
BRDA:589,20,0,0
BRDA:604,21,0,0
BRDA:604,21,1,0
BRDA:611,22,0,0
BRDA:723,23,0,0
BRDA:723,23,1,0
BRDA:768,24,0,0
BRDA:768,24,1,0
BRDA:904,25,0,0
BRDA:904,25,1,0
BRDA:907,26,0,0
BRDA:907,26,1,0
BRDA:907,26,2,0
BRDA:910,27,0,0
BRDA:910,27,1,0
BRDA:1008,28,0,0
BRDA:1013,29,0,0
BRDA:1022,30,0,0
BRDA:1022,30,1,0
BRDA:1025,31,0,0
BRDA:1025,31,1,0
BRDA:1025,31,2,0
BRDA:1029,32,0,0
BRDA:1029,32,1,0
BRDA:1041,33,0,0
BRDA:1049,34,0,0
BRDA:1058,35,0,0
BRDA:1058,35,1,0
BRDA:1061,36,0,0
BRDA:1061,36,1,0
BRDA:1061,36,2,0
BRDA:1065,37,0,0
BRDA:1065,37,1,0
BRDA:1164,38,0,0
BRDA:1174,39,0,0
BRDA:1174,39,1,0
BRDA:1177,40,0,0
BRDA:1177,40,1,0
BRDA:1177,40,2,0
BRDA:1181,41,0,0
BRDA:1181,41,1,0
BRDA:1191,42,0,0
BRDA:1191,42,1,0
BRDA:1197,43,0,0
BRDA:1202,44,0,0
BRDA:1286,45,0,0
BRDA:1293,46,0,0
BRDA:1293,46,1,0
BRDA:1296,47,0,0
BRDA:1296,47,1,0
BRDA:1296,47,2,0
BRDA:1300,48,0,0
BRDA:1300,48,1,0
BRDA:1321,49,0,0
BRDA:1340,50,0,0
BRF:80
BRH:1
end_of_record
TN:
SF:src/services/api/search/result/search.result.service.ts
FN:56,(anonymous_4)
FN:71,(anonymous_5)
FN:142,(anonymous_6)
FN:158,(anonymous_7)
FN:165,(anonymous_8)
FN:167,(anonymous_9)
FN:187,(anonymous_10)
FN:190,(anonymous_11)
FN:198,(anonymous_12)
FN:208,(anonymous_13)
FN:210,(anonymous_14)
FN:254,(anonymous_15)
FN:257,(anonymous_16)
FN:265,(anonymous_17)
FN:276,(anonymous_18)
FN:278,(anonymous_19)
FN:295,(anonymous_20)
FN:298,(anonymous_21)
FN:307,(anonymous_22)
FN:320,(anonymous_23)
FN:322,(anonymous_24)
FN:349,(anonymous_25)
FN:352,(anonymous_26)
FN:360,(anonymous_27)
FN:368,(anonymous_28)
FN:379,(anonymous_29)
FN:382,(anonymous_30)
FN:401,(anonymous_31)
FN:404,(anonymous_32)
FN:412,(anonymous_33)
FN:457,(anonymous_34)
FN:468,(anonymous_35)
FN:470,(anonymous_36)
FN:473,(anonymous_37)
FN:499,(anonymous_38)
FN:507,(anonymous_39)
FN:552,(anonymous_40)
FN:563,(anonymous_41)
FN:565,(anonymous_42)
FN:568,(anonymous_43)
FN:596,(anonymous_44)
FN:604,(anonymous_45)
FN:645,(anonymous_46)
FN:656,(anonymous_47)
FN:658,(anonymous_48)
FN:682,(anonymous_49)
FN:685,(anonymous_50)
FN:751,(anonymous_51)
FN:752,(anonymous_52)
FN:754,(anonymous_53)
FN:778,(anonymous_54)
FN:783,(anonymous_55)
FN:816,(anonymous_56)
FN:876,(anonymous_57)
FN:877,(anonymous_58)
FN:879,(anonymous_59)
FN:892,(anonymous_60)
FN:894,(anonymous_61)
FN:913,(anonymous_62)
FN:915,(anonymous_63)
FN:920,(anonymous_64)
FN:927,(anonymous_65)
FN:933,(anonymous_66)
FN:938,(anonymous_67)
FN:946,(anonymous_68)
FN:953,(anonymous_69)
FN:960,(anonymous_70)
FN:966,(anonymous_71)
FNF:68
FNH:0
FNDA:0,(anonymous_4)
FNDA:0,(anonymous_5)
FNDA:0,(anonymous_6)
FNDA:0,(anonymous_7)
FNDA:0,(anonymous_8)
FNDA:0,(anonymous_9)
FNDA:0,(anonymous_10)
FNDA:0,(anonymous_11)
FNDA:0,(anonymous_12)
FNDA:0,(anonymous_13)
FNDA:0,(anonymous_14)
FNDA:0,(anonymous_15)
FNDA:0,(anonymous_16)
FNDA:0,(anonymous_17)
FNDA:0,(anonymous_18)
FNDA:0,(anonymous_19)
FNDA:0,(anonymous_20)
FNDA:0,(anonymous_21)
FNDA:0,(anonymous_22)
FNDA:0,(anonymous_23)
FNDA:0,(anonymous_24)
FNDA:0,(anonymous_25)
FNDA:0,(anonymous_26)
FNDA:0,(anonymous_27)
FNDA:0,(anonymous_28)
FNDA:0,(anonymous_29)
FNDA:0,(anonymous_30)
FNDA:0,(anonymous_31)
FNDA:0,(anonymous_32)
FNDA:0,(anonymous_33)
FNDA:0,(anonymous_34)
FNDA:0,(anonymous_35)
FNDA:0,(anonymous_36)
FNDA:0,(anonymous_37)
FNDA:0,(anonymous_38)
FNDA:0,(anonymous_39)
FNDA:0,(anonymous_40)
FNDA:0,(anonymous_41)
FNDA:0,(anonymous_42)
FNDA:0,(anonymous_43)
FNDA:0,(anonymous_44)
FNDA:0,(anonymous_45)
FNDA:0,(anonymous_46)
FNDA:0,(anonymous_47)
FNDA:0,(anonymous_48)
FNDA:0,(anonymous_49)
FNDA:0,(anonymous_50)
FNDA:0,(anonymous_51)
FNDA:0,(anonymous_52)
FNDA:0,(anonymous_53)
FNDA:0,(anonymous_54)
FNDA:0,(anonymous_55)
FNDA:0,(anonymous_56)
FNDA:0,(anonymous_57)
FNDA:0,(anonymous_58)
FNDA:0,(anonymous_59)
FNDA:0,(anonymous_60)
FNDA:0,(anonymous_61)
FNDA:0,(anonymous_62)
FNDA:0,(anonymous_63)
FNDA:0,(anonymous_64)
FNDA:0,(anonymous_65)
FNDA:0,(anonymous_66)
FNDA:0,(anonymous_67)
FNDA:0,(anonymous_68)
FNDA:0,(anonymous_69)
FNDA:0,(anonymous_70)
FNDA:0,(anonymous_71)
DA:1,1
DA:2,1
DA:3,1
DA:4,1
DA:5,1
DA:6,1
DA:13,1
DA:14,1
DA:20,1
DA:22,1
DA:23,1
DA:24,1
DA:26,1
DA:33,1
DA:34,1
DA:35,1
DA:36,1
DA:37,1
DA:38,1
DA:41,1
DA:55,1
DA:57,0
DA:58,0
DA:59,0
DA:60,0
DA:61,0
DA:77,0
DA:91,0
DA:108,0
DA:112,0
DA:117,0
DA:121,0
DA:126,0
DA:133,0
DA:146,0
DA:147,0
DA:150,0
DA:151,0
DA:155,0
DA:158,0
DA:160,0
DA:164,0
DA:166,0
DA:167,0
DA:170,0
DA:171,0
DA:176,0
DA:182,0
DA:187,0
DA:194,0
DA:195,0
DA:198,0
DA:200,0
DA:207,0
DA:209,0
DA:210,0
DA:213,0
DA:214,0
DA:219,0
DA:222,0
DA:229,0
DA:232,0
DA:233,0
DA:243,0
DA:245,0
DA:248,0
DA:254,0
DA:261,0
DA:262,0
DA:265,0
DA:266,0
DA:267,0
DA:271,0
DA:275,0
DA:277,0
DA:278,0
DA:281,0
DA:282,0
DA:287,0
DA:290,0
DA:295,0
DA:303,0
DA:304,0
DA:307,0
DA:308,0
DA:311,0
DA:315,0
DA:319,0
DA:321,0
DA:322,0
DA:325,0
DA:326,0
DA:331,0
DA:334,0
DA:341,0
DA:344,0
DA:349,0
DA:356,0
DA:357,0
DA:360,0
DA:362,0
DA:368,0
DA:369,0
DA:376,0
DA:378,0
DA:381,0
DA:382,0
DA:385,0
DA:386,0
DA:391,0
DA:394,0
DA:401,0
DA:408,0
DA:409,0
DA:412,0
DA:414,0
DA:457,0
DA:458,0
DA:465,0
DA:467,0
DA:469,0
DA:471,0
DA:473,0
DA:477,0
DA:478,0
DA:483,0
DA:486,0
DA:503,0
DA:504,0
DA:507,0
DA:509,0
DA:552,0
DA:553,0
DA:560,0
DA:562,0
DA:564,0
DA:566,0
DA:568,0
DA:572,0
DA:573,0
DA:581,0
DA:584,0
DA:600,0
DA:601,0
DA:604,0
DA:606,0
DA:645,0
DA:646,0
DA:653,0
DA:655,0
DA:657,0
DA:658,0
DA:661,0
DA:662,0
DA:670,0
DA:673,0
DA:685,0
DA:687,0
DA:750,0
DA:752,0
DA:753,0
DA:754,0
DA:758,0
DA:759,0
DA:767,0
DA:770,0
DA:779,0
DA:780,0
DA:783,0
DA:785,0
DA:816,0
DA:818,0
DA:875,0
DA:877,0
DA:878,0
DA:879,0
DA:883,0
DA:884,0
DA:889,0
DA:892,0
DA:893,0
DA:894,0
DA:898,0
DA:899,0
DA:904,0
DA:907,0
DA:913,0
DA:916,0
DA:921,0
DA:923,0
DA:927,0
DA:929,0
DA:933,0
DA:935,0
DA:939,0
DA:942,0
DA:946,0
DA:949,0
DA:953,0
DA:956,0
DA:960,0
DA:962,0
DA:966,1
DA:971,0
DA:973,0
DA:974,0
DA:976,0
DA:977,0
DA:984,0
DA:986,0
DA:988,0
LF:211
LH:22
BRDA:92,0,0,0
BRDA:92,0,1,0
BRDA:93,1,0,0
BRDA:93,1,1,0
BRDA:94,2,0,0
BRDA:94,2,1,0
BRDA:96,3,0,0
BRDA:96,3,1,0
BRDA:100,4,0,0
BRDA:100,4,1,0
BRDA:101,5,0,0
BRDA:101,5,1,0
BRDA:103,6,0,0
BRDA:103,6,1,0
BRDA:106,7,0,0
BRDA:106,7,1,0
BRDA:146,8,0,0
BRDA:150,9,0,0
BRDA:170,10,0,0
BRDA:194,11,0,0
BRDA:213,12,0,0
BRDA:222,13,0,0
BRDA:232,14,0,0
BRDA:261,15,0,0
BRDA:266,16,0,0
BRDA:266,16,1,0
BRDA:267,17,0,0
BRDA:267,17,1,0
BRDA:281,18,0,0
BRDA:303,19,0,0
BRDA:308,20,0,0
BRDA:308,20,1,0
BRDA:311,21,0,0
BRDA:311,21,1,0
BRDA:325,22,0,0
BRDA:334,23,0,0
BRDA:356,24,0,0
BRDA:385,25,0,0
BRDA:408,26,0,0
BRDA:471,27,0,0
BRDA:471,27,1,0
BRDA:477,28,0,0
BRDA:503,29,0,0
BRDA:566,30,0,0
BRDA:566,30,1,0
BRDA:572,31,0,0
BRDA:600,32,0,0
BRDA:661,33,0,0
BRDA:758,34,0,0
BRDA:779,35,0,0
BRDA:883,36,0,0
BRDA:898,37,0,0
BRDA:973,38,0,0
BRF:53
BRH:0
end_of_record
TN:
SF:src/services/api/url-resolver/url.resolver.service.ts
FN:55,(anonymous_4)
FN:70,(anonymous_5)
FN:129,(anonymous_6)
FN:135,(anonymous_7)
FN:278,(anonymous_8)
FN:360,(anonymous_9)
FN:369,(anonymous_10)
FN:406,(anonymous_11)
FN:461,(anonymous_12)
FN:474,(anonymous_13)
FN:486,(anonymous_14)
FN:498,(anonymous_15)
FN:582,(anonymous_16)
FN:587,(anonymous_17)
FN:633,(anonymous_18)
FN:681,(anonymous_19)
FN:695,(anonymous_20)
FN:740,(anonymous_21)
FN:951,(anonymous_23)
FN:965,(anonymous_24)
FN:972,(anonymous_25)
FN:978,(anonymous_26)
FNF:22
FNH:0
FNDA:0,(anonymous_4)
FNDA:0,(anonymous_5)
FNDA:0,(anonymous_6)
FNDA:0,(anonymous_7)
FNDA:0,(anonymous_8)
FNDA:0,(anonymous_9)
FNDA:0,(anonymous_10)
FNDA:0,(anonymous_11)
FNDA:0,(anonymous_12)
FNDA:0,(anonymous_13)
FNDA:0,(anonymous_14)
FNDA:0,(anonymous_15)
FNDA:0,(anonymous_16)
FNDA:0,(anonymous_17)
FNDA:0,(anonymous_18)
FNDA:0,(anonymous_19)
FNDA:0,(anonymous_20)
FNDA:0,(anonymous_21)
FNDA:0,(anonymous_23)
FNDA:0,(anonymous_24)
FNDA:0,(anonymous_25)
FNDA:0,(anonymous_26)
DA:1,0
DA:2,0
DA:4,0
DA:8,0
DA:9,0
DA:10,0
DA:11,0
DA:12,0
DA:13,0
DA:16,0
DA:17,0
DA:18,0
DA:19,0
DA:20,0
DA:21,0
DA:23,0
DA:24,0
DA:26,0
DA:27,0
DA:28,0
DA:29,0
DA:32,0
DA:33,0
DA:36,0
DA:39,0
DA:42,0
DA:45,0
DA:48,0
DA:51,0
DA:56,0
DA:57,0
DA:58,0
DA:59,0
DA:60,0
DA:61,0
DA:62,0
DA:63,0
DA:65,0
DA:67,0
DA:74,0
DA:76,0
DA:80,0
DA:81,0
DA:82,0
DA:85,0
DA:86,0
DA:89,0
DA:90,0
DA:91,0
DA:92,0
DA:100,0
DA:113,0
DA:114,0
DA:115,0
DA:117,0
DA:130,0
DA:142,0
DA:143,0
DA:145,0
DA:146,0
DA:149,0
DA:150,0
DA:153,0
DA:154,0
DA:157,0
DA:158,0
DA:159,0
DA:164,0
DA:167,0
DA:168,0
DA:171,0
DA:172,0
DA:179,0
DA:180,0
DA:181,0
DA:187,0
DA:190,0
DA:191,0
DA:194,0
DA:196,0
DA:198,0
DA:199,0
DA:201,0
DA:202,0
DA:204,0
DA:206,0
DA:207,0
DA:210,0
DA:211,0
DA:214,0
DA:215,0
DA:216,0
DA:217,0
DA:223,0
DA:226,0
DA:227,0
DA:229,0
DA:232,0
DA:233,0
DA:236,0
DA:237,0
DA:240,0
DA:241,0
DA:244,0
DA:245,0
DA:248,0
DA:249,0
DA:252,0
DA:253,0
DA:256,0
DA:257,0
DA:260,0
DA:261,0
DA:264,0
DA:265,0
DA:268,0
DA:283,0
DA:284,0
DA:285,0
DA:286,0
DA:291,0
DA:299,0
DA:302,0
DA:303,0
DA:304,0
DA:306,0
DA:307,0
DA:314,0
DA:333,0
DA:338,0
DA:343,0
DA:353,0
DA:358,0
DA:365,0
DA:366,0
DA:373,0
DA:374,0
DA:375,0
DA:376,0
DA:378,0
DA:383,0
DA:387,0
DA:388,0
DA:398,0
DA:401,0
DA:403,0
DA:410,0
DA:411,0
DA:412,0
DA:413,0
DA:418,0
DA:424,0
DA:427,0
DA:429,0
DA:430,0
DA:437,0
DA:447,0
DA:448,0
DA:453,0
DA:459,0
DA:460,0
DA:461,0
DA:463,0
DA:464,0
DA:469,0
DA:471,0
DA:477,0
DA:478,0
DA:480,0
DA:481,0
DA:483,0
DA:489,0
DA:490,0
DA:492,0
DA:493,0
DA:495,0
DA:503,0
DA:504,0
DA:505,0
DA:506,0
DA:511,0
DA:518,0
DA:519,0
DA:522,0
DA:525,0
DA:527,0
DA:528,0
DA:534,0
DA:538,0
DA:545,0
DA:547,0
DA:552,0
DA:553,0
DA:559,0
DA:561,0
DA:563,0
DA:569,0
DA:570,0
DA:571,0
DA:577,0
DA:579,0
DA:584,0
DA:591,0
DA:592,0
DA:597,0
DA:598,0
DA:601,0
DA:603,0
DA:604,0
DA:605,0
DA:613,0
DA:614,0
DA:615,0
DA:623,0
DA:624,0
DA:625,0
DA:630,0
DA:637,0
DA:638,0
DA:643,0
DA:644,0
DA:646,0
DA:651,0
DA:653,0
DA:665,0
DA:670,0
DA:676,0
DA:679,0
DA:680,0
DA:681,0
DA:683,0
DA:684,0
DA:689,0
DA:692,0
DA:701,0
DA:702,0
DA:707,0
DA:708,0
DA:710,0
DA:718,0
DA:719,0
DA:720,0
DA:723,0
DA:724,0
DA:725,0
DA:735,0
DA:737,0
DA:749,0
DA:754,0
DA:755,0
DA:759,0
DA:775,0
DA:781,0
DA:782,0
DA:783,0
DA:784,0
DA:788,0
DA:789,0
DA:806,0
DA:808,0
DA:810,0
DA:816,0
DA:817,0
DA:818,0
DA:819,0
DA:823,0
DA:824,0
DA:841,0
DA:843,0
DA:846,0
DA:852,0
DA:853,0
DA:854,0
DA:855,0
DA:859,0
DA:860,0
DA:877,0
DA:879,0
DA:882,0
DA:888,0
DA:889,0
DA:890,0
DA:891,0
DA:894,0
DA:902,0
DA:903,0
DA:908,0
DA:909,0
DA:911,0
DA:916,0
DA:920,0
DA:934,0
DA:940,0
DA:946,0
DA:949,0
DA:950,0
DA:951,0
DA:953,0
DA:954,0
DA:959,0
DA:962,0
DA:966,0
DA:968,0
DA:969,0
DA:973,0
DA:975,0
DA:984,0
DA:985,0
DA:990,0
DA:991,0
DA:996,0
DA:1002,0
DA:1016,0
DA:1019,0
LF:314
LH:0
BRDA:80,0,0,0
BRDA:90,1,0,0
BRDA:130,2,0,0
BRDA:130,2,1,0
BRDA:143,3,0,0
BRDA:143,3,1,0
BRDA:143,3,2,0
BRDA:143,3,3,0
BRDA:143,3,4,0
BRDA:143,3,5,0
BRDA:143,3,6,0
BRDA:143,3,7,0
BRDA:143,3,8,0
BRDA:143,3,9,0
BRDA:143,3,10,0
BRDA:143,3,11,0
BRDA:143,3,12,0
BRDA:143,3,13,0
BRDA:143,3,14,0
BRDA:143,3,15,0
BRDA:143,3,16,0
BRDA:143,3,17,0
BRDA:143,3,18,0
BRDA:143,3,19,0
BRDA:143,3,20,0
BRDA:143,3,21,0
BRDA:143,3,22,0
BRDA:158,4,0,0
BRDA:180,5,0,0
BRDA:215,6,0,0
BRDA:216,7,0,0
BRDA:285,8,0,0
BRDA:285,9,0,0
BRDA:285,9,1,0
BRDA:306,10,0,0
BRDA:333,11,0,0
BRDA:334,12,0,0
BRDA:334,12,1,0
BRDA:334,12,2,0
BRDA:375,13,0,0
BRDA:375,14,0,0
BRDA:375,14,1,0
BRDA:387,15,0,0
BRDA:412,16,0,0
BRDA:412,17,0,0
BRDA:412,17,1,0
BRDA:429,18,0,0
BRDA:447,19,0,0
BRDA:459,20,0,0
BRDA:463,21,0,0
BRDA:477,22,0,0
BRDA:480,23,0,0
BRDA:489,24,0,0
BRDA:492,25,0,0
BRDA:505,26,0,0
BRDA:505,27,0,0
BRDA:505,27,1,0
BRDA:527,28,0,0
BRDA:545,29,0,0
BRDA:561,30,0,0
BRDA:591,31,0,0
BRDA:597,32,0,0
BRDA:604,33,0,0
BRDA:614,34,0,0
BRDA:624,35,0,0
BRDA:637,36,0,0
BRDA:643,37,0,0
BRDA:665,38,0,0
BRDA:666,39,0,0
BRDA:666,39,1,0
BRDA:666,39,2,0
BRDA:679,40,0,0
BRDA:683,41,0,0
BRDA:701,42,0,0
BRDA:701,43,0,0
BRDA:701,43,1,0
BRDA:707,44,0,0
BRDA:728,45,0,0
BRDA:728,45,1,0
BRDA:754,46,0,0
BRDA:783,47,0,0
BRDA:783,48,0,0
BRDA:783,48,1,0
BRDA:783,48,2,0
BRDA:788,49,0,0
BRDA:806,50,0,0
BRDA:823,51,0,0
BRDA:841,52,0,0
BRDA:859,53,0,0
BRDA:877,54,0,0
BRDA:902,55,0,0
BRDA:908,56,0,0
BRDA:934,57,0,0
BRDA:935,58,0,0
BRDA:935,58,1,0
BRDA:935,58,2,0
BRDA:935,58,3,0
BRDA:949,59,0,0
BRDA:953,60,0,0
BRDA:984,61,0,0
BRDA:990,62,0,0
BRDA:990,63,0,0
BRDA:990,63,1,0
BRF:103
BRH:0
end_of_record
TN:
SF:src/services/auth-reset/publisher/auth-reset.service.ts
FN:18,(anonymous_4)
FN:27,(anonymous_5)
FN:50,(anonymous_6)
FN:59,(anonymous_7)
FN:73,(anonymous_8)
FN:82,(anonymous_9)
FN:96,(anonymous_10)
FN:105,(anonymous_11)
FN:119,(anonymous_12)
FN:128,(anonymous_13)
FN:142,(anonymous_14)
FN:151,(anonymous_15)
FN:165,(anonymous_16)
FN:177,(anonymous_17)
FNF:14
FNH:1
FNDA:1,(anonymous_4)
FNDA:0,(anonymous_5)
FNDA:0,(anonymous_6)
FNDA:0,(anonymous_7)
FNDA:0,(anonymous_8)
FNDA:0,(anonymous_9)
FNDA:0,(anonymous_10)
FNDA:0,(anonymous_11)
FNDA:0,(anonymous_12)
FNDA:0,(anonymous_13)
FNDA:0,(anonymous_14)
FNDA:0,(anonymous_15)
FNDA:0,(anonymous_16)
FNDA:0,(anonymous_17)
DA:1,1
DA:2,1
DA:3,1
DA:4,1
DA:5,1
DA:6,1
DA:7,1
DA:8,1
DA:9,1
DA:10,1
DA:11,1
DA:13,1
DA:14,1
DA:17,1
DA:20,1
DA:21,1
DA:22,1
DA:24,1
DA:28,0
DA:30,0
DA:31,0
DA:32,0
DA:33,0
DA:34,0
DA:35,0
DA:37,0
DA:38,0
DA:40,0
DA:47,0
DA:51,0
DA:55,0
DA:59,0
DA:60,0
DA:70,0
DA:74,0
DA:78,0
DA:82,0
DA:83,0
DA:93,0
DA:97,0
DA:101,0
DA:105,0
DA:106,0
DA:116,0
DA:120,0
DA:124,0
DA:128,0
DA:129,0
DA:139,0
DA:143,0
DA:147,0
DA:151,0
DA:152,0
DA:162,0
DA:167,0
DA:171,0
DA:179,0
LF:57
LH:18
BRDA:28,0,0,0
BRDA:28,0,1,0
BRDA:55,1,0,0
BRDA:55,1,1,0
BRDA:78,2,0,0
BRDA:78,2,1,0
BRDA:101,3,0,0
BRDA:101,3,1,0
BRDA:124,4,0,0
BRDA:124,4,1,0
BRDA:147,5,0,0
BRDA:147,5,1,0
BRF:12
BRH:0
end_of_record
TN:
SF:src/services/collaborative-document-integration/collaborative-document-integration.service.ts
FN:42,(anonymous_4)
FN:58,(anonymous_5)
FN:80,(anonymous_6)
FN:112,(anonymous_7)
FN:116,(anonymous_8)
FN:138,(anonymous_9)
FN:167,(anonymous_10)
FN:179,(anonymous_11)
FN:192,(anonymous_12)
FN:203,(anonymous_13)
FNF:10
FNH:0
FNDA:0,(anonymous_4)
FNDA:0,(anonymous_5)
FNDA:0,(anonymous_6)
FNDA:0,(anonymous_7)
FNDA:0,(anonymous_8)
FNDA:0,(anonymous_9)
FNDA:0,(anonymous_10)
FNDA:0,(anonymous_11)
FNDA:0,(anonymous_12)
FNDA:0,(anonymous_13)
DA:1,0
DA:2,0
DA:3,0
DA:4,0
DA:5,0
DA:6,0
DA:8,0
DA:9,0
DA:11,0
DA:13,0
DA:14,0
DA:21,0
DA:30,0
DA:39,0
DA:43,0
DA:44,0
DA:45,0
DA:46,0
DA:47,0
DA:48,0
DA:49,0
DA:50,0
DA:52,0
DA:59,0
DA:60,0
DA:61,0
DA:65,0
DA:71,0
DA:76,0
DA:84,0
DA:90,0
DA:91,0
DA:99,0
DA:105,0
DA:107,0
DA:109,0
DA:113,0
DA:120,0
DA:122,0
DA:123,0
DA:125,0
DA:126,0
DA:131,0
DA:132,0
DA:135,0
DA:139,0
DA:140,0
DA:146,0
DA:148,0
DA:150,0
DA:156,0
DA:158,0
DA:172,0
DA:174,0
DA:177,0
DA:179,0
DA:180,0
DA:192,0
DA:195,0
DA:196,0
DA:197,0
DA:200,0
DA:203,0
DA:204,0
DA:205,0
DA:206,0
DA:209,0
LF:67
LH:0
BRDA:90,0,0,0
BRDA:107,1,0,0
BRDA:107,1,1,0
BRDA:125,2,0,0
BRDA:125,2,1,0
BRDA:146,3,0,0
BRDA:146,3,1,0
BRDA:196,4,0,0
BRDA:205,5,0,0
BRF:9
BRH:0
end_of_record
TN:
SF:src/services/external/avatar-creator/avatar.creator.service.ts
FN:11,(anonymous_5)
FN:15,(anonymous_6)
FN:29,(anonymous_7)
FN:40,(anonymous_8)
FN:72,(anonymous_9)
FNF:5
FNH:0
FNDA:0,(anonymous_5)
FNDA:0,(anonymous_6)
FNDA:0,(anonymous_7)
FNDA:0,(anonymous_8)
FNDA:0,(anonymous_9)
DA:1,58
DA:2,58
DA:3,58
DA:4,58
DA:5,58
DA:6,58
DA:8,58
DA:10,58
DA:12,0
DA:16,0
DA:17,0
DA:18,0
DA:20,0
DA:21,0
DA:24,0
DA:25,0
DA:26,0
DA:31,0
DA:33,0
DA:37,0
DA:41,0
DA:45,0
DA:46,0
DA:54,0
DA:55,0
DA:59,0
DA:61,0
DA:66,0
DA:73,0
DA:84,0
LF:30
LH:8
BRDA:18,0,0,0
BRDA:54,1,0,0
BRDA:54,1,1,0
BRF:3
BRH:0
end_of_record
TN:
SF:src/services/external/elasticsearch/contribution-reporter/contribution.reporter.service.ts
FN:18,(anonymous_4)
FN:25,(anonymous_5)
FN:43,(anonymous_6)
FN:58,(anonymous_7)
FN:74,(anonymous_8)
FN:89,(anonymous_9)
FN:104,(anonymous_10)
FN:120,(anonymous_11)
FN:135,(anonymous_12)
FN:150,(anonymous_13)
FN:166,(anonymous_14)
FN:182,(anonymous_15)
FN:198,(anonymous_16)
FN:214,(anonymous_17)
FN:230,(anonymous_18)
FN:246,(anonymous_19)
FN:262,(anonymous_20)
FN:278,(anonymous_21)
FN:294,(anonymous_22)
FN:333,(anonymous_23)
FN:371,(anonymous_24)
FNF:21
FNH:1
FNDA:0,(anonymous_4)
FNDA:1,(anonymous_5)
FNDA:0,(anonymous_6)
FNDA:0,(anonymous_7)
FNDA:0,(anonymous_8)
FNDA:0,(anonymous_9)
FNDA:0,(anonymous_10)
FNDA:0,(anonymous_11)
FNDA:0,(anonymous_12)
FNDA:0,(anonymous_13)
FNDA:0,(anonymous_14)
FNDA:0,(anonymous_15)
FNDA:0,(anonymous_16)
FNDA:0,(anonymous_17)
FNDA:0,(anonymous_18)
FNDA:0,(anonymous_19)
FNDA:0,(anonymous_20)
FNDA:0,(anonymous_21)
FNDA:0,(anonymous_22)
FNDA:0,(anonymous_23)
FNDA:0,(anonymous_24)
DA:1,54
DA:2,54
DA:5,54
DA:6,54
DA:7,54
DA:8,54
DA:15,54
DA:18,54
DA:21,54
DA:27,1
DA:28,1
DA:30,1
DA:32,1
DA:36,1
DA:40,1
DA:47,0
DA:62,0
DA:78,0
DA:93,0
DA:108,0
DA:124,0
DA:139,0
DA:154,0
DA:170,0
DA:186,0
DA:202,0
DA:218,0
DA:234,0
DA:250,0
DA:266,0
DA:282,0
DA:299,0
DA:300,0
DA:303,0
DA:310,0
DA:311,0
DA:316,0
DA:320,0
DA:322,0
DA:323,0
DA:330,0
DA:337,0
DA:338,0
DA:341,0
DA:348,0
DA:349,0
DA:354,0
DA:358,0
DA:360,0
DA:361,0
DA:368,0
DA:372,0
DA:373,0
DA:377,0
DA:378,0
DA:387,0
DA:388,0
DA:396,0
DA:397,0
DA:406,0
DA:409,0
LF:61
LH:15
BRDA:299,0,0,0
BRDA:337,1,0,0
BRDA:377,2,0,0
BRDA:377,2,1,0
BRDA:387,3,0,0
BRDA:387,3,1,0
BRDA:396,4,0,0
BRDA:396,4,1,0
BRF:8
BRH:0
end_of_record
TN:
SF:src/services/external/elasticsearch/guidance-reporter/guidance.reporter.service.ts
FN:14,(anonymous_4)
FN:21,(anonymous_5)
FN:45,(anonymous_6)
FN:55,(anonymous_7)
FN:79,(anonymous_8)
FN:95,(anonymous_9)
FN:105,(anonymous_10)
FN:139,(anonymous_11)
FN:159,(anonymous_12)
FNF:9
FNH:1
FNDA:0,(anonymous_4)
FNDA:1,(anonymous_5)
FNDA:0,(anonymous_6)
FNDA:0,(anonymous_7)
FNDA:0,(anonymous_8)
FNDA:0,(anonymous_9)
FNDA:0,(anonymous_10)
FNDA:0,(anonymous_11)
FNDA:0,(anonymous_12)
DA:1,54
DA:2,54
DA:5,54
DA:6,54
DA:7,54
DA:8,54
DA:9,54
DA:14,54
DA:17,54
DA:23,1
DA:24,1
DA:26,1
DA:28,1
DA:29,0
DA:34,1
DA:38,1
DA:42,1
DA:49,0
DA:52,0
DA:80,0
DA:81,0
DA:84,0
DA:86,0
DA:94,0
DA:95,0
DA:96,0
DA:102,0
DA:110,0
DA:111,0
DA:116,0
DA:117,0
DA:127,0
DA:129,0
DA:130,0
DA:135,0
DA:140,0
DA:141,0
DA:143,0
DA:148,0
DA:150,0
DA:151,0
DA:160,0
DA:161,0
DA:165,0
DA:166,0
DA:175,0
DA:176,0
DA:180,0
DA:181,0
DA:190,0
DA:193,0
LF:51
LH:16
BRDA:28,0,0,0
BRDA:80,1,0,0
BRDA:110,2,0,0
BRDA:127,3,0,0
BRDA:127,3,1,0
BRDA:165,4,0,0
BRDA:165,4,1,0
BRDA:175,5,0,0
BRDA:175,5,1,0
BRDA:180,6,0,0
BRDA:180,6,1,0
BRF:11
BRH:0
end_of_record
TN:
SF:src/services/external/geo-location/geo.location.service.ts
FN:30,(anonymous_4)
FN:45,(anonymous_5)
FN:74,(anonymous_6)
FN:108,(anonymous_7)
FN:119,(anonymous_8)
FN:130,(anonymous_9)
FNF:6
FNH:5
FNDA:8,(anonymous_4)
FNDA:5,(anonymous_5)
FNDA:0,(anonymous_6)
FNDA:3,(anonymous_7)
FNDA:2,(anonymous_8)
FNDA:3,(anonymous_9)
DA:1,52
DA:2,52
DA:3,52
DA:4,52
DA:8,52
DA:13,52
DA:16,52
DA:17,52
DA:20,52
DA:23,52
DA:32,8
DA:33,8
DA:34,8
DA:35,8
DA:37,8
DA:38,8
DA:39,8
DA:40,8
DA:41,8
DA:42,8
DA:46,5
DA:47,0
DA:52,5
DA:54,5
DA:55,1
DA:59,4
DA:61,4
DA:62,1
DA:68,3
DA:70,3
DA:71,3
DA:75,0
DA:78,3
DA:79,1
DA:85,2
DA:86,1
DA:92,1
DA:97,1
DA:101,1
DA:105,1
DA:109,3
DA:110,0
DA:116,3
DA:120,2
DA:131,3
LF:45
LH:42
BRDA:46,0,0,0
BRDA:54,1,0,1
BRDA:59,2,0,4
BRDA:59,2,1,2
BRDA:61,3,0,1
BRDA:78,4,0,1
BRDA:85,5,0,1
BRDA:109,6,0,0
BRF:8
BRH:6
end_of_record
TN:
SF:src/services/external/geoapify/geoapify.service.ts
FN:21,(anonymous_5)
FN:36,(anonymous_6)
FN:40,(anonymous_7)
FN:104,(anonymous_8)
FNF:4
FNH:0
FNDA:0,(anonymous_5)
FNDA:0,(anonymous_6)
FNDA:0,(anonymous_7)
FNDA:0,(anonymous_8)
DA:1,57
DA:2,57
DA:3,57
DA:4,57
DA:7,57
DA:9,57
DA:10,57
DA:11,57
DA:13,57
DA:16,57
DA:22,0
DA:23,0
DA:24,0
DA:26,0
DA:29,0
DA:30,0
DA:31,0
DA:37,0
DA:44,0
DA:45,0
DA:47,0
DA:48,0
DA:51,0
DA:53,0
DA:54,0
DA:55,0
DA:58,0
DA:62,0
DA:63,0
DA:70,0
DA:72,0
DA:73,0
DA:74,0
DA:75,0
DA:79,0
DA:81,0
DA:82,0
DA:83,0
DA:84,0
DA:88,0
DA:92,0
DA:94,0
DA:100,0
DA:105,0
DA:106,0
DA:108,0
DA:109,0
LF:47
LH:10
BRDA:44,0,0,0
BRDA:47,1,0,0
BRDA:47,2,0,0
BRDA:47,2,1,0
BRDA:51,3,0,0
BRDA:51,3,1,0
BRDA:54,4,0,0
BRDA:74,5,0,0
BRDA:105,6,0,0
BRDA:109,7,0,0
BRDA:109,7,1,0
BRF:11
BRH:0
end_of_record
TN:
SF:src/services/external/trust-registry/trust.registry.claim/trust.registry.claim.service.ts
FN:7,(anonymous_4)
FN:12,(anonymous_5)
FNF:2
FNH:0
FNDA:0,(anonymous_4)
FNDA:0,(anonymous_5)
DA:1,57
DA:2,57
DA:6,57
DA:9,0
DA:13,0
DA:15,0
DA:16,0
DA:22,0
LF:8
LH:3
BRF:0
BRH:0
end_of_record
TN:
SF:src/services/external/wingback-webhooks/wingback.webhook.service.ts
FN:14,(anonymous_4)
FN:23,(anonymous_5)
FN:29,(anonymous_6)
FN:33,(anonymous_7)
FNF:4
FNH:1
FNDA:1,(anonymous_4)
FNDA:0,(anonymous_5)
FNDA:0,(anonymous_6)
FNDA:0,(anonymous_7)
DA:1,2
DA:3,2
DA:4,2
DA:5,2
DA:6,2
DA:7,2
DA:8,2
DA:9,2
DA:10,2
DA:13,2
DA:15,1
DA:16,1
DA:17,1
DA:18,1
DA:20,1
DA:26,0
DA:30,0
DA:40,0
DA:42,0
DA:48,0
DA:49,0
DA:54,0
DA:58,0
DA:61,0
LF:24
LH:15
BRDA:48,0,0,0
BRF:1
BRH:0
end_of_record
TN:
SF:src/services/file-integration/file.integration.service.ts
FN:14,(anonymous_4)
FN:21,(anonymous_5)
FNF:2
FNH:0
FNDA:0,(anonymous_4)
FNDA:0,(anonymous_5)
DA:1,0
DA:2,0
DA:4,0
DA:5,0
DA:6,0
DA:8,0
DA:10,0
DA:13,0
DA:15,0
DA:16,0
DA:17,0
DA:18,0
DA:22,0
DA:24,0
DA:25,0
DA:32,0
DA:33,0
DA:41,0
DA:44,0
DA:45,0
DA:50,0
DA:51,0
DA:58,0
DA:59,0
DA:67,0
DA:73,0
DA:74,0
DA:81,0
LF:28
LH:0
BRDA:24,0,0,0
BRDA:32,1,0,0
BRDA:32,2,0,0
BRDA:32,2,1,0
BRDA:50,3,0,0
BRDA:58,4,0,0
BRDA:73,5,0,0
BRF:7
BRH:0
end_of_record
TN:
SF:src/services/infrastructure/contributor-lookup/contributor.lookup.service.ts
FN:17,(anonymous_4)
FN:27,(anonymous_5)
FN:53,(anonymous_6)
FN:86,(anonymous_7)
FN:102,(anonymous_8)
FN:169,(anonymous_9)
FN:201,(anonymous_10)
FN:214,(anonymous_11)
FNF:8
FNH:0
FNDA:0,(anonymous_4)
FNDA:0,(anonymous_5)
FNDA:0,(anonymous_6)
FNDA:0,(anonymous_7)
FNDA:0,(anonymous_8)
FNDA:0,(anonymous_9)
FNDA:0,(anonymous_10)
FNDA:0,(anonymous_11)
DA:1,57
DA:2,57
DA:3,57
DA:4,57
DA:5,57
DA:6,57
DA:8,57
DA:9,57
DA:10,57
DA:11,57
DA:12,57
DA:13,57
DA:14,57
DA:16,57
DA:18,0
DA:20,0
DA:22,0
DA:30,0
DA:31,0
DA:36,0
DA:37,0
DA:44,0
DA:48,0
DA:52,0
DA:53,0
DA:55,0
DA:63,0
DA:64,0
DA:68,0
DA:70,0
DA:72,0
DA:73,0
DA:77,0
DA:79,0
DA:80,0
DA:83,0
DA:89,0
DA:99,0
DA:106,0
DA:108,0
DA:127,0
DA:147,0
DA:164,0
DA:173,0
DA:174,0
DA:178,0
DA:185,0
DA:186,0
DA:191,0
DA:192,0
DA:198,0
DA:205,0
DA:206,0
DA:207,0
DA:211,0
DA:218,0
DA:227,0
LF:57
LH:14
BRDA:36,0,0,0
BRDA:63,1,0,0
BRDA:106,2,0,0
BRDA:106,2,1,0
BRDA:173,3,0,0
BRDA:185,4,0,0
BRDA:191,5,0,0
BRDA:206,6,0,0
BRF:8
BRH:0
end_of_record
TN:
SF:src/services/infrastructure/entity-resolver/community.resolver.service.ts
FN:19,(anonymous_4)
FN:28,(anonymous_5)
FN:49,(anonymous_6)
FN:68,(anonymous_7)
FN:85,(anonymous_8)
FN:105,(anonymous_9)
FN:126,(anonymous_10)
FN:149,(anonymous_11)
FN:172,(anonymous_12)
FN:198,(anonymous_13)
FN:231,(anonymous_14)
FN:290,(anonymous_15)
FN:343,(anonymous_16)
FN:396,(anonymous_17)
FN:449,(anonymous_18)
FN:478,(anonymous_19)
FN:502,(anonymous_20)
FN:526,(anonymous_21)
FN:552,(anonymous_22)
FN:559,(anonymous_23)
FN:589,(anonymous_24)
FN:623,(anonymous_25)
FNF:22
FNH:0
FNDA:0,(anonymous_4)
FNDA:0,(anonymous_5)
FNDA:0,(anonymous_6)
FNDA:0,(anonymous_7)
FNDA:0,(anonymous_8)
FNDA:0,(anonymous_9)
FNDA:0,(anonymous_10)
FNDA:0,(anonymous_11)
FNDA:0,(anonymous_12)
FNDA:0,(anonymous_13)
FNDA:0,(anonymous_14)
FNDA:0,(anonymous_15)
FNDA:0,(anonymous_16)
FNDA:0,(anonymous_17)
FNDA:0,(anonymous_18)
FNDA:0,(anonymous_19)
FNDA:0,(anonymous_20)
FNDA:0,(anonymous_21)
FNDA:0,(anonymous_22)
FNDA:0,(anonymous_23)
FNDA:0,(anonymous_24)
FNDA:0,(anonymous_25)
DA:1,54
DA:2,54
DA:3,54
DA:4,54
DA:5,54
DA:6,54
DA:7,54
DA:8,54
DA:10,54
DA:11,54
DA:15,54
DA:18,54
DA:21,0
DA:23,0
DA:25,0
DA:31,0
DA:40,0
DA:41,0
DA:46,0
DA:52,0
DA:59,0
DA:60,0
DA:65,0
DA:69,0
DA:76,0
DA:77,0
DA:82,0
DA:86,0
DA:96,0
DA:97,0
DA:102,0
DA:108,0
DA:117,0
DA:118,0
DA:123,0
DA:130,0
DA:131,0
DA:140,0
DA:141,0
DA:146,0
DA:153,0
DA:155,0
DA:166,0
DA:167,0
DA:169,0
DA:175,0
DA:182,0
DA:188,0
DA:189,0
DA:195,0
DA:201,0
DA:215,0
DA:216,0
DA:221,0
DA:222,0
DA:223,0
DA:228,0
DA:235,0
DA:254,0
DA:255,0
DA:274,0
DA:275,0
DA:280,0
DA:281,0
DA:282,0
DA:287,0
DA:291,0
DA:325,0
DA:326,0
DA:332,0
DA:333,0
DA:334,0
DA:340,0
DA:347,0
DA:366,0
DA:367,0
DA:386,0
DA:387,0
DA:393,0
DA:400,0
DA:419,0
DA:420,0
DA:439,0
DA:440,0
DA:446,0
DA:456,0
DA:466,0
DA:469,0
DA:470,0
DA:475,0
DA:479,0
DA:493,0
DA:494,0
DA:499,0
DA:505,0
DA:517,0
DA:518,0
DA:523,0
DA:530,0
DA:543,0
DA:544,0
DA:549,0
DA:555,0
DA:556,0
DA:562,0
DA:580,0
DA:581,0
DA:586,0
DA:592,0
DA:614,0
DA:615,0
DA:620,0
DA:627,0
DA:629,0
DA:632,0
DA:635,0
LF:116
LH:12
BRDA:40,0,0,0
BRDA:59,1,0,0
BRDA:76,2,0,0
BRDA:96,3,0,0
BRDA:96,4,0,0
BRDA:96,4,1,0
BRDA:117,5,0,0
BRDA:140,6,0,0
BRDA:140,7,0,0
BRDA:140,7,1,0
BRDA:166,8,0,0
BRDA:188,9,0,0
BRDA:215,10,0,0
BRDA:222,11,0,0
BRDA:254,12,0,0
BRDA:274,13,0,0
BRDA:281,14,0,0
BRDA:325,15,0,0
BRDA:333,16,0,0
BRDA:366,17,0,0
BRDA:386,18,0,0
BRDA:386,19,0,0
BRDA:386,19,1,0
BRDA:419,20,0,0
BRDA:439,21,0,0
BRDA:439,22,0,0
BRDA:439,22,1,0
BRDA:469,23,0,0
BRDA:493,24,0,0
BRDA:517,25,0,0
BRDA:543,26,0,0
BRDA:580,27,0,0
BRDA:580,28,0,0
BRDA:580,28,1,0
BRDA:614,29,0,0
BRDA:614,30,0,0
BRDA:614,30,1,0
BRDA:627,31,0,0
BRDA:627,31,1,0
BRDA:627,31,2,0
BRF:40
BRH:0
end_of_record
TN:
SF:src/services/infrastructure/entity-resolver/contribution.resolver.service.ts
FN:13,(anonymous_4)
FN:20,(anonymous_5)
FN:43,(anonymous_6)
FNF:3
FNH:0
FNDA:0,(anonymous_4)
FNDA:0,(anonymous_5)
FNDA:0,(anonymous_6)
DA:1,54
DA:2,54
DA:3,54
DA:4,54
DA:5,54
DA:6,54
DA:7,54
DA:12,54
DA:15,0
DA:17,0
DA:24,0
DA:34,0
DA:35,0
DA:40,0
DA:47,0
DA:55,0
DA:56,0
DA:61,0
LF:18
LH:8
BRDA:34,0,0,0
BRDA:55,1,0,0
BRF:2
BRH:0
end_of_record
TN:
SF:src/services/infrastructure/entity-resolver/identity.resolver.service.ts
FN:9,(anonymous_4)
FN:16,(anonymous_5)
FN:29,(anonymous_6)
FNF:3
FNH:0
FNDA:0,(anonymous_4)
FNDA:0,(anonymous_5)
FNDA:0,(anonymous_6)
DA:1,57
DA:2,57
DA:3,57
DA:4,57
DA:5,57
DA:8,57
DA:11,0
DA:13,0
DA:17,0
DA:26,0
DA:32,0
DA:41,0
LF:12
LH:6
BRDA:26,0,0,0
BRDA:26,0,1,0
BRDA:41,1,0,0
BRDA:41,1,1,0
BRF:4
BRH:0
end_of_record
TN:
SF:src/services/infrastructure/entity-resolver/room.resolver.service.ts
FN:22,(anonymous_4)
FN:29,(anonymous_5)
FN:64,(anonymous_6)
FN:98,(anonymous_7)
FN:140,(anonymous_8)
FN:158,(anonymous_9)
FN:174,(anonymous_10)
FNF:7
FNH:0
FNDA:0,(anonymous_4)
FNDA:0,(anonymous_5)
FNDA:0,(anonymous_6)
FNDA:0,(anonymous_7)
FNDA:0,(anonymous_8)
FNDA:0,(anonymous_9)
FNDA:0,(anonymous_10)
DA:1,54
DA:2,54
DA:3,54
DA:4,54
DA:5,54
DA:6,54
DA:7,54
DA:10,54
DA:11,54
DA:13,54
DA:17,54
DA:21,54
DA:24,0
DA:26,0
DA:35,0
DA:49,0
DA:50,0
DA:56,0
DA:58,0
DA:61,0
DA:70,0
DA:89,0
DA:91,0
DA:95,0
DA:103,0
DA:119,0
DA:125,0
DA:132,0
DA:133,0
DA:141,0
DA:149,0
DA:150,0
DA:155,0
DA:159,0
DA:165,0
DA:166,0
DA:171,0
DA:176,0
DA:182,0
DA:183,0
DA:188,0
LF:41
LH:12
BRDA:49,0,0,0
BRDA:49,1,0,0
BRDA:49,1,1,0
BRDA:49,1,2,0
BRDA:58,2,0,0
BRDA:58,2,1,0
BRDA:91,3,0,0
BRDA:91,3,1,0
BRDA:119,4,0,0
BRDA:120,5,0,0
BRDA:120,5,1,0
BRDA:120,5,2,0
BRDA:120,5,3,0
BRDA:149,6,0,0
BRDA:165,7,0,0
BRDA:182,8,0,0
BRF:16
BRH:0
end_of_record
TN:
SF:src/services/infrastructure/entity-resolver/timeline.resolver.service.ts
FN:12,(anonymous_4)
FN:19,(anonymous_5)
FN:44,(anonymous_6)
FN:68,(anonymous_7)
FNF:4
FNH:0
FNDA:0,(anonymous_4)
FNDA:0,(anonymous_5)
FNDA:0,(anonymous_6)
FNDA:0,(anonymous_7)
DA:1,57
DA:2,57
DA:3,57
DA:4,57
DA:5,57
DA:6,57
DA:7,57
DA:8,57
DA:11,57
DA:14,0
DA:16,0
DA:22,0
DA:23,0
DA:24,0
DA:26,0
DA:33,0
DA:34,0
DA:39,0
DA:41,0
DA:47,0
DA:57,0
DA:58,0
DA:63,0
DA:65,0
DA:72,0
DA:74,0
DA:84,0
DA:85,0
LF:28
LH:9
BRDA:23,0,0,0
BRDA:33,1,0,0
BRDA:57,2,0,0
BRDA:84,3,0,0
BRDA:84,4,0,0
BRDA:84,4,1,0
BRF:6
BRH:0
end_of_record
TN:
SF:src/services/infrastructure/kratos/kratos.service.ts
FN:54,(anonymous_5)
FN:95,(anonymous_6)
FN:109,(anonymous_7)
FN:173,(anonymous_8)
FN:219,(anonymous_9)
FN:263,(anonymous_10)
FN:280,(anonymous_11)
FN:314,(anonymous_12)
FN:333,(anonymous_13)
FN:347,(anonymous_14)
FN:358,(anonymous_15)
FN:368,(anonymous_16)
FN:386,(anonymous_17)
FN:409,(anonymous_18)
FN:420,(anonymous_19)
FN:430,(anonymous_20)
FN:446,(anonymous_21)
FN:475,(anonymous_22)
FN:490,(anonymous_23)
FN:500,(anonymous_24)
FN:525,(anonymous_25)
FN:542,(anonymous_26)
FN:557,(anonymous_27)
FN:583,(anonymous_28)
FN:596,(anonymous_29)
FN:621,(anonymous_30)
FN:632,(anonymous_31)
FN:650,(anonymous_32)
FN:674,(anonymous_33)
FN:711,(anonymous_34)
FN:750,(anonymous_35)
FNF:31
FNH:0
FNDA:0,(anonymous_5)
FNDA:0,(anonymous_6)
FNDA:0,(anonymous_7)
FNDA:0,(anonymous_8)
FNDA:0,(anonymous_9)
FNDA:0,(anonymous_10)
FNDA:0,(anonymous_11)
FNDA:0,(anonymous_12)
FNDA:0,(anonymous_13)
FNDA:0,(anonymous_14)
FNDA:0,(anonymous_15)
FNDA:0,(anonymous_16)
FNDA:0,(anonymous_17)
FNDA:0,(anonymous_18)
FNDA:0,(anonymous_19)
FNDA:0,(anonymous_20)
FNDA:0,(anonymous_21)
FNDA:0,(anonymous_22)
FNDA:0,(anonymous_23)
FNDA:0,(anonymous_24)
FNDA:0,(anonymous_25)
FNDA:0,(anonymous_26)
FNDA:0,(anonymous_27)
FNDA:0,(anonymous_28)
FNDA:0,(anonymous_29)
FNDA:0,(anonymous_30)
FNDA:0,(anonymous_31)
FNDA:0,(anonymous_32)
FNDA:0,(anonymous_33)
FNDA:0,(anonymous_34)
FNDA:0,(anonymous_35)
DA:1,57
DA:7,57
DA:8,57
DA:10,57
DA:17,57
DA:19,57
DA:20,57
DA:21,57
DA:22,57
DA:47,57
DA:55,0
DA:57,0
DA:59,0
DA:67,0
DA:70,0
DA:71,0
DA:73,0
DA:74,0
DA:76,0
DA:82,0
DA:96,0
DA:98,0
DA:110,0
DA:111,0
DA:112,0
DA:116,0
DA:117,0
DA:118,0
DA:120,0
DA:121,0
DA:129,0
DA:130,0
DA:138,0
DA:139,0
DA:141,0
DA:142,0
DA:147,0
DA:148,0
DA:153,0
DA:177,0
DA:184,0
DA:189,0
DA:190,0
DA:195,0
DA:196,0
DA:198,0
DA:199,0
DA:220,0
DA:221,0
DA:224,0
DA:225,0
DA:226,0
DA:228,0
DA:229,0
DA:230,0
DA:231,0
DA:232,0
DA:233,0
DA:234,0
DA:237,0
DA:238,0
DA:241,0
DA:266,0
DA:270,0
DA:271,0
DA:275,0
DA:277,0
DA:283,0
DA:284,0
DA:287,0
DA:289,0
DA:290,0
DA:291,0
DA:295,0
DA:298,0
DA:303,0
DA:315,0
DA:316,0
DA:317,0
DA:322,0
DA:334,0
DA:348,0
DA:350,0
DA:354,0
DA:355,0
DA:358,0
DA:359,0
DA:362,0
DA:363,0
DA:367,0
DA:368,0
DA:372,0
DA:377,0
DA:387,0
DA:389,0
DA:393,0
DA:395,0
DA:400,0
DA:410,0
DA:412,0
DA:416,0
DA:417,0
DA:420,0
DA:421,0
DA:424,0
DA:425,0
DA:429,0
DA:430,0
DA:434,0
DA:439,0
DA:451,0
DA:452,0
DA:458,0
DA:459,0
DA:465,0
DA:466,0
DA:472,0
DA:484,0
DA:487,0
DA:493,0
DA:496,0
DA:504,0
DA:506,0
DA:507,0
DA:509,0
DA:510,0
DA:514,0
DA:517,0
DA:518,0
DA:520,0
DA:529,0
DA:530,0
DA:532,0
DA:533,0
DA:538,0
DA:543,0
DA:545,0
DA:546,0
DA:561,0
DA:563,0
DA:564,0
DA:570,0
DA:571,0
DA:574,0
DA:586,0
DA:588,0
DA:593,0
DA:595,0
DA:597,0
DA:598,0
DA:599,0
DA:600,0
DA:603,0
DA:608,0
DA:611,0
DA:622,0
DA:623,0
DA:635,0
DA:636,0
DA:639,0
DA:650,0
DA:651,0
DA:652,0
DA:658,0
DA:678,0
DA:680,0
DA:681,0
DA:684,0
DA:685,0
DA:691,0
DA:692,0
DA:698,0
DA:711,0
DA:715,0
DA:716,0
DA:721,0
DA:722,0
DA:728,0
DA:733,0
DA:734,0
DA:737,0
DA:751,0
DA:752,0
DA:756,0
DA:757,0
DA:758,0
DA:761,0
DA:762,0
DA:763,0
DA:765,0
DA:768,0
DA:769,0
DA:772,0
LF:193
LH:10
BRDA:147,0,0,0
BRDA:189,1,0,0
BRDA:195,2,0,0
BRDA:198,3,0,0
BRDA:198,3,1,0
BRDA:220,4,0,0
BRDA:228,5,0,0
BRDA:229,6,0,0
BRDA:231,7,0,0
BRDA:233,8,0,0
BRDA:237,9,0,0
BRDA:241,10,0,0
BRDA:241,10,1,0
BRDA:270,11,0,0
BRDA:270,12,0,0
BRDA:270,12,1,0
BRDA:290,13,0,0
BRDA:316,14,0,0
BRDA:354,15,0,0
BRDA:354,16,0,0
BRDA:354,16,1,0
BRDA:362,17,0,0
BRDA:393,18,0,0
BRDA:393,18,1,0
BRDA:416,19,0,0
BRDA:416,20,0,0
BRDA:416,20,1,0
BRDA:424,21,0,0
BRDA:451,22,0,0
BRDA:458,23,0,0
BRDA:465,24,0,0
BRDA:509,25,0,0
BRDA:545,26,0,0
BRDA:545,27,0,0
BRDA:545,27,1,0
BRDA:563,28,0,0
BRDA:570,29,0,0
BRDA:593,30,0,0
BRDA:597,31,0,0
BRDA:599,32,0,0
BRDA:599,33,0,0
BRDA:599,33,1,0
BRDA:622,34,0,0
BRDA:622,35,0,0
BRDA:622,35,1,0
BRDA:635,36,0,0
BRDA:680,37,0,0
BRDA:715,38,0,0
BRDA:729,39,0,0
BRDA:729,39,1,0
BRDA:733,40,0,0
BRDA:751,41,0,0
BRDA:757,42,0,0
BRDA:765,43,0,0
BRDA:765,43,1,0
BRDA:768,44,0,0
BRF:56
BRH:0
end_of_record
TN:
SF:src/services/infrastructure/license-entitlement-usage/license.entitlement.usage.service.ts
FN:25,(anonymous_4)
FN:32,(anonymous_5)
FN:109,(anonymous_6)
FN:135,(anonymous_7)
FN:148,(anonymous_8)
FNF:5
FNH:5
FNDA:21,(anonymous_4)
FNDA:14,(anonymous_5)
FNDA:9,(anonymous_6)
FNDA:31,(anonymous_7)
FNDA:68,(anonymous_8)
DA:1,57
DA:2,57
DA:3,57
DA:4,57
DA:5,57
DA:9,57
DA:10,57
DA:11,57
DA:18,57
DA:24,57
DA:27,21
DA:29,21
DA:37,14
DA:38,14
DA:42,10
DA:47,10
DA:49,1
DA:50,1
DA:52,1
DA:53,1
DA:55,1
DA:56,1
DA:59,14
DA:68,14
DA:69,1
DA:74,13
DA:76,4
DA:81,3
DA:86,2
DA:91,1
DA:93,1
DA:95,1
DA:97,1
DA:113,9
DA:115,9
DA:117,24
DA:119,24
DA:120,10
DA:124,9
DA:139,31
DA:140,65
DA:141,23
DA:145,6
DA:152,68
DA:153,68
DA:154,2
DA:159,66
DA:160,87
DA:161,37
DA:164,29
LF:50
LH:50
BRDA:38,0,0,5
BRDA:38,0,1,8
BRDA:38,0,2,10
BRDA:38,0,3,1
BRDA:38,0,4,1
BRDA:38,0,5,1
BRDA:68,1,0,1
BRDA:74,2,0,4
BRDA:74,2,1,3
BRDA:74,2,2,2
BRDA:74,2,3,1
BRDA:74,2,4,1
BRDA:74,2,5,1
BRDA:74,2,6,1
BRDA:119,3,0,10
BRDA:140,4,0,23
BRDA:153,5,0,2
BRDA:160,6,0,37
BRF:18
BRH:18
end_of_record
TN:
SF:src/services/infrastructure/naming/naming.service.ts
FN:18,(anonymous_4)
FN:27,(anonymous_5)
FN:39,(anonymous_6)
FN:42,(anonymous_7)
FN:51,(anonymous_8)
FN:56,(anonymous_9)
FN:67,(anonymous_10)
FN:70,(anonymous_11)
FN:83,(anonymous_12)
FN:86,(anonymous_13)
FN:99,(anonymous_14)
FN:102,(anonymous_15)
FN:115,(anonymous_16)
FN:118,(anonymous_17)
FN:124,(anonymous_18)
FN:127,(anonymous_19)
FN:133,(anonymous_20)
FN:136,(anonymous_21)
FN:142,(anonymous_22)
FN:145,(anonymous_23)
FN:151,(anonymous_24)
FN:154,(anonymous_25)
FN:160,(anonymous_26)
FN:163,(anonymous_27)
FN:195,(anonymous_28)
FN:217,(anonymous_29)
FN:224,(anonymous_30)
FN:228,(anonymous_31)
FNF:28
FNH:3
FNDA:4,(anonymous_4)
FNDA:0,(anonymous_5)
FNDA:0,(anonymous_6)
FNDA:0,(anonymous_7)
FNDA:0,(anonymous_8)
FNDA:0,(anonymous_9)
FNDA:0,(anonymous_10)
FNDA:0,(anonymous_11)
FNDA:0,(anonymous_12)
FNDA:0,(anonymous_13)
FNDA:0,(anonymous_14)
FNDA:0,(anonymous_15)
FNDA:0,(anonymous_16)
FNDA:0,(anonymous_17)
FNDA:0,(anonymous_18)
FNDA:0,(anonymous_19)
FNDA:0,(anonymous_20)
FNDA:0,(anonymous_21)
FNDA:0,(anonymous_22)
FNDA:0,(anonymous_23)
FNDA:0,(anonymous_24)
FNDA:0,(anonymous_25)
FNDA:0,(anonymous_26)
FNDA:0,(anonymous_27)
FNDA:0,(anonymous_28)
FNDA:0,(anonymous_29)
FNDA:4,(anonymous_30)
FNDA:4,(anonymous_31)
DA:1,57
DA:2,57
DA:3,57
DA:4,57
DA:5,57
DA:6,57
DA:7,57
DA:8,57
DA:9,57
DA:10,57
DA:11,57
DA:12,57
DA:13,57
DA:14,57
DA:15,57
DA:17,57
DA:20,4
DA:22,4
DA:24,4
DA:30,0
DA:39,0
DA:43,0
DA:51,0
DA:53,0
DA:57,0
DA:67,0
DA:73,0
DA:83,0
DA:89,0
DA:99,0
DA:105,0
DA:115,0
DA:119,0
DA:124,0
DA:128,0
DA:133,0
DA:137,0
DA:142,0
DA:146,0
DA:151,0
DA:155,0
DA:160,0
DA:166,0
DA:179,0
DA:180,0
DA:181,0
DA:182,0
DA:183,0
DA:185,0
DA:186,0
DA:188,0
DA:189,0
DA:192,0
DA:199,0
DA:209,0
DA:210,0
DA:211,0
DA:214,0
DA:218,0
DA:221,0
DA:225,4
DA:232,4
DA:233,4
DA:234,4
DA:235,4
DA:237,5
DA:238,5
DA:240,4
LF:68
LH:27
BRDA:67,0,0,0
BRDA:67,0,1,0
BRDA:83,1,0,0
BRDA:83,1,1,0
BRDA:99,2,0,0
BRDA:99,2,1,0
BRDA:115,3,0,0
BRDA:115,3,1,0
BRDA:179,4,0,0
BRDA:179,4,1,0
BRDA:182,5,0,0
BRDA:185,6,0,0
BRDA:188,7,0,0
BRDA:210,8,0,0
BRF:14
BRH:0
end_of_record
TN:
SF:src/services/infrastructure/space-filter/space.filter.service.ts
FN:9,(anonymous_4)
FN:13,(anonymous_5)
FN:27,(anonymous_6)
FN:37,(anonymous_7)
FNF:4
FNH:1
FNDA:4,(anonymous_4)
FNDA:0,(anonymous_5)
FNDA:0,(anonymous_6)
FNDA:0,(anonymous_7)
DA:1,54
DA:2,54
DA:3,54
DA:4,54
DA:5,54
DA:8,54
DA:10,4
DA:16,0
DA:17,0
DA:18,0
DA:20,0
DA:24,0
DA:31,0
DA:32,0
DA:37,0
DA:38,0
DA:39,0
LF:17
LH:7
BRDA:17,0,0,0
BRDA:17,1,0,0
BRDA:17,1,1,0
BRDA:17,1,2,0
BRDA:31,2,0,0
BRDA:38,3,0,0
BRF:6
BRH:0
end_of_record
TN:
SF:src/services/infrastructure/storage-aggregator-resolver/storage.aggregator.resolver.service.ts
FN:36,(anonymous_4)
FN:46,(anonymous_5)
FN:69,(anonymous_6)
FN:78,(anonymous_7)
FN:97,(anonymous_8)
FN:121,(anonymous_9)
FN:143,(anonymous_10)
FN:165,(anonymous_11)
FN:210,(anonymous_12)
FN:265,(anonymous_13)
FN:318,(anonymous_14)
FN:326,(anonymous_15)
FN:334,(anonymous_16)
FN:380,(anonymous_17)
FN:390,(anonymous_18)
FN:394,(anonymous_19)
FN:402,(anonymous_20)
FN:424,(anonymous_21)
FN:432,(anonymous_22)
FN:540,(anonymous_23)
FNF:20
FNH:0
FNDA:0,(anonymous_4)
FNDA:0,(anonymous_5)
FNDA:0,(anonymous_6)
FNDA:0,(anonymous_7)
FNDA:0,(anonymous_8)
FNDA:0,(anonymous_9)
FNDA:0,(anonymous_10)
FNDA:0,(anonymous_11)
FNDA:0,(anonymous_12)
FNDA:0,(anonymous_13)
FNDA:0,(anonymous_14)
FNDA:0,(anonymous_15)
FNDA:0,(anonymous_16)
FNDA:0,(anonymous_17)
FNDA:0,(anonymous_18)
FNDA:0,(anonymous_19)
FNDA:0,(anonymous_20)
FNDA:0,(anonymous_21)
FNDA:0,(anonymous_22)
FNDA:0,(anonymous_23)
DA:1,57
DA:7,57
DA:8,57
DA:9,57
DA:11,57
DA:12,57
DA:13,57
DA:14,57
DA:15,57
DA:16,57
DA:17,57
DA:18,57
DA:20,57
DA:22,57
DA:24,57
DA:25,57
DA:26,57
DA:27,57
DA:28,57
DA:29,57
DA:30,57
DA:31,57
DA:32,57
DA:35,57
DA:37,0
DA:39,0
DA:41,0
DA:43,0
DA:50,0
DA:51,0
DA:57,0
DA:61,0
DA:62,0
DA:66,0
DA:70,0
DA:74,0
DA:75,0
DA:81,0
DA:88,0
DA:89,0
DA:94,0
DA:100,0
DA:112,0
DA:113,0
DA:118,0
DA:124,0
DA:134,0
DA:135,0
DA:140,0
DA:146,0
DA:156,0
DA:157,0
DA:162,0
DA:168,0
DA:169,0
DA:177,0
DA:187,0
DA:188,0
DA:191,0
DA:201,0
DA:202,0
DA:204,0
DA:213,0
DA:214,0
DA:222,0
DA:232,0
DA:233,0
DA:237,0
DA:249,0
DA:254,0
DA:259,0
DA:268,0
DA:269,0
DA:277,0
DA:289,0
DA:290,0
DA:294,0
DA:308,0
DA:309,0
DA:312,0
DA:322,0
DA:323,0
DA:330,0
DA:331,0
DA:337,0
DA:347,0
DA:348,0
DA:349,0
DA:354,0
DA:357,0
DA:369,0
DA:370,0
DA:374,0
DA:384,0
DA:387,0
DA:391,0
DA:398,0
DA:399,0
DA:405,0
DA:415,0
DA:416,0
DA:421,0
DA:428,0
DA:429,0
DA:435,0
DA:443,0
DA:444,0
DA:449,0
DA:451,0
DA:457,0
DA:464,0
DA:466,0
DA:476,0
DA:477,0
DA:478,0
DA:483,0
DA:486,0
DA:498,0
DA:499,0
DA:504,0
DA:510,0
DA:524,0
DA:530,0
DA:536,0
DA:543,0
DA:553,0
DA:554,0
DA:560,0
LF:128
LH:24
BRDA:50,0,0,0
BRDA:61,1,0,0
BRDA:88,2,0,0
BRDA:112,3,0,0
BRDA:134,4,0,0
BRDA:156,5,0,0
BRDA:168,6,0,0
BRDA:187,7,0,0
BRDA:187,8,0,0
BRDA:187,8,1,0
BRDA:201,9,0,0
BRDA:201,10,0,0
BRDA:201,10,1,0
BRDA:213,11,0,0
BRDA:232,12,0,0
BRDA:249,13,0,0
BRDA:250,14,0,0
BRDA:250,14,1,0
BRDA:250,14,2,0
BRDA:268,15,0,0
BRDA:289,16,0,0
BRDA:289,17,0,0
BRDA:289,17,1,0
BRDA:308,18,0,0
BRDA:308,19,0,0
BRDA:308,19,1,0
BRDA:308,19,2,0
BRDA:347,20,0,0
BRDA:348,21,0,0
BRDA:369,22,0,0
BRDA:369,23,0,0
BRDA:369,23,1,0
BRDA:415,24,0,0
BRDA:415,25,0,0
BRDA:415,25,1,0
BRDA:443,26,0,0
BRDA:449,27,0,0
BRDA:464,28,0,0
BRDA:464,28,1,0
BRDA:476,29,0,0
BRDA:476,29,1,0
BRDA:477,30,0,0
BRDA:498,31,0,0
BRDA:524,32,0,0
BRDA:525,33,0,0
BRDA:525,33,1,0
BRDA:525,33,2,0
BRDA:525,33,3,0
BRDA:553,34,0,0
BRF:49
BRH:0
end_of_record
TN:
SF:src/services/infrastructure/temporary-storage/temporary.storage.service.ts
FN:19,(anonymous_4)
FN:29,(anonymous_5)
FN:50,(anonymous_6)
FN:78,(anonymous_7)
FNF:4
FNH:0
FNDA:0,(anonymous_4)
FNDA:0,(anonymous_5)
FNDA:0,(anonymous_6)
FNDA:0,(anonymous_7)
DA:1,0
DA:2,0
DA:3,0
DA:5,0
DA:15,0
DA:17,0
DA:20,0
DA:22,0
DA:33,0
DA:34,0
DA:35,0
DA:36,0
DA:37,0
DA:38,0
DA:39,0
DA:43,0
DA:53,0
DA:54,0
DA:57,0
DA:58,0
DA:59,0
DA:60,0
DA:61,0
DA:62,0
DA:63,0
DA:66,0
DA:67,0
DA:69,0
DA:75,0
DA:79,0
LF:30
LH:0
BRDA:36,0,0,0
BRF:1
BRH:0
end_of_record
TN:
SF:src/services/infrastructure/url-generator/url.generator.service.ts
FN:47,(anonymous_4)
FN:60,(anonymous_5)
FN:74,(anonymous_6)
FN:78,(anonymous_7)
FN:82,(anonymous_8)
FN:164,(anonymous_9)
FN:181,(anonymous_10)
FN:185,(anonymous_11)
FN:189,(anonymous_12)
FN:231,(anonymous_13)
FN:243,(anonymous_14)
FN:258,(anonymous_15)
FN:278,(anonymous_16)
FN:301,(anonymous_17)
FN:350,(anonymous_18)
FN:379,(anonymous_19)
FN:431,(anonymous_20)
FN:495,(anonymous_21)
FN:516,(anonymous_22)
FN:612,(anonymous_23)
FN:643,(anonymous_24)
FN:666,(anonymous_25)
FN:734,(anonymous_26)
FN:765,(anonymous_27)
FN:801,(anonymous_28)
FN:805,(anonymous_29)
FN:851,(anonymous_30)
FN:877,(anonymous_31)
FN:904,(anonymous_32)
FN:931,(anonymous_33)
FN:961,(anonymous_34)
FN:1020,(anonymous_35)
FN:1028,(anonymous_36)
FN:1045,(anonymous_37)
FN:1064,(anonymous_38)
FN:1068,(anonymous_39)
FN:1077,(anonymous_40)
FN:1086,(anonymous_41)
FN:1131,(anonymous_42)
FN:1151,(anonymous_43)
FN:1159,(anonymous_44)
FN:1168,(anonymous_45)
FN:1182,(anonymous_46)
FNF:43
FNH:0
FNDA:0,(anonymous_4)
FNDA:0,(anonymous_5)
FNDA:0,(anonymous_6)
FNDA:0,(anonymous_7)
FNDA:0,(anonymous_8)
FNDA:0,(anonymous_9)
FNDA:0,(anonymous_10)
FNDA:0,(anonymous_11)
FNDA:0,(anonymous_12)
FNDA:0,(anonymous_13)
FNDA:0,(anonymous_14)
FNDA:0,(anonymous_15)
FNDA:0,(anonymous_16)
FNDA:0,(anonymous_17)
FNDA:0,(anonymous_18)
FNDA:0,(anonymous_19)
FNDA:0,(anonymous_20)
FNDA:0,(anonymous_21)
FNDA:0,(anonymous_22)
FNDA:0,(anonymous_23)
FNDA:0,(anonymous_24)
FNDA:0,(anonymous_25)
FNDA:0,(anonymous_26)
FNDA:0,(anonymous_27)
FNDA:0,(anonymous_28)
FNDA:0,(anonymous_29)
FNDA:0,(anonymous_30)
FNDA:0,(anonymous_31)
FNDA:0,(anonymous_32)
FNDA:0,(anonymous_33)
FNDA:0,(anonymous_34)
FNDA:0,(anonymous_35)
FNDA:0,(anonymous_36)
FNDA:0,(anonymous_37)
FNDA:0,(anonymous_38)
FNDA:0,(anonymous_39)
FNDA:0,(anonymous_40)
FNDA:0,(anonymous_41)
FNDA:0,(anonymous_42)
FNDA:0,(anonymous_43)
FNDA:0,(anonymous_44)
FNDA:0,(anonymous_45)
FNDA:0,(anonymous_46)
DA:1,58
DA:2,58
DA:7,58
DA:8,58
DA:9,58
DA:10,58
DA:11,58
DA:12,58
DA:13,58
DA:15,58
DA:17,58
DA:18,58
DA:19,58
DA:20,58
DA:22,58
DA:23,58
DA:24,58
DA:25,58
DA:26,58
DA:27,58
DA:28,58
DA:29,58
DA:30,58
DA:31,58
DA:32,58
DA:34,58
DA:35,58
DA:36,58
DA:38,58
DA:41,58
DA:42,0
DA:43,0
DA:48,0
DA:49,0
DA:51,0
DA:53,0
DA:55,0
DA:61,0
DA:64,0
DA:65,0
DA:67,0
DA:68,0
DA:69,0
DA:71,0
DA:75,0
DA:79,0
DA:85,0
DA:87,0
DA:89,0
DA:93,0
DA:96,0
DA:100,0
DA:104,0
DA:108,0
DA:113,0
DA:115,0
DA:118,0
DA:121,0
DA:126,0
DA:128,0
DA:130,0
DA:132,0
DA:134,0
DA:136,0
DA:142,0
DA:145,0
DA:149,0
DA:153,0
DA:156,0
DA:159,0
DA:161,0
DA:165,0
DA:166,0
DA:167,0
DA:169,0
DA:170,0
DA:172,0
DA:173,0
DA:175,0
DA:176,0
DA:178,0
DA:182,0
DA:186,0
DA:193,0
DA:194,0
DA:195,0
DA:198,0
DA:199,0
DA:200,0
DA:202,0
DA:203,0
DA:208,0
DA:218,0
DA:219,0
DA:224,0
DA:225,0
DA:226,0
DA:228,0
DA:232,0
DA:233,0
DA:234,0
DA:235,0
DA:236,0
DA:237,0
DA:247,0
DA:249,0
DA:250,0
DA:255,0
DA:265,0
DA:272,0
DA:273,0
DA:275,0
DA:279,0
DA:289,0
DA:290,0
DA:295,0
DA:298,0
DA:304,0
DA:314,0
DA:316,0
DA:323,0
DA:324,0
DA:330,0
DA:334,0
DA:342,0
DA:344,0
DA:347,0
DA:353,0
DA:362,0
DA:363,0
DA:368,0
DA:369,0
DA:373,0
DA:376,0
DA:383,0
DA:398,0
DA:400,0
DA:401,0
DA:402,0
DA:403,0
DA:404,0
DA:408,0
DA:418,0
DA:419,0
DA:424,0
DA:428,0
DA:434,0
DA:445,0
DA:446,0
DA:450,0
DA:454,0
DA:467,0
DA:468,0
DA:472,0
DA:483,0
DA:484,0
DA:488,0
DA:492,0
DA:498,0
DA:507,0
DA:508,0
DA:513,0
DA:517,0
DA:525,0
DA:526,0
DA:532,0
DA:534,0
DA:544,0
DA:545,0
DA:550,0
DA:553,0
DA:559,0
DA:566,0
DA:568,0
DA:575,0
DA:577,0
DA:578,0
DA:581,0
DA:585,0
DA:589,0
DA:601,0
DA:602,0
DA:607,0
DA:608,0
DA:616,0
DA:617,0
DA:622,0
DA:634,0
DA:635,0
DA:640,0
DA:644,0
DA:645,0
DA:650,0
DA:657,0
DA:658,0
DA:663,0
DA:670,0
DA:671,0
DA:683,0
DA:684,0
DA:687,0
DA:704,0
DA:707,0
DA:708,0
DA:715,0
DA:725,0
DA:726,0
DA:728,0
DA:738,0
DA:739,0
DA:744,0
DA:756,0
DA:757,0
DA:762,0
DA:769,0
DA:771,0
DA:773,0
DA:774,0
DA:779,0
DA:786,0
DA:787,0
DA:792,0
DA:802,0
DA:812,0
DA:819,0
DA:820,0
DA:826,0
DA:838,0
DA:839,0
DA:845,0
DA:848,0
DA:854,0
DA:866,0
DA:867,0
DA:874,0
DA:881,0
DA:908,0
DA:934,0
DA:946,0
DA:947,0
DA:954,0
DA:976,0
DA:983,0
DA:984,0
DA:985,0
DA:987,0
DA:994,0
DA:995,0
DA:996,0
DA:998,0
DA:1000,0
DA:1008,0
DA:1009,0
DA:1013,0
DA:1021,0
DA:1025,0
DA:1031,0
DA:1036,0
DA:1037,0
DA:1042,0
DA:1048,0
DA:1055,0
DA:1056,0
DA:1061,0
DA:1065,0
DA:1071,0
DA:1078,0
DA:1083,0
DA:1094,0
DA:1101,0
DA:1102,0
DA:1108,0
DA:1118,0
DA:1119,0
DA:1125,0
DA:1128,0
DA:1134,0
DA:1142,0
DA:1143,0
DA:1148,0
DA:1155,0
DA:1156,0
DA:1164,0
DA:1165,0
DA:1174,0
DA:1178,0
DA:1179,0
DA:1186,0
DA:1187,0
DA:1189,0
LF:290
LH:30
BRDA:64,0,0,0
BRDA:68,1,0,0
BRDA:68,2,0,0
BRDA:68,2,1,0
BRDA:85,3,0,0
BRDA:85,3,1,0
BRDA:85,3,2,0
BRDA:85,3,3,0
BRDA:85,3,4,0
BRDA:85,3,5,0
BRDA:85,3,6,0
BRDA:85,3,7,0
BRDA:85,3,8,0
BRDA:85,3,9,0
BRDA:85,3,10,0
BRDA:85,3,11,0
BRDA:85,3,12,0
BRDA:85,3,13,0
BRDA:85,3,14,0
BRDA:85,3,15,0
BRDA:85,3,16,0
BRDA:118,4,0,0
BRDA:118,4,1,0
BRDA:167,5,0,0
BRDA:167,5,1,0
BRDA:167,5,2,0
BRDA:194,6,0,0
BRDA:199,7,0,0
BRDA:202,8,0,0
BRDA:202,9,0,0
BRDA:202,9,1,0
BRDA:218,10,0,0
BRDA:225,11,0,0
BRDA:225,12,0,0
BRDA:225,12,1,0
BRDA:232,13,0,0
BRDA:233,14,0,0
BRDA:235,15,0,0
BRDA:249,16,0,0
BRDA:272,17,0,0
BRDA:289,18,0,0
BRDA:289,19,0,0
BRDA:289,19,1,0
BRDA:314,20,0,0
BRDA:323,21,0,0
BRDA:342,22,0,0
BRDA:362,23,0,0
BRDA:368,24,0,0
BRDA:373,25,0,0
BRDA:373,25,1,0
BRDA:398,26,0,0
BRDA:401,27,0,0
BRDA:403,28,0,0
BRDA:418,29,0,0
BRDA:418,30,0,0
BRDA:418,30,1,0
BRDA:445,31,0,0
BRDA:467,32,0,0
BRDA:467,33,0,0
BRDA:467,33,1,0
BRDA:483,34,0,0
BRDA:507,35,0,0
BRDA:525,36,0,0
BRDA:532,37,0,0
BRDA:544,38,0,0
BRDA:544,39,0,0
BRDA:544,39,1,0
BRDA:566,40,0,0
BRDA:566,40,1,0
BRDA:575,41,0,0
BRDA:575,41,1,0
BRDA:585,42,0,0
BRDA:585,42,1,0
BRDA:601,43,0,0
BRDA:616,44,0,0
BRDA:616,45,0,0
BRDA:616,45,1,0
BRDA:634,46,0,0
BRDA:644,47,0,0
BRDA:644,48,0,0
BRDA:644,48,1,0
BRDA:657,49,0,0
BRDA:683,50,0,0
BRDA:704,51,0,0
BRDA:704,51,1,0
BRDA:704,51,2,0
BRDA:707,52,0,0
BRDA:725,53,0,0
BRDA:725,54,0,0
BRDA:725,54,1,0
BRDA:738,55,0,0
BRDA:738,56,0,0
BRDA:738,56,1,0
BRDA:756,57,0,0
BRDA:769,58,0,0
BRDA:769,58,1,0
BRDA:769,58,2,0
BRDA:773,59,0,0
BRDA:786,60,0,0
BRDA:786,61,0,0
BRDA:786,61,1,0
BRDA:819,62,0,0
BRDA:838,63,0,0
BRDA:838,64,0,0
BRDA:838,64,1,0
BRDA:866,65,0,0
BRDA:946,66,0,0
BRDA:983,67,0,0
BRDA:994,68,0,0
BRDA:998,69,0,0
BRDA:998,70,0,0
BRDA:998,70,1,0
BRDA:1008,71,0,0
BRDA:1036,72,0,0
BRDA:1055,73,0,0
BRDA:1101,74,0,0
BRDA:1118,75,0,0
BRDA:1142,76,0,0
BRDA:1186,77,0,0
BRF:119
BRH:0
end_of_record
TN:
SF:src/services/room-integration/room.controller.service.ts
FN:20,(anonymous_4)
FN:35,(anonymous_5)
FN:53,(anonymous_6)
FN:58,(anonymous_7)
FN:63,(anonymous_8)
FN:67,(anonymous_9)
FN:104,(anonymous_10)
FN:126,(anonymous_11)
FN:142,(anonymous_12)
FNF:9
FNH:0
FNDA:0,(anonymous_4)
FNDA:0,(anonymous_5)
FNDA:0,(anonymous_6)
FNDA:0,(anonymous_7)
FNDA:0,(anonymous_8)
FNDA:0,(anonymous_9)
FNDA:0,(anonymous_10)
FNDA:0,(anonymous_11)
FNDA:0,(anonymous_12)
DA:1,57
DA:2,57
DA:5,57
DA:6,57
DA:7,57
DA:14,57
DA:15,57
DA:16,57
DA:19,57
DA:21,0
DA:22,0
DA:23,0
DA:24,0
DA:36,0
DA:42,0
DA:43,0
DA:44,0
DA:50,0
DA:54,0
DA:55,0
DA:59,0
DA:60,0
DA:64,0
DA:69,0
DA:71,0
DA:72,0
DA:74,0
DA:75,0
DA:86,0
DA:88,0
DA:90,0
DA:91,0
DA:92,0
DA:93,0
DA:97,0
DA:106,0
DA:107,0
DA:108,0
DA:109,0
DA:119,0
DA:130,0
DA:134,0
DA:136,0
DA:137,0
DA:138,0
DA:143,0
DA:147,0
LF:47
LH:9
BRDA:42,0,0,0
BRDA:42,0,1,0
BRDA:43,1,0,0
BRDA:71,2,0,0
BRDA:88,3,0,0
BRDA:88,4,0,0
BRDA:88,4,1,0
BRDA:91,5,0,0
BRDA:128,6,0,0
BRDA:136,7,0,0
BRDA:137,8,0,0
BRDA:137,8,1,0
BRDA:143,9,0,0
BRDA:143,9,1,0
BRF:14
BRH:0
end_of_record
TN:
SF:src/services/subscriptions/subscription-service/subscription.publish.service.ts
FN:30,(anonymous_4)
FN:45,(anonymous_5)
FN:61,(anonymous_6)
FN:92,(anonymous_7)
FN:111,(anonymous_8)
FN:121,(anonymous_9)
FN:135,(anonymous_10)
FN:137,(anonymous_11)
FNF:8
FNH:0
FNDA:0,(anonymous_4)
FNDA:0,(anonymous_5)
FNDA:0,(anonymous_6)
FNDA:0,(anonymous_7)
FNDA:0,(anonymous_8)
FNDA:0,(anonymous_9)
FNDA:0,(anonymous_10)
FNDA:0,(anonymous_11)
DA:1,57
DA:2,57
DA:3,57
DA:10,57
DA:23,57
DA:24,57
DA:29,57
DA:32,0
DA:34,0
DA:36,0
DA:38,0
DA:40,0
DA:42,0
DA:49,0
DA:55,0
DA:67,0
DA:73,0
DA:74,0
DA:79,0
DA:86,0
DA:95,0
DA:100,0
DA:105,0
DA:112,0
DA:122,0
DA:128,0
DA:135,57
DA:137,57
DA:140,0
LF:29
LH:9
BRDA:73,0,0,0
BRDA:73,0,1,0
BRF:2
BRH:0
end_of_record
TN:
SF:src/services/subscriptions/subscription-service/subscription.read.service.ts
FN:14,(anonymous_4)
FN:27,(anonymous_5)
FN:33,(anonymous_6)
FN:39,(anonymous_7)
FN:45,(anonymous_8)
FN:51,(anonymous_9)
FNF:6
FNH:0
FNDA:0,(anonymous_4)
FNDA:0,(anonymous_5)
FNDA:0,(anonymous_6)
FNDA:0,(anonymous_7)
FNDA:0,(anonymous_8)
FNDA:0,(anonymous_9)
DA:1,57
DA:2,57
DA:9,57
DA:13,57
DA:16,0
DA:18,0
DA:20,0
DA:22,0
DA:24,0
DA:28,0
DA:34,0
DA:40,0
DA:46,0
DA:52,0
LF:14
LH:4
BRF:0
BRH:0
end_of_record
TN:
SF:src/services/task/task.service.ts
FN:16,(anonymous_4)
FN:22,(anonymous_5)
FN:40,(anonymous_6)
FN:43,(anonymous_7)
FN:45,(anonymous_8)
FN:48,(anonymous_9)
FN:54,(anonymous_10)
FN:58,(anonymous_11)
FN:68,(anonymous_12)
FN:94,(anonymous_13)
FN:116,(anonymous_14)
FN:138,(anonymous_15)
FN:152,(anonymous_16)
FN:164,(anonymous_17)
FN:181,(anonymous_18)
FN:182,(anonymous_19)
FN:191,(anonymous_20)
FNF:17
FNH:1
FNDA:1,(anonymous_4)
FNDA:0,(anonymous_5)
FNDA:0,(anonymous_6)
FNDA:0,(anonymous_7)
FNDA:0,(anonymous_8)
FNDA:0,(anonymous_9)
FNDA:0,(anonymous_10)
FNDA:0,(anonymous_11)
FNDA:0,(anonymous_12)
FNDA:0,(anonymous_13)
FNDA:0,(anonymous_14)
FNDA:0,(anonymous_15)
FNDA:0,(anonymous_16)
FNDA:0,(anonymous_17)
FNDA:0,(anonymous_18)
FNDA:0,(anonymous_19)
FNDA:0,(anonymous_20)
DA:1,4
DA:2,4
DA:3,4
DA:4,4
DA:7,4
DA:8,4
DA:10,4
DA:12,4
DA:15,4
DA:17,1
DA:19,1
DA:24,0
DA:26,0
DA:27,0
DA:30,0
DA:34,0
DA:37,0
DA:41,0
DA:43,0
DA:45,0
DA:47,0
DA:48,0
DA:51,0
DA:55,0
DA:59,0
DA:61,0
DA:62,0
DA:65,0
DA:69,0
DA:70,0
DA:81,0
DA:84,0
DA:85,0
DA:99,0
DA:101,0
DA:102,0
DA:105,0
DA:106,0
DA:109,0
DA:111,0
DA:121,0
DA:123,0
DA:124,0
DA:127,0
DA:128,0
DA:131,0
DA:133,0
DA:142,0
DA:144,0
DA:145,0
DA:147,0
DA:153,0
DA:155,0
DA:156,0
DA:157,0
DA:159,0
DA:165,0
DA:167,0
DA:168,0
DA:173,0
DA:176,0
DA:178,0
DA:181,0
DA:183,0
DA:188,0
DA:192,0
DA:197,0
LF:67
LH:11
BRDA:26,0,0,0
BRDA:40,1,0,0
BRDA:47,2,0,0
BRDA:61,3,0,0
BRDA:77,4,0,0
BRDA:77,4,1,0
BRDA:97,5,0,0
BRDA:101,6,0,0
BRDA:101,7,0,0
BRDA:101,7,1,0
BRDA:105,8,0,0
BRDA:105,9,0,0
BRDA:105,9,1,0
BRDA:119,10,0,0
BRDA:123,11,0,0
BRDA:123,12,0,0
BRDA:123,12,1,0
BRDA:127,13,0,0
BRDA:140,14,0,0
BRDA:167,15,0,0
BRF:20
BRH:0
end_of_record
TN:
SF:src/services/whiteboard-integration/whiteboard.integration.service.ts
FN:36,(anonymous_4)
FN:53,(anonymous_5)
FN:77,(anonymous_6)
FN:110,(anonymous_7)
FN:114,(anonymous_8)
FN:132,(anonymous_9)
FN:156,(anonymous_10)
FN:170,(anonymous_11)
FN:182,(anonymous_12)
FN:191,(anonymous_13)
FNF:10
FNH:0
FNDA:0,(anonymous_4)
FNDA:0,(anonymous_5)
FNDA:0,(anonymous_6)
FNDA:0,(anonymous_7)
FNDA:0,(anonymous_8)
FNDA:0,(anonymous_9)
FNDA:0,(anonymous_10)
FNDA:0,(anonymous_11)
FNDA:0,(anonymous_12)
FNDA:0,(anonymous_13)
DA:1,0
DA:2,0
DA:3,0
DA:4,0
DA:6,0
DA:7,0
DA:8,0
DA:9,0
DA:10,0
DA:19,0
DA:22,0
DA:31,0
DA:34,0
DA:37,0
DA:38,0
DA:39,0
DA:40,0
DA:41,0
DA:42,0
DA:43,0
DA:44,0
DA:45,0
DA:47,0
DA:54,0
DA:55,0
DA:58,0
DA:62,0
DA:68,0
DA:73,0
DA:81,0
DA:87,0
DA:88,0
DA:95,0
DA:101,0
DA:107,0
DA:111,0
DA:119,0
DA:120,0
DA:125,0
DA:126,0
DA:127,0
DA:130,0
DA:133,0
DA:134,0
DA:141,0
DA:143,0
DA:148,0
DA:161,0
DA:165,0
DA:168,0
DA:170,0
DA:171,0
DA:186,0
DA:192,0
LF:54
LH:0
BRDA:87,0,0,0
BRDA:101,1,0,0
BRDA:101,1,1,0
BRDA:125,2,0,0
BRDA:125,2,1,0
BRF:5
BRH:0
end_of_record
